[2023-04-20T17:52:19.833+0100][gc,heap] Heap region size: 1M
[2023-04-20T17:52:19.846+0100][gc     ] Using G1
[2023-04-20T17:52:19.846+0100][gc,heap,coops] Heap address: 0x00000007c0000000, size: 1024 MB, Compressed Oops mode: Zero based, Oop shift amount: 3
[2023-04-20T17:52:21.191+0100][gc,start     ] GC(0) Pause Young (Concurrent Start) (Metadata GC Threshold)
[2023-04-20T17:52:21.191+0100][gc,task      ] GC(0) Using 8 workers of 8 for evacuation
[2023-04-20T17:52:21.203+0100][gc,phases    ] GC(0)   Pre Evacuate Collection Set: 0.0ms
[2023-04-20T17:52:21.203+0100][gc,phases    ] GC(0)   Evacuate Collection Set: 10.9ms
[2023-04-20T17:52:21.203+0100][gc,phases    ] GC(0)   Post Evacuate Collection Set: 0.7ms
[2023-04-20T17:52:21.203+0100][gc,phases    ] GC(0)   Other: 0.8ms
[2023-04-20T17:52:21.203+0100][gc,heap      ] GC(0) Eden regions: 47->0(44)
[2023-04-20T17:52:21.203+0100][gc,heap      ] GC(0) Survivor regions: 0->7(7)
[2023-04-20T17:52:21.203+0100][gc,heap      ] GC(0) Old regions: 0->0
[2023-04-20T17:52:21.203+0100][gc,heap      ] GC(0) Humongous regions: 0->0
[2023-04-20T17:52:21.203+0100][gc,metaspace ] GC(0) Metaspace: 20733K(21248K)->20733K(21248K) NonClass: 18438K(18688K)->18438K(18688K) Class: 2295K(2560K)->2295K(2560K)
[2023-04-20T17:52:21.203+0100][gc           ] GC(0) Pause Young (Concurrent Start) (Metadata GC Threshold) 47M->6M(1024M) 12.631ms
[2023-04-20T17:52:21.203+0100][gc,cpu       ] GC(0) User=0.03s Sys=0.01s Real=0.01s
[2023-04-20T17:52:21.203+0100][gc           ] GC(1) Concurrent Cycle
[2023-04-20T17:52:21.203+0100][gc,marking   ] GC(1) Concurrent Clear Claimed Marks
[2023-04-20T17:52:21.203+0100][gc,marking   ] GC(1) Concurrent Clear Claimed Marks 0.085ms
[2023-04-20T17:52:21.203+0100][gc,marking   ] GC(1) Concurrent Scan Root Regions
[2023-04-20T17:52:21.205+0100][gc,marking   ] GC(1) Concurrent Scan Root Regions 1.964ms
[2023-04-20T17:52:21.205+0100][gc,marking   ] GC(1) Concurrent Mark (1.383s)
[2023-04-20T17:52:21.206+0100][gc,marking   ] GC(1) Concurrent Mark From Roots
[2023-04-20T17:52:21.206+0100][gc,task      ] GC(1) Using 2 workers of 2 for marking
[2023-04-20T17:52:21.206+0100][gc,marking   ] GC(1) Concurrent Mark From Roots 0.235ms
[2023-04-20T17:52:21.206+0100][gc,marking   ] GC(1) Concurrent Preclean
[2023-04-20T17:52:21.206+0100][gc,marking   ] GC(1) Concurrent Preclean 0.038ms
[2023-04-20T17:52:21.206+0100][gc,marking   ] GC(1) Concurrent Mark (1.383s, 1.384s) 0.330ms
[2023-04-20T17:52:21.206+0100][gc,start     ] GC(1) Pause Remark
[2023-04-20T17:52:21.209+0100][gc,stringtable] GC(1) Cleaned string and symbol table, strings: 7108 processed, 0 removed, symbols: 65879 processed, 29 removed
[2023-04-20T17:52:21.209+0100][gc            ] GC(1) Pause Remark 7M->7M(1024M) 3.041ms
[2023-04-20T17:52:21.209+0100][gc,cpu        ] GC(1) User=0.01s Sys=0.00s Real=0.00s
[2023-04-20T17:52:21.209+0100][gc,marking    ] GC(1) Concurrent Rebuild Remembered Sets
[2023-04-20T17:52:21.209+0100][gc,marking    ] GC(1) Concurrent Rebuild Remembered Sets 0.098ms
[2023-04-20T17:52:21.209+0100][gc,start      ] GC(1) Pause Cleanup
[2023-04-20T17:52:21.210+0100][gc            ] GC(1) Pause Cleanup 7M->7M(1024M) 0.369ms
[2023-04-20T17:52:21.210+0100][gc,cpu        ] GC(1) User=0.00s Sys=0.00s Real=0.01s
[2023-04-20T17:52:21.210+0100][gc,marking    ] GC(1) Concurrent Cleanup for Next Mark
[2023-04-20T17:52:21.218+0100][gc,marking    ] GC(1) Concurrent Cleanup for Next Mark 8.068ms
[2023-04-20T17:52:21.218+0100][gc            ] GC(1) Concurrent Cycle 14.775ms
[2023-04-20T17:52:22.291+0100][gc,start      ] GC(2) Pause Young (Normal) (G1 Evacuation Pause)
[2023-04-20T17:52:22.291+0100][gc,task       ] GC(2) Using 8 workers of 8 for evacuation
[2023-04-20T17:52:22.301+0100][gc,phases     ] GC(2)   Pre Evacuate Collection Set: 0.0ms
[2023-04-20T17:52:22.302+0100][gc,phases     ] GC(2)   Evacuate Collection Set: 9.4ms
[2023-04-20T17:52:22.302+0100][gc,phases     ] GC(2)   Post Evacuate Collection Set: 0.5ms
[2023-04-20T17:52:22.302+0100][gc,phases     ] GC(2)   Other: 0.2ms
[2023-04-20T17:52:22.302+0100][gc,heap       ] GC(2) Eden regions: 44->0(48)
[2023-04-20T17:52:22.302+0100][gc,heap       ] GC(2) Survivor regions: 7->3(7)
[2023-04-20T17:52:22.302+0100][gc,heap       ] GC(2) Old regions: 0->7
[2023-04-20T17:52:22.302+0100][gc,heap       ] GC(2) Humongous regions: 129->129
[2023-04-20T17:52:22.302+0100][gc,metaspace  ] GC(2) Metaspace: 29274K(30208K)->29274K(30208K) NonClass: 25816K(26368K)->25816K(26368K) Class: 3458K(3840K)->3458K(3840K)
[2023-04-20T17:52:22.302+0100][gc            ] GC(2) Pause Young (Normal) (G1 Evacuation Pause) 179M->137M(1024M) 10.318ms
[2023-04-20T17:52:22.302+0100][gc,cpu        ] GC(2) User=0.03s Sys=0.01s Real=0.01s
[2023-04-20T17:52:22.785+0100][gc,start      ] GC(3) Pause Young (Concurrent Start) (Metadata GC Threshold)
[2023-04-20T17:52:22.785+0100][gc,task       ] GC(3) Using 8 workers of 8 for evacuation
[2023-04-20T17:52:22.791+0100][gc,phases     ] GC(3)   Pre Evacuate Collection Set: 0.1ms
[2023-04-20T17:52:22.791+0100][gc,phases     ] GC(3)   Evacuate Collection Set: 5.6ms
[2023-04-20T17:52:22.791+0100][gc,phases     ] GC(3)   Post Evacuate Collection Set: 0.3ms
[2023-04-20T17:52:22.791+0100][gc,phases     ] GC(3)   Other: 0.2ms
[2023-04-20T17:52:22.791+0100][gc,heap       ] GC(3) Eden regions: 33->0(46)
[2023-04-20T17:52:22.791+0100][gc,heap       ] GC(3) Survivor regions: 3->5(7)
[2023-04-20T17:52:22.791+0100][gc,heap       ] GC(3) Old regions: 7->7
[2023-04-20T17:52:22.791+0100][gc,heap       ] GC(3) Humongous regions: 129->129
[2023-04-20T17:52:22.791+0100][gc,metaspace  ] GC(3) Metaspace: 34821K(35840K)->34821K(35840K) NonClass: 30895K(31488K)->30895K(31488K) Class: 3925K(4352K)->3925K(4352K)
[2023-04-20T17:52:22.791+0100][gc            ] GC(3) Pause Young (Concurrent Start) (Metadata GC Threshold) 170M->139M(1024M) 6.396ms
[2023-04-20T17:52:22.791+0100][gc,cpu        ] GC(3) User=0.03s Sys=0.00s Real=0.01s
[2023-04-20T17:52:22.791+0100][gc            ] GC(4) Concurrent Cycle
[2023-04-20T17:52:22.791+0100][gc,marking    ] GC(4) Concurrent Clear Claimed Marks
[2023-04-20T17:52:22.791+0100][gc,marking    ] GC(4) Concurrent Clear Claimed Marks 0.034ms
[2023-04-20T17:52:22.791+0100][gc,marking    ] GC(4) Concurrent Scan Root Regions
[2023-04-20T17:52:22.794+0100][gc,marking    ] GC(4) Concurrent Scan Root Regions 2.886ms
[2023-04-20T17:52:22.794+0100][gc,marking    ] GC(4) Concurrent Mark (2.972s)
[2023-04-20T17:52:22.794+0100][gc,marking    ] GC(4) Concurrent Mark From Roots
[2023-04-20T17:52:22.794+0100][gc,task       ] GC(4) Using 2 workers of 2 for marking
[2023-04-20T17:52:22.802+0100][gc,marking    ] GC(4) Concurrent Mark From Roots 7.611ms
[2023-04-20T17:52:22.802+0100][gc,marking    ] GC(4) Concurrent Preclean
[2023-04-20T17:52:22.802+0100][gc,marking    ] GC(4) Concurrent Preclean 0.093ms
[2023-04-20T17:52:22.802+0100][gc,marking    ] GC(4) Concurrent Mark (2.972s, 2.980s) 7.791ms
[2023-04-20T17:52:22.803+0100][gc,start      ] GC(4) Pause Remark
[2023-04-20T17:52:22.814+0100][gc,stringtable] GC(4) Cleaned string and symbol table, strings: 11480 processed, 22 removed, symbols: 97602 processed, 22 removed
[2023-04-20T17:52:22.815+0100][gc            ] GC(4) Pause Remark 140M->140M(1024M) 11.844ms
[2023-04-20T17:52:22.815+0100][gc,cpu        ] GC(4) User=0.02s Sys=0.00s Real=0.01s
[2023-04-20T17:52:22.815+0100][gc,marking    ] GC(4) Concurrent Rebuild Remembered Sets
[2023-04-20T17:52:22.820+0100][gc,marking    ] GC(4) Concurrent Rebuild Remembered Sets 4.412ms
[2023-04-20T17:52:22.820+0100][gc,start      ] GC(4) Pause Cleanup
[2023-04-20T17:52:22.820+0100][gc            ] GC(4) Pause Cleanup 140M->140M(1024M) 0.263ms
[2023-04-20T17:52:22.820+0100][gc,cpu        ] GC(4) User=0.00s Sys=0.00s Real=0.00s
[2023-04-20T17:52:22.820+0100][gc,marking    ] GC(4) Concurrent Cleanup for Next Mark
[2023-04-20T17:52:22.834+0100][gc,marking    ] GC(4) Concurrent Cleanup for Next Mark 13.420ms
[2023-04-20T17:52:22.834+0100][gc            ] GC(4) Concurrent Cycle 42.550ms
[2023-04-20T17:52:23.464+0100][gc,heap,exit  ] Heap
[2023-04-20T17:52:23.464+0100][gc,heap,exit  ]  garbage-first heap   total 1048576K, used 163606K [0x00000007c0000000, 0x0000000800000000)
[2023-04-20T17:52:23.464+0100][gc,heap,exit  ]   region size 1024K, 26 young (26624K), 5 survivors (5120K)
[2023-04-20T17:52:23.464+0100][gc,heap,exit  ]  Metaspace       used 37771K, capacity 38948K, committed 39040K, reserved 1083392K
[2023-04-20T17:52:23.464+0100][gc,heap,exit  ]   class space    used 4387K, capacity 4940K, committed 4992K, reserved 1048576K
