[2023-04-27T16:37:09.538+0100][gc,heap] Heap region size: 1M
[2023-04-27T16:37:09.551+0100][gc     ] Using G1
[2023-04-27T16:37:09.551+0100][gc,heap,coops] Heap address: 0x00000007c0000000, size: 1024 MB, Compressed Oops mode: Zero based, Oop shift amount: 3
[2023-04-27T16:37:10.686+0100][gc,start     ] GC(0) Pause Young (Concurrent Start) (Metadata GC Threshold)
[2023-04-27T16:37:10.687+0100][gc,task      ] GC(0) Using 8 workers of 8 for evacuation
[2023-04-27T16:37:10.697+0100][gc,phases    ] GC(0)   Pre Evacuate Collection Set: 0.0ms
[2023-04-27T16:37:10.697+0100][gc,phases    ] GC(0)   Evacuate Collection Set: 9.4ms
[2023-04-27T16:37:10.697+0100][gc,phases    ] GC(0)   Post Evacuate Collection Set: 0.4ms
[2023-04-27T16:37:10.697+0100][gc,phases    ] GC(0)   Other: 0.8ms
[2023-04-27T16:37:10.697+0100][gc,heap      ] GC(0) Eden regions: 47->0(44)
[2023-04-27T16:37:10.697+0100][gc,heap      ] GC(0) Survivor regions: 0->7(7)
[2023-04-27T16:37:10.697+0100][gc,heap      ] GC(0) Old regions: 0->0
[2023-04-27T16:37:10.697+0100][gc,heap      ] GC(0) Humongous regions: 0->0
[2023-04-27T16:37:10.697+0100][gc,metaspace ] GC(0) Metaspace: 20631K(21248K)->20631K(21248K) NonClass: 18345K(18688K)->18345K(18688K) Class: 2286K(2560K)->2286K(2560K)
[2023-04-27T16:37:10.697+0100][gc           ] GC(0) Pause Young (Concurrent Start) (Metadata GC Threshold) 47M->6M(1024M) 10.826ms
[2023-04-27T16:37:10.697+0100][gc,cpu       ] GC(0) User=0.03s Sys=0.00s Real=0.01s
[2023-04-27T16:37:10.697+0100][gc           ] GC(1) Concurrent Cycle
[2023-04-27T16:37:10.697+0100][gc,marking   ] GC(1) Concurrent Clear Claimed Marks
[2023-04-27T16:37:10.697+0100][gc,marking   ] GC(1) Concurrent Clear Claimed Marks 0.028ms
[2023-04-27T16:37:10.697+0100][gc,marking   ] GC(1) Concurrent Scan Root Regions
[2023-04-27T16:37:10.700+0100][gc,marking   ] GC(1) Concurrent Scan Root Regions 2.813ms
[2023-04-27T16:37:10.700+0100][gc,marking   ] GC(1) Concurrent Mark (1.171s)
[2023-04-27T16:37:10.700+0100][gc,marking   ] GC(1) Concurrent Mark From Roots
[2023-04-27T16:37:10.700+0100][gc,task      ] GC(1) Using 2 workers of 2 for marking
[2023-04-27T16:37:10.700+0100][gc,marking   ] GC(1) Concurrent Mark From Roots 0.208ms
[2023-04-27T16:37:10.700+0100][gc,marking   ] GC(1) Concurrent Preclean
[2023-04-27T16:37:10.700+0100][gc,marking   ] GC(1) Concurrent Preclean 0.044ms
[2023-04-27T16:37:10.700+0100][gc,marking   ] GC(1) Concurrent Mark (1.171s, 1.171s) 0.323ms
[2023-04-27T16:37:10.701+0100][gc,start     ] GC(1) Pause Remark
[2023-04-27T16:37:10.704+0100][gc,stringtable] GC(1) Cleaned string and symbol table, strings: 7059 processed, 0 removed, symbols: 65710 processed, 28 removed
[2023-04-27T16:37:10.704+0100][gc            ] GC(1) Pause Remark 7M->7M(1024M) 3.762ms
[2023-04-27T16:37:10.704+0100][gc,cpu        ] GC(1) User=0.01s Sys=0.00s Real=0.00s
[2023-04-27T16:37:10.704+0100][gc,marking    ] GC(1) Concurrent Rebuild Remembered Sets
[2023-04-27T16:37:10.704+0100][gc,marking    ] GC(1) Concurrent Rebuild Remembered Sets 0.058ms
[2023-04-27T16:37:10.705+0100][gc,start      ] GC(1) Pause Cleanup
[2023-04-27T16:37:10.705+0100][gc            ] GC(1) Pause Cleanup 7M->7M(1024M) 0.190ms
[2023-04-27T16:37:10.705+0100][gc,cpu        ] GC(1) User=0.00s Sys=0.00s Real=0.00s
[2023-04-27T16:37:10.705+0100][gc,marking    ] GC(1) Concurrent Cleanup for Next Mark
[2023-04-27T16:37:10.712+0100][gc,marking    ] GC(1) Concurrent Cleanup for Next Mark 6.792ms
[2023-04-27T16:37:10.712+0100][gc            ] GC(1) Concurrent Cycle 14.556ms
[2023-04-27T16:37:12.000+0100][gc,start      ] GC(2) Pause Young (Normal) (G1 Evacuation Pause)
[2023-04-27T16:37:12.001+0100][gc,task       ] GC(2) Using 8 workers of 8 for evacuation
[2023-04-27T16:37:12.018+0100][gc,phases     ] GC(2)   Pre Evacuate Collection Set: 0.0ms
[2023-04-27T16:37:12.018+0100][gc,phases     ] GC(2)   Evacuate Collection Set: 16.9ms
[2023-04-27T16:37:12.018+0100][gc,phases     ] GC(2)   Post Evacuate Collection Set: 0.5ms
[2023-04-27T16:37:12.018+0100][gc,phases     ] GC(2)   Other: 0.5ms
[2023-04-27T16:37:12.018+0100][gc,heap       ] GC(2) Eden regions: 44->0(48)
[2023-04-27T16:37:12.018+0100][gc,heap       ] GC(2) Survivor regions: 7->3(7)
[2023-04-27T16:37:12.018+0100][gc,heap       ] GC(2) Old regions: 0->7
[2023-04-27T16:37:12.019+0100][gc,heap       ] GC(2) Humongous regions: 129->129
[2023-04-27T16:37:12.019+0100][gc,metaspace  ] GC(2) Metaspace: 29260K(30208K)->29260K(30208K) NonClass: 25803K(26368K)->25803K(26368K) Class: 3457K(3840K)->3457K(3840K)
[2023-04-27T16:37:12.019+0100][gc            ] GC(2) Pause Young (Normal) (G1 Evacuation Pause) 179M->138M(1024M) 18.159ms
[2023-04-27T16:37:12.019+0100][gc,cpu        ] GC(2) User=0.03s Sys=0.00s Real=0.01s
[2023-04-27T16:37:12.528+0100][gc,start      ] GC(3) Pause Young (Concurrent Start) (Metadata GC Threshold)
[2023-04-27T16:37:12.528+0100][gc,task       ] GC(3) Using 8 workers of 8 for evacuation
[2023-04-27T16:37:12.534+0100][gc,phases     ] GC(3)   Pre Evacuate Collection Set: 0.0ms
[2023-04-27T16:37:12.534+0100][gc,phases     ] GC(3)   Evacuate Collection Set: 6.0ms
[2023-04-27T16:37:12.534+0100][gc,phases     ] GC(3)   Post Evacuate Collection Set: 0.4ms
[2023-04-27T16:37:12.534+0100][gc,phases     ] GC(3)   Other: 0.3ms
[2023-04-27T16:37:12.534+0100][gc,heap       ] GC(3) Eden regions: 34->0(46)
[2023-04-27T16:37:12.534+0100][gc,heap       ] GC(3) Survivor regions: 3->5(7)
[2023-04-27T16:37:12.534+0100][gc,heap       ] GC(3) Old regions: 7->7
[2023-04-27T16:37:12.534+0100][gc,heap       ] GC(3) Humongous regions: 129->129
[2023-04-27T16:37:12.534+0100][gc,metaspace  ] GC(3) Metaspace: 34870K(35840K)->34870K(35840K) NonClass: 30933K(31488K)->30933K(31488K) Class: 3937K(4352K)->3937K(4352K)
[2023-04-27T16:37:12.534+0100][gc            ] GC(3) Pause Young (Concurrent Start) (Metadata GC Threshold) 171M->140M(1024M) 6.861ms
[2023-04-27T16:37:12.535+0100][gc,cpu        ] GC(3) User=0.03s Sys=0.00s Real=0.01s
[2023-04-27T16:37:12.535+0100][gc            ] GC(4) Concurrent Cycle
[2023-04-27T16:37:12.535+0100][gc,marking    ] GC(4) Concurrent Clear Claimed Marks
[2023-04-27T16:37:12.535+0100][gc,marking    ] GC(4) Concurrent Clear Claimed Marks 0.045ms
[2023-04-27T16:37:12.535+0100][gc,marking    ] GC(4) Concurrent Scan Root Regions
[2023-04-27T16:37:12.537+0100][gc,marking    ] GC(4) Concurrent Scan Root Regions 2.253ms
[2023-04-27T16:37:12.537+0100][gc,marking    ] GC(4) Concurrent Mark (3.008s)
[2023-04-27T16:37:12.537+0100][gc,marking    ] GC(4) Concurrent Mark From Roots
[2023-04-27T16:37:12.537+0100][gc,task       ] GC(4) Using 2 workers of 2 for marking
[2023-04-27T16:37:12.542+0100][gc,marking    ] GC(4) Concurrent Mark From Roots 4.757ms
[2023-04-27T16:37:12.542+0100][gc,marking    ] GC(4) Concurrent Preclean
[2023-04-27T16:37:12.542+0100][gc,marking    ] GC(4) Concurrent Preclean 0.081ms
[2023-04-27T16:37:12.542+0100][gc,marking    ] GC(4) Concurrent Mark (3.008s, 3.013s) 4.919ms
[2023-04-27T16:37:12.542+0100][gc,start      ] GC(4) Pause Remark
[2023-04-27T16:37:12.545+0100][gc,stringtable] GC(4) Cleaned string and symbol table, strings: 11507 processed, 10 removed, symbols: 97690 processed, 22 removed
[2023-04-27T16:37:12.546+0100][gc            ] GC(4) Pause Remark 140M->140M(1024M) 3.642ms
[2023-04-27T16:37:12.546+0100][gc,cpu        ] GC(4) User=0.01s Sys=0.00s Real=0.00s
[2023-04-27T16:37:12.546+0100][gc,marking    ] GC(4) Concurrent Rebuild Remembered Sets
[2023-04-27T16:37:12.549+0100][gc,marking    ] GC(4) Concurrent Rebuild Remembered Sets 3.517ms
[2023-04-27T16:37:12.549+0100][gc,start      ] GC(4) Pause Cleanup
[2023-04-27T16:37:12.550+0100][gc            ] GC(4) Pause Cleanup 140M->140M(1024M) 0.211ms
[2023-04-27T16:37:12.550+0100][gc,cpu        ] GC(4) User=0.00s Sys=0.00s Real=0.01s
[2023-04-27T16:37:12.550+0100][gc,marking    ] GC(4) Concurrent Cleanup for Next Mark
[2023-04-27T16:37:12.559+0100][gc,marking    ] GC(4) Concurrent Cleanup for Next Mark 9.030ms
[2023-04-27T16:37:12.559+0100][gc            ] GC(4) Concurrent Cycle 24.312ms
[2023-04-27T16:37:13.281+0100][gc,start      ] GC(5) Pause Young (Normal) (G1 Evacuation Pause)
[2023-04-27T16:37:13.281+0100][gc,task       ] GC(5) Using 8 workers of 8 for evacuation
[2023-04-27T16:37:13.294+0100][gc,phases     ] GC(5)   Pre Evacuate Collection Set: 0.0ms
[2023-04-27T16:37:13.294+0100][gc,phases     ] GC(5)   Evacuate Collection Set: 12.4ms
[2023-04-27T16:37:13.294+0100][gc,phases     ] GC(5)   Post Evacuate Collection Set: 0.5ms
[2023-04-27T16:37:13.294+0100][gc,phases     ] GC(5)   Other: 0.2ms
[2023-04-27T16:37:13.294+0100][gc,heap       ] GC(5) Eden regions: 46->0(45)
[2023-04-27T16:37:13.294+0100][gc,heap       ] GC(5) Survivor regions: 5->6(7)
[2023-04-27T16:37:13.294+0100][gc,heap       ] GC(5) Old regions: 7->9
[2023-04-27T16:37:13.294+0100][gc,heap       ] GC(5) Humongous regions: 129->129
[2023-04-27T16:37:13.294+0100][gc,metaspace  ] GC(5) Metaspace: 42915K(44544K)->42915K(44544K) NonClass: 37877K(38656K)->37877K(38656K) Class: 5037K(5888K)->5037K(5888K)
[2023-04-27T16:37:13.294+0100][gc            ] GC(5) Pause Young (Normal) (G1 Evacuation Pause) 186M->142M(1024M) 13.223ms
[2023-04-27T16:37:13.294+0100][gc,cpu        ] GC(5) User=0.02s Sys=0.00s Real=0.01s
[2023-04-27T16:39:17.818+0100][gc,start      ] GC(6) Pause Young (Normal) (G1 Evacuation Pause)
[2023-04-27T16:39:17.819+0100][gc,task       ] GC(6) Using 8 workers of 8 for evacuation
[2023-04-27T16:39:17.832+0100][gc,phases     ] GC(6)   Pre Evacuate Collection Set: 0.0ms
[2023-04-27T16:39:17.832+0100][gc,phases     ] GC(6)   Evacuate Collection Set: 11.9ms
[2023-04-27T16:39:17.832+0100][gc,phases     ] GC(6)   Post Evacuate Collection Set: 0.7ms
[2023-04-27T16:39:17.832+0100][gc,phases     ] GC(6)   Other: 1.0ms
[2023-04-27T16:39:17.832+0100][gc,heap       ] GC(6) Eden regions: 45->0(45)
[2023-04-27T16:39:17.832+0100][gc,heap       ] GC(6) Survivor regions: 6->6(7)
[2023-04-27T16:39:17.832+0100][gc,heap       ] GC(6) Old regions: 9->11
[2023-04-27T16:39:17.832+0100][gc,heap       ] GC(6) Humongous regions: 129->129
[2023-04-27T16:39:17.832+0100][gc,metaspace  ] GC(6) Metaspace: 48824K(51456K)->48824K(51456K) NonClass: 42742K(44032K)->42742K(44032K) Class: 6082K(7424K)->6082K(7424K)
[2023-04-27T16:39:17.832+0100][gc            ] GC(6) Pause Young (Normal) (G1 Evacuation Pause) 187M->145M(1024M) 13.768ms
[2023-04-27T16:39:17.832+0100][gc,cpu        ] GC(6) User=0.03s Sys=0.00s Real=0.02s
[2023-04-27T16:41:35.893+0100][gc,start      ] GC(7) Pause Young (Normal) (G1 Evacuation Pause)
[2023-04-27T16:41:35.895+0100][gc,task       ] GC(7) Using 8 workers of 8 for evacuation
[2023-04-27T16:41:35.909+0100][gc,phases     ] GC(7)   Pre Evacuate Collection Set: 0.0ms
[2023-04-27T16:41:35.910+0100][gc,phases     ] GC(7)   Evacuate Collection Set: 13.8ms
[2023-04-27T16:41:35.910+0100][gc,phases     ] GC(7)   Post Evacuate Collection Set: 0.5ms
[2023-04-27T16:41:35.910+0100][gc,phases     ] GC(7)   Other: 2.2ms
[2023-04-27T16:41:35.910+0100][gc,heap       ] GC(7) Eden regions: 45->0(47)
[2023-04-27T16:41:35.910+0100][gc,heap       ] GC(7) Survivor regions: 6->4(7)
[2023-04-27T16:41:35.910+0100][gc,heap       ] GC(7) Old regions: 11->14
[2023-04-27T16:41:35.910+0100][gc,heap       ] GC(7) Humongous regions: 129->129
[2023-04-27T16:41:35.910+0100][gc,metaspace  ] GC(7) Metaspace: 49541K(52224K)->49541K(52224K) NonClass: 43458K(44800K)->43458K(44800K) Class: 6083K(7424K)->6083K(7424K)
[2023-04-27T16:41:35.910+0100][gc            ] GC(7) Pause Young (Normal) (G1 Evacuation Pause) 190M->146M(1024M) 16.636ms
[2023-04-27T16:41:35.910+0100][gc,cpu        ] GC(7) User=0.02s Sys=0.00s Real=0.02s
[2023-04-27T16:44:23.219+0100][gc,start      ] GC(8) Pause Young (Normal) (G1 Evacuation Pause)
[2023-04-27T16:44:23.220+0100][gc,task       ] GC(8) Using 8 workers of 8 for evacuation
[2023-04-27T16:44:23.239+0100][gc,phases     ] GC(8)   Pre Evacuate Collection Set: 1.0ms
[2023-04-27T16:44:23.239+0100][gc,phases     ] GC(8)   Evacuate Collection Set: 17.0ms
[2023-04-27T16:44:23.239+0100][gc,phases     ] GC(8)   Post Evacuate Collection Set: 0.7ms
[2023-04-27T16:44:23.239+0100][gc,phases     ] GC(8)   Other: 1.3ms
[2023-04-27T16:44:23.239+0100][gc,heap       ] GC(8) Eden regions: 47->0(47)
[2023-04-27T16:44:23.239+0100][gc,heap       ] GC(8) Survivor regions: 4->4(7)
[2023-04-27T16:44:23.239+0100][gc,heap       ] GC(8) Old regions: 14->14
[2023-04-27T16:44:23.239+0100][gc,heap       ] GC(8) Humongous regions: 129->129
[2023-04-27T16:44:23.239+0100][gc,metaspace  ] GC(8) Metaspace: 49863K(52480K)->49863K(52480K) NonClass: 43780K(45056K)->43780K(45056K) Class: 6083K(7424K)->6083K(7424K)
[2023-04-27T16:44:23.239+0100][gc            ] GC(8) Pause Young (Normal) (G1 Evacuation Pause) 193M->146M(1024M) 20.279ms
[2023-04-27T16:44:23.239+0100][gc,cpu        ] GC(8) User=0.02s Sys=0.02s Real=0.02s
[2023-04-27T16:47:13.458+0100][gc,start      ] GC(9) Pause Young (Normal) (G1 Evacuation Pause)
[2023-04-27T16:47:13.458+0100][gc,task       ] GC(9) Using 8 workers of 8 for evacuation
[2023-04-27T16:47:13.470+0100][gc,phases     ] GC(9)   Pre Evacuate Collection Set: 0.0ms
[2023-04-27T16:47:13.471+0100][gc,phases     ] GC(9)   Evacuate Collection Set: 11.2ms
[2023-04-27T16:47:13.471+0100][gc,phases     ] GC(9)   Post Evacuate Collection Set: 0.6ms
[2023-04-27T16:47:13.471+0100][gc,phases     ] GC(9)   Other: 1.1ms
[2023-04-27T16:47:13.471+0100][gc,heap       ] GC(9) Eden regions: 47->0(50)
[2023-04-27T16:47:13.471+0100][gc,heap       ] GC(9) Survivor regions: 4->2(7)
[2023-04-27T16:47:13.471+0100][gc,heap       ] GC(9) Old regions: 14->16
[2023-04-27T16:47:13.471+0100][gc,heap       ] GC(9) Humongous regions: 129->129
[2023-04-27T16:47:13.471+0100][gc,metaspace  ] GC(9) Metaspace: 50083K(52736K)->50083K(52736K) NonClass: 43981K(45312K)->43981K(45312K) Class: 6101K(7424K)->6101K(7424K)
[2023-04-27T16:47:13.471+0100][gc            ] GC(9) Pause Young (Normal) (G1 Evacuation Pause) 193M->146M(1024M) 13.163ms
[2023-04-27T16:47:13.471+0100][gc,cpu        ] GC(9) User=0.04s Sys=0.00s Real=0.02s
[2023-04-27T16:59:10.861+0100][gc,start      ] GC(10) Pause Young (Normal) (G1 Evacuation Pause)
[2023-04-27T16:59:10.861+0100][gc,task       ] GC(10) Using 8 workers of 8 for evacuation
[2023-04-27T16:59:10.868+0100][gc,phases     ] GC(10)   Pre Evacuate Collection Set: 0.0ms
[2023-04-27T16:59:10.868+0100][gc,phases     ] GC(10)   Evacuate Collection Set: 5.9ms
[2023-04-27T16:59:10.868+0100][gc,phases     ] GC(10)   Post Evacuate Collection Set: 0.3ms
[2023-04-27T16:59:10.868+0100][gc,phases     ] GC(10)   Other: 0.6ms
[2023-04-27T16:59:10.868+0100][gc,heap       ] GC(10) Eden regions: 50->0(51)
[2023-04-27T16:59:10.868+0100][gc,heap       ] GC(10) Survivor regions: 2->3(7)
[2023-04-27T16:59:10.868+0100][gc,heap       ] GC(10) Old regions: 16->16
[2023-04-27T16:59:10.868+0100][gc,heap       ] GC(10) Humongous regions: 129->129
[2023-04-27T16:59:10.868+0100][gc,metaspace  ] GC(10) Metaspace: 50555K(53248K)->50555K(53248K) NonClass: 44416K(45824K)->44416K(45824K) Class: 6139K(7424K)->6139K(7424K)
[2023-04-27T16:59:10.868+0100][gc            ] GC(10) Pause Young (Normal) (G1 Evacuation Pause) 196M->147M(1024M) 6.967ms
[2023-04-27T16:59:10.868+0100][gc,cpu        ] GC(10) User=0.02s Sys=0.01s Real=0.00s
[2023-04-27T17:25:45.826+0100][gc,start      ] GC(11) Pause Young (Normal) (G1 Evacuation Pause)
[2023-04-27T17:25:45.827+0100][gc,task       ] GC(11) Using 8 workers of 8 for evacuation
[2023-04-27T17:25:45.855+0100][gc,mmu        ] GC(11) MMU target violated: 21.0ms (20.0ms/21.0ms)
[2023-04-27T17:25:45.855+0100][gc,phases     ] GC(11)   Pre Evacuate Collection Set: 1.9ms
[2023-04-27T17:25:45.855+0100][gc,phases     ] GC(11)   Evacuate Collection Set: 23.6ms
[2023-04-27T17:25:45.855+0100][gc,phases     ] GC(11)   Post Evacuate Collection Set: 1.5ms
[2023-04-27T17:25:45.855+0100][gc,phases     ] GC(11)   Other: 2.2ms
[2023-04-27T17:25:45.855+0100][gc,heap       ] GC(11) Eden regions: 51->0(47)
[2023-04-27T17:25:45.855+0100][gc,heap       ] GC(11) Survivor regions: 3->4(7)
[2023-04-27T17:25:45.855+0100][gc,heap       ] GC(11) Old regions: 16->16
[2023-04-27T17:25:45.855+0100][gc,heap       ] GC(11) Humongous regions: 129->129
[2023-04-27T17:25:45.855+0100][gc,metaspace  ] GC(11) Metaspace: 50732K(53504K)->50732K(53504K) NonClass: 44593K(46080K)->44593K(46080K) Class: 6139K(7424K)->6139K(7424K)
[2023-04-27T17:25:45.855+0100][gc            ] GC(11) Pause Young (Normal) (G1 Evacuation Pause) 198M->148M(1024M) 29.265ms
[2023-04-27T17:25:45.855+0100][gc,cpu        ] GC(11) User=0.04s Sys=0.05s Real=0.03s
[2023-04-27T17:58:41.581+0100][gc,start      ] GC(12) Pause Young (Normal) (G1 Evacuation Pause)
[2023-04-27T17:58:41.582+0100][gc,task       ] GC(12) Using 8 workers of 8 for evacuation
[2023-04-27T17:58:41.605+0100][gc,mmu        ] GC(12) MMU target violated: 21.0ms (20.0ms/21.0ms)
[2023-04-27T17:58:41.605+0100][gc,phases     ] GC(12)   Pre Evacuate Collection Set: 1.0ms
[2023-04-27T17:58:41.605+0100][gc,phases     ] GC(12)   Evacuate Collection Set: 19.8ms
[2023-04-27T17:58:41.605+0100][gc,phases     ] GC(12)   Post Evacuate Collection Set: 2.1ms
[2023-04-27T17:58:41.605+0100][gc,phases     ] GC(12)   Other: 1.5ms
[2023-04-27T17:58:41.605+0100][gc,heap       ] GC(12) Eden regions: 47->0(46)
[2023-04-27T17:58:41.605+0100][gc,heap       ] GC(12) Survivor regions: 4->5(7)
[2023-04-27T17:58:41.605+0100][gc,heap       ] GC(12) Old regions: 16->16
[2023-04-27T17:58:41.605+0100][gc,heap       ] GC(12) Humongous regions: 129->129
[2023-04-27T17:58:41.605+0100][gc,metaspace  ] GC(12) Metaspace: 50893K(53760K)->50893K(53760K) NonClass: 44749K(46336K)->44749K(46336K) Class: 6144K(7424K)->6144K(7424K)
[2023-04-27T17:58:41.605+0100][gc            ] GC(12) Pause Young (Normal) (G1 Evacuation Pause) 195M->148M(1024M) 24.378ms
[2023-04-27T17:58:41.605+0100][gc,cpu        ] GC(12) User=0.03s Sys=0.04s Real=0.02s
[2023-04-27T18:34:55.841+0100][gc,start      ] GC(13) Pause Young (Normal) (G1 Evacuation Pause)
[2023-04-27T18:34:55.842+0100][gc,task       ] GC(13) Using 8 workers of 8 for evacuation
[2023-04-27T18:34:55.856+0100][gc,phases     ] GC(13)   Pre Evacuate Collection Set: 0.1ms
[2023-04-27T18:34:55.856+0100][gc,phases     ] GC(13)   Evacuate Collection Set: 11.4ms
[2023-04-27T18:34:55.856+0100][gc,phases     ] GC(13)   Post Evacuate Collection Set: 1.7ms
[2023-04-27T18:34:55.856+0100][gc,phases     ] GC(13)   Other: 1.7ms
[2023-04-27T18:34:55.856+0100][gc,heap       ] GC(13) Eden regions: 46->0(47)
[2023-04-27T18:34:55.856+0100][gc,heap       ] GC(13) Survivor regions: 5->4(7)
[2023-04-27T18:34:55.856+0100][gc,heap       ] GC(13) Old regions: 16->17
[2023-04-27T18:34:55.856+0100][gc,heap       ] GC(13) Humongous regions: 129->129
[2023-04-27T18:34:55.856+0100][gc,metaspace  ] GC(13) Metaspace: 50945K(53760K)->50945K(53760K) NonClass: 44800K(46336K)->44800K(46336K) Class: 6144K(7424K)->6144K(7424K)
[2023-04-27T18:34:55.856+0100][gc            ] GC(13) Pause Young (Normal) (G1 Evacuation Pause) 194M->149M(1024M) 15.102ms
[2023-04-27T18:34:55.856+0100][gc,cpu        ] GC(13) User=0.04s Sys=0.02s Real=0.01s
[2023-04-27T19:11:46.537+0100][gc,start      ] GC(14) Pause Young (Normal) (G1 Evacuation Pause)
[2023-04-27T19:11:46.538+0100][gc,task       ] GC(14) Using 8 workers of 8 for evacuation
[2023-04-27T19:11:46.559+0100][gc,mmu        ] GC(14) MMU target violated: 20.9ms (20.0ms/21.0ms)
[2023-04-27T19:11:46.559+0100][gc,phases     ] GC(14)   Pre Evacuate Collection Set: 1.0ms
[2023-04-27T19:11:46.559+0100][gc,phases     ] GC(14)   Evacuate Collection Set: 17.4ms
[2023-04-27T19:11:46.559+0100][gc,phases     ] GC(14)   Post Evacuate Collection Set: 2.2ms
[2023-04-27T19:11:46.559+0100][gc,phases     ] GC(14)   Other: 1.6ms
[2023-04-27T19:11:46.559+0100][gc,heap       ] GC(14) Eden regions: 47->0(47)
[2023-04-27T19:11:46.559+0100][gc,heap       ] GC(14) Survivor regions: 4->4(7)
[2023-04-27T19:11:46.559+0100][gc,heap       ] GC(14) Old regions: 17->17
[2023-04-27T19:11:46.559+0100][gc,heap       ] GC(14) Humongous regions: 129->129
[2023-04-27T19:11:46.559+0100][gc,metaspace  ] GC(14) Metaspace: 51009K(53760K)->51009K(53760K) NonClass: 44864K(46336K)->44864K(46336K) Class: 6145K(7424K)->6145K(7424K)
[2023-04-27T19:11:46.559+0100][gc            ] GC(14) Pause Young (Normal) (G1 Evacuation Pause) 196M->149M(1024M) 22.213ms
[2023-04-27T19:11:46.559+0100][gc,cpu        ] GC(14) User=0.03s Sys=0.04s Real=0.02s
[2023-04-27T19:47:23.549+0100][gc,start      ] GC(15) Pause Young (Normal) (G1 Evacuation Pause)
[2023-04-27T19:47:23.550+0100][gc,task       ] GC(15) Using 8 workers of 8 for evacuation
[2023-04-27T19:47:23.593+0100][gc,mmu        ] GC(15) MMU target violated: 21.0ms (20.0ms/21.0ms)
[2023-04-27T19:47:23.593+0100][gc,phases     ] GC(15)   Pre Evacuate Collection Set: 1.0ms
[2023-04-27T19:47:23.593+0100][gc,phases     ] GC(15)   Evacuate Collection Set: 27.7ms
[2023-04-27T19:47:23.593+0100][gc,phases     ] GC(15)   Post Evacuate Collection Set: 13.7ms
[2023-04-27T19:47:23.593+0100][gc,phases     ] GC(15)   Other: 1.0ms
[2023-04-27T19:47:23.593+0100][gc,heap       ] GC(15) Eden regions: 47->0(47)
[2023-04-27T19:47:23.593+0100][gc,heap       ] GC(15) Survivor regions: 4->4(7)
[2023-04-27T19:47:23.593+0100][gc,heap       ] GC(15) Old regions: 17->17
[2023-04-27T19:47:23.593+0100][gc,heap       ] GC(15) Humongous regions: 129->129
[2023-04-27T19:47:23.593+0100][gc,metaspace  ] GC(15) Metaspace: 51054K(54016K)->51054K(54016K) NonClass: 44909K(46592K)->44909K(46592K) Class: 6145K(7424K)->6145K(7424K)
[2023-04-27T19:47:23.593+0100][gc            ] GC(15) Pause Young (Normal) (G1 Evacuation Pause) 196M->149M(1024M) 43.606ms
[2023-04-27T19:47:23.593+0100][gc,cpu        ] GC(15) User=0.03s Sys=0.03s Real=0.05s
[2023-04-27T20:22:41.068+0100][gc,start      ] GC(16) Pause Young (Normal) (G1 Evacuation Pause)
[2023-04-27T20:22:41.069+0100][gc,task       ] GC(16) Using 8 workers of 8 for evacuation
[2023-04-27T20:22:41.083+0100][gc,phases     ] GC(16)   Pre Evacuate Collection Set: 0.1ms
[2023-04-27T20:22:41.084+0100][gc,phases     ] GC(16)   Evacuate Collection Set: 12.4ms
[2023-04-27T20:22:41.084+0100][gc,phases     ] GC(16)   Post Evacuate Collection Set: 1.2ms
[2023-04-27T20:22:41.084+0100][gc,phases     ] GC(16)   Other: 1.4ms
[2023-04-27T20:22:41.084+0100][gc,heap       ] GC(16) Eden regions: 47->0(46)
[2023-04-27T20:22:41.084+0100][gc,heap       ] GC(16) Survivor regions: 4->5(7)
[2023-04-27T20:22:41.084+0100][gc,heap       ] GC(16) Old regions: 17->18
[2023-04-27T20:22:41.084+0100][gc,heap       ] GC(16) Humongous regions: 129->129
[2023-04-27T20:22:41.084+0100][gc,metaspace  ] GC(16) Metaspace: 51098K(54016K)->51098K(54016K) NonClass: 44953K(46592K)->44953K(46592K) Class: 6145K(7424K)->6145K(7424K)
[2023-04-27T20:22:41.084+0100][gc            ] GC(16) Pause Young (Normal) (G1 Evacuation Pause) 196M->150M(1024M) 15.172ms
[2023-04-27T20:22:41.084+0100][gc,cpu        ] GC(16) User=0.04s Sys=0.01s Real=0.02s
[2023-04-27T20:57:27.255+0100][gc,start      ] GC(17) Pause Young (Normal) (G1 Evacuation Pause)
[2023-04-27T20:57:27.256+0100][gc,task       ] GC(17) Using 8 workers of 8 for evacuation
[2023-04-27T20:57:27.319+0100][gc,mmu        ] GC(17) MMU target violated: 21.0ms (20.0ms/21.0ms)
[2023-04-27T20:57:27.319+0100][gc,phases     ] GC(17)   Pre Evacuate Collection Set: 1.1ms
[2023-04-27T20:57:27.319+0100][gc,phases     ] GC(17)   Evacuate Collection Set: 58.7ms
[2023-04-27T20:57:27.319+0100][gc,phases     ] GC(17)   Post Evacuate Collection Set: 3.1ms
[2023-04-27T20:57:27.319+0100][gc,phases     ] GC(17)   Other: 1.5ms
[2023-04-27T20:57:27.319+0100][gc,heap       ] GC(17) Eden regions: 46->0(47)
[2023-04-27T20:57:27.319+0100][gc,heap       ] GC(17) Survivor regions: 5->4(7)
[2023-04-27T20:57:27.319+0100][gc,heap       ] GC(17) Old regions: 18->18
[2023-04-27T20:57:27.319+0100][gc,heap       ] GC(17) Humongous regions: 129->129
[2023-04-27T20:57:27.319+0100][gc,metaspace  ] GC(17) Metaspace: 51142K(54016K)->51142K(54016K) NonClass: 44997K(46592K)->44997K(46592K) Class: 6145K(7424K)->6145K(7424K)
[2023-04-27T20:57:27.319+0100][gc            ] GC(17) Pause Young (Normal) (G1 Evacuation Pause) 196M->150M(1024M) 64.510ms
[2023-04-27T20:57:27.319+0100][gc,cpu        ] GC(17) User=0.03s Sys=0.03s Real=0.06s
[2023-04-27T21:23:03.924+0100][gc,start      ] GC(18) Pause Young (Normal) (G1 Evacuation Pause)
[2023-04-27T21:23:03.924+0100][gc,task       ] GC(18) Using 8 workers of 8 for evacuation
[2023-04-27T21:23:03.949+0100][gc,mmu        ] GC(18) MMU target violated: 21.0ms (20.0ms/21.0ms)
[2023-04-27T21:23:03.949+0100][gc,phases     ] GC(18)   Pre Evacuate Collection Set: 1.0ms
[2023-04-27T21:23:03.949+0100][gc,phases     ] GC(18)   Evacuate Collection Set: 22.7ms
[2023-04-27T21:23:03.949+0100][gc,phases     ] GC(18)   Post Evacuate Collection Set: 0.6ms
[2023-04-27T21:23:03.949+0100][gc,phases     ] GC(18)   Other: 1.2ms
[2023-04-27T21:23:03.949+0100][gc,heap       ] GC(18) Eden regions: 47->0(46)
[2023-04-27T21:23:03.949+0100][gc,heap       ] GC(18) Survivor regions: 4->5(7)
[2023-04-27T21:23:03.949+0100][gc,heap       ] GC(18) Old regions: 18->18
[2023-04-27T21:23:03.949+0100][gc,heap       ] GC(18) Humongous regions: 129->129
[2023-04-27T21:23:03.949+0100][gc,metaspace  ] GC(18) Metaspace: 51191K(54016K)->51191K(54016K) NonClass: 45039K(46592K)->45039K(46592K) Class: 6151K(7424K)->6151K(7424K)
[2023-04-27T21:23:03.949+0100][gc            ] GC(18) Pause Young (Normal) (G1 Evacuation Pause) 197M->151M(1024M) 25.511ms
[2023-04-27T21:23:03.949+0100][gc,cpu        ] GC(18) User=0.03s Sys=0.04s Real=0.02s
[2023-04-27T21:52:16.802+0100][gc,start      ] GC(19) Pause Young (Normal) (G1 Evacuation Pause)
[2023-04-27T21:52:16.802+0100][gc,task       ] GC(19) Using 8 workers of 8 for evacuation
[2023-04-27T21:52:16.834+0100][gc,mmu        ] GC(19) MMU target violated: 21.0ms (20.0ms/21.0ms)
[2023-04-27T21:52:16.834+0100][gc,phases     ] GC(19)   Pre Evacuate Collection Set: 1.5ms
[2023-04-27T21:52:16.834+0100][gc,phases     ] GC(19)   Evacuate Collection Set: 27.5ms
[2023-04-27T21:52:16.834+0100][gc,phases     ] GC(19)   Post Evacuate Collection Set: 1.5ms
[2023-04-27T21:52:16.834+0100][gc,phases     ] GC(19)   Other: 1.5ms
[2023-04-27T21:52:16.834+0100][gc,heap       ] GC(19) Eden regions: 46->0(47)
[2023-04-27T21:52:16.834+0100][gc,heap       ] GC(19) Survivor regions: 5->4(7)
[2023-04-27T21:52:16.834+0100][gc,heap       ] GC(19) Old regions: 18->19
[2023-04-27T21:52:16.834+0100][gc,heap       ] GC(19) Humongous regions: 129->129
[2023-04-27T21:52:16.834+0100][gc,metaspace  ] GC(19) Metaspace: 51196K(54016K)->51196K(54016K) NonClass: 45045K(46592K)->45045K(46592K) Class: 6151K(7424K)->6151K(7424K)
[2023-04-27T21:52:16.834+0100][gc            ] GC(19) Pause Young (Normal) (G1 Evacuation Pause) 197M->151M(1024M) 32.197ms
[2023-04-27T21:52:16.834+0100][gc,cpu        ] GC(19) User=0.05s Sys=0.05s Real=0.03s
[2023-04-27T22:18:42.087+0100][gc,start      ] GC(20) Pause Young (Normal) (G1 Evacuation Pause)
[2023-04-27T22:18:42.087+0100][gc,task       ] GC(20) Using 8 workers of 8 for evacuation
[2023-04-27T22:18:42.096+0100][gc,phases     ] GC(20)   Pre Evacuate Collection Set: 0.0ms
[2023-04-27T22:18:42.096+0100][gc,phases     ] GC(20)   Evacuate Collection Set: 8.0ms
[2023-04-27T22:18:42.096+0100][gc,phases     ] GC(20)   Post Evacuate Collection Set: 0.3ms
[2023-04-27T22:18:42.096+0100][gc,phases     ] GC(20)   Other: 0.8ms
[2023-04-27T22:18:42.096+0100][gc,heap       ] GC(20) Eden regions: 47->0(47)
[2023-04-27T22:18:42.096+0100][gc,heap       ] GC(20) Survivor regions: 4->4(7)
[2023-04-27T22:18:42.096+0100][gc,heap       ] GC(20) Old regions: 19->19
[2023-04-27T22:18:42.096+0100][gc,heap       ] GC(20) Humongous regions: 129->129
[2023-04-27T22:18:42.096+0100][gc,metaspace  ] GC(20) Metaspace: 51207K(54016K)->51207K(54016K) NonClass: 45056K(46592K)->45056K(46592K) Class: 6151K(7424K)->6151K(7424K)
[2023-04-27T22:18:42.096+0100][gc            ] GC(20) Pause Young (Normal) (G1 Evacuation Pause) 198M->151M(1024M) 9.258ms
[2023-04-27T22:18:42.096+0100][gc,cpu        ] GC(20) User=0.03s Sys=0.00s Real=0.01s
[2023-04-27T22:43:44.175+0100][gc,start      ] GC(21) Pause Young (Normal) (G1 Evacuation Pause)
[2023-04-27T22:43:44.177+0100][gc,task       ] GC(21) Using 8 workers of 8 for evacuation
[2023-04-27T22:43:44.199+0100][gc,mmu        ] GC(21) MMU target violated: 21.0ms (20.0ms/21.0ms)
[2023-04-27T22:43:44.199+0100][gc,phases     ] GC(21)   Pre Evacuate Collection Set: 1.8ms
[2023-04-27T22:43:44.199+0100][gc,phases     ] GC(21)   Evacuate Collection Set: 19.6ms
[2023-04-27T22:43:44.199+0100][gc,phases     ] GC(21)   Post Evacuate Collection Set: 0.5ms
[2023-04-27T22:43:44.199+0100][gc,phases     ] GC(21)   Other: 1.9ms
[2023-04-27T22:43:44.199+0100][gc,heap       ] GC(21) Eden regions: 47->0(47)
[2023-04-27T22:43:44.199+0100][gc,heap       ] GC(21) Survivor regions: 4->4(7)
[2023-04-27T22:43:44.199+0100][gc,heap       ] GC(21) Old regions: 19->19
[2023-04-27T22:43:44.199+0100][gc,heap       ] GC(21) Humongous regions: 129->129
[2023-04-27T22:43:44.199+0100][gc,metaspace  ] GC(21) Metaspace: 51218K(54016K)->51218K(54016K) NonClass: 45067K(46592K)->45067K(46592K) Class: 6151K(7424K)->6151K(7424K)
[2023-04-27T22:43:44.199+0100][gc            ] GC(21) Pause Young (Normal) (G1 Evacuation Pause) 198M->151M(1024M) 23.835ms
[2023-04-27T22:43:44.199+0100][gc,cpu        ] GC(21) User=0.03s Sys=0.04s Real=0.02s
[2023-04-27T23:03:45.908+0100][gc,start      ] GC(22) Pause Young (Normal) (G1 Evacuation Pause)
[2023-04-27T23:03:45.909+0100][gc,task       ] GC(22) Using 8 workers of 8 for evacuation
[2023-04-27T23:03:45.931+0100][gc,phases     ] GC(22)   Pre Evacuate Collection Set: 0.1ms
[2023-04-27T23:03:45.931+0100][gc,phases     ] GC(22)   Evacuate Collection Set: 18.2ms
[2023-04-27T23:03:45.931+0100][gc,phases     ] GC(22)   Post Evacuate Collection Set: 0.4ms
[2023-04-27T23:03:45.931+0100][gc,phases     ] GC(22)   Other: 4.9ms
[2023-04-27T23:03:45.931+0100][gc,heap       ] GC(22) Eden regions: 47->0(46)
[2023-04-27T23:03:45.931+0100][gc,heap       ] GC(22) Survivor regions: 4->5(7)
[2023-04-27T23:03:45.931+0100][gc,heap       ] GC(22) Old regions: 19->19
[2023-04-27T23:03:45.931+0100][gc,heap       ] GC(22) Humongous regions: 129->129
[2023-04-27T23:03:45.931+0100][gc,metaspace  ] GC(22) Metaspace: 51280K(54016K)->51280K(54016K) NonClass: 45129K(46592K)->45129K(46592K) Class: 6151K(7424K)->6151K(7424K)
[2023-04-27T23:03:45.931+0100][gc            ] GC(22) Pause Young (Normal) (G1 Evacuation Pause) 198M->151M(1024M) 23.632ms
[2023-04-27T23:03:45.931+0100][gc,cpu        ] GC(22) User=0.03s Sys=0.01s Real=0.03s
[2023-04-27T23:18:57.103+0100][gc,start      ] GC(23) Pause Young (Normal) (G1 Evacuation Pause)
[2023-04-27T23:18:57.103+0100][gc,task       ] GC(23) Using 8 workers of 8 for evacuation
[2023-04-27T23:18:57.113+0100][gc,phases     ] GC(23)   Pre Evacuate Collection Set: 0.0ms
[2023-04-27T23:18:57.113+0100][gc,phases     ] GC(23)   Evacuate Collection Set: 8.7ms
[2023-04-27T23:18:57.113+0100][gc,phases     ] GC(23)   Post Evacuate Collection Set: 0.3ms
[2023-04-27T23:18:57.113+0100][gc,phases     ] GC(23)   Other: 0.6ms
[2023-04-27T23:18:57.113+0100][gc,heap       ] GC(23) Eden regions: 46->0(47)
[2023-04-27T23:18:57.113+0100][gc,heap       ] GC(23) Survivor regions: 5->4(7)
[2023-04-27T23:18:57.113+0100][gc,heap       ] GC(23) Old regions: 19->20
[2023-04-27T23:18:57.113+0100][gc,heap       ] GC(23) Humongous regions: 129->129
[2023-04-27T23:18:57.113+0100][gc,metaspace  ] GC(23) Metaspace: 51304K(54016K)->51304K(54016K) NonClass: 45153K(46592K)->45153K(46592K) Class: 6151K(7424K)->6151K(7424K)
[2023-04-27T23:18:57.113+0100][gc            ] GC(23) Pause Young (Normal) (G1 Evacuation Pause) 197M->152M(1024M) 9.888ms
[2023-04-27T23:18:57.113+0100][gc,cpu        ] GC(23) User=0.03s Sys=0.00s Real=0.01s
[2023-04-27T23:25:48.352+0100][gc,start      ] GC(24) Pause Young (Normal) (G1 Evacuation Pause)
[2023-04-27T23:25:48.354+0100][gc,task       ] GC(24) Using 8 workers of 8 for evacuation
[2023-04-27T23:25:48.366+0100][gc,phases     ] GC(24)   Pre Evacuate Collection Set: 0.1ms
[2023-04-27T23:25:48.366+0100][gc,phases     ] GC(24)   Evacuate Collection Set: 11.8ms
[2023-04-27T23:25:48.366+0100][gc,phases     ] GC(24)   Post Evacuate Collection Set: 0.4ms
[2023-04-27T23:25:48.366+0100][gc,phases     ] GC(24)   Other: 1.5ms
[2023-04-27T23:25:48.366+0100][gc,heap       ] GC(24) Eden regions: 47->0(49)
[2023-04-27T23:25:48.366+0100][gc,heap       ] GC(24) Survivor regions: 4->4(7)
[2023-04-27T23:25:48.366+0100][gc,heap       ] GC(24) Old regions: 20->20
[2023-04-27T23:25:48.366+0100][gc,heap       ] GC(24) Humongous regions: 129->129
[2023-04-27T23:25:48.366+0100][gc,metaspace  ] GC(24) Metaspace: 51323K(54016K)->51323K(54016K) NonClass: 45165K(46592K)->45165K(46592K) Class: 6158K(7424K)->6158K(7424K)
[2023-04-27T23:25:48.366+0100][gc            ] GC(24) Pause Young (Normal) (G1 Evacuation Pause) 199M->152M(1024M) 14.063ms
[2023-04-27T23:25:48.367+0100][gc,cpu        ] GC(24) User=0.05s Sys=0.01s Real=0.01s
[2023-04-27T23:28:03.676+0100][gc,start      ] GC(25) Pause Young (Normal) (G1 Evacuation Pause)
[2023-04-27T23:28:03.677+0100][gc,task       ] GC(25) Using 8 workers of 8 for evacuation
[2023-04-27T23:28:03.684+0100][gc,phases     ] GC(25)   Pre Evacuate Collection Set: 0.0ms
[2023-04-27T23:28:03.684+0100][gc,phases     ] GC(25)   Evacuate Collection Set: 6.6ms
[2023-04-27T23:28:03.684+0100][gc,phases     ] GC(25)   Post Evacuate Collection Set: 0.3ms
[2023-04-27T23:28:03.684+0100][gc,phases     ] GC(25)   Other: 0.6ms
[2023-04-27T23:28:03.684+0100][gc,heap       ] GC(25) Eden regions: 49->0(54)
[2023-04-27T23:28:03.684+0100][gc,heap       ] GC(25) Survivor regions: 4->4(7)
[2023-04-27T23:28:03.684+0100][gc,heap       ] GC(25) Old regions: 20->20
[2023-04-27T23:28:03.684+0100][gc,heap       ] GC(25) Humongous regions: 129->129
[2023-04-27T23:28:03.684+0100][gc,metaspace  ] GC(25) Metaspace: 51327K(54016K)->51327K(54016K) NonClass: 45169K(46592K)->45169K(46592K) Class: 6158K(7424K)->6158K(7424K)
[2023-04-27T23:28:03.684+0100][gc            ] GC(25) Pause Young (Normal) (G1 Evacuation Pause) 201M->152M(1024M) 7.773ms
[2023-04-27T23:28:03.684+0100][gc,cpu        ] GC(25) User=0.02s Sys=0.01s Real=0.01s
[2023-04-27T23:38:58.091+0100][gc,start      ] GC(26) Pause Young (Normal) (G1 Evacuation Pause)
[2023-04-27T23:38:58.091+0100][gc,task       ] GC(26) Using 8 workers of 8 for evacuation
[2023-04-27T23:38:58.100+0100][gc,phases     ] GC(26)   Pre Evacuate Collection Set: 0.1ms
[2023-04-27T23:38:58.100+0100][gc,phases     ] GC(26)   Evacuate Collection Set: 8.2ms
[2023-04-27T23:38:58.100+0100][gc,phases     ] GC(26)   Post Evacuate Collection Set: 0.3ms
[2023-04-27T23:38:58.100+0100][gc,phases     ] GC(26)   Other: 1.0ms
[2023-04-27T23:38:58.100+0100][gc,heap       ] GC(26) Eden regions: 54->0(63)
[2023-04-27T23:38:58.100+0100][gc,heap       ] GC(26) Survivor regions: 4->4(8)
[2023-04-27T23:38:58.100+0100][gc,heap       ] GC(26) Old regions: 20->20
[2023-04-27T23:38:58.100+0100][gc,heap       ] GC(26) Humongous regions: 129->129
[2023-04-27T23:38:58.100+0100][gc,metaspace  ] GC(26) Metaspace: 51346K(54016K)->51346K(54016K) NonClass: 45188K(46592K)->45188K(46592K) Class: 6158K(7424K)->6158K(7424K)
[2023-04-27T23:38:58.100+0100][gc            ] GC(26) Pause Young (Normal) (G1 Evacuation Pause) 206M->152M(1024M) 9.756ms
[2023-04-27T23:38:58.101+0100][gc,cpu        ] GC(26) User=0.03s Sys=0.00s Real=0.01s
[2023-04-27T23:46:49.698+0100][gc,start      ] GC(27) Pause Young (Normal) (G1 Evacuation Pause)
[2023-04-27T23:46:49.699+0100][gc,task       ] GC(27) Using 8 workers of 8 for evacuation
[2023-04-27T23:46:49.710+0100][gc,phases     ] GC(27)   Pre Evacuate Collection Set: 0.0ms
[2023-04-27T23:46:49.710+0100][gc,phases     ] GC(27)   Evacuate Collection Set: 10.0ms
[2023-04-27T23:46:49.710+0100][gc,phases     ] GC(27)   Post Evacuate Collection Set: 1.4ms
[2023-04-27T23:46:49.710+0100][gc,phases     ] GC(27)   Other: 1.3ms
[2023-04-27T23:46:49.710+0100][gc,heap       ] GC(27) Eden regions: 63->0(126)
[2023-04-27T23:46:49.710+0100][gc,heap       ] GC(27) Survivor regions: 4->4(9)
[2023-04-27T23:46:49.710+0100][gc,heap       ] GC(27) Old regions: 20->20
[2023-04-27T23:46:49.710+0100][gc,heap       ] GC(27) Humongous regions: 129->129
[2023-04-27T23:46:49.711+0100][gc,metaspace  ] GC(27) Metaspace: 51346K(54016K)->51346K(54016K) NonClass: 45188K(46592K)->45188K(46592K) Class: 6158K(7424K)->6158K(7424K)
[2023-04-27T23:46:49.711+0100][gc            ] GC(27) Pause Young (Normal) (G1 Evacuation Pause) 215M->152M(1024M) 12.917ms
[2023-04-27T23:46:49.711+0100][gc,cpu        ] GC(27) User=0.03s Sys=0.01s Real=0.02s
[2023-04-27T23:51:23.697+0100][gc,start      ] GC(28) Pause Young (Normal) (G1 Evacuation Pause)
[2023-04-27T23:51:23.698+0100][gc,task       ] GC(28) Using 8 workers of 8 for evacuation
[2023-04-27T23:51:23.712+0100][gc,phases     ] GC(28)   Pre Evacuate Collection Set: 0.0ms
[2023-04-27T23:51:23.712+0100][gc,phases     ] GC(28)   Evacuate Collection Set: 12.7ms
[2023-04-27T23:51:23.712+0100][gc,phases     ] GC(28)   Post Evacuate Collection Set: 0.6ms
[2023-04-27T23:51:23.712+0100][gc,phases     ] GC(28)   Other: 1.6ms
[2023-04-27T23:51:23.712+0100][gc,heap       ] GC(28) Eden regions: 126->0(129)
[2023-04-27T23:51:23.712+0100][gc,heap       ] GC(28) Survivor regions: 4->4(17)
[2023-04-27T23:51:23.712+0100][gc,heap       ] GC(28) Old regions: 20->20
[2023-04-27T23:51:23.712+0100][gc,heap       ] GC(28) Humongous regions: 129->129
[2023-04-27T23:51:23.712+0100][gc,metaspace  ] GC(28) Metaspace: 51346K(54016K)->51346K(54016K) NonClass: 45188K(46592K)->45188K(46592K) Class: 6158K(7424K)->6158K(7424K)
[2023-04-27T23:51:23.712+0100][gc            ] GC(28) Pause Young (Normal) (G1 Evacuation Pause) 278M->152M(1024M) 15.140ms
[2023-04-27T23:51:23.712+0100][gc,cpu        ] GC(28) User=0.03s Sys=0.00s Real=0.02s
[2023-04-27T23:57:12.613+0100][gc,start      ] GC(29) Pause Young (Normal) (G1 Evacuation Pause)
[2023-04-27T23:57:12.613+0100][gc,task       ] GC(29) Using 8 workers of 8 for evacuation
[2023-04-27T23:57:12.632+0100][gc,phases     ] GC(29)   Pre Evacuate Collection Set: 1.4ms
[2023-04-27T23:57:12.632+0100][gc,phases     ] GC(29)   Evacuate Collection Set: 16.1ms
[2023-04-27T23:57:12.632+0100][gc,phases     ] GC(29)   Post Evacuate Collection Set: 0.6ms
[2023-04-27T23:57:12.632+0100][gc,phases     ] GC(29)   Other: 1.2ms
[2023-04-27T23:57:12.632+0100][gc,heap       ] GC(29) Eden regions: 129->0(130)
[2023-04-27T23:57:12.632+0100][gc,heap       ] GC(29) Survivor regions: 4->4(17)
[2023-04-27T23:57:12.632+0100][gc,heap       ] GC(29) Old regions: 20->20
[2023-04-27T23:57:12.632+0100][gc,heap       ] GC(29) Humongous regions: 129->129
[2023-04-27T23:57:12.632+0100][gc,metaspace  ] GC(29) Metaspace: 51346K(54016K)->51346K(54016K) NonClass: 45188K(46592K)->45188K(46592K) Class: 6158K(7424K)->6158K(7424K)
[2023-04-27T23:57:12.632+0100][gc            ] GC(29) Pause Young (Normal) (G1 Evacuation Pause) 281M->152M(1024M) 19.432ms
[2023-04-27T23:57:12.632+0100][gc,cpu        ] GC(29) User=0.03s Sys=0.03s Real=0.02s
[2023-04-28T00:01:51.701+0100][gc,start      ] GC(30) Pause Young (Normal) (G1 Evacuation Pause)
[2023-04-28T00:01:51.701+0100][gc,task       ] GC(30) Using 8 workers of 8 for evacuation
[2023-04-28T00:01:51.714+0100][gc,phases     ] GC(30)   Pre Evacuate Collection Set: 0.0ms
[2023-04-28T00:01:51.714+0100][gc,phases     ] GC(30)   Evacuate Collection Set: 12.0ms
[2023-04-28T00:01:51.714+0100][gc,phases     ] GC(30)   Post Evacuate Collection Set: 0.6ms
[2023-04-28T00:01:51.714+0100][gc,phases     ] GC(30)   Other: 0.5ms
[2023-04-28T00:01:51.714+0100][gc,heap       ] GC(30) Eden regions: 130->0(130)
[2023-04-28T00:01:51.714+0100][gc,heap       ] GC(30) Survivor regions: 4->4(17)
[2023-04-28T00:01:51.714+0100][gc,heap       ] GC(30) Old regions: 20->20
[2023-04-28T00:01:51.714+0100][gc,heap       ] GC(30) Humongous regions: 129->129
[2023-04-28T00:01:51.714+0100][gc,metaspace  ] GC(30) Metaspace: 51347K(54016K)->51347K(54016K) NonClass: 45188K(46592K)->45188K(46592K) Class: 6158K(7424K)->6158K(7424K)
[2023-04-28T00:01:51.714+0100][gc            ] GC(30) Pause Young (Normal) (G1 Evacuation Pause) 282M->152M(1024M) 13.207ms
[2023-04-28T00:01:51.714+0100][gc,cpu        ] GC(30) User=0.03s Sys=0.01s Real=0.01s
[2023-04-28T00:06:33.446+0100][gc,start      ] GC(31) Pause Young (Normal) (G1 Evacuation Pause)
[2023-04-28T00:06:33.447+0100][gc,task       ] GC(31) Using 8 workers of 8 for evacuation
[2023-04-28T00:06:33.458+0100][gc,phases     ] GC(31)   Pre Evacuate Collection Set: 0.0ms
[2023-04-28T00:06:33.458+0100][gc,phases     ] GC(31)   Evacuate Collection Set: 9.9ms
[2023-04-28T00:06:33.458+0100][gc,phases     ] GC(31)   Post Evacuate Collection Set: 0.4ms
[2023-04-28T00:06:33.458+0100][gc,phases     ] GC(31)   Other: 1.6ms
[2023-04-28T00:06:33.458+0100][gc,heap       ] GC(31) Eden regions: 130->0(133)
[2023-04-28T00:06:33.458+0100][gc,heap       ] GC(31) Survivor regions: 4->4(17)
[2023-04-28T00:06:33.458+0100][gc,heap       ] GC(31) Old regions: 20->20
[2023-04-28T00:06:33.458+0100][gc,heap       ] GC(31) Humongous regions: 129->129
[2023-04-28T00:06:33.458+0100][gc,metaspace  ] GC(31) Metaspace: 51347K(54016K)->51347K(54016K) NonClass: 45188K(46592K)->45188K(46592K) Class: 6158K(7424K)->6158K(7424K)
[2023-04-28T00:06:33.458+0100][gc            ] GC(31) Pause Young (Normal) (G1 Evacuation Pause) 282M->152M(1024M) 12.179ms
[2023-04-28T00:06:33.458+0100][gc,cpu        ] GC(31) User=0.03s Sys=0.01s Real=0.01s
[2023-04-28T00:11:22.620+0100][gc,start      ] GC(32) Pause Young (Normal) (G1 Evacuation Pause)
[2023-04-28T00:11:22.621+0100][gc,task       ] GC(32) Using 8 workers of 8 for evacuation
[2023-04-28T00:11:22.632+0100][gc,phases     ] GC(32)   Pre Evacuate Collection Set: 0.0ms
[2023-04-28T00:11:22.632+0100][gc,phases     ] GC(32)   Evacuate Collection Set: 10.7ms
[2023-04-28T00:11:22.632+0100][gc,phases     ] GC(32)   Post Evacuate Collection Set: 0.4ms
[2023-04-28T00:11:22.632+0100][gc,phases     ] GC(32)   Other: 1.5ms
[2023-04-28T00:11:22.632+0100][gc,heap       ] GC(32) Eden regions: 133->0(136)
[2023-04-28T00:11:22.632+0100][gc,heap       ] GC(32) Survivor regions: 4->4(18)
[2023-04-28T00:11:22.632+0100][gc,heap       ] GC(32) Old regions: 20->20
[2023-04-28T00:11:22.632+0100][gc,heap       ] GC(32) Humongous regions: 129->129
[2023-04-28T00:11:22.632+0100][gc,metaspace  ] GC(32) Metaspace: 51347K(54016K)->51347K(54016K) NonClass: 45188K(46592K)->45188K(46592K) Class: 6158K(7424K)->6158K(7424K)
[2023-04-28T00:11:22.632+0100][gc            ] GC(32) Pause Young (Normal) (G1 Evacuation Pause) 285M->152M(1024M) 12.793ms
[2023-04-28T00:11:22.632+0100][gc,cpu        ] GC(32) User=0.04s Sys=0.01s Real=0.01s
[2023-04-28T00:16:32.604+0100][gc,start      ] GC(33) Pause Young (Normal) (G1 Evacuation Pause)
[2023-04-28T00:16:32.605+0100][gc,task       ] GC(33) Using 8 workers of 8 for evacuation
[2023-04-28T00:16:32.615+0100][gc,phases     ] GC(33)   Pre Evacuate Collection Set: 0.1ms
[2023-04-28T00:16:32.615+0100][gc,phases     ] GC(33)   Evacuate Collection Set: 9.1ms
[2023-04-28T00:16:32.615+0100][gc,phases     ] GC(33)   Post Evacuate Collection Set: 0.3ms
[2023-04-28T00:16:32.615+0100][gc,phases     ] GC(33)   Other: 1.1ms
[2023-04-28T00:16:32.615+0100][gc,heap       ] GC(33) Eden regions: 136->0(144)
[2023-04-28T00:16:32.615+0100][gc,heap       ] GC(33) Survivor regions: 4->4(18)
[2023-04-28T00:16:32.615+0100][gc,heap       ] GC(33) Old regions: 20->20
[2023-04-28T00:16:32.615+0100][gc,heap       ] GC(33) Humongous regions: 129->129
[2023-04-28T00:16:32.615+0100][gc,metaspace  ] GC(33) Metaspace: 51347K(54016K)->51347K(54016K) NonClass: 45188K(46592K)->45188K(46592K) Class: 6158K(7424K)->6158K(7424K)
[2023-04-28T00:16:32.615+0100][gc            ] GC(33) Pause Young (Normal) (G1 Evacuation Pause) 288M->152M(1024M) 10.731ms
[2023-04-28T00:16:32.615+0100][gc,cpu        ] GC(33) User=0.03s Sys=0.00s Real=0.01s
[2023-04-28T00:21:45.261+0100][gc,start      ] GC(34) Pause Young (Normal) (G1 Evacuation Pause)
[2023-04-28T00:21:45.261+0100][gc,task       ] GC(34) Using 8 workers of 8 for evacuation
[2023-04-28T00:21:45.270+0100][gc,phases     ] GC(34)   Pre Evacuate Collection Set: 0.0ms
[2023-04-28T00:21:45.270+0100][gc,phases     ] GC(34)   Evacuate Collection Set: 7.7ms
[2023-04-28T00:21:45.270+0100][gc,phases     ] GC(34)   Post Evacuate Collection Set: 0.4ms
[2023-04-28T00:21:45.270+0100][gc,phases     ] GC(34)   Other: 1.2ms
[2023-04-28T00:21:45.270+0100][gc,heap       ] GC(34) Eden regions: 144->0(169)
[2023-04-28T00:21:45.270+0100][gc,heap       ] GC(34) Survivor regions: 4->4(19)
[2023-04-28T00:21:45.270+0100][gc,heap       ] GC(34) Old regions: 20->20
[2023-04-28T00:21:45.270+0100][gc,heap       ] GC(34) Humongous regions: 129->129
[2023-04-28T00:21:45.270+0100][gc,metaspace  ] GC(34) Metaspace: 51351K(54016K)->51351K(54016K) NonClass: 45193K(46592K)->45193K(46592K) Class: 6158K(7424K)->6158K(7424K)
[2023-04-28T00:21:45.270+0100][gc            ] GC(34) Pause Young (Normal) (G1 Evacuation Pause) 296M->152M(1024M) 9.544ms
[2023-04-28T00:21:45.270+0100][gc,cpu        ] GC(34) User=0.03s Sys=0.00s Real=0.01s
[2023-04-28T00:28:14.537+0100][gc,start      ] GC(35) Pause Young (Normal) (G1 Evacuation Pause)
[2023-04-28T00:28:14.538+0100][gc,task       ] GC(35) Using 8 workers of 8 for evacuation
[2023-04-28T00:28:14.552+0100][gc,phases     ] GC(35)   Pre Evacuate Collection Set: 0.0ms
[2023-04-28T00:28:14.552+0100][gc,phases     ] GC(35)   Evacuate Collection Set: 12.6ms
[2023-04-28T00:28:14.552+0100][gc,phases     ] GC(35)   Post Evacuate Collection Set: 0.5ms
[2023-04-28T00:28:14.552+0100][gc,phases     ] GC(35)   Other: 1.5ms
[2023-04-28T00:28:14.552+0100][gc,heap       ] GC(35) Eden regions: 169->0(183)
[2023-04-28T00:28:14.552+0100][gc,heap       ] GC(35) Survivor regions: 4->4(22)
[2023-04-28T00:28:14.552+0100][gc,heap       ] GC(35) Old regions: 20->20
[2023-04-28T00:28:14.552+0100][gc,heap       ] GC(35) Humongous regions: 129->129
[2023-04-28T00:28:14.552+0100][gc,metaspace  ] GC(35) Metaspace: 51352K(54016K)->51352K(54016K) NonClass: 45194K(46592K)->45194K(46592K) Class: 6158K(7424K)->6158K(7424K)
[2023-04-28T00:28:14.552+0100][gc            ] GC(35) Pause Young (Normal) (G1 Evacuation Pause) 321M->152M(1024M) 14.888ms
[2023-04-28T00:28:14.552+0100][gc,cpu        ] GC(35) User=0.03s Sys=0.02s Real=0.02s
[2023-04-28T00:35:21.560+0100][gc,start      ] GC(36) Pause Young (Normal) (G1 Evacuation Pause)
[2023-04-28T00:35:21.561+0100][gc,task       ] GC(36) Using 8 workers of 8 for evacuation
[2023-04-28T00:35:21.569+0100][gc,phases     ] GC(36)   Pre Evacuate Collection Set: 0.0ms
[2023-04-28T00:35:21.569+0100][gc,phases     ] GC(36)   Evacuate Collection Set: 7.0ms
[2023-04-28T00:35:21.569+0100][gc,phases     ] GC(36)   Post Evacuate Collection Set: 0.4ms
[2023-04-28T00:35:21.569+0100][gc,phases     ] GC(36)   Other: 1.2ms
[2023-04-28T00:35:21.569+0100][gc,heap       ] GC(36) Eden regions: 183->0(194)
[2023-04-28T00:35:21.569+0100][gc,heap       ] GC(36) Survivor regions: 4->4(24)
[2023-04-28T00:35:21.569+0100][gc,heap       ] GC(36) Old regions: 20->20
[2023-04-28T00:35:21.569+0100][gc,heap       ] GC(36) Humongous regions: 129->129
[2023-04-28T00:35:21.569+0100][gc,metaspace  ] GC(36) Metaspace: 51352K(54016K)->51352K(54016K) NonClass: 45194K(46592K)->45194K(46592K) Class: 6158K(7424K)->6158K(7424K)
[2023-04-28T00:35:21.569+0100][gc            ] GC(36) Pause Young (Normal) (G1 Evacuation Pause) 335M->152M(1024M) 8.854ms
[2023-04-28T00:35:21.569+0100][gc,cpu        ] GC(36) User=0.02s Sys=0.01s Real=0.00s
[2023-04-28T00:42:52.500+0100][gc,start      ] GC(37) Pause Young (Normal) (G1 Evacuation Pause)
[2023-04-28T00:42:52.501+0100][gc,task       ] GC(37) Using 8 workers of 8 for evacuation
[2023-04-28T00:42:52.509+0100][gc,phases     ] GC(37)   Pre Evacuate Collection Set: 0.0ms
[2023-04-28T00:42:52.509+0100][gc,phases     ] GC(37)   Evacuate Collection Set: 7.4ms
[2023-04-28T00:42:52.510+0100][gc,phases     ] GC(37)   Post Evacuate Collection Set: 0.5ms
[2023-04-28T00:42:52.510+0100][gc,phases     ] GC(37)   Other: 1.2ms
[2023-04-28T00:42:52.510+0100][gc,heap       ] GC(37) Eden regions: 194->0(389)
[2023-04-28T00:42:52.510+0100][gc,heap       ] GC(37) Survivor regions: 4->4(25)
[2023-04-28T00:42:52.510+0100][gc,heap       ] GC(37) Old regions: 20->21
[2023-04-28T00:42:52.510+0100][gc,heap       ] GC(37) Humongous regions: 129->129
[2023-04-28T00:42:52.510+0100][gc,metaspace  ] GC(37) Metaspace: 51353K(54016K)->51353K(54016K) NonClass: 45195K(46592K)->45195K(46592K) Class: 6158K(7424K)->6158K(7424K)
[2023-04-28T00:42:52.510+0100][gc            ] GC(37) Pause Young (Normal) (G1 Evacuation Pause) 346M->152M(1024M) 9.369ms
[2023-04-28T00:42:52.510+0100][gc,cpu        ] GC(37) User=0.02s Sys=0.00s Real=0.01s
[2023-04-28T00:57:44.936+0100][gc,start      ] GC(38) Pause Young (Normal) (G1 Evacuation Pause)
[2023-04-28T00:57:44.937+0100][gc,task       ] GC(38) Using 8 workers of 8 for evacuation
[2023-04-28T00:57:44.951+0100][gc,phases     ] GC(38)   Pre Evacuate Collection Set: 0.0ms
[2023-04-28T00:57:44.951+0100][gc,phases     ] GC(38)   Evacuate Collection Set: 10.8ms
[2023-04-28T00:57:44.951+0100][gc,phases     ] GC(38)   Post Evacuate Collection Set: 2.2ms
[2023-04-28T00:57:44.951+0100][gc,phases     ] GC(38)   Other: 1.7ms
[2023-04-28T00:57:44.951+0100][gc,heap       ] GC(38) Eden regions: 389->0(476)
[2023-04-28T00:57:44.951+0100][gc,heap       ] GC(38) Survivor regions: 4->3(50)
[2023-04-28T00:57:44.951+0100][gc,heap       ] GC(38) Old regions: 21->21
[2023-04-28T00:57:44.951+0100][gc,heap       ] GC(38) Humongous regions: 129->129
[2023-04-28T00:57:44.951+0100][gc,metaspace  ] GC(38) Metaspace: 51359K(54016K)->51359K(54016K) NonClass: 45201K(46592K)->45201K(46592K) Class: 6158K(7424K)->6158K(7424K)
[2023-04-28T00:57:44.951+0100][gc            ] GC(38) Pause Young (Normal) (G1 Evacuation Pause) 541M->152M(1024M) 14.903ms
[2023-04-28T00:57:44.951+0100][gc,cpu        ] GC(38) User=0.03s Sys=0.01s Real=0.02s
[2023-04-28T01:15:58.216+0100][gc,start      ] GC(39) Pause Young (Normal) (G1 Evacuation Pause)
[2023-04-28T01:15:58.217+0100][gc,task       ] GC(39) Using 8 workers of 8 for evacuation
[2023-04-28T01:15:58.233+0100][gc,phases     ] GC(39)   Pre Evacuate Collection Set: 1.2ms
[2023-04-28T01:15:58.233+0100][gc,phases     ] GC(39)   Evacuate Collection Set: 12.7ms
[2023-04-28T01:15:58.233+0100][gc,phases     ] GC(39)   Post Evacuate Collection Set: 1.2ms
[2023-04-28T01:15:58.233+0100][gc,phases     ] GC(39)   Other: 2.0ms
[2023-04-28T01:15:58.233+0100][gc,heap       ] GC(39) Eden regions: 476->0(478)
[2023-04-28T01:15:58.233+0100][gc,heap       ] GC(39) Survivor regions: 3->3(60)
[2023-04-28T01:15:58.233+0100][gc,heap       ] GC(39) Old regions: 21->21
[2023-04-28T01:15:58.233+0100][gc,heap       ] GC(39) Humongous regions: 129->129
[2023-04-28T01:15:58.233+0100][gc,metaspace  ] GC(39) Metaspace: 51373K(54272K)->51373K(54272K) NonClass: 45215K(46848K)->45215K(46848K) Class: 6158K(7424K)->6158K(7424K)
[2023-04-28T01:15:58.233+0100][gc            ] GC(39) Pause Young (Normal) (G1 Evacuation Pause) 628M->152M(1024M) 17.130ms
[2023-04-28T01:15:58.233+0100][gc,cpu        ] GC(39) User=0.03s Sys=0.02s Real=0.02s
[2023-04-28T01:34:25.116+0100][gc,start      ] GC(40) Pause Young (Normal) (G1 Evacuation Pause)
[2023-04-28T01:34:25.117+0100][gc,task       ] GC(40) Using 8 workers of 8 for evacuation
[2023-04-28T01:34:25.128+0100][gc,phases     ] GC(40)   Pre Evacuate Collection Set: 0.0ms
[2023-04-28T01:34:25.128+0100][gc,phases     ] GC(40)   Evacuate Collection Set: 9.6ms
[2023-04-28T01:34:25.128+0100][gc,phases     ] GC(40)   Post Evacuate Collection Set: 0.9ms
[2023-04-28T01:34:25.128+0100][gc,phases     ] GC(40)   Other: 0.9ms
[2023-04-28T01:34:25.128+0100][gc,heap       ] GC(40) Eden regions: 478->0(489)
[2023-04-28T01:34:25.128+0100][gc,heap       ] GC(40) Survivor regions: 3->3(61)
[2023-04-28T01:34:25.128+0100][gc,heap       ] GC(40) Old regions: 21->21
[2023-04-28T01:34:25.128+0100][gc,heap       ] GC(40) Humongous regions: 129->129
[2023-04-28T01:34:25.128+0100][gc,metaspace  ] GC(40) Metaspace: 51375K(54272K)->51375K(54272K) NonClass: 45217K(46848K)->45217K(46848K) Class: 6158K(7424K)->6158K(7424K)
[2023-04-28T01:34:25.128+0100][gc            ] GC(40) Pause Young (Normal) (G1 Evacuation Pause) 630M->152M(1024M) 11.658ms
[2023-04-28T01:34:25.128+0100][gc,cpu        ] GC(40) User=0.02s Sys=0.01s Real=0.01s
[2023-04-28T01:53:12.783+0100][gc,start      ] GC(41) Pause Young (Normal) (G1 Evacuation Pause)
[2023-04-28T01:53:12.784+0100][gc,task       ] GC(41) Using 8 workers of 8 for evacuation
[2023-04-28T01:53:12.793+0100][gc,phases     ] GC(41)   Pre Evacuate Collection Set: 0.7ms
[2023-04-28T01:53:12.793+0100][gc,phases     ] GC(41)   Evacuate Collection Set: 7.4ms
[2023-04-28T01:53:12.793+0100][gc,phases     ] GC(41)   Post Evacuate Collection Set: 0.9ms
[2023-04-28T01:53:12.793+0100][gc,phases     ] GC(41)   Other: 1.5ms
[2023-04-28T01:53:12.793+0100][gc,heap       ] GC(41) Eden regions: 489->0(494)
[2023-04-28T01:53:12.793+0100][gc,heap       ] GC(41) Survivor regions: 3->2(62)
[2023-04-28T01:53:12.793+0100][gc,heap       ] GC(41) Old regions: 21->22
[2023-04-28T01:53:12.793+0100][gc,heap       ] GC(41) Humongous regions: 129->129
[2023-04-28T01:53:12.793+0100][gc,metaspace  ] GC(41) Metaspace: 51379K(54272K)->51379K(54272K) NonClass: 45220K(46848K)->45220K(46848K) Class: 6158K(7424K)->6158K(7424K)
[2023-04-28T01:53:12.793+0100][gc            ] GC(41) Pause Young (Normal) (G1 Evacuation Pause) 641M->152M(1024M) 10.677ms
[2023-04-28T01:53:12.793+0100][gc,cpu        ] GC(41) User=0.02s Sys=0.01s Real=0.01s
[2023-04-28T02:11:54.303+0100][gc,start      ] GC(42) Pause Young (Normal) (G1 Evacuation Pause)
[2023-04-28T02:11:54.303+0100][gc,task       ] GC(42) Using 8 workers of 8 for evacuation
[2023-04-28T02:11:54.313+0100][gc,phases     ] GC(42)   Pre Evacuate Collection Set: 0.0ms
[2023-04-28T02:11:54.313+0100][gc,phases     ] GC(42)   Evacuate Collection Set: 7.9ms
[2023-04-28T02:11:54.313+0100][gc,phases     ] GC(42)   Post Evacuate Collection Set: 1.3ms
[2023-04-28T02:11:54.313+0100][gc,phases     ] GC(42)   Other: 1.3ms
[2023-04-28T02:11:54.313+0100][gc,heap       ] GC(42) Eden regions: 494->0(500)
[2023-04-28T02:11:54.313+0100][gc,heap       ] GC(42) Survivor regions: 2->2(62)
[2023-04-28T02:11:54.313+0100][gc,heap       ] GC(42) Old regions: 22->23
[2023-04-28T02:11:54.313+0100][gc,heap       ] GC(42) Humongous regions: 129->129
[2023-04-28T02:11:54.313+0100][gc,metaspace  ] GC(42) Metaspace: 51381K(54272K)->51381K(54272K) NonClass: 45222K(46848K)->45222K(46848K) Class: 6158K(7424K)->6158K(7424K)
[2023-04-28T02:11:54.313+0100][gc            ] GC(42) Pause Young (Normal) (G1 Evacuation Pause) 646M->152M(1024M) 10.765ms
[2023-04-28T02:11:54.313+0100][gc,cpu        ] GC(42) User=0.03s Sys=0.00s Real=0.01s
[2023-04-28T02:31:03.224+0100][gc,start      ] GC(43) Pause Young (Normal) (G1 Evacuation Pause)
[2023-04-28T02:31:03.225+0100][gc,task       ] GC(43) Using 8 workers of 8 for evacuation
[2023-04-28T02:31:03.237+0100][gc,phases     ] GC(43)   Pre Evacuate Collection Set: 0.9ms
[2023-04-28T02:31:03.237+0100][gc,phases     ] GC(43)   Evacuate Collection Set: 9.0ms
[2023-04-28T02:31:03.237+0100][gc,phases     ] GC(43)   Post Evacuate Collection Set: 1.3ms
[2023-04-28T02:31:03.237+0100][gc,phases     ] GC(43)   Other: 1.7ms
[2023-04-28T02:31:03.237+0100][gc,heap       ] GC(43) Eden regions: 500->0(514)
[2023-04-28T02:31:03.237+0100][gc,heap       ] GC(43) Survivor regions: 2->2(63)
[2023-04-28T02:31:03.237+0100][gc,heap       ] GC(43) Old regions: 23->23
[2023-04-28T02:31:03.237+0100][gc,heap       ] GC(43) Humongous regions: 129->129
[2023-04-28T02:31:03.237+0100][gc,metaspace  ] GC(43) Metaspace: 51381K(54272K)->51381K(54272K) NonClass: 45222K(46848K)->45222K(46848K) Class: 6158K(7424K)->6158K(7424K)
[2023-04-28T02:31:03.237+0100][gc            ] GC(43) Pause Young (Normal) (G1 Evacuation Pause) 652M->152M(1024M) 13.075ms
[2023-04-28T02:31:03.237+0100][gc,cpu        ] GC(43) User=0.02s Sys=0.01s Real=0.01s
[2023-04-28T02:50:58.402+0100][gc,start      ] GC(44) Pause Young (Normal) (G1 Evacuation Pause)
[2023-04-28T02:50:58.402+0100][gc,task       ] GC(44) Using 8 workers of 8 for evacuation
[2023-04-28T02:50:58.409+0100][gc,phases     ] GC(44)   Pre Evacuate Collection Set: 0.0ms
[2023-04-28T02:50:58.409+0100][gc,phases     ] GC(44)   Evacuate Collection Set: 5.6ms
[2023-04-28T02:50:58.409+0100][gc,phases     ] GC(44)   Post Evacuate Collection Set: 0.6ms
[2023-04-28T02:50:58.409+0100][gc,phases     ] GC(44)   Other: 0.8ms
[2023-04-28T02:50:58.409+0100][gc,heap       ] GC(44) Eden regions: 514->0(593)
[2023-04-28T02:50:58.409+0100][gc,heap       ] GC(44) Survivor regions: 2->2(65)
[2023-04-28T02:50:58.409+0100][gc,heap       ] GC(44) Old regions: 23->23
[2023-04-28T02:50:58.409+0100][gc,heap       ] GC(44) Humongous regions: 129->129
[2023-04-28T02:50:58.409+0100][gc,metaspace  ] GC(44) Metaspace: 51383K(54272K)->51383K(54272K) NonClass: 45225K(46848K)->45225K(46848K) Class: 6158K(7424K)->6158K(7424K)
[2023-04-28T02:50:58.409+0100][gc            ] GC(44) Pause Young (Normal) (G1 Evacuation Pause) 666M->152M(1024M) 7.290ms
[2023-04-28T02:50:58.409+0100][gc,cpu        ] GC(44) User=0.03s Sys=0.00s Real=0.00s
[2023-04-28T03:13:53.802+0100][gc,start      ] GC(45) Pause Young (Normal) (G1 Evacuation Pause)
[2023-04-28T03:13:53.803+0100][gc,task       ] GC(45) Using 8 workers of 8 for evacuation
[2023-04-28T03:13:53.810+0100][gc,phases     ] GC(45)   Pre Evacuate Collection Set: 0.0ms
[2023-04-28T03:13:53.810+0100][gc,phases     ] GC(45)   Evacuate Collection Set: 4.1ms
[2023-04-28T03:13:53.810+0100][gc,phases     ] GC(45)   Post Evacuate Collection Set: 1.8ms
[2023-04-28T03:13:53.810+0100][gc,phases     ] GC(45)   Other: 1.2ms
[2023-04-28T03:13:53.810+0100][gc,heap       ] GC(45) Eden regions: 593->0(612)
[2023-04-28T03:13:53.810+0100][gc,heap       ] GC(45) Survivor regions: 2->2(75)
[2023-04-28T03:13:53.810+0100][gc,heap       ] GC(45) Old regions: 23->23
[2023-04-28T03:13:53.810+0100][gc,heap       ] GC(45) Humongous regions: 129->129
[2023-04-28T03:13:53.810+0100][gc,metaspace  ] GC(45) Metaspace: 51400K(54272K)->51400K(54272K) NonClass: 45241K(46848K)->45241K(46848K) Class: 6158K(7424K)->6158K(7424K)
[2023-04-28T03:13:53.810+0100][gc            ] GC(45) Pause Young (Normal) (G1 Evacuation Pause) 745M->152M(1024M) 7.399ms
[2023-04-28T03:13:53.810+0100][gc,cpu        ] GC(45) User=0.02s Sys=0.00s Real=0.01s
[2023-04-28T03:37:17.818+0100][gc,start      ] GC(46) Pause Young (Normal) (G1 Evacuation Pause)
[2023-04-28T03:37:17.819+0100][gc,task       ] GC(46) Using 8 workers of 8 for evacuation
[2023-04-28T03:37:17.824+0100][gc,phases     ] GC(46)   Pre Evacuate Collection Set: 0.1ms
[2023-04-28T03:37:17.824+0100][gc,phases     ] GC(46)   Evacuate Collection Set: 4.7ms
[2023-04-28T03:37:17.825+0100][gc,phases     ] GC(46)   Post Evacuate Collection Set: 0.7ms
[2023-04-28T03:37:17.825+0100][gc,phases     ] GC(46)   Other: 1.3ms
[2023-04-28T03:37:17.825+0100][gc,heap       ] GC(46) Eden regions: 612->0(612)
[2023-04-28T03:37:17.825+0100][gc,heap       ] GC(46) Survivor regions: 2->2(77)
[2023-04-28T03:37:17.825+0100][gc,heap       ] GC(46) Old regions: 23->23
[2023-04-28T03:37:17.825+0100][gc,heap       ] GC(46) Humongous regions: 129->129
[2023-04-28T03:37:17.825+0100][gc,metaspace  ] GC(46) Metaspace: 51400K(54272K)->51400K(54272K) NonClass: 45241K(46848K)->45241K(46848K) Class: 6158K(7424K)->6158K(7424K)
[2023-04-28T03:37:17.825+0100][gc            ] GC(46) Pause Young (Normal) (G1 Evacuation Pause) 764M->152M(1024M) 6.978ms
[2023-04-28T03:37:17.825+0100][gc,cpu        ] GC(46) User=0.02s Sys=0.01s Real=0.01s
[2023-04-28T04:00:53.934+0100][gc,start      ] GC(47) Pause Young (Normal) (G1 Evacuation Pause)
[2023-04-28T04:00:53.935+0100][gc,task       ] GC(47) Using 8 workers of 8 for evacuation
[2023-04-28T04:00:53.943+0100][gc,phases     ] GC(47)   Pre Evacuate Collection Set: 0.1ms
[2023-04-28T04:00:53.943+0100][gc,phases     ] GC(47)   Evacuate Collection Set: 5.9ms
[2023-04-28T04:00:53.943+0100][gc,phases     ] GC(47)   Post Evacuate Collection Set: 1.6ms
[2023-04-28T04:00:53.943+0100][gc,phases     ] GC(47)   Other: 1.8ms
[2023-04-28T04:00:53.943+0100][gc,heap       ] GC(47) Eden regions: 612->0(612)
[2023-04-28T04:00:53.943+0100][gc,heap       ] GC(47) Survivor regions: 2->2(77)
[2023-04-28T04:00:53.943+0100][gc,heap       ] GC(47) Old regions: 23->23
[2023-04-28T04:00:53.943+0100][gc,heap       ] GC(47) Humongous regions: 129->129
[2023-04-28T04:00:53.943+0100][gc,metaspace  ] GC(47) Metaspace: 51400K(54272K)->51400K(54272K) NonClass: 45241K(46848K)->45241K(46848K) Class: 6158K(7424K)->6158K(7424K)
[2023-04-28T04:00:53.943+0100][gc            ] GC(47) Pause Young (Normal) (G1 Evacuation Pause) 764M->152M(1024M) 9.573ms
[2023-04-28T04:00:53.943+0100][gc,cpu        ] GC(47) User=0.02s Sys=0.01s Real=0.01s
[2023-04-28T04:24:23.870+0100][gc,start      ] GC(48) Pause Young (Normal) (G1 Evacuation Pause)
[2023-04-28T04:24:23.872+0100][gc,task       ] GC(48) Using 8 workers of 8 for evacuation
[2023-04-28T04:24:23.883+0100][gc,phases     ] GC(48)   Pre Evacuate Collection Set: 0.9ms
[2023-04-28T04:24:23.883+0100][gc,phases     ] GC(48)   Evacuate Collection Set: 7.9ms
[2023-04-28T04:24:23.883+0100][gc,phases     ] GC(48)   Post Evacuate Collection Set: 1.4ms
[2023-04-28T04:24:23.883+0100][gc,phases     ] GC(48)   Other: 2.2ms
[2023-04-28T04:24:23.883+0100][gc,heap       ] GC(48) Eden regions: 612->0(612)
[2023-04-28T04:24:23.883+0100][gc,heap       ] GC(48) Survivor regions: 2->2(77)
[2023-04-28T04:24:23.883+0100][gc,heap       ] GC(48) Old regions: 23->23
[2023-04-28T04:24:23.883+0100][gc,heap       ] GC(48) Humongous regions: 129->129
[2023-04-28T04:24:23.883+0100][gc,metaspace  ] GC(48) Metaspace: 51400K(54272K)->51400K(54272K) NonClass: 45241K(46848K)->45241K(46848K) Class: 6158K(7424K)->6158K(7424K)
[2023-04-28T04:24:23.883+0100][gc            ] GC(48) Pause Young (Normal) (G1 Evacuation Pause) 764M->152M(1024M) 12.562ms
[2023-04-28T04:24:23.883+0100][gc,cpu        ] GC(48) User=0.01s Sys=0.01s Real=0.01s
[2023-04-28T04:48:11.497+0100][gc,start      ] GC(49) Pause Young (Normal) (G1 Evacuation Pause)
[2023-04-28T04:48:11.498+0100][gc,task       ] GC(49) Using 8 workers of 8 for evacuation
[2023-04-28T04:48:11.505+0100][gc,phases     ] GC(49)   Pre Evacuate Collection Set: 0.0ms
[2023-04-28T04:48:11.505+0100][gc,phases     ] GC(49)   Evacuate Collection Set: 4.7ms
[2023-04-28T04:48:11.505+0100][gc,phases     ] GC(49)   Post Evacuate Collection Set: 1.6ms
[2023-04-28T04:48:11.505+0100][gc,phases     ] GC(49)   Other: 1.4ms
[2023-04-28T04:48:11.505+0100][gc,heap       ] GC(49) Eden regions: 612->0(612)
[2023-04-28T04:48:11.505+0100][gc,heap       ] GC(49) Survivor regions: 2->2(77)
[2023-04-28T04:48:11.505+0100][gc,heap       ] GC(49) Old regions: 23->23
[2023-04-28T04:48:11.505+0100][gc,heap       ] GC(49) Humongous regions: 129->129
[2023-04-28T04:48:11.505+0100][gc,metaspace  ] GC(49) Metaspace: 51416K(54272K)->51416K(54272K) NonClass: 45257K(46848K)->45257K(46848K) Class: 6158K(7424K)->6158K(7424K)
[2023-04-28T04:48:11.505+0100][gc            ] GC(49) Pause Young (Normal) (G1 Evacuation Pause) 764M->152M(1024M) 7.952ms
[2023-04-28T04:48:11.505+0100][gc,cpu        ] GC(49) User=0.01s Sys=0.00s Real=0.01s
[2023-04-28T05:11:39.215+0100][gc,start      ] GC(50) Pause Young (Normal) (G1 Evacuation Pause)
[2023-04-28T05:11:39.216+0100][gc,task       ] GC(50) Using 8 workers of 8 for evacuation
[2023-04-28T05:11:39.224+0100][gc,phases     ] GC(50)   Pre Evacuate Collection Set: 0.0ms
[2023-04-28T05:11:39.224+0100][gc,phases     ] GC(50)   Evacuate Collection Set: 6.0ms
[2023-04-28T05:11:39.224+0100][gc,phases     ] GC(50)   Post Evacuate Collection Set: 0.7ms
[2023-04-28T05:11:39.224+0100][gc,phases     ] GC(50)   Other: 2.0ms
[2023-04-28T05:11:39.224+0100][gc,heap       ] GC(50) Eden regions: 612->0(612)
[2023-04-28T05:11:39.224+0100][gc,heap       ] GC(50) Survivor regions: 2->2(77)
[2023-04-28T05:11:39.224+0100][gc,heap       ] GC(50) Old regions: 23->23
[2023-04-28T05:11:39.224+0100][gc,heap       ] GC(50) Humongous regions: 129->129
[2023-04-28T05:11:39.224+0100][gc,metaspace  ] GC(50) Metaspace: 51422K(54272K)->51422K(54272K) NonClass: 45263K(46848K)->45263K(46848K) Class: 6158K(7424K)->6158K(7424K)
[2023-04-28T05:11:39.224+0100][gc            ] GC(50) Pause Young (Normal) (G1 Evacuation Pause) 764M->152M(1024M) 8.960ms
[2023-04-28T05:11:39.224+0100][gc,cpu        ] GC(50) User=0.02s Sys=0.00s Real=0.01s
[2023-04-28T05:35:09.675+0100][gc,start      ] GC(51) Pause Young (Normal) (G1 Evacuation Pause)
[2023-04-28T05:35:09.675+0100][gc,task       ] GC(51) Using 8 workers of 8 for evacuation
[2023-04-28T05:35:09.690+0100][gc,phases     ] GC(51)   Pre Evacuate Collection Set: 0.8ms
[2023-04-28T05:35:09.690+0100][gc,phases     ] GC(51)   Evacuate Collection Set: 10.6ms
[2023-04-28T05:35:09.690+0100][gc,phases     ] GC(51)   Post Evacuate Collection Set: 2.2ms
[2023-04-28T05:35:09.690+0100][gc,phases     ] GC(51)   Other: 1.9ms
[2023-04-28T05:35:09.690+0100][gc,heap       ] GC(51) Eden regions: 612->0(612)
[2023-04-28T05:35:09.690+0100][gc,heap       ] GC(51) Survivor regions: 2->2(77)
[2023-04-28T05:35:09.690+0100][gc,heap       ] GC(51) Old regions: 23->23
[2023-04-28T05:35:09.690+0100][gc,heap       ] GC(51) Humongous regions: 129->129
[2023-04-28T05:35:09.690+0100][gc,metaspace  ] GC(51) Metaspace: 51422K(54272K)->51422K(54272K) NonClass: 45263K(46848K)->45263K(46848K) Class: 6158K(7424K)->6158K(7424K)
[2023-04-28T05:35:09.690+0100][gc            ] GC(51) Pause Young (Normal) (G1 Evacuation Pause) 764M->152M(1024M) 15.674ms
[2023-04-28T05:35:09.690+0100][gc,cpu        ] GC(51) User=0.02s Sys=0.02s Real=0.02s
[2023-04-28T05:58:33.805+0100][gc,start      ] GC(52) Pause Young (Normal) (G1 Evacuation Pause)
[2023-04-28T05:58:33.805+0100][gc,task       ] GC(52) Using 8 workers of 8 for evacuation
[2023-04-28T05:58:33.811+0100][gc,phases     ] GC(52)   Pre Evacuate Collection Set: 0.1ms
[2023-04-28T05:58:33.811+0100][gc,phases     ] GC(52)   Evacuate Collection Set: 4.1ms
[2023-04-28T05:58:33.811+0100][gc,phases     ] GC(52)   Post Evacuate Collection Set: 0.7ms
[2023-04-28T05:58:33.811+0100][gc,phases     ] GC(52)   Other: 1.2ms
[2023-04-28T05:58:33.811+0100][gc,heap       ] GC(52) Eden regions: 612->0(612)
[2023-04-28T05:58:33.811+0100][gc,heap       ] GC(52) Survivor regions: 2->2(77)
[2023-04-28T05:58:33.811+0100][gc,heap       ] GC(52) Old regions: 23->23
[2023-04-28T05:58:33.811+0100][gc,heap       ] GC(52) Humongous regions: 129->129
[2023-04-28T05:58:33.811+0100][gc,metaspace  ] GC(52) Metaspace: 51422K(54272K)->51422K(54272K) NonClass: 45263K(46848K)->45263K(46848K) Class: 6158K(7424K)->6158K(7424K)
[2023-04-28T05:58:33.811+0100][gc            ] GC(52) Pause Young (Normal) (G1 Evacuation Pause) 764M->152M(1024M) 6.273ms
[2023-04-28T05:58:33.811+0100][gc,cpu        ] GC(52) User=0.02s Sys=0.01s Real=0.01s
[2023-04-28T06:22:19.690+0100][gc,start      ] GC(53) Pause Young (Normal) (G1 Evacuation Pause)
[2023-04-28T06:22:19.691+0100][gc,task       ] GC(53) Using 8 workers of 8 for evacuation
[2023-04-28T06:22:19.697+0100][gc,phases     ] GC(53)   Pre Evacuate Collection Set: 0.0ms
[2023-04-28T06:22:19.697+0100][gc,phases     ] GC(53)   Evacuate Collection Set: 4.4ms
[2023-04-28T06:22:19.697+0100][gc,phases     ] GC(53)   Post Evacuate Collection Set: 0.8ms
[2023-04-28T06:22:19.697+0100][gc,phases     ] GC(53)   Other: 1.2ms
[2023-04-28T06:22:19.697+0100][gc,heap       ] GC(53) Eden regions: 612->0(612)
[2023-04-28T06:22:19.697+0100][gc,heap       ] GC(53) Survivor regions: 2->2(77)
[2023-04-28T06:22:19.697+0100][gc,heap       ] GC(53) Old regions: 23->23
[2023-04-28T06:22:19.697+0100][gc,heap       ] GC(53) Humongous regions: 129->129
[2023-04-28T06:22:19.697+0100][gc,metaspace  ] GC(53) Metaspace: 51422K(54272K)->51422K(54272K) NonClass: 45263K(46848K)->45263K(46848K) Class: 6158K(7424K)->6158K(7424K)
[2023-04-28T06:22:19.697+0100][gc            ] GC(53) Pause Young (Normal) (G1 Evacuation Pause) 764M->152M(1024M) 6.661ms
[2023-04-28T06:22:19.697+0100][gc,cpu        ] GC(53) User=0.01s Sys=0.00s Real=0.00s
[2023-04-28T06:46:16.993+0100][gc,start      ] GC(54) Pause Young (Normal) (G1 Evacuation Pause)
[2023-04-28T06:46:16.994+0100][gc,task       ] GC(54) Using 8 workers of 8 for evacuation
[2023-04-28T06:46:17.006+0100][gc,phases     ] GC(54)   Pre Evacuate Collection Set: 0.8ms
[2023-04-28T06:46:17.006+0100][gc,phases     ] GC(54)   Evacuate Collection Set: 8.3ms
[2023-04-28T06:46:17.006+0100][gc,phases     ] GC(54)   Post Evacuate Collection Set: 2.3ms
[2023-04-28T06:46:17.006+0100][gc,phases     ] GC(54)   Other: 1.9ms
[2023-04-28T06:46:17.006+0100][gc,heap       ] GC(54) Eden regions: 612->0(612)
[2023-04-28T06:46:17.006+0100][gc,heap       ] GC(54) Survivor regions: 2->2(77)
[2023-04-28T06:46:17.006+0100][gc,heap       ] GC(54) Old regions: 23->23
[2023-04-28T06:46:17.006+0100][gc,heap       ] GC(54) Humongous regions: 129->129
[2023-04-28T06:46:17.006+0100][gc,metaspace  ] GC(54) Metaspace: 51436K(54272K)->51436K(54272K) NonClass: 45277K(46848K)->45277K(46848K) Class: 6158K(7424K)->6158K(7424K)
[2023-04-28T06:46:17.006+0100][gc            ] GC(54) Pause Young (Normal) (G1 Evacuation Pause) 764M->152M(1024M) 13.526ms
[2023-04-28T06:46:17.006+0100][gc,cpu        ] GC(54) User=0.02s Sys=0.02s Real=0.01s
[2023-04-28T07:10:17.034+0100][gc,start      ] GC(55) Pause Young (Normal) (G1 Evacuation Pause)
[2023-04-28T07:10:17.035+0100][gc,task       ] GC(55) Using 8 workers of 8 for evacuation
[2023-04-28T07:10:17.041+0100][gc,phases     ] GC(55)   Pre Evacuate Collection Set: 0.1ms
[2023-04-28T07:10:17.041+0100][gc,phases     ] GC(55)   Evacuate Collection Set: 5.2ms
[2023-04-28T07:10:17.041+0100][gc,phases     ] GC(55)   Post Evacuate Collection Set: 0.7ms
[2023-04-28T07:10:17.041+0100][gc,phases     ] GC(55)   Other: 1.3ms
[2023-04-28T07:10:17.042+0100][gc,heap       ] GC(55) Eden regions: 612->0(612)
[2023-04-28T07:10:17.042+0100][gc,heap       ] GC(55) Survivor regions: 2->2(77)
[2023-04-28T07:10:17.042+0100][gc,heap       ] GC(55) Old regions: 23->23
[2023-04-28T07:10:17.042+0100][gc,heap       ] GC(55) Humongous regions: 129->129
[2023-04-28T07:10:17.042+0100][gc,metaspace  ] GC(55) Metaspace: 51436K(54272K)->51436K(54272K) NonClass: 45277K(46848K)->45277K(46848K) Class: 6158K(7424K)->6158K(7424K)
[2023-04-28T07:10:17.042+0100][gc            ] GC(55) Pause Young (Normal) (G1 Evacuation Pause) 764M->152M(1024M) 7.492ms
[2023-04-28T07:10:17.042+0100][gc,cpu        ] GC(55) User=0.02s Sys=0.01s Real=0.01s
[2023-04-28T07:34:22.680+0100][gc,start      ] GC(56) Pause Young (Normal) (G1 Evacuation Pause)
[2023-04-28T07:34:22.681+0100][gc,task       ] GC(56) Using 8 workers of 8 for evacuation
[2023-04-28T07:34:22.687+0100][gc,phases     ] GC(56)   Pre Evacuate Collection Set: 0.0ms
[2023-04-28T07:34:22.687+0100][gc,phases     ] GC(56)   Evacuate Collection Set: 4.8ms
[2023-04-28T07:34:22.687+0100][gc,phases     ] GC(56)   Post Evacuate Collection Set: 0.6ms
[2023-04-28T07:34:22.687+0100][gc,phases     ] GC(56)   Other: 1.3ms
[2023-04-28T07:34:22.687+0100][gc,heap       ] GC(56) Eden regions: 612->0(612)
[2023-04-28T07:34:22.687+0100][gc,heap       ] GC(56) Survivor regions: 2->2(77)
[2023-04-28T07:34:22.687+0100][gc,heap       ] GC(56) Old regions: 23->23
[2023-04-28T07:34:22.687+0100][gc,heap       ] GC(56) Humongous regions: 129->129
[2023-04-28T07:34:22.687+0100][gc,metaspace  ] GC(56) Metaspace: 51436K(54272K)->51436K(54272K) NonClass: 45277K(46848K)->45277K(46848K) Class: 6158K(7424K)->6158K(7424K)
[2023-04-28T07:34:22.687+0100][gc            ] GC(56) Pause Young (Normal) (G1 Evacuation Pause) 764M->152M(1024M) 6.899ms
[2023-04-28T07:34:22.687+0100][gc,cpu        ] GC(56) User=0.02s Sys=0.00s Real=0.00s
[2023-04-28T07:58:26.628+0100][gc,start      ] GC(57) Pause Young (Normal) (G1 Evacuation Pause)
[2023-04-28T07:58:26.629+0100][gc,task       ] GC(57) Using 8 workers of 8 for evacuation
[2023-04-28T07:58:26.634+0100][gc,phases     ] GC(57)   Pre Evacuate Collection Set: 0.0ms
[2023-04-28T07:58:26.634+0100][gc,phases     ] GC(57)   Evacuate Collection Set: 3.9ms
[2023-04-28T07:58:26.634+0100][gc,phases     ] GC(57)   Post Evacuate Collection Set: 0.7ms
[2023-04-28T07:58:26.634+0100][gc,phases     ] GC(57)   Other: 1.3ms
[2023-04-28T07:58:26.634+0100][gc,heap       ] GC(57) Eden regions: 612->0(612)
[2023-04-28T07:58:26.634+0100][gc,heap       ] GC(57) Survivor regions: 2->2(77)
[2023-04-28T07:58:26.634+0100][gc,heap       ] GC(57) Old regions: 23->23
[2023-04-28T07:58:26.634+0100][gc,heap       ] GC(57) Humongous regions: 129->129
[2023-04-28T07:58:26.634+0100][gc,metaspace  ] GC(57) Metaspace: 51436K(54272K)->51436K(54272K) NonClass: 45277K(46848K)->45277K(46848K) Class: 6158K(7424K)->6158K(7424K)
[2023-04-28T07:58:26.634+0100][gc            ] GC(57) Pause Young (Normal) (G1 Evacuation Pause) 764M->152M(1024M) 6.123ms
[2023-04-28T07:58:26.634+0100][gc,cpu        ] GC(57) User=0.01s Sys=0.00s Real=0.01s
[2023-04-28T08:22:32.111+0100][gc,start      ] GC(58) Pause Young (Normal) (G1 Evacuation Pause)
[2023-04-28T08:22:32.112+0100][gc,task       ] GC(58) Using 8 workers of 8 for evacuation
[2023-04-28T08:22:32.118+0100][gc,phases     ] GC(58)   Pre Evacuate Collection Set: 0.0ms
[2023-04-28T08:22:32.118+0100][gc,phases     ] GC(58)   Evacuate Collection Set: 4.9ms
[2023-04-28T08:22:32.118+0100][gc,phases     ] GC(58)   Post Evacuate Collection Set: 0.7ms
[2023-04-28T08:22:32.118+0100][gc,phases     ] GC(58)   Other: 1.6ms
[2023-04-28T08:22:32.118+0100][gc,heap       ] GC(58) Eden regions: 612->0(612)
[2023-04-28T08:22:32.118+0100][gc,heap       ] GC(58) Survivor regions: 2->2(77)
[2023-04-28T08:22:32.118+0100][gc,heap       ] GC(58) Old regions: 23->23
[2023-04-28T08:22:32.118+0100][gc,heap       ] GC(58) Humongous regions: 129->129
[2023-04-28T08:22:32.118+0100][gc,metaspace  ] GC(58) Metaspace: 51439K(54272K)->51439K(54272K) NonClass: 45280K(46848K)->45280K(46848K) Class: 6158K(7424K)->6158K(7424K)
[2023-04-28T08:22:32.118+0100][gc            ] GC(58) Pause Young (Normal) (G1 Evacuation Pause) 764M->152M(1024M) 7.435ms
[2023-04-28T08:22:32.118+0100][gc,cpu        ] GC(58) User=0.02s Sys=0.00s Real=0.00s
[2023-04-28T08:46:39.105+0100][gc,start      ] GC(59) Pause Young (Normal) (G1 Evacuation Pause)
[2023-04-28T08:46:39.106+0100][gc,task       ] GC(59) Using 8 workers of 8 for evacuation
[2023-04-28T08:46:39.112+0100][gc,phases     ] GC(59)   Pre Evacuate Collection Set: 0.0ms
[2023-04-28T08:46:39.112+0100][gc,phases     ] GC(59)   Evacuate Collection Set: 5.0ms
[2023-04-28T08:46:39.112+0100][gc,phases     ] GC(59)   Post Evacuate Collection Set: 0.6ms
[2023-04-28T08:46:39.112+0100][gc,phases     ] GC(59)   Other: 1.7ms
[2023-04-28T08:46:39.112+0100][gc,heap       ] GC(59) Eden regions: 612->0(612)
[2023-04-28T08:46:39.112+0100][gc,heap       ] GC(59) Survivor regions: 2->2(77)
[2023-04-28T08:46:39.112+0100][gc,heap       ] GC(59) Old regions: 23->23
[2023-04-28T08:46:39.112+0100][gc,heap       ] GC(59) Humongous regions: 129->129
[2023-04-28T08:46:39.112+0100][gc,metaspace  ] GC(59) Metaspace: 51441K(54272K)->51441K(54272K) NonClass: 45283K(46848K)->45283K(46848K) Class: 6158K(7424K)->6158K(7424K)
[2023-04-28T08:46:39.113+0100][gc            ] GC(59) Pause Young (Normal) (G1 Evacuation Pause) 764M->152M(1024M) 7.525ms
[2023-04-28T08:46:39.113+0100][gc,cpu        ] GC(59) User=0.02s Sys=0.00s Real=0.01s
[2023-04-28T09:10:06.354+0100][gc,start      ] GC(60) Pause Young (Normal) (G1 Evacuation Pause)
[2023-04-28T09:10:06.355+0100][gc,task       ] GC(60) Using 8 workers of 8 for evacuation
[2023-04-28T09:10:06.362+0100][gc,phases     ] GC(60)   Pre Evacuate Collection Set: 0.1ms
[2023-04-28T09:10:06.362+0100][gc,phases     ] GC(60)   Evacuate Collection Set: 5.1ms
[2023-04-28T09:10:06.362+0100][gc,phases     ] GC(60)   Post Evacuate Collection Set: 0.8ms
[2023-04-28T09:10:06.362+0100][gc,phases     ] GC(60)   Other: 1.7ms
[2023-04-28T09:10:06.362+0100][gc,heap       ] GC(60) Eden regions: 612->0(612)
[2023-04-28T09:10:06.362+0100][gc,heap       ] GC(60) Survivor regions: 2->2(77)
[2023-04-28T09:10:06.362+0100][gc,heap       ] GC(60) Old regions: 23->23
[2023-04-28T09:10:06.362+0100][gc,heap       ] GC(60) Humongous regions: 129->129
[2023-04-28T09:10:06.362+0100][gc,metaspace  ] GC(60) Metaspace: 51443K(54272K)->51443K(54272K) NonClass: 45284K(46848K)->45284K(46848K) Class: 6158K(7424K)->6158K(7424K)
[2023-04-28T09:10:06.362+0100][gc            ] GC(60) Pause Young (Normal) (G1 Evacuation Pause) 764M->152M(1024M) 7.913ms
[2023-04-28T09:10:06.362+0100][gc,cpu        ] GC(60) User=0.03s Sys=0.00s Real=0.01s
[2023-04-28T09:33:41.258+0100][gc,start      ] GC(61) Pause Young (Normal) (G1 Evacuation Pause)
[2023-04-28T09:33:41.259+0100][gc,task       ] GC(61) Using 8 workers of 8 for evacuation
[2023-04-28T09:33:41.264+0100][gc,phases     ] GC(61)   Pre Evacuate Collection Set: 0.0ms
[2023-04-28T09:33:41.264+0100][gc,phases     ] GC(61)   Evacuate Collection Set: 3.6ms
[2023-04-28T09:33:41.264+0100][gc,phases     ] GC(61)   Post Evacuate Collection Set: 0.6ms
[2023-04-28T09:33:41.264+0100][gc,phases     ] GC(61)   Other: 1.2ms
[2023-04-28T09:33:41.264+0100][gc,heap       ] GC(61) Eden regions: 612->0(612)
[2023-04-28T09:33:41.264+0100][gc,heap       ] GC(61) Survivor regions: 2->2(77)
[2023-04-28T09:33:41.264+0100][gc,heap       ] GC(61) Old regions: 23->23
[2023-04-28T09:33:41.264+0100][gc,heap       ] GC(61) Humongous regions: 129->129
[2023-04-28T09:33:41.264+0100][gc,metaspace  ] GC(61) Metaspace: 51445K(54272K)->51445K(54272K) NonClass: 45287K(46848K)->45287K(46848K) Class: 6158K(7424K)->6158K(7424K)
[2023-04-28T09:33:41.264+0100][gc            ] GC(61) Pause Young (Normal) (G1 Evacuation Pause) 764M->152M(1024M) 5.713ms
[2023-04-28T09:33:41.264+0100][gc,cpu        ] GC(61) User=0.01s Sys=0.00s Real=0.01s
[2023-04-28T09:57:30.184+0100][gc,start      ] GC(62) Pause Young (Normal) (G1 Evacuation Pause)
[2023-04-28T09:57:30.185+0100][gc,task       ] GC(62) Using 8 workers of 8 for evacuation
[2023-04-28T09:57:30.191+0100][gc,phases     ] GC(62)   Pre Evacuate Collection Set: 0.0ms
[2023-04-28T09:57:30.191+0100][gc,phases     ] GC(62)   Evacuate Collection Set: 4.8ms
[2023-04-28T09:57:30.191+0100][gc,phases     ] GC(62)   Post Evacuate Collection Set: 0.6ms
[2023-04-28T09:57:30.191+0100][gc,phases     ] GC(62)   Other: 1.3ms
[2023-04-28T09:57:30.191+0100][gc,heap       ] GC(62) Eden regions: 612->0(612)
[2023-04-28T09:57:30.191+0100][gc,heap       ] GC(62) Survivor regions: 2->2(77)
[2023-04-28T09:57:30.191+0100][gc,heap       ] GC(62) Old regions: 23->23
[2023-04-28T09:57:30.191+0100][gc,heap       ] GC(62) Humongous regions: 129->129
[2023-04-28T09:57:30.191+0100][gc,metaspace  ] GC(62) Metaspace: 51445K(54272K)->51445K(54272K) NonClass: 45287K(46848K)->45287K(46848K) Class: 6158K(7424K)->6158K(7424K)
[2023-04-28T09:57:30.191+0100][gc            ] GC(62) Pause Young (Normal) (G1 Evacuation Pause) 764M->152M(1024M) 7.013ms
[2023-04-28T09:57:30.191+0100][gc,cpu        ] GC(62) User=0.01s Sys=0.00s Real=0.01s
[2023-04-28T10:21:32.107+0100][gc,start      ] GC(63) Pause Young (Normal) (G1 Evacuation Pause)
[2023-04-28T10:21:32.108+0100][gc,task       ] GC(63) Using 8 workers of 8 for evacuation
[2023-04-28T10:21:32.115+0100][gc,phases     ] GC(63)   Pre Evacuate Collection Set: 0.0ms
[2023-04-28T10:21:32.115+0100][gc,phases     ] GC(63)   Evacuate Collection Set: 5.7ms
[2023-04-28T10:21:32.115+0100][gc,phases     ] GC(63)   Post Evacuate Collection Set: 0.6ms
[2023-04-28T10:21:32.115+0100][gc,phases     ] GC(63)   Other: 1.7ms
[2023-04-28T10:21:32.115+0100][gc,heap       ] GC(63) Eden regions: 612->0(612)
[2023-04-28T10:21:32.115+0100][gc,heap       ] GC(63) Survivor regions: 2->2(77)
[2023-04-28T10:21:32.115+0100][gc,heap       ] GC(63) Old regions: 23->23
[2023-04-28T10:21:32.115+0100][gc,heap       ] GC(63) Humongous regions: 129->129
[2023-04-28T10:21:32.115+0100][gc,metaspace  ] GC(63) Metaspace: 51445K(54272K)->51445K(54272K) NonClass: 45287K(46848K)->45287K(46848K) Class: 6158K(7424K)->6158K(7424K)
[2023-04-28T10:21:32.115+0100][gc            ] GC(63) Pause Young (Normal) (G1 Evacuation Pause) 764M->152M(1024M) 8.302ms
[2023-04-28T10:21:32.115+0100][gc,cpu        ] GC(63) User=0.02s Sys=0.00s Real=0.01s
[2023-04-28T10:45:38.793+0100][gc,start      ] GC(64) Pause Young (Normal) (G1 Evacuation Pause)
[2023-04-28T10:45:38.795+0100][gc,task       ] GC(64) Using 8 workers of 8 for evacuation
[2023-04-28T10:45:38.801+0100][gc,phases     ] GC(64)   Pre Evacuate Collection Set: 0.0ms
[2023-04-28T10:45:38.801+0100][gc,phases     ] GC(64)   Evacuate Collection Set: 5.0ms
[2023-04-28T10:45:38.801+0100][gc,phases     ] GC(64)   Post Evacuate Collection Set: 0.6ms
[2023-04-28T10:45:38.801+0100][gc,phases     ] GC(64)   Other: 1.9ms
[2023-04-28T10:45:38.801+0100][gc,heap       ] GC(64) Eden regions: 612->0(612)
[2023-04-28T10:45:38.801+0100][gc,heap       ] GC(64) Survivor regions: 2->2(77)
[2023-04-28T10:45:38.801+0100][gc,heap       ] GC(64) Old regions: 23->23
[2023-04-28T10:45:38.801+0100][gc,heap       ] GC(64) Humongous regions: 129->129
[2023-04-28T10:45:38.801+0100][gc,metaspace  ] GC(64) Metaspace: 51452K(54272K)->51452K(54272K) NonClass: 45293K(46848K)->45293K(46848K) Class: 6158K(7424K)->6158K(7424K)
[2023-04-28T10:45:38.801+0100][gc            ] GC(64) Pause Young (Normal) (G1 Evacuation Pause) 764M->152M(1024M) 7.726ms
[2023-04-28T10:45:38.801+0100][gc,cpu        ] GC(64) User=0.02s Sys=0.00s Real=0.01s
[2023-04-28T11:09:38.565+0100][gc,start      ] GC(65) Pause Young (Normal) (G1 Evacuation Pause)
[2023-04-28T11:09:38.566+0100][gc,task       ] GC(65) Using 8 workers of 8 for evacuation
[2023-04-28T11:09:38.571+0100][gc,phases     ] GC(65)   Pre Evacuate Collection Set: 0.0ms
[2023-04-28T11:09:38.571+0100][gc,phases     ] GC(65)   Evacuate Collection Set: 3.9ms
[2023-04-28T11:09:38.571+0100][gc,phases     ] GC(65)   Post Evacuate Collection Set: 0.5ms
[2023-04-28T11:09:38.571+0100][gc,phases     ] GC(65)   Other: 1.0ms
[2023-04-28T11:09:38.571+0100][gc,heap       ] GC(65) Eden regions: 612->0(612)
[2023-04-28T11:09:38.571+0100][gc,heap       ] GC(65) Survivor regions: 2->2(77)
[2023-04-28T11:09:38.571+0100][gc,heap       ] GC(65) Old regions: 23->23
[2023-04-28T11:09:38.571+0100][gc,heap       ] GC(65) Humongous regions: 129->129
[2023-04-28T11:09:38.571+0100][gc,metaspace  ] GC(65) Metaspace: 51452K(54272K)->51452K(54272K) NonClass: 45293K(46848K)->45293K(46848K) Class: 6158K(7424K)->6158K(7424K)
[2023-04-28T11:09:38.571+0100][gc            ] GC(65) Pause Young (Normal) (G1 Evacuation Pause) 764M->152M(1024M) 5.642ms
[2023-04-28T11:09:38.571+0100][gc,cpu        ] GC(65) User=0.01s Sys=0.00s Real=0.01s
[2023-04-28T11:33:43.065+0100][gc,start      ] GC(66) Pause Young (Normal) (G1 Evacuation Pause)
[2023-04-28T11:33:43.065+0100][gc,task       ] GC(66) Using 8 workers of 8 for evacuation
[2023-04-28T11:33:43.070+0100][gc,phases     ] GC(66)   Pre Evacuate Collection Set: 0.0ms
[2023-04-28T11:33:43.070+0100][gc,phases     ] GC(66)   Evacuate Collection Set: 3.9ms
[2023-04-28T11:33:43.070+0100][gc,phases     ] GC(66)   Post Evacuate Collection Set: 0.7ms
[2023-04-28T11:33:43.071+0100][gc,phases     ] GC(66)   Other: 1.2ms
[2023-04-28T11:33:43.071+0100][gc,heap       ] GC(66) Eden regions: 612->0(612)
[2023-04-28T11:33:43.071+0100][gc,heap       ] GC(66) Survivor regions: 2->2(77)
[2023-04-28T11:33:43.071+0100][gc,heap       ] GC(66) Old regions: 23->23
[2023-04-28T11:33:43.071+0100][gc,heap       ] GC(66) Humongous regions: 129->129
[2023-04-28T11:33:43.071+0100][gc,metaspace  ] GC(66) Metaspace: 51452K(54272K)->51452K(54272K) NonClass: 45294K(46848K)->45294K(46848K) Class: 6158K(7424K)->6158K(7424K)
[2023-04-28T11:33:43.071+0100][gc            ] GC(66) Pause Young (Normal) (G1 Evacuation Pause) 764M->152M(1024M) 6.159ms
[2023-04-28T11:33:43.071+0100][gc,cpu        ] GC(66) User=0.02s Sys=0.00s Real=0.01s
[2023-04-28T11:57:42.868+0100][gc,start      ] GC(67) Pause Young (Normal) (G1 Evacuation Pause)
[2023-04-28T11:57:42.869+0100][gc,task       ] GC(67) Using 8 workers of 8 for evacuation
[2023-04-28T11:57:42.874+0100][gc,phases     ] GC(67)   Pre Evacuate Collection Set: 0.0ms
[2023-04-28T11:57:42.874+0100][gc,phases     ] GC(67)   Evacuate Collection Set: 3.8ms
[2023-04-28T11:57:42.874+0100][gc,phases     ] GC(67)   Post Evacuate Collection Set: 0.7ms
[2023-04-28T11:57:42.874+0100][gc,phases     ] GC(67)   Other: 1.2ms
[2023-04-28T11:57:42.874+0100][gc,heap       ] GC(67) Eden regions: 612->0(612)
[2023-04-28T11:57:42.874+0100][gc,heap       ] GC(67) Survivor regions: 2->2(77)
[2023-04-28T11:57:42.874+0100][gc,heap       ] GC(67) Old regions: 23->23
[2023-04-28T11:57:42.874+0100][gc,heap       ] GC(67) Humongous regions: 129->129
[2023-04-28T11:57:42.874+0100][gc,metaspace  ] GC(67) Metaspace: 51453K(54272K)->51453K(54272K) NonClass: 45294K(46848K)->45294K(46848K) Class: 6158K(7424K)->6158K(7424K)
[2023-04-28T11:57:42.874+0100][gc            ] GC(67) Pause Young (Normal) (G1 Evacuation Pause) 764M->152M(1024M) 5.996ms
[2023-04-28T11:57:42.874+0100][gc,cpu        ] GC(67) User=0.02s Sys=0.00s Real=0.01s
[2023-04-28T12:21:41.737+0100][gc,start      ] GC(68) Pause Young (Normal) (G1 Evacuation Pause)
[2023-04-28T12:21:41.738+0100][gc,task       ] GC(68) Using 8 workers of 8 for evacuation
[2023-04-28T12:21:41.743+0100][gc,phases     ] GC(68)   Pre Evacuate Collection Set: 0.0ms
[2023-04-28T12:21:41.743+0100][gc,phases     ] GC(68)   Evacuate Collection Set: 4.6ms
[2023-04-28T12:21:41.743+0100][gc,phases     ] GC(68)   Post Evacuate Collection Set: 0.7ms
[2023-04-28T12:21:41.743+0100][gc,phases     ] GC(68)   Other: 1.2ms
[2023-04-28T12:21:41.743+0100][gc,heap       ] GC(68) Eden regions: 612->0(612)
[2023-04-28T12:21:41.743+0100][gc,heap       ] GC(68) Survivor regions: 2->2(77)
[2023-04-28T12:21:41.743+0100][gc,heap       ] GC(68) Old regions: 23->23
[2023-04-28T12:21:41.743+0100][gc,heap       ] GC(68) Humongous regions: 129->129
[2023-04-28T12:21:41.743+0100][gc,metaspace  ] GC(68) Metaspace: 51454K(54272K)->51454K(54272K) NonClass: 45295K(46848K)->45295K(46848K) Class: 6158K(7424K)->6158K(7424K)
[2023-04-28T12:21:41.743+0100][gc            ] GC(68) Pause Young (Normal) (G1 Evacuation Pause) 764M->152M(1024M) 6.752ms
[2023-04-28T12:21:41.744+0100][gc,cpu        ] GC(68) User=0.02s Sys=0.00s Real=0.01s
[2023-04-28T12:45:13.851+0100][gc,start      ] GC(69) Pause Young (Normal) (G1 Evacuation Pause)
[2023-04-28T12:45:13.852+0100][gc,task       ] GC(69) Using 8 workers of 8 for evacuation
[2023-04-28T12:45:13.862+0100][gc,phases     ] GC(69)   Pre Evacuate Collection Set: 0.5ms
[2023-04-28T12:45:13.862+0100][gc,phases     ] GC(69)   Evacuate Collection Set: 7.3ms
[2023-04-28T12:45:13.862+0100][gc,phases     ] GC(69)   Post Evacuate Collection Set: 1.7ms
[2023-04-28T12:45:13.862+0100][gc,phases     ] GC(69)   Other: 1.5ms
[2023-04-28T12:45:13.862+0100][gc,heap       ] GC(69) Eden regions: 612->0(612)
[2023-04-28T12:45:13.862+0100][gc,heap       ] GC(69) Survivor regions: 2->2(77)
[2023-04-28T12:45:13.862+0100][gc,heap       ] GC(69) Old regions: 23->23
[2023-04-28T12:45:13.862+0100][gc,heap       ] GC(69) Humongous regions: 129->129
[2023-04-28T12:45:13.862+0100][gc,metaspace  ] GC(69) Metaspace: 51470K(54272K)->51470K(54272K) NonClass: 45311K(46848K)->45311K(46848K) Class: 6158K(7424K)->6158K(7424K)
[2023-04-28T12:45:13.862+0100][gc            ] GC(69) Pause Young (Normal) (G1 Evacuation Pause) 764M->152M(1024M) 11.084ms
[2023-04-28T12:45:13.862+0100][gc,cpu        ] GC(69) User=0.01s Sys=0.01s Real=0.01s
[2023-04-28T13:09:13.698+0100][gc,start      ] GC(70) Pause Young (Normal) (G1 Evacuation Pause)
[2023-04-28T13:09:13.699+0100][gc,task       ] GC(70) Using 8 workers of 8 for evacuation
[2023-04-28T13:09:13.704+0100][gc,phases     ] GC(70)   Pre Evacuate Collection Set: 0.0ms
[2023-04-28T13:09:13.704+0100][gc,phases     ] GC(70)   Evacuate Collection Set: 4.1ms
[2023-04-28T13:09:13.704+0100][gc,phases     ] GC(70)   Post Evacuate Collection Set: 0.4ms
[2023-04-28T13:09:13.704+0100][gc,phases     ] GC(70)   Other: 1.1ms
[2023-04-28T13:09:13.704+0100][gc,heap       ] GC(70) Eden regions: 612->0(612)
[2023-04-28T13:09:13.704+0100][gc,heap       ] GC(70) Survivor regions: 2->2(77)
[2023-04-28T13:09:13.704+0100][gc,heap       ] GC(70) Old regions: 23->23
[2023-04-28T13:09:13.704+0100][gc,heap       ] GC(70) Humongous regions: 129->129
[2023-04-28T13:09:13.704+0100][gc,metaspace  ] GC(70) Metaspace: 51474K(54272K)->51474K(54272K) NonClass: 45316K(46848K)->45316K(46848K) Class: 6158K(7424K)->6158K(7424K)
[2023-04-28T13:09:13.704+0100][gc            ] GC(70) Pause Young (Normal) (G1 Evacuation Pause) 764M->152M(1024M) 5.796ms
[2023-04-28T13:09:13.704+0100][gc,cpu        ] GC(70) User=0.01s Sys=0.00s Real=0.01s
[2023-04-28T13:33:15.439+0100][gc,start      ] GC(71) Pause Young (Normal) (G1 Evacuation Pause)
[2023-04-28T13:33:15.441+0100][gc,task       ] GC(71) Using 8 workers of 8 for evacuation
[2023-04-28T13:33:15.447+0100][gc,phases     ] GC(71)   Pre Evacuate Collection Set: 0.1ms
[2023-04-28T13:33:15.447+0100][gc,phases     ] GC(71)   Evacuate Collection Set: 5.1ms
[2023-04-28T13:33:15.447+0100][gc,phases     ] GC(71)   Post Evacuate Collection Set: 0.8ms
[2023-04-28T13:33:15.447+0100][gc,phases     ] GC(71)   Other: 1.8ms
[2023-04-28T13:33:15.447+0100][gc,heap       ] GC(71) Eden regions: 612->0(612)
[2023-04-28T13:33:15.447+0100][gc,heap       ] GC(71) Survivor regions: 2->2(77)
[2023-04-28T13:33:15.447+0100][gc,heap       ] GC(71) Old regions: 23->23
[2023-04-28T13:33:15.447+0100][gc,heap       ] GC(71) Humongous regions: 129->129
[2023-04-28T13:33:15.447+0100][gc,metaspace  ] GC(71) Metaspace: 51502K(54272K)->51502K(54272K) NonClass: 45343K(46848K)->45343K(46848K) Class: 6158K(7424K)->6158K(7424K)
[2023-04-28T13:33:15.447+0100][gc            ] GC(71) Pause Young (Normal) (G1 Evacuation Pause) 764M->152M(1024M) 7.937ms
[2023-04-28T13:33:15.447+0100][gc,cpu        ] GC(71) User=0.02s Sys=0.00s Real=0.01s
[2023-04-28T13:57:14.439+0100][gc,start      ] GC(72) Pause Young (Normal) (G1 Evacuation Pause)
[2023-04-28T13:57:14.440+0100][gc,task       ] GC(72) Using 8 workers of 8 for evacuation
[2023-04-28T13:57:14.446+0100][gc,phases     ] GC(72)   Pre Evacuate Collection Set: 0.0ms
[2023-04-28T13:57:14.446+0100][gc,phases     ] GC(72)   Evacuate Collection Set: 5.3ms
[2023-04-28T13:57:14.446+0100][gc,phases     ] GC(72)   Post Evacuate Collection Set: 0.6ms
[2023-04-28T13:57:14.446+0100][gc,phases     ] GC(72)   Other: 1.3ms
[2023-04-28T13:57:14.446+0100][gc,heap       ] GC(72) Eden regions: 612->0(612)
[2023-04-28T13:57:14.446+0100][gc,heap       ] GC(72) Survivor regions: 2->2(77)
[2023-04-28T13:57:14.446+0100][gc,heap       ] GC(72) Old regions: 23->23
[2023-04-28T13:57:14.446+0100][gc,heap       ] GC(72) Humongous regions: 129->129
[2023-04-28T13:57:14.446+0100][gc,metaspace  ] GC(72) Metaspace: 51513K(54272K)->51513K(54272K) NonClass: 45354K(46848K)->45354K(46848K) Class: 6158K(7424K)->6158K(7424K)
[2023-04-28T13:57:14.446+0100][gc            ] GC(72) Pause Young (Normal) (G1 Evacuation Pause) 764M->152M(1024M) 7.519ms
[2023-04-28T13:57:14.446+0100][gc,cpu        ] GC(72) User=0.02s Sys=0.00s Real=0.01s
[2023-04-28T14:20:38.080+0100][gc,start      ] GC(73) Pause Young (Normal) (G1 Evacuation Pause)
[2023-04-28T14:20:38.081+0100][gc,task       ] GC(73) Using 8 workers of 8 for evacuation
[2023-04-28T14:20:38.086+0100][gc,phases     ] GC(73)   Pre Evacuate Collection Set: 0.0ms
[2023-04-28T14:20:38.086+0100][gc,phases     ] GC(73)   Evacuate Collection Set: 4.0ms
[2023-04-28T14:20:38.086+0100][gc,phases     ] GC(73)   Post Evacuate Collection Set: 0.7ms
[2023-04-28T14:20:38.086+0100][gc,phases     ] GC(73)   Other: 1.2ms
[2023-04-28T14:20:38.086+0100][gc,heap       ] GC(73) Eden regions: 612->0(612)
[2023-04-28T14:20:38.086+0100][gc,heap       ] GC(73) Survivor regions: 2->2(77)
[2023-04-28T14:20:38.086+0100][gc,heap       ] GC(73) Old regions: 23->23
[2023-04-28T14:20:38.086+0100][gc,heap       ] GC(73) Humongous regions: 129->129
[2023-04-28T14:20:38.086+0100][gc,metaspace  ] GC(73) Metaspace: 51518K(54272K)->51518K(54272K) NonClass: 45359K(46848K)->45359K(46848K) Class: 6158K(7424K)->6158K(7424K)
[2023-04-28T14:20:38.086+0100][gc            ] GC(73) Pause Young (Normal) (G1 Evacuation Pause) 764M->152M(1024M) 6.262ms
[2023-04-28T14:20:38.086+0100][gc,cpu        ] GC(73) User=0.02s Sys=0.00s Real=0.00s
[2023-04-28T14:44:40.306+0100][gc,start      ] GC(74) Pause Young (Normal) (G1 Evacuation Pause)
[2023-04-28T14:44:40.307+0100][gc,task       ] GC(74) Using 8 workers of 8 for evacuation
[2023-04-28T14:44:40.314+0100][gc,phases     ] GC(74)   Pre Evacuate Collection Set: 0.1ms
[2023-04-28T14:44:40.314+0100][gc,phases     ] GC(74)   Evacuate Collection Set: 5.5ms
[2023-04-28T14:44:40.314+0100][gc,phases     ] GC(74)   Post Evacuate Collection Set: 0.8ms
[2023-04-28T14:44:40.314+0100][gc,phases     ] GC(74)   Other: 1.6ms
[2023-04-28T14:44:40.314+0100][gc,heap       ] GC(74) Eden regions: 612->0(612)
[2023-04-28T14:44:40.314+0100][gc,heap       ] GC(74) Survivor regions: 2->2(77)
[2023-04-28T14:44:40.314+0100][gc,heap       ] GC(74) Old regions: 23->23
[2023-04-28T14:44:40.314+0100][gc,heap       ] GC(74) Humongous regions: 129->129
[2023-04-28T14:44:40.314+0100][gc,metaspace  ] GC(74) Metaspace: 51518K(54272K)->51518K(54272K) NonClass: 45359K(46848K)->45359K(46848K) Class: 6158K(7424K)->6158K(7424K)
[2023-04-28T14:44:40.314+0100][gc            ] GC(74) Pause Young (Normal) (G1 Evacuation Pause) 764M->152M(1024M) 8.267ms
[2023-04-28T14:44:40.314+0100][gc,cpu        ] GC(74) User=0.02s Sys=0.00s Real=0.01s
[2023-04-28T15:08:37.539+0100][gc,start      ] GC(75) Pause Young (Normal) (G1 Evacuation Pause)
[2023-04-28T15:08:37.540+0100][gc,task       ] GC(75) Using 8 workers of 8 for evacuation
[2023-04-28T15:08:37.545+0100][gc,phases     ] GC(75)   Pre Evacuate Collection Set: 0.0ms
[2023-04-28T15:08:37.545+0100][gc,phases     ] GC(75)   Evacuate Collection Set: 4.0ms
[2023-04-28T15:08:37.545+0100][gc,phases     ] GC(75)   Post Evacuate Collection Set: 0.7ms
[2023-04-28T15:08:37.545+0100][gc,phases     ] GC(75)   Other: 1.2ms
[2023-04-28T15:08:37.545+0100][gc,heap       ] GC(75) Eden regions: 612->0(612)
[2023-04-28T15:08:37.545+0100][gc,heap       ] GC(75) Survivor regions: 2->2(77)
[2023-04-28T15:08:37.545+0100][gc,heap       ] GC(75) Old regions: 23->23
[2023-04-28T15:08:37.545+0100][gc,heap       ] GC(75) Humongous regions: 129->129
[2023-04-28T15:08:37.545+0100][gc,metaspace  ] GC(75) Metaspace: 51542K(54272K)->51542K(54272K) NonClass: 45384K(46848K)->45384K(46848K) Class: 6158K(7424K)->6158K(7424K)
[2023-04-28T15:08:37.545+0100][gc            ] GC(75) Pause Young (Normal) (G1 Evacuation Pause) 764M->152M(1024M) 6.156ms
[2023-04-28T15:08:37.545+0100][gc,cpu        ] GC(75) User=0.02s Sys=0.00s Real=0.01s
[2023-04-28T15:31:44.540+0100][gc,start      ] GC(76) Pause Young (Normal) (G1 Evacuation Pause)
[2023-04-28T15:31:44.540+0100][gc,task       ] GC(76) Using 8 workers of 8 for evacuation
[2023-04-28T15:31:44.547+0100][gc,phases     ] GC(76)   Pre Evacuate Collection Set: 0.0ms
[2023-04-28T15:31:44.547+0100][gc,phases     ] GC(76)   Evacuate Collection Set: 5.0ms
[2023-04-28T15:31:44.547+0100][gc,phases     ] GC(76)   Post Evacuate Collection Set: 0.7ms
[2023-04-28T15:31:44.547+0100][gc,phases     ] GC(76)   Other: 1.3ms
[2023-04-28T15:31:44.547+0100][gc,heap       ] GC(76) Eden regions: 612->0(612)
[2023-04-28T15:31:44.547+0100][gc,heap       ] GC(76) Survivor regions: 2->2(77)
[2023-04-28T15:31:44.547+0100][gc,heap       ] GC(76) Old regions: 23->23
[2023-04-28T15:31:44.547+0100][gc,heap       ] GC(76) Humongous regions: 129->129
[2023-04-28T15:31:44.547+0100][gc,metaspace  ] GC(76) Metaspace: 51542K(54272K)->51542K(54272K) NonClass: 45384K(46848K)->45384K(46848K) Class: 6158K(7424K)->6158K(7424K)
[2023-04-28T15:31:44.547+0100][gc            ] GC(76) Pause Young (Normal) (G1 Evacuation Pause) 764M->152M(1024M) 7.282ms
[2023-04-28T15:31:44.547+0100][gc,cpu        ] GC(76) User=0.02s Sys=0.00s Real=0.00s
[2023-04-28T15:55:32.587+0100][gc,start      ] GC(77) Pause Young (Normal) (G1 Evacuation Pause)
[2023-04-28T15:55:32.588+0100][gc,task       ] GC(77) Using 8 workers of 8 for evacuation
[2023-04-28T15:55:32.600+0100][gc,phases     ] GC(77)   Pre Evacuate Collection Set: 1.0ms
[2023-04-28T15:55:32.601+0100][gc,phases     ] GC(77)   Evacuate Collection Set: 8.6ms
[2023-04-28T15:55:32.601+0100][gc,phases     ] GC(77)   Post Evacuate Collection Set: 2.0ms
[2023-04-28T15:55:32.601+0100][gc,phases     ] GC(77)   Other: 2.1ms
[2023-04-28T15:55:32.601+0100][gc,heap       ] GC(77) Eden regions: 612->0(612)
[2023-04-28T15:55:32.601+0100][gc,heap       ] GC(77) Survivor regions: 2->2(77)
[2023-04-28T15:55:32.601+0100][gc,heap       ] GC(77) Old regions: 23->23
[2023-04-28T15:55:32.601+0100][gc,heap       ] GC(77) Humongous regions: 129->129
[2023-04-28T15:55:32.601+0100][gc,metaspace  ] GC(77) Metaspace: 51542K(54272K)->51542K(54272K) NonClass: 45384K(46848K)->45384K(46848K) Class: 6158K(7424K)->6158K(7424K)
[2023-04-28T15:55:32.601+0100][gc            ] GC(77) Pause Young (Normal) (G1 Evacuation Pause) 764M->152M(1024M) 13.774ms
[2023-04-28T15:55:32.601+0100][gc,cpu        ] GC(77) User=0.02s Sys=0.02s Real=0.02s
[2023-04-28T16:19:32.001+0100][gc,start      ] GC(78) Pause Young (Normal) (G1 Evacuation Pause)
[2023-04-28T16:19:32.003+0100][gc,task       ] GC(78) Using 8 workers of 8 for evacuation
[2023-04-28T16:19:32.009+0100][gc,phases     ] GC(78)   Pre Evacuate Collection Set: 0.1ms
[2023-04-28T16:19:32.009+0100][gc,phases     ] GC(78)   Evacuate Collection Set: 4.8ms
[2023-04-28T16:19:32.009+0100][gc,phases     ] GC(78)   Post Evacuate Collection Set: 0.7ms
[2023-04-28T16:19:32.009+0100][gc,phases     ] GC(78)   Other: 1.9ms
[2023-04-28T16:19:32.009+0100][gc,heap       ] GC(78) Eden regions: 612->0(612)
[2023-04-28T16:19:32.009+0100][gc,heap       ] GC(78) Survivor regions: 2->2(77)
[2023-04-28T16:19:32.009+0100][gc,heap       ] GC(78) Old regions: 23->23
[2023-04-28T16:19:32.009+0100][gc,heap       ] GC(78) Humongous regions: 129->129
[2023-04-28T16:19:32.009+0100][gc,metaspace  ] GC(78) Metaspace: 51542K(54272K)->51542K(54272K) NonClass: 45384K(46848K)->45384K(46848K) Class: 6158K(7424K)->6158K(7424K)
[2023-04-28T16:19:32.009+0100][gc            ] GC(78) Pause Young (Normal) (G1 Evacuation Pause) 764M->152M(1024M) 7.692ms
[2023-04-28T16:19:32.009+0100][gc,cpu        ] GC(78) User=0.02s Sys=0.00s Real=0.00s
[2023-04-28T16:43:35.370+0100][gc,start      ] GC(79) Pause Young (Normal) (G1 Evacuation Pause)
[2023-04-28T16:43:35.371+0100][gc,task       ] GC(79) Using 8 workers of 8 for evacuation
[2023-04-28T16:43:35.385+0100][gc,phases     ] GC(79)   Pre Evacuate Collection Set: 0.9ms
[2023-04-28T16:43:35.385+0100][gc,phases     ] GC(79)   Evacuate Collection Set: 9.3ms
[2023-04-28T16:43:35.385+0100][gc,phases     ] GC(79)   Post Evacuate Collection Set: 2.2ms
[2023-04-28T16:43:35.385+0100][gc,phases     ] GC(79)   Other: 2.4ms
[2023-04-28T16:43:35.385+0100][gc,heap       ] GC(79) Eden regions: 612->0(612)
[2023-04-28T16:43:35.385+0100][gc,heap       ] GC(79) Survivor regions: 2->2(77)
[2023-04-28T16:43:35.385+0100][gc,heap       ] GC(79) Old regions: 23->23
[2023-04-28T16:43:35.385+0100][gc,heap       ] GC(79) Humongous regions: 129->129
[2023-04-28T16:43:35.385+0100][gc,metaspace  ] GC(79) Metaspace: 51542K(54272K)->51542K(54272K) NonClass: 45384K(46848K)->45384K(46848K) Class: 6158K(7424K)->6158K(7424K)
[2023-04-28T16:43:35.385+0100][gc            ] GC(79) Pause Young (Normal) (G1 Evacuation Pause) 764M->152M(1024M) 14.967ms
[2023-04-28T16:43:35.385+0100][gc,cpu        ] GC(79) User=0.02s Sys=0.02s Real=0.01s
[2023-04-28T17:06:57.602+0100][gc,start      ] GC(80) Pause Young (Normal) (G1 Evacuation Pause)
[2023-04-28T17:06:57.603+0100][gc,task       ] GC(80) Using 8 workers of 8 for evacuation
[2023-04-28T17:06:57.607+0100][gc,phases     ] GC(80)   Pre Evacuate Collection Set: 0.1ms
[2023-04-28T17:06:57.607+0100][gc,phases     ] GC(80)   Evacuate Collection Set: 3.1ms
[2023-04-28T17:06:57.607+0100][gc,phases     ] GC(80)   Post Evacuate Collection Set: 0.4ms
[2023-04-28T17:06:57.607+0100][gc,phases     ] GC(80)   Other: 1.0ms
[2023-04-28T17:06:57.607+0100][gc,heap       ] GC(80) Eden regions: 612->0(612)
[2023-04-28T17:06:57.607+0100][gc,heap       ] GC(80) Survivor regions: 2->2(77)
[2023-04-28T17:06:57.607+0100][gc,heap       ] GC(80) Old regions: 23->23
[2023-04-28T17:06:57.607+0100][gc,heap       ] GC(80) Humongous regions: 129->129
[2023-04-28T17:06:57.607+0100][gc,metaspace  ] GC(80) Metaspace: 51542K(54272K)->51542K(54272K) NonClass: 45384K(46848K)->45384K(46848K) Class: 6158K(7424K)->6158K(7424K)
[2023-04-28T17:06:57.607+0100][gc            ] GC(80) Pause Young (Normal) (G1 Evacuation Pause) 764M->152M(1024M) 4.766ms
[2023-04-28T17:06:57.607+0100][gc,cpu        ] GC(80) User=0.01s Sys=0.00s Real=0.00s
[2023-04-28T17:30:44.889+0100][gc,start      ] GC(81) Pause Young (Normal) (G1 Evacuation Pause)
[2023-04-28T17:30:44.891+0100][gc,task       ] GC(81) Using 8 workers of 8 for evacuation
[2023-04-28T17:30:44.905+0100][gc,phases     ] GC(81)   Pre Evacuate Collection Set: 1.0ms
[2023-04-28T17:30:44.905+0100][gc,phases     ] GC(81)   Evacuate Collection Set: 10.4ms
[2023-04-28T17:30:44.905+0100][gc,phases     ] GC(81)   Post Evacuate Collection Set: 2.2ms
[2023-04-28T17:30:44.905+0100][gc,phases     ] GC(81)   Other: 2.5ms
[2023-04-28T17:30:44.905+0100][gc,heap       ] GC(81) Eden regions: 612->0(612)
[2023-04-28T17:30:44.905+0100][gc,heap       ] GC(81) Survivor regions: 2->2(77)
[2023-04-28T17:30:44.905+0100][gc,heap       ] GC(81) Old regions: 23->23
[2023-04-28T17:30:44.905+0100][gc,heap       ] GC(81) Humongous regions: 129->129
[2023-04-28T17:30:44.905+0100][gc,metaspace  ] GC(81) Metaspace: 51542K(54272K)->51542K(54272K) NonClass: 45384K(46848K)->45384K(46848K) Class: 6158K(7424K)->6158K(7424K)
[2023-04-28T17:30:44.905+0100][gc            ] GC(81) Pause Young (Normal) (G1 Evacuation Pause) 764M->152M(1024M) 16.318ms
[2023-04-28T17:30:44.905+0100][gc,cpu        ] GC(81) User=0.02s Sys=0.03s Real=0.02s
[2023-04-28T17:54:36.447+0100][gc,start      ] GC(82) Pause Young (Normal) (G1 Evacuation Pause)
[2023-04-28T17:54:36.448+0100][gc,task       ] GC(82) Using 8 workers of 8 for evacuation
[2023-04-28T17:54:36.457+0100][gc,phases     ] GC(82)   Pre Evacuate Collection Set: 0.1ms
[2023-04-28T17:54:36.457+0100][gc,phases     ] GC(82)   Evacuate Collection Set: 7.1ms
[2023-04-28T17:54:36.457+0100][gc,phases     ] GC(82)   Post Evacuate Collection Set: 0.8ms
[2023-04-28T17:54:36.457+0100][gc,phases     ] GC(82)   Other: 2.1ms
[2023-04-28T17:54:36.457+0100][gc,heap       ] GC(82) Eden regions: 612->0(612)
[2023-04-28T17:54:36.457+0100][gc,heap       ] GC(82) Survivor regions: 2->2(77)
[2023-04-28T17:54:36.457+0100][gc,heap       ] GC(82) Old regions: 23->23
[2023-04-28T17:54:36.457+0100][gc,heap       ] GC(82) Humongous regions: 129->129
[2023-04-28T17:54:36.457+0100][gc,metaspace  ] GC(82) Metaspace: 51542K(54272K)->51542K(54272K) NonClass: 45384K(46848K)->45384K(46848K) Class: 6158K(7424K)->6158K(7424K)
[2023-04-28T17:54:36.457+0100][gc            ] GC(82) Pause Young (Normal) (G1 Evacuation Pause) 764M->152M(1024M) 10.302ms
[2023-04-28T17:54:36.457+0100][gc,cpu        ] GC(82) User=0.03s Sys=0.01s Real=0.01s
[2023-04-28T18:18:35.333+0100][gc,start      ] GC(83) Pause Young (Normal) (G1 Evacuation Pause)
[2023-04-28T18:18:35.334+0100][gc,task       ] GC(83) Using 8 workers of 8 for evacuation
[2023-04-28T18:18:35.341+0100][gc,phases     ] GC(83)   Pre Evacuate Collection Set: 0.0ms
[2023-04-28T18:18:35.341+0100][gc,phases     ] GC(83)   Evacuate Collection Set: 5.0ms
[2023-04-28T18:18:35.341+0100][gc,phases     ] GC(83)   Post Evacuate Collection Set: 0.7ms
[2023-04-28T18:18:35.341+0100][gc,phases     ] GC(83)   Other: 1.6ms
[2023-04-28T18:18:35.341+0100][gc,heap       ] GC(83) Eden regions: 612->0(612)
[2023-04-28T18:18:35.341+0100][gc,heap       ] GC(83) Survivor regions: 2->2(77)
[2023-04-28T18:18:35.341+0100][gc,heap       ] GC(83) Old regions: 23->23
[2023-04-28T18:18:35.341+0100][gc,heap       ] GC(83) Humongous regions: 129->129
[2023-04-28T18:18:35.341+0100][gc,metaspace  ] GC(83) Metaspace: 51542K(54272K)->51542K(54272K) NonClass: 45384K(46848K)->45384K(46848K) Class: 6158K(7424K)->6158K(7424K)
[2023-04-28T18:18:35.341+0100][gc            ] GC(83) Pause Young (Normal) (G1 Evacuation Pause) 764M->152M(1024M) 7.655ms
[2023-04-28T18:18:35.341+0100][gc,cpu        ] GC(83) User=0.02s Sys=0.00s Real=0.01s
[2023-04-28T18:42:39.547+0100][gc,start      ] GC(84) Pause Young (Normal) (G1 Evacuation Pause)
[2023-04-28T18:42:39.548+0100][gc,task       ] GC(84) Using 8 workers of 8 for evacuation
[2023-04-28T18:42:39.556+0100][gc,phases     ] GC(84)   Pre Evacuate Collection Set: 0.0ms
[2023-04-28T18:42:39.556+0100][gc,phases     ] GC(84)   Evacuate Collection Set: 6.6ms
[2023-04-28T18:42:39.556+0100][gc,phases     ] GC(84)   Post Evacuate Collection Set: 0.7ms
[2023-04-28T18:42:39.556+0100][gc,phases     ] GC(84)   Other: 1.4ms
[2023-04-28T18:42:39.556+0100][gc,heap       ] GC(84) Eden regions: 612->0(612)
[2023-04-28T18:42:39.556+0100][gc,heap       ] GC(84) Survivor regions: 2->2(77)
[2023-04-28T18:42:39.556+0100][gc,heap       ] GC(84) Old regions: 23->23
[2023-04-28T18:42:39.556+0100][gc,heap       ] GC(84) Humongous regions: 129->129
[2023-04-28T18:42:39.556+0100][gc,metaspace  ] GC(84) Metaspace: 51542K(54272K)->51542K(54272K) NonClass: 45384K(46848K)->45384K(46848K) Class: 6158K(7424K)->6158K(7424K)
[2023-04-28T18:42:39.556+0100][gc            ] GC(84) Pause Young (Normal) (G1 Evacuation Pause) 764M->152M(1024M) 8.913ms
[2023-04-28T18:42:39.556+0100][gc,cpu        ] GC(84) User=0.02s Sys=0.01s Real=0.01s
[2023-04-28T19:06:36.095+0100][gc,start      ] GC(85) Pause Young (Normal) (G1 Evacuation Pause)
[2023-04-28T19:06:36.096+0100][gc,task       ] GC(85) Using 8 workers of 8 for evacuation
[2023-04-28T19:06:36.101+0100][gc,phases     ] GC(85)   Pre Evacuate Collection Set: 0.1ms
[2023-04-28T19:06:36.101+0100][gc,phases     ] GC(85)   Evacuate Collection Set: 4.1ms
[2023-04-28T19:06:36.101+0100][gc,phases     ] GC(85)   Post Evacuate Collection Set: 0.8ms
[2023-04-28T19:06:36.101+0100][gc,phases     ] GC(85)   Other: 1.2ms
[2023-04-28T19:06:36.101+0100][gc,heap       ] GC(85) Eden regions: 612->0(612)
[2023-04-28T19:06:36.101+0100][gc,heap       ] GC(85) Survivor regions: 2->2(77)
[2023-04-28T19:06:36.101+0100][gc,heap       ] GC(85) Old regions: 23->23
[2023-04-28T19:06:36.101+0100][gc,heap       ] GC(85) Humongous regions: 129->129
[2023-04-28T19:06:36.101+0100][gc,metaspace  ] GC(85) Metaspace: 51542K(54272K)->51542K(54272K) NonClass: 45384K(46848K)->45384K(46848K) Class: 6158K(7424K)->6158K(7424K)
[2023-04-28T19:06:36.101+0100][gc            ] GC(85) Pause Young (Normal) (G1 Evacuation Pause) 764M->152M(1024M) 6.392ms
[2023-04-28T19:06:36.101+0100][gc,cpu        ] GC(85) User=0.01s Sys=0.00s Real=0.01s
[2023-04-28T19:30:32.261+0100][gc,start      ] GC(86) Pause Young (Normal) (G1 Evacuation Pause)
[2023-04-28T19:30:32.262+0100][gc,task       ] GC(86) Using 8 workers of 8 for evacuation
[2023-04-28T19:30:32.269+0100][gc,phases     ] GC(86)   Pre Evacuate Collection Set: 0.0ms
[2023-04-28T19:30:32.269+0100][gc,phases     ] GC(86)   Evacuate Collection Set: 5.1ms
[2023-04-28T19:30:32.269+0100][gc,phases     ] GC(86)   Post Evacuate Collection Set: 0.7ms
[2023-04-28T19:30:32.269+0100][gc,phases     ] GC(86)   Other: 1.6ms
[2023-04-28T19:30:32.269+0100][gc,heap       ] GC(86) Eden regions: 612->0(612)
[2023-04-28T19:30:32.269+0100][gc,heap       ] GC(86) Survivor regions: 2->2(77)
[2023-04-28T19:30:32.269+0100][gc,heap       ] GC(86) Old regions: 23->23
[2023-04-28T19:30:32.269+0100][gc,heap       ] GC(86) Humongous regions: 129->129
[2023-04-28T19:30:32.269+0100][gc,metaspace  ] GC(86) Metaspace: 51542K(54272K)->51542K(54272K) NonClass: 45384K(46848K)->45384K(46848K) Class: 6158K(7424K)->6158K(7424K)
[2023-04-28T19:30:32.269+0100][gc            ] GC(86) Pause Young (Normal) (G1 Evacuation Pause) 764M->152M(1024M) 7.703ms
[2023-04-28T19:30:32.269+0100][gc,cpu        ] GC(86) User=0.02s Sys=0.00s Real=0.00s
[2023-04-28T19:54:01.999+0100][gc,start      ] GC(87) Pause Young (Normal) (G1 Evacuation Pause)
[2023-04-28T19:54:02.000+0100][gc,task       ] GC(87) Using 8 workers of 8 for evacuation
[2023-04-28T19:54:02.006+0100][gc,phases     ] GC(87)   Pre Evacuate Collection Set: 0.0ms
[2023-04-28T19:54:02.006+0100][gc,phases     ] GC(87)   Evacuate Collection Set: 4.8ms
[2023-04-28T19:54:02.006+0100][gc,phases     ] GC(87)   Post Evacuate Collection Set: 0.8ms
[2023-04-28T19:54:02.006+0100][gc,phases     ] GC(87)   Other: 1.6ms
[2023-04-28T19:54:02.006+0100][gc,heap       ] GC(87) Eden regions: 612->0(612)
[2023-04-28T19:54:02.006+0100][gc,heap       ] GC(87) Survivor regions: 2->2(77)
[2023-04-28T19:54:02.006+0100][gc,heap       ] GC(87) Old regions: 23->23
[2023-04-28T19:54:02.006+0100][gc,heap       ] GC(87) Humongous regions: 129->129
[2023-04-28T19:54:02.006+0100][gc,metaspace  ] GC(87) Metaspace: 51545K(54272K)->51545K(54272K) NonClass: 45386K(46848K)->45386K(46848K) Class: 6158K(7424K)->6158K(7424K)
[2023-04-28T19:54:02.006+0100][gc            ] GC(87) Pause Young (Normal) (G1 Evacuation Pause) 764M->152M(1024M) 7.488ms
[2023-04-28T19:54:02.006+0100][gc,cpu        ] GC(87) User=0.02s Sys=0.00s Real=0.01s
[2023-04-28T20:17:59.746+0100][gc,start      ] GC(88) Pause Young (Normal) (G1 Evacuation Pause)
[2023-04-28T20:17:59.747+0100][gc,task       ] GC(88) Using 8 workers of 8 for evacuation
[2023-04-28T20:17:59.756+0100][gc,phases     ] GC(88)   Pre Evacuate Collection Set: 0.5ms
[2023-04-28T20:17:59.756+0100][gc,phases     ] GC(88)   Evacuate Collection Set: 5.9ms
[2023-04-28T20:17:59.756+0100][gc,phases     ] GC(88)   Post Evacuate Collection Set: 1.7ms
[2023-04-28T20:17:59.756+0100][gc,phases     ] GC(88)   Other: 1.5ms
[2023-04-28T20:17:59.756+0100][gc,heap       ] GC(88) Eden regions: 612->0(612)
[2023-04-28T20:17:59.756+0100][gc,heap       ] GC(88) Survivor regions: 2->2(77)
[2023-04-28T20:17:59.756+0100][gc,heap       ] GC(88) Old regions: 23->23
[2023-04-28T20:17:59.756+0100][gc,heap       ] GC(88) Humongous regions: 129->129
[2023-04-28T20:17:59.756+0100][gc,metaspace  ] GC(88) Metaspace: 51545K(54272K)->51545K(54272K) NonClass: 45386K(46848K)->45386K(46848K) Class: 6158K(7424K)->6158K(7424K)
[2023-04-28T20:17:59.756+0100][gc            ] GC(88) Pause Young (Normal) (G1 Evacuation Pause) 764M->152M(1024M) 9.824ms
[2023-04-28T20:17:59.756+0100][gc,cpu        ] GC(88) User=0.02s Sys=0.02s Real=0.01s
[2023-04-28T20:42:02.835+0100][gc,start      ] GC(89) Pause Young (Normal) (G1 Evacuation Pause)
[2023-04-28T20:42:02.836+0100][gc,task       ] GC(89) Using 8 workers of 8 for evacuation
[2023-04-28T20:42:02.843+0100][gc,phases     ] GC(89)   Pre Evacuate Collection Set: 0.1ms
[2023-04-28T20:42:02.843+0100][gc,phases     ] GC(89)   Evacuate Collection Set: 5.8ms
[2023-04-28T20:42:02.843+0100][gc,phases     ] GC(89)   Post Evacuate Collection Set: 0.6ms
[2023-04-28T20:42:02.843+0100][gc,phases     ] GC(89)   Other: 1.4ms
[2023-04-28T20:42:02.843+0100][gc,heap       ] GC(89) Eden regions: 612->0(612)
[2023-04-28T20:42:02.843+0100][gc,heap       ] GC(89) Survivor regions: 2->2(77)
[2023-04-28T20:42:02.843+0100][gc,heap       ] GC(89) Old regions: 23->23
[2023-04-28T20:42:02.843+0100][gc,heap       ] GC(89) Humongous regions: 129->129
[2023-04-28T20:42:02.843+0100][gc,metaspace  ] GC(89) Metaspace: 51545K(54272K)->51545K(54272K) NonClass: 45386K(46848K)->45386K(46848K) Class: 6158K(7424K)->6158K(7424K)
[2023-04-28T20:42:02.843+0100][gc            ] GC(89) Pause Young (Normal) (G1 Evacuation Pause) 764M->152M(1024M) 8.123ms
[2023-04-28T20:42:02.843+0100][gc,cpu        ] GC(89) User=0.02s Sys=0.01s Real=0.01s
[2023-04-28T21:05:24.621+0100][gc,start      ] GC(90) Pause Young (Normal) (G1 Evacuation Pause)
[2023-04-28T21:05:24.622+0100][gc,task       ] GC(90) Using 8 workers of 8 for evacuation
[2023-04-28T21:05:24.627+0100][gc,phases     ] GC(90)   Pre Evacuate Collection Set: 0.0ms
[2023-04-28T21:05:24.627+0100][gc,phases     ] GC(90)   Evacuate Collection Set: 4.1ms
[2023-04-28T21:05:24.627+0100][gc,phases     ] GC(90)   Post Evacuate Collection Set: 0.6ms
[2023-04-28T21:05:24.627+0100][gc,phases     ] GC(90)   Other: 1.4ms
[2023-04-28T21:05:24.627+0100][gc,heap       ] GC(90) Eden regions: 612->0(612)
[2023-04-28T21:05:24.627+0100][gc,heap       ] GC(90) Survivor regions: 2->2(77)
[2023-04-28T21:05:24.627+0100][gc,heap       ] GC(90) Old regions: 23->23
[2023-04-28T21:05:24.627+0100][gc,heap       ] GC(90) Humongous regions: 129->129
[2023-04-28T21:05:24.627+0100][gc,metaspace  ] GC(90) Metaspace: 51545K(54272K)->51545K(54272K) NonClass: 45386K(46848K)->45386K(46848K) Class: 6158K(7424K)->6158K(7424K)
[2023-04-28T21:05:24.627+0100][gc            ] GC(90) Pause Young (Normal) (G1 Evacuation Pause) 764M->152M(1024M) 6.413ms
[2023-04-28T21:05:24.628+0100][gc,cpu        ] GC(90) User=0.02s Sys=0.00s Real=0.00s
[2023-04-29T04:14:33.245+0100][gc,start      ] GC(91) Pause Young (Normal) (G1 Evacuation Pause)
[2023-04-29T04:14:33.247+0100][gc,task       ] GC(91) Using 8 workers of 8 for evacuation
[2023-04-29T04:14:33.279+0100][gc,mmu        ] GC(91) MMU target violated: 21.0ms (20.0ms/21.0ms)
[2023-04-29T04:14:33.279+0100][gc,phases     ] GC(91)   Pre Evacuate Collection Set: 0.9ms
[2023-04-29T04:14:33.279+0100][gc,phases     ] GC(91)   Evacuate Collection Set: 26.2ms
[2023-04-29T04:14:33.279+0100][gc,phases     ] GC(91)   Post Evacuate Collection Set: 3.7ms
[2023-04-29T04:14:33.279+0100][gc,phases     ] GC(91)   Other: 2.7ms
[2023-04-29T04:14:33.279+0100][gc,heap       ] GC(91) Eden regions: 612->0(612)
[2023-04-29T04:14:33.279+0100][gc,heap       ] GC(91) Survivor regions: 2->2(77)
[2023-04-29T04:14:33.279+0100][gc,heap       ] GC(91) Old regions: 23->23
[2023-04-29T04:14:33.279+0100][gc,heap       ] GC(91) Humongous regions: 129->129
[2023-04-29T04:14:33.279+0100][gc,metaspace  ] GC(91) Metaspace: 51549K(54272K)->51549K(54272K) NonClass: 45390K(46848K)->45390K(46848K) Class: 6158K(7424K)->6158K(7424K)
[2023-04-29T04:14:33.279+0100][gc            ] GC(91) Pause Young (Normal) (G1 Evacuation Pause) 764M->152M(1024M) 33.807ms
[2023-04-29T04:14:33.279+0100][gc,cpu        ] GC(91) User=0.03s Sys=0.03s Real=0.03s
