[2023-04-12T13:51:33.616+0100][gc,heap] Heap region size: 1M
[2023-04-12T13:51:33.628+0100][gc     ] Using G1
[2023-04-12T13:51:33.628+0100][gc,heap,coops] Heap address: 0x00000007c0000000, size: 1024 MB, Compressed Oops mode: Zero based, Oop shift amount: 3
[2023-04-12T13:51:34.751+0100][gc,start     ] GC(0) Pause Young (Concurrent Start) (Metadata GC Threshold)
[2023-04-12T13:51:34.751+0100][gc,task      ] GC(0) Using 8 workers of 8 for evacuation
[2023-04-12T13:51:34.762+0100][gc,phases    ] GC(0)   Pre Evacuate Collection Set: 0.0ms
[2023-04-12T13:51:34.762+0100][gc,phases    ] GC(0)   Evacuate Collection Set: 9.8ms
[2023-04-12T13:51:34.762+0100][gc,phases    ] GC(0)   Post Evacuate Collection Set: 0.4ms
[2023-04-12T13:51:34.762+0100][gc,phases    ] GC(0)   Other: 0.9ms
[2023-04-12T13:51:34.762+0100][gc,heap      ] GC(0) Eden regions: 47->0(44)
[2023-04-12T13:51:34.762+0100][gc,heap      ] GC(0) Survivor regions: 0->7(7)
[2023-04-12T13:51:34.762+0100][gc,heap      ] GC(0) Old regions: 0->0
[2023-04-12T13:51:34.762+0100][gc,heap      ] GC(0) Humongous regions: 0->0
[2023-04-12T13:51:34.762+0100][gc,metaspace ] GC(0) Metaspace: 20616K(21248K)->20616K(21248K) NonClass: 18330K(18688K)->18330K(18688K) Class: 2286K(2560K)->2286K(2560K)
[2023-04-12T13:51:34.762+0100][gc           ] GC(0) Pause Young (Concurrent Start) (Metadata GC Threshold) 47M->6M(1024M) 11.353ms
[2023-04-12T13:51:34.762+0100][gc,cpu       ] GC(0) User=0.03s Sys=0.00s Real=0.01s
[2023-04-12T13:51:34.762+0100][gc           ] GC(1) Concurrent Cycle
[2023-04-12T13:51:34.762+0100][gc,marking   ] GC(1) Concurrent Clear Claimed Marks
[2023-04-12T13:51:34.762+0100][gc,marking   ] GC(1) Concurrent Clear Claimed Marks 0.032ms
[2023-04-12T13:51:34.762+0100][gc,marking   ] GC(1) Concurrent Scan Root Regions
[2023-04-12T13:51:34.764+0100][gc,marking   ] GC(1) Concurrent Scan Root Regions 2.265ms
[2023-04-12T13:51:34.765+0100][gc,marking   ] GC(1) Concurrent Mark (1.157s)
[2023-04-12T13:51:34.765+0100][gc,marking   ] GC(1) Concurrent Mark From Roots
[2023-04-12T13:51:34.765+0100][gc,task      ] GC(1) Using 2 workers of 2 for marking
[2023-04-12T13:51:34.765+0100][gc,marking   ] GC(1) Concurrent Mark From Roots 0.214ms
[2023-04-12T13:51:34.765+0100][gc,marking   ] GC(1) Concurrent Preclean
[2023-04-12T13:51:34.765+0100][gc,marking   ] GC(1) Concurrent Preclean 0.042ms
[2023-04-12T13:51:34.765+0100][gc,marking   ] GC(1) Concurrent Mark (1.157s, 1.157s) 0.327ms
[2023-04-12T13:51:34.765+0100][gc,start     ] GC(1) Pause Remark
[2023-04-12T13:51:34.769+0100][gc,stringtable] GC(1) Cleaned string and symbol table, strings: 7061 processed, 0 removed, symbols: 65710 processed, 28 removed
[2023-04-12T13:51:34.769+0100][gc            ] GC(1) Pause Remark 7M->7M(1024M) 3.857ms
[2023-04-12T13:51:34.769+0100][gc,cpu        ] GC(1) User=0.01s Sys=0.00s Real=0.00s
[2023-04-12T13:51:34.769+0100][gc,marking    ] GC(1) Concurrent Rebuild Remembered Sets
[2023-04-12T13:51:34.769+0100][gc,marking    ] GC(1) Concurrent Rebuild Remembered Sets 0.098ms
[2023-04-12T13:51:34.769+0100][gc,start      ] GC(1) Pause Cleanup
[2023-04-12T13:51:34.770+0100][gc            ] GC(1) Pause Cleanup 7M->7M(1024M) 0.195ms
[2023-04-12T13:51:34.770+0100][gc,cpu        ] GC(1) User=0.00s Sys=0.00s Real=0.01s
[2023-04-12T13:51:34.770+0100][gc,marking    ] GC(1) Concurrent Cleanup for Next Mark
[2023-04-12T13:51:34.790+0100][gc,marking    ] GC(1) Concurrent Cleanup for Next Mark 20.502ms
[2023-04-12T13:51:34.790+0100][gc            ] GC(1) Concurrent Cycle 28.129ms
[2023-04-12T13:51:36.128+0100][gc,start      ] GC(2) Pause Young (Normal) (G1 Evacuation Pause)
[2023-04-12T13:51:36.128+0100][gc,task       ] GC(2) Using 8 workers of 8 for evacuation
[2023-04-12T13:51:36.139+0100][gc,phases     ] GC(2)   Pre Evacuate Collection Set: 0.0ms
[2023-04-12T13:51:36.139+0100][gc,phases     ] GC(2)   Evacuate Collection Set: 9.9ms
[2023-04-12T13:51:36.139+0100][gc,phases     ] GC(2)   Post Evacuate Collection Set: 0.8ms
[2023-04-12T13:51:36.139+0100][gc,phases     ] GC(2)   Other: 0.2ms
[2023-04-12T13:51:36.139+0100][gc,heap       ] GC(2) Eden regions: 44->0(48)
[2023-04-12T13:51:36.139+0100][gc,heap       ] GC(2) Survivor regions: 7->3(7)
[2023-04-12T13:51:36.139+0100][gc,heap       ] GC(2) Old regions: 0->7
[2023-04-12T13:51:36.139+0100][gc,heap       ] GC(2) Humongous regions: 129->129
[2023-04-12T13:51:36.139+0100][gc,metaspace  ] GC(2) Metaspace: 29224K(30208K)->29224K(30208K) NonClass: 25774K(26368K)->25774K(26368K) Class: 3450K(3840K)->3450K(3840K)
[2023-04-12T13:51:36.139+0100][gc            ] GC(2) Pause Young (Normal) (G1 Evacuation Pause) 179M->138M(1024M) 11.104ms
[2023-04-12T13:51:36.139+0100][gc,cpu        ] GC(2) User=0.03s Sys=0.01s Real=0.01s
[2023-04-12T13:51:36.680+0100][gc,start      ] GC(3) Pause Young (Concurrent Start) (Metadata GC Threshold)
[2023-04-12T13:51:36.680+0100][gc,task       ] GC(3) Using 8 workers of 8 for evacuation
[2023-04-12T13:51:36.690+0100][gc,phases     ] GC(3)   Pre Evacuate Collection Set: 0.0ms
[2023-04-12T13:51:36.691+0100][gc,phases     ] GC(3)   Evacuate Collection Set: 9.5ms
[2023-04-12T13:51:36.691+0100][gc,phases     ] GC(3)   Post Evacuate Collection Set: 0.4ms
[2023-04-12T13:51:36.691+0100][gc,phases     ] GC(3)   Other: 0.2ms
[2023-04-12T13:51:36.691+0100][gc,heap       ] GC(3) Eden regions: 33->0(46)
[2023-04-12T13:51:36.691+0100][gc,heap       ] GC(3) Survivor regions: 3->5(7)
[2023-04-12T13:51:36.691+0100][gc,heap       ] GC(3) Old regions: 7->7
[2023-04-12T13:51:36.691+0100][gc,heap       ] GC(3) Humongous regions: 129->129
[2023-04-12T13:51:36.691+0100][gc,metaspace  ] GC(3) Metaspace: 34811K(35840K)->34811K(35840K) NonClass: 30887K(31488K)->30887K(31488K) Class: 3923K(4352K)->3923K(4352K)
[2023-04-12T13:51:36.691+0100][gc            ] GC(3) Pause Young (Concurrent Start) (Metadata GC Threshold) 170M->139M(1024M) 10.268ms
[2023-04-12T13:51:36.691+0100][gc,cpu        ] GC(3) User=0.03s Sys=0.00s Real=0.01s
[2023-04-12T13:51:36.691+0100][gc            ] GC(4) Concurrent Cycle
[2023-04-12T13:51:36.691+0100][gc,marking    ] GC(4) Concurrent Clear Claimed Marks
[2023-04-12T13:51:36.691+0100][gc,marking    ] GC(4) Concurrent Clear Claimed Marks 0.029ms
[2023-04-12T13:51:36.691+0100][gc,marking    ] GC(4) Concurrent Scan Root Regions
[2023-04-12T13:51:36.693+0100][gc,marking    ] GC(4) Concurrent Scan Root Regions 2.632ms
[2023-04-12T13:51:36.694+0100][gc,marking    ] GC(4) Concurrent Mark (3.086s)
[2023-04-12T13:51:36.694+0100][gc,marking    ] GC(4) Concurrent Mark From Roots
[2023-04-12T13:51:36.694+0100][gc,task       ] GC(4) Using 2 workers of 2 for marking
[2023-04-12T13:51:36.705+0100][gc,marking    ] GC(4) Concurrent Mark From Roots 11.924ms
[2023-04-12T13:51:36.705+0100][gc,marking    ] GC(4) Concurrent Preclean
[2023-04-12T13:51:36.706+0100][gc,marking    ] GC(4) Concurrent Preclean 0.090ms
[2023-04-12T13:51:36.706+0100][gc,marking    ] GC(4) Concurrent Mark (3.086s, 3.098s) 12.095ms
[2023-04-12T13:51:36.706+0100][gc,start      ] GC(4) Pause Remark
[2023-04-12T13:51:36.716+0100][gc,stringtable] GC(4) Cleaned string and symbol table, strings: 11425 processed, 9 removed, symbols: 97421 processed, 22 removed
[2023-04-12T13:51:36.716+0100][gc            ] GC(4) Pause Remark 140M->140M(1024M) 9.751ms
[2023-04-12T13:51:36.716+0100][gc,cpu        ] GC(4) User=0.03s Sys=0.00s Real=0.01s
[2023-04-12T13:51:36.716+0100][gc,marking    ] GC(4) Concurrent Rebuild Remembered Sets
[2023-04-12T13:51:36.720+0100][gc,marking    ] GC(4) Concurrent Rebuild Remembered Sets 3.948ms
[2023-04-12T13:51:36.721+0100][gc,start      ] GC(4) Pause Cleanup
[2023-04-12T13:51:36.721+0100][gc            ] GC(4) Pause Cleanup 140M->140M(1024M) 0.191ms
[2023-04-12T13:51:36.721+0100][gc,cpu        ] GC(4) User=0.00s Sys=0.00s Real=0.00s
[2023-04-12T13:51:36.721+0100][gc,marking    ] GC(4) Concurrent Cleanup for Next Mark
[2023-04-12T13:51:36.732+0100][gc,marking    ] GC(4) Concurrent Cleanup for Next Mark 10.706ms
[2023-04-12T13:51:36.732+0100][gc            ] GC(4) Concurrent Cycle 41.128ms
[2023-04-12T13:51:37.521+0100][gc,start      ] GC(5) Pause Young (Normal) (G1 Evacuation Pause)
[2023-04-12T13:51:37.521+0100][gc,task       ] GC(5) Using 8 workers of 8 for evacuation
[2023-04-12T13:51:37.531+0100][gc,phases     ] GC(5)   Pre Evacuate Collection Set: 0.1ms
[2023-04-12T13:51:37.531+0100][gc,phases     ] GC(5)   Evacuate Collection Set: 9.4ms
[2023-04-12T13:51:37.531+0100][gc,phases     ] GC(5)   Post Evacuate Collection Set: 0.5ms
[2023-04-12T13:51:37.531+0100][gc,phases     ] GC(5)   Other: 0.3ms
[2023-04-12T13:51:37.531+0100][gc,heap       ] GC(5) Eden regions: 46->0(45)
[2023-04-12T13:51:37.532+0100][gc,heap       ] GC(5) Survivor regions: 5->6(7)
[2023-04-12T13:51:37.532+0100][gc,heap       ] GC(5) Old regions: 7->9
[2023-04-12T13:51:37.532+0100][gc,heap       ] GC(5) Humongous regions: 129->129
[2023-04-12T13:51:37.532+0100][gc,metaspace  ] GC(5) Metaspace: 42968K(44800K)->42968K(44800K) NonClass: 37921K(38912K)->37921K(38912K) Class: 5047K(5888K)->5047K(5888K)
[2023-04-12T13:51:37.532+0100][gc            ] GC(5) Pause Young (Normal) (G1 Evacuation Pause) 185M->142M(1024M) 10.413ms
[2023-04-12T13:51:37.532+0100][gc,cpu        ] GC(5) User=0.02s Sys=0.01s Real=0.01s
[2023-04-12T13:58:01.617+0100][gc,start      ] GC(6) Pause Young (Normal) (G1 Evacuation Pause)
[2023-04-12T13:58:01.618+0100][gc,task       ] GC(6) Using 8 workers of 8 for evacuation
[2023-04-12T13:58:01.634+0100][gc,phases     ] GC(6)   Pre Evacuate Collection Set: 0.0ms
[2023-04-12T13:58:01.634+0100][gc,phases     ] GC(6)   Evacuate Collection Set: 15.1ms
[2023-04-12T13:58:01.634+0100][gc,phases     ] GC(6)   Post Evacuate Collection Set: 0.9ms
[2023-04-12T13:58:01.634+0100][gc,phases     ] GC(6)   Other: 1.1ms
[2023-04-12T13:58:01.634+0100][gc,heap       ] GC(6) Eden regions: 45->0(45)
[2023-04-12T13:58:01.634+0100][gc,heap       ] GC(6) Survivor regions: 6->6(7)
[2023-04-12T13:58:01.634+0100][gc,heap       ] GC(6) Old regions: 9->11
[2023-04-12T13:58:01.634+0100][gc,heap       ] GC(6) Humongous regions: 129->129
[2023-04-12T13:58:01.634+0100][gc,metaspace  ] GC(6) Metaspace: 47632K(49920K)->47632K(49920K) NonClass: 41868K(43008K)->41868K(43008K) Class: 5764K(6912K)->5764K(6912K)
[2023-04-12T13:58:01.634+0100][gc            ] GC(6) Pause Young (Normal) (G1 Evacuation Pause) 187M->145M(1024M) 17.347ms
[2023-04-12T13:58:01.634+0100][gc,cpu        ] GC(6) User=0.04s Sys=0.01s Real=0.02s
[2023-04-12T14:12:42.362+0100][gc,start      ] GC(7) Pause Young (Normal) (G1 Evacuation Pause)
[2023-04-12T14:12:42.363+0100][gc,task       ] GC(7) Using 8 workers of 8 for evacuation
[2023-04-12T14:12:42.378+0100][gc,phases     ] GC(7)   Pre Evacuate Collection Set: 0.0ms
[2023-04-12T14:12:42.378+0100][gc,phases     ] GC(7)   Evacuate Collection Set: 14.2ms
[2023-04-12T14:12:42.378+0100][gc,phases     ] GC(7)   Post Evacuate Collection Set: 0.6ms
[2023-04-12T14:12:42.378+0100][gc,phases     ] GC(7)   Other: 1.4ms
[2023-04-12T14:12:42.378+0100][gc,heap       ] GC(7) Eden regions: 45->0(46)
[2023-04-12T14:12:42.378+0100][gc,heap       ] GC(7) Survivor regions: 6->5(7)
[2023-04-12T14:12:42.378+0100][gc,heap       ] GC(7) Old regions: 11->14
[2023-04-12T14:12:42.378+0100][gc,heap       ] GC(7) Humongous regions: 129->129
[2023-04-12T14:12:42.378+0100][gc,metaspace  ] GC(7) Metaspace: 48223K(50688K)->48223K(50688K) NonClass: 42449K(43776K)->42449K(43776K) Class: 5773K(6912K)->5773K(6912K)
[2023-04-12T14:12:42.378+0100][gc            ] GC(7) Pause Young (Normal) (G1 Evacuation Pause) 190M->147M(1024M) 16.353ms
[2023-04-12T14:12:42.379+0100][gc,cpu        ] GC(7) User=0.04s Sys=0.01s Real=0.01s
[2023-04-12T14:27:35.081+0100][gc,start      ] GC(8) Pause Young (Normal) (G1 Evacuation Pause)
[2023-04-12T14:27:35.081+0100][gc,task       ] GC(8) Using 8 workers of 8 for evacuation
[2023-04-12T14:27:35.117+0100][gc,mmu        ] GC(8) MMU target violated: 21.0ms (20.0ms/21.0ms)
[2023-04-12T14:27:35.117+0100][gc,phases     ] GC(8)   Pre Evacuate Collection Set: 2.0ms
[2023-04-12T14:27:35.117+0100][gc,phases     ] GC(8)   Evacuate Collection Set: 31.7ms
[2023-04-12T14:27:35.117+0100][gc,phases     ] GC(8)   Post Evacuate Collection Set: 1.6ms
[2023-04-12T14:27:35.117+0100][gc,phases     ] GC(8)   Other: 1.6ms
[2023-04-12T14:27:35.117+0100][gc,heap       ] GC(8) Eden regions: 46->0(48)
[2023-04-12T14:27:35.117+0100][gc,heap       ] GC(8) Survivor regions: 5->3(7)
[2023-04-12T14:27:35.117+0100][gc,heap       ] GC(8) Old regions: 14->16
[2023-04-12T14:27:35.117+0100][gc,heap       ] GC(8) Humongous regions: 129->129
[2023-04-12T14:27:35.117+0100][gc,metaspace  ] GC(8) Metaspace: 48302K(50688K)->48302K(50688K) NonClass: 42528K(43776K)->42528K(43776K) Class: 5774K(6912K)->5774K(6912K)
[2023-04-12T14:27:35.118+0100][gc            ] GC(8) Pause Young (Normal) (G1 Evacuation Pause) 193M->147M(1024M) 36.953ms
[2023-04-12T14:27:35.118+0100][gc,cpu        ] GC(8) User=0.06s Sys=0.05s Real=0.03s
[2023-04-12T14:44:52.128+0100][gc,start      ] GC(9) Pause Young (Normal) (G1 Evacuation Pause)
[2023-04-12T14:44:52.129+0100][gc,task       ] GC(9) Using 8 workers of 8 for evacuation
[2023-04-12T14:44:52.145+0100][gc,phases     ] GC(9)   Pre Evacuate Collection Set: 2.0ms
[2023-04-12T14:44:52.145+0100][gc,phases     ] GC(9)   Evacuate Collection Set: 11.5ms
[2023-04-12T14:44:52.145+0100][gc,phases     ] GC(9)   Post Evacuate Collection Set: 1.6ms
[2023-04-12T14:44:52.145+0100][gc,phases     ] GC(9)   Other: 2.1ms
[2023-04-12T14:44:52.145+0100][gc,heap       ] GC(9) Eden regions: 48->0(49)
[2023-04-12T14:44:52.145+0100][gc,heap       ] GC(9) Survivor regions: 3->2(7)
[2023-04-12T14:44:52.145+0100][gc,heap       ] GC(9) Old regions: 16->16
[2023-04-12T14:44:52.145+0100][gc,heap       ] GC(9) Humongous regions: 129->129
[2023-04-12T14:44:52.145+0100][gc,metaspace  ] GC(9) Metaspace: 49120K(51584K)->49120K(51584K) NonClass: 43242K(44544K)->43242K(44544K) Class: 5877K(7040K)->5877K(7040K)
[2023-04-12T14:44:52.145+0100][gc            ] GC(9) Pause Young (Normal) (G1 Evacuation Pause) 195M->146M(1024M) 17.368ms
[2023-04-12T14:44:52.145+0100][gc,cpu        ] GC(9) User=0.03s Sys=0.03s Real=0.02s
[2023-04-12T15:15:32.327+0100][gc,start      ] GC(10) Pause Young (Normal) (G1 Evacuation Pause)
[2023-04-12T15:15:32.328+0100][gc,task       ] GC(10) Using 8 workers of 8 for evacuation
[2023-04-12T15:15:32.344+0100][gc,phases     ] GC(10)   Pre Evacuate Collection Set: 0.0ms
[2023-04-12T15:15:32.344+0100][gc,phases     ] GC(10)   Evacuate Collection Set: 12.7ms
[2023-04-12T15:15:32.344+0100][gc,phases     ] GC(10)   Post Evacuate Collection Set: 3.3ms
[2023-04-12T15:15:32.344+0100][gc,phases     ] GC(10)   Other: 0.6ms
[2023-04-12T15:15:32.344+0100][gc,heap       ] GC(10) Eden regions: 49->0(48)
[2023-04-12T15:15:32.344+0100][gc,heap       ] GC(10) Survivor regions: 2->3(7)
[2023-04-12T15:15:32.344+0100][gc,heap       ] GC(10) Old regions: 16->16
[2023-04-12T15:15:32.344+0100][gc,heap       ] GC(10) Humongous regions: 129->129
[2023-04-12T15:15:32.344+0100][gc,metaspace  ] GC(10) Metaspace: 50484K(53248K)->50484K(53248K) NonClass: 44394K(45824K)->44394K(45824K) Class: 6090K(7424K)->6090K(7424K)
[2023-04-12T15:15:32.344+0100][gc            ] GC(10) Pause Young (Normal) (G1 Evacuation Pause) 195M->147M(1024M) 16.846ms
[2023-04-12T15:15:32.344+0100][gc,cpu        ] GC(10) User=0.03s Sys=0.00s Real=0.02s
[2023-04-12T15:18:29.785+0100][gc,start      ] GC(11) Pause Young (Normal) (G1 Evacuation Pause)
[2023-04-12T15:18:29.786+0100][gc,task       ] GC(11) Using 8 workers of 8 for evacuation
[2023-04-12T15:18:29.803+0100][gc,phases     ] GC(11)   Pre Evacuate Collection Set: 2.0ms
[2023-04-12T15:18:29.803+0100][gc,phases     ] GC(11)   Evacuate Collection Set: 12.4ms
[2023-04-12T15:18:29.803+0100][gc,phases     ] GC(11)   Post Evacuate Collection Set: 1.9ms
[2023-04-12T15:18:29.803+0100][gc,phases     ] GC(11)   Other: 2.0ms
[2023-04-12T15:18:29.803+0100][gc,heap       ] GC(11) Eden regions: 48->0(47)
[2023-04-12T15:18:29.803+0100][gc,heap       ] GC(11) Survivor regions: 3->4(7)
[2023-04-12T15:18:29.803+0100][gc,heap       ] GC(11) Old regions: 16->16
[2023-04-12T15:18:29.803+0100][gc,heap       ] GC(11) Humongous regions: 129->129
[2023-04-12T15:18:29.803+0100][gc,metaspace  ] GC(11) Metaspace: 50701K(53504K)->50701K(53504K) NonClass: 44603K(46080K)->44603K(46080K) Class: 6098K(7424K)->6098K(7424K)
[2023-04-12T15:18:29.803+0100][gc            ] GC(11) Pause Young (Normal) (G1 Evacuation Pause) 195M->147M(1024M) 18.476ms
[2023-04-12T15:18:29.803+0100][gc,cpu        ] GC(11) User=0.03s Sys=0.02s Real=0.02s
[2023-04-12T15:21:47.408+0100][gc,start      ] GC(12) Pause Young (Normal) (G1 Evacuation Pause)
[2023-04-12T15:21:47.409+0100][gc,task       ] GC(12) Using 8 workers of 8 for evacuation
[2023-04-12T15:21:47.425+0100][gc,phases     ] GC(12)   Pre Evacuate Collection Set: 0.0ms
[2023-04-12T15:21:47.425+0100][gc,phases     ] GC(12)   Evacuate Collection Set: 14.0ms
[2023-04-12T15:21:47.425+0100][gc,phases     ] GC(12)   Post Evacuate Collection Set: 1.7ms
[2023-04-12T15:21:47.425+0100][gc,phases     ] GC(12)   Other: 1.1ms
[2023-04-12T15:21:47.425+0100][gc,heap       ] GC(12) Eden regions: 47->0(49)
[2023-04-12T15:21:47.425+0100][gc,heap       ] GC(12) Survivor regions: 4->4(7)
[2023-04-12T15:21:47.425+0100][gc,heap       ] GC(12) Old regions: 16->16
[2023-04-12T15:21:47.425+0100][gc,heap       ] GC(12) Humongous regions: 129->129
[2023-04-12T15:21:47.425+0100][gc,metaspace  ] GC(12) Metaspace: 50852K(53504K)->50852K(53504K) NonClass: 44730K(46080K)->44730K(46080K) Class: 6122K(7424K)->6122K(7424K)
[2023-04-12T15:21:47.425+0100][gc            ] GC(12) Pause Young (Normal) (G1 Evacuation Pause) 194M->147M(1024M) 17.027ms
[2023-04-12T15:21:47.425+0100][gc,cpu        ] GC(12) User=0.04s Sys=0.01s Real=0.02s
[2023-04-12T15:25:00.576+0100][gc,start      ] GC(13) Pause Young (Normal) (G1 Evacuation Pause)
[2023-04-12T15:25:00.576+0100][gc,task       ] GC(13) Using 8 workers of 8 for evacuation
[2023-04-12T15:25:00.591+0100][gc,phases     ] GC(13)   Pre Evacuate Collection Set: 0.0ms
[2023-04-12T15:25:00.592+0100][gc,phases     ] GC(13)   Evacuate Collection Set: 13.2ms
[2023-04-12T15:25:00.592+0100][gc,phases     ] GC(13)   Post Evacuate Collection Set: 1.5ms
[2023-04-12T15:25:00.592+0100][gc,phases     ] GC(13)   Other: 0.4ms
[2023-04-12T15:25:00.592+0100][gc,heap       ] GC(13) Eden regions: 49->0(56)
[2023-04-12T15:25:00.592+0100][gc,heap       ] GC(13) Survivor regions: 4->4(7)
[2023-04-12T15:25:00.592+0100][gc,heap       ] GC(13) Old regions: 16->16
[2023-04-12T15:25:00.592+0100][gc,heap       ] GC(13) Humongous regions: 129->129
[2023-04-12T15:25:00.592+0100][gc,metaspace  ] GC(13) Metaspace: 50968K(53760K)->50968K(53760K) NonClass: 44819K(46336K)->44819K(46336K) Class: 6148K(7424K)->6148K(7424K)
[2023-04-12T15:25:00.592+0100][gc            ] GC(13) Pause Young (Normal) (G1 Evacuation Pause) 196M->147M(1024M) 15.430ms
[2023-04-12T15:25:00.592+0100][gc,cpu        ] GC(13) User=0.05s Sys=0.01s Real=0.02s
[2023-04-12T15:28:34.481+0100][gc,start      ] GC(14) Pause Young (Normal) (G1 Evacuation Pause)
[2023-04-12T15:28:34.481+0100][gc,task       ] GC(14) Using 8 workers of 8 for evacuation
[2023-04-12T15:28:34.493+0100][gc,phases     ] GC(14)   Pre Evacuate Collection Set: 0.0ms
[2023-04-12T15:28:34.493+0100][gc,phases     ] GC(14)   Evacuate Collection Set: 9.9ms
[2023-04-12T15:28:34.493+0100][gc,phases     ] GC(14)   Post Evacuate Collection Set: 1.5ms
[2023-04-12T15:28:34.493+0100][gc,phases     ] GC(14)   Other: 0.4ms
[2023-04-12T15:28:34.493+0100][gc,heap       ] GC(14) Eden regions: 56->0(63)
[2023-04-12T15:28:34.493+0100][gc,heap       ] GC(14) Survivor regions: 4->4(8)
[2023-04-12T15:28:34.493+0100][gc,heap       ] GC(14) Old regions: 16->16
[2023-04-12T15:28:34.493+0100][gc,heap       ] GC(14) Humongous regions: 129->129
[2023-04-12T15:28:34.493+0100][gc,metaspace  ] GC(14) Metaspace: 50991K(53760K)->50991K(53760K) NonClass: 44842K(46336K)->44842K(46336K) Class: 6148K(7424K)->6148K(7424K)
[2023-04-12T15:28:34.493+0100][gc            ] GC(14) Pause Young (Normal) (G1 Evacuation Pause) 203M->147M(1024M) 12.158ms
[2023-04-12T15:28:34.493+0100][gc,cpu        ] GC(14) User=0.04s Sys=0.00s Real=0.01s
[2023-04-12T15:49:49.790+0100][gc,start      ] GC(15) Pause Young (Normal) (G1 Evacuation Pause)
[2023-04-12T15:49:49.791+0100][gc,task       ] GC(15) Using 8 workers of 8 for evacuation
[2023-04-12T15:49:49.804+0100][gc,phases     ] GC(15)   Pre Evacuate Collection Set: 0.0ms
[2023-04-12T15:49:49.804+0100][gc,phases     ] GC(15)   Evacuate Collection Set: 10.3ms
[2023-04-12T15:49:49.804+0100][gc,phases     ] GC(15)   Post Evacuate Collection Set: 1.7ms
[2023-04-12T15:49:49.804+0100][gc,phases     ] GC(15)   Other: 1.5ms
[2023-04-12T15:49:49.804+0100][gc,heap       ] GC(15) Eden regions: 63->0(74)
[2023-04-12T15:49:49.804+0100][gc,heap       ] GC(15) Survivor regions: 4->4(9)
[2023-04-12T15:49:49.804+0100][gc,heap       ] GC(15) Old regions: 16->16
[2023-04-12T15:49:49.804+0100][gc,heap       ] GC(15) Humongous regions: 129->129
[2023-04-12T15:49:49.804+0100][gc,metaspace  ] GC(15) Metaspace: 51030K(53760K)->51030K(53760K) NonClass: 44881K(46336K)->44881K(46336K) Class: 6149K(7424K)->6149K(7424K)
[2023-04-12T15:49:49.804+0100][gc            ] GC(15) Pause Young (Normal) (G1 Evacuation Pause) 210M->148M(1024M) 13.748ms
[2023-04-12T15:49:49.804+0100][gc,cpu        ] GC(15) User=0.04s Sys=0.00s Real=0.01s
