[2023-04-17T12:32:59.774+0100][gc,heap] Heap region size: 1M
[2023-04-17T12:32:59.786+0100][gc     ] Using G1
[2023-04-17T12:32:59.786+0100][gc,heap,coops] Heap address: 0x00000007c0000000, size: 1024 MB, Compressed Oops mode: Zero based, Oop shift amount: 3
[2023-04-17T12:33:01.145+0100][gc,start     ] GC(0) Pause Young (Concurrent Start) (Metadata GC Threshold)
[2023-04-17T12:33:01.146+0100][gc,task      ] GC(0) Using 8 workers of 8 for evacuation
[2023-04-17T12:33:01.156+0100][gc,phases    ] GC(0)   Pre Evacuate Collection Set: 0.0ms
[2023-04-17T12:33:01.156+0100][gc,phases    ] GC(0)   Evacuate Collection Set: 9.1ms
[2023-04-17T12:33:01.156+0100][gc,phases    ] GC(0)   Post Evacuate Collection Set: 0.4ms
[2023-04-17T12:33:01.156+0100][gc,phases    ] GC(0)   Other: 0.8ms
[2023-04-17T12:33:01.156+0100][gc,heap      ] GC(0) Eden regions: 47->0(44)
[2023-04-17T12:33:01.156+0100][gc,heap      ] GC(0) Survivor regions: 0->7(7)
[2023-04-17T12:33:01.156+0100][gc,heap      ] GC(0) Old regions: 0->0
[2023-04-17T12:33:01.156+0100][gc,heap      ] GC(0) Humongous regions: 0->0
[2023-04-17T12:33:01.156+0100][gc,metaspace ] GC(0) Metaspace: 20636K(21248K)->20636K(21248K) NonClass: 18349K(18688K)->18349K(18688K) Class: 2286K(2560K)->2286K(2560K)
[2023-04-17T12:33:01.156+0100][gc           ] GC(0) Pause Young (Concurrent Start) (Metadata GC Threshold) 47M->6M(1024M) 10.600ms
[2023-04-17T12:33:01.156+0100][gc,cpu       ] GC(0) User=0.03s Sys=0.01s Real=0.01s
[2023-04-17T12:33:01.156+0100][gc           ] GC(1) Concurrent Cycle
[2023-04-17T12:33:01.156+0100][gc,marking   ] GC(1) Concurrent Clear Claimed Marks
[2023-04-17T12:33:01.156+0100][gc,marking   ] GC(1) Concurrent Clear Claimed Marks 0.030ms
[2023-04-17T12:33:01.156+0100][gc,marking   ] GC(1) Concurrent Scan Root Regions
[2023-04-17T12:33:01.159+0100][gc,marking   ] GC(1) Concurrent Scan Root Regions 2.313ms
[2023-04-17T12:33:01.159+0100][gc,marking   ] GC(1) Concurrent Mark (1.394s)
[2023-04-17T12:33:01.159+0100][gc,marking   ] GC(1) Concurrent Mark From Roots
[2023-04-17T12:33:01.159+0100][gc,task      ] GC(1) Using 2 workers of 2 for marking
[2023-04-17T12:33:01.159+0100][gc,marking   ] GC(1) Concurrent Mark From Roots 0.216ms
[2023-04-17T12:33:01.159+0100][gc,marking   ] GC(1) Concurrent Preclean
[2023-04-17T12:33:01.159+0100][gc,marking   ] GC(1) Concurrent Preclean 0.044ms
[2023-04-17T12:33:01.159+0100][gc,marking   ] GC(1) Concurrent Mark (1.394s, 1.395s) 0.332ms
[2023-04-17T12:33:01.159+0100][gc,start     ] GC(1) Pause Remark
[2023-04-17T12:33:01.162+0100][gc,stringtable] GC(1) Cleaned string and symbol table, strings: 7058 processed, 0 removed, symbols: 65710 processed, 28 removed
[2023-04-17T12:33:01.163+0100][gc            ] GC(1) Pause Remark 7M->7M(1024M) 3.605ms
[2023-04-17T12:33:01.163+0100][gc,cpu        ] GC(1) User=0.01s Sys=0.00s Real=0.01s
[2023-04-17T12:33:01.163+0100][gc,marking    ] GC(1) Concurrent Rebuild Remembered Sets
[2023-04-17T12:33:01.163+0100][gc,marking    ] GC(1) Concurrent Rebuild Remembered Sets 0.096ms
[2023-04-17T12:33:01.163+0100][gc,start      ] GC(1) Pause Cleanup
[2023-04-17T12:33:01.163+0100][gc            ] GC(1) Pause Cleanup 7M->7M(1024M) 0.142ms
[2023-04-17T12:33:01.163+0100][gc,cpu        ] GC(1) User=0.00s Sys=0.00s Real=0.00s
[2023-04-17T12:33:01.163+0100][gc,marking    ] GC(1) Concurrent Cleanup for Next Mark
[2023-04-17T12:33:01.171+0100][gc,marking    ] GC(1) Concurrent Cleanup for Next Mark 7.485ms
[2023-04-17T12:33:01.171+0100][gc            ] GC(1) Concurrent Cycle 14.855ms
[2023-04-17T12:33:02.383+0100][gc,start      ] GC(2) Pause Young (Normal) (G1 Evacuation Pause)
[2023-04-17T12:33:02.383+0100][gc,task       ] GC(2) Using 8 workers of 8 for evacuation
[2023-04-17T12:33:02.395+0100][gc,phases     ] GC(2)   Pre Evacuate Collection Set: 0.0ms
[2023-04-17T12:33:02.395+0100][gc,phases     ] GC(2)   Evacuate Collection Set: 10.7ms
[2023-04-17T12:33:02.395+0100][gc,phases     ] GC(2)   Post Evacuate Collection Set: 0.5ms
[2023-04-17T12:33:02.395+0100][gc,phases     ] GC(2)   Other: 0.3ms
[2023-04-17T12:33:02.395+0100][gc,heap       ] GC(2) Eden regions: 44->0(48)
[2023-04-17T12:33:02.395+0100][gc,heap       ] GC(2) Survivor regions: 7->3(7)
[2023-04-17T12:33:02.395+0100][gc,heap       ] GC(2) Old regions: 0->7
[2023-04-17T12:33:02.395+0100][gc,heap       ] GC(2) Humongous regions: 129->129
[2023-04-17T12:33:02.395+0100][gc,metaspace  ] GC(2) Metaspace: 29129K(29952K)->29129K(29952K) NonClass: 25689K(26112K)->25689K(26112K) Class: 3440K(3840K)->3440K(3840K)
[2023-04-17T12:33:02.395+0100][gc            ] GC(2) Pause Young (Normal) (G1 Evacuation Pause) 179M->138M(1024M) 11.660ms
[2023-04-17T12:33:02.395+0100][gc,cpu        ] GC(2) User=0.03s Sys=0.00s Real=0.01s
[2023-04-17T12:33:02.904+0100][gc,start      ] GC(3) Pause Young (Concurrent Start) (Metadata GC Threshold)
[2023-04-17T12:33:02.904+0100][gc,task       ] GC(3) Using 8 workers of 8 for evacuation
[2023-04-17T12:33:02.914+0100][gc,phases     ] GC(3)   Pre Evacuate Collection Set: 0.0ms
[2023-04-17T12:33:02.914+0100][gc,phases     ] GC(3)   Evacuate Collection Set: 10.1ms
[2023-04-17T12:33:02.914+0100][gc,phases     ] GC(3)   Post Evacuate Collection Set: 0.4ms
[2023-04-17T12:33:02.914+0100][gc,phases     ] GC(3)   Other: 0.2ms
[2023-04-17T12:33:02.914+0100][gc,heap       ] GC(3) Eden regions: 34->0(46)
[2023-04-17T12:33:02.914+0100][gc,heap       ] GC(3) Survivor regions: 3->5(7)
[2023-04-17T12:33:02.914+0100][gc,heap       ] GC(3) Old regions: 7->7
[2023-04-17T12:33:02.914+0100][gc,heap       ] GC(3) Humongous regions: 129->129
[2023-04-17T12:33:02.914+0100][gc,metaspace  ] GC(3) Metaspace: 34887K(35840K)->34887K(35840K) NonClass: 30949K(31488K)->30949K(31488K) Class: 3937K(4352K)->3937K(4352K)
[2023-04-17T12:33:02.915+0100][gc            ] GC(3) Pause Young (Concurrent Start) (Metadata GC Threshold) 172M->139M(1024M) 10.897ms
[2023-04-17T12:33:02.915+0100][gc,cpu        ] GC(3) User=0.03s Sys=0.00s Real=0.01s
[2023-04-17T12:33:02.915+0100][gc            ] GC(4) Concurrent Cycle
[2023-04-17T12:33:02.915+0100][gc,marking    ] GC(4) Concurrent Clear Claimed Marks
[2023-04-17T12:33:02.915+0100][gc,marking    ] GC(4) Concurrent Clear Claimed Marks 0.032ms
[2023-04-17T12:33:02.915+0100][gc,marking    ] GC(4) Concurrent Scan Root Regions
[2023-04-17T12:33:02.919+0100][gc,marking    ] GC(4) Concurrent Scan Root Regions 4.475ms
[2023-04-17T12:33:02.919+0100][gc,marking    ] GC(4) Concurrent Mark (3.155s)
[2023-04-17T12:33:02.919+0100][gc,marking    ] GC(4) Concurrent Mark From Roots
[2023-04-17T12:33:02.919+0100][gc,task       ] GC(4) Using 2 workers of 2 for marking
[2023-04-17T12:33:02.927+0100][gc,marking    ] GC(4) Concurrent Mark From Roots 8.017ms
[2023-04-17T12:33:02.927+0100][gc,marking    ] GC(4) Concurrent Preclean
[2023-04-17T12:33:02.927+0100][gc,marking    ] GC(4) Concurrent Preclean 0.084ms
[2023-04-17T12:33:02.927+0100][gc,marking    ] GC(4) Concurrent Mark (3.155s, 3.163s) 8.179ms
[2023-04-17T12:33:02.928+0100][gc,start      ] GC(4) Pause Remark
[2023-04-17T12:33:02.939+0100][gc,stringtable] GC(4) Cleaned string and symbol table, strings: 11446 processed, 10 removed, symbols: 97721 processed, 22 removed
[2023-04-17T12:33:02.939+0100][gc            ] GC(4) Pause Remark 140M->140M(1024M) 10.583ms
[2023-04-17T12:33:02.939+0100][gc,cpu        ] GC(4) User=0.03s Sys=0.00s Real=0.01s
[2023-04-17T12:33:02.940+0100][gc,marking    ] GC(4) Concurrent Rebuild Remembered Sets
[2023-04-17T12:33:02.944+0100][gc,marking    ] GC(4) Concurrent Rebuild Remembered Sets 4.109ms
[2023-04-17T12:33:02.944+0100][gc,start      ] GC(4) Pause Cleanup
[2023-04-17T12:33:02.944+0100][gc            ] GC(4) Pause Cleanup 140M->140M(1024M) 0.182ms
[2023-04-17T12:33:02.944+0100][gc,cpu        ] GC(4) User=0.00s Sys=0.00s Real=0.00s
[2023-04-17T12:33:02.944+0100][gc,marking    ] GC(4) Concurrent Cleanup for Next Mark
[2023-04-17T12:33:02.953+0100][gc,marking    ] GC(4) Concurrent Cleanup for Next Mark 8.584ms
[2023-04-17T12:33:02.953+0100][gc            ] GC(4) Concurrent Cycle 38.393ms
[2023-04-17T12:33:03.648+0100][gc,start      ] GC(5) Pause Young (Normal) (G1 Evacuation Pause)
[2023-04-17T12:33:03.648+0100][gc,task       ] GC(5) Using 8 workers of 8 for evacuation
[2023-04-17T12:33:03.656+0100][gc,phases     ] GC(5)   Pre Evacuate Collection Set: 0.0ms
[2023-04-17T12:33:03.656+0100][gc,phases     ] GC(5)   Evacuate Collection Set: 7.4ms
[2023-04-17T12:33:03.656+0100][gc,phases     ] GC(5)   Post Evacuate Collection Set: 0.5ms
[2023-04-17T12:33:03.656+0100][gc,phases     ] GC(5)   Other: 0.3ms
[2023-04-17T12:33:03.656+0100][gc,heap       ] GC(5) Eden regions: 46->0(45)
[2023-04-17T12:33:03.656+0100][gc,heap       ] GC(5) Survivor regions: 5->6(7)
[2023-04-17T12:33:03.656+0100][gc,heap       ] GC(5) Old regions: 7->9
[2023-04-17T12:33:03.656+0100][gc,heap       ] GC(5) Humongous regions: 129->129
[2023-04-17T12:33:03.656+0100][gc,metaspace  ] GC(5) Metaspace: 43009K(44748K)->43009K(44748K) NonClass: 37951K(38912K)->37951K(38912K) Class: 5058K(5836K)->5058K(5836K)
[2023-04-17T12:33:03.656+0100][gc            ] GC(5) Pause Young (Normal) (G1 Evacuation Pause) 185M->142M(1024M) 8.274ms
[2023-04-17T12:33:03.656+0100][gc,cpu        ] GC(5) User=0.02s Sys=0.00s Real=0.01s
[2023-04-17T12:42:32.046+0100][gc,start      ] GC(6) Pause Young (Normal) (G1 Evacuation Pause)
[2023-04-17T12:42:32.047+0100][gc,task       ] GC(6) Using 8 workers of 8 for evacuation
[2023-04-17T12:42:32.061+0100][gc,phases     ] GC(6)   Pre Evacuate Collection Set: 0.4ms
[2023-04-17T12:42:32.061+0100][gc,phases     ] GC(6)   Evacuate Collection Set: 13.2ms
[2023-04-17T12:42:32.061+0100][gc,phases     ] GC(6)   Post Evacuate Collection Set: 0.7ms
[2023-04-17T12:42:32.061+0100][gc,phases     ] GC(6)   Other: 0.7ms
[2023-04-17T12:42:32.061+0100][gc,heap       ] GC(6) Eden regions: 45->0(46)
[2023-04-17T12:42:32.061+0100][gc,heap       ] GC(6) Survivor regions: 6->5(7)
[2023-04-17T12:42:32.061+0100][gc,heap       ] GC(6) Old regions: 9->11
[2023-04-17T12:42:32.061+0100][gc,heap       ] GC(6) Humongous regions: 129->129
[2023-04-17T12:42:32.061+0100][gc,metaspace  ] GC(6) Metaspace: 47435K(49740K)->47435K(49740K) NonClass: 41646K(42752K)->41646K(42752K) Class: 5788K(6988K)->5788K(6988K)
[2023-04-17T12:42:32.061+0100][gc            ] GC(6) Pause Young (Normal) (G1 Evacuation Pause) 187M->144M(1024M) 15.239ms
[2023-04-17T12:42:32.062+0100][gc,cpu        ] GC(6) User=0.04s Sys=0.01s Real=0.02s
[2023-04-17T13:13:32.344+0100][gc,start      ] GC(7) Pause Young (Normal) (G1 Evacuation Pause)
[2023-04-17T13:13:32.345+0100][gc,task       ] GC(7) Using 8 workers of 8 for evacuation
[2023-04-17T13:13:32.376+0100][gc,mmu        ] GC(7) MMU target violated: 21.0ms (20.0ms/21.0ms)
[2023-04-17T13:13:32.376+0100][gc,phases     ] GC(7)   Pre Evacuate Collection Set: 0.7ms
[2023-04-17T13:13:32.376+0100][gc,phases     ] GC(7)   Evacuate Collection Set: 29.7ms
[2023-04-17T13:13:32.376+0100][gc,phases     ] GC(7)   Post Evacuate Collection Set: 0.7ms
[2023-04-17T13:13:32.376+0100][gc,phases     ] GC(7)   Other: 1.1ms
[2023-04-17T13:13:32.376+0100][gc,heap       ] GC(7) Eden regions: 46->0(48)
[2023-04-17T13:13:32.376+0100][gc,heap       ] GC(7) Survivor regions: 5->3(7)
[2023-04-17T13:13:32.376+0100][gc,heap       ] GC(7) Old regions: 11->14
[2023-04-17T13:13:32.376+0100][gc,heap       ] GC(7) Humongous regions: 129->129
[2023-04-17T13:13:32.376+0100][gc,metaspace  ] GC(7) Metaspace: 48377K(50764K)->48377K(50764K) NonClass: 42509K(43776K)->42509K(43776K) Class: 5867K(6988K)->5867K(6988K)
[2023-04-17T13:13:32.376+0100][gc            ] GC(7) Pause Young (Normal) (G1 Evacuation Pause) 190M->145M(1024M) 32.200ms
[2023-04-17T13:13:32.376+0100][gc,cpu        ] GC(7) User=0.03s Sys=0.05s Real=0.03s
[2023-04-17T13:50:56.266+0100][gc,start      ] GC(8) Pause Young (Normal) (G1 Evacuation Pause)
[2023-04-17T13:50:56.268+0100][gc,task       ] GC(8) Using 8 workers of 8 for evacuation
[2023-04-17T13:50:56.281+0100][gc,phases     ] GC(8)   Pre Evacuate Collection Set: 0.9ms
[2023-04-17T13:50:56.281+0100][gc,phases     ] GC(8)   Evacuate Collection Set: 10.1ms
[2023-04-17T13:50:56.281+0100][gc,phases     ] GC(8)   Post Evacuate Collection Set: 1.7ms
[2023-04-17T13:50:56.281+0100][gc,phases     ] GC(8)   Other: 2.2ms
[2023-04-17T13:50:56.281+0100][gc,heap       ] GC(8) Eden regions: 48->0(48)
[2023-04-17T13:50:56.281+0100][gc,heap       ] GC(8) Survivor regions: 3->3(7)
[2023-04-17T13:50:56.281+0100][gc,heap       ] GC(8) Old regions: 14->14
[2023-04-17T13:50:56.281+0100][gc,heap       ] GC(8) Humongous regions: 129->129
[2023-04-17T13:50:56.281+0100][gc,metaspace  ] GC(8) Metaspace: 48618K(51148K)->48618K(51148K) NonClass: 42744K(44032K)->42744K(44032K) Class: 5873K(7116K)->5873K(7116K)
[2023-04-17T13:50:56.281+0100][gc            ] GC(8) Pause Young (Normal) (G1 Evacuation Pause) 193M->145M(1024M) 15.130ms
[2023-04-17T13:50:56.281+0100][gc,cpu        ] GC(8) User=0.03s Sys=0.02s Real=0.02s
[2023-04-17T14:29:41.359+0100][gc,start      ] GC(9) Pause Young (Normal) (G1 Evacuation Pause)
[2023-04-17T14:29:41.360+0100][gc,task       ] GC(9) Using 8 workers of 8 for evacuation
[2023-04-17T14:29:41.368+0100][gc,phases     ] GC(9)   Pre Evacuate Collection Set: 0.0ms
[2023-04-17T14:29:41.368+0100][gc,phases     ] GC(9)   Evacuate Collection Set: 5.6ms
[2023-04-17T14:29:41.368+0100][gc,phases     ] GC(9)   Post Evacuate Collection Set: 2.9ms
[2023-04-17T14:29:41.368+0100][gc,phases     ] GC(9)   Other: 0.5ms
[2023-04-17T14:29:41.368+0100][gc,heap       ] GC(9) Eden regions: 48->0(48)
[2023-04-17T14:29:41.368+0100][gc,heap       ] GC(9) Survivor regions: 3->3(7)
[2023-04-17T14:29:41.368+0100][gc,heap       ] GC(9) Old regions: 14->14
[2023-04-17T14:29:41.368+0100][gc,heap       ] GC(9) Humongous regions: 129->129
[2023-04-17T14:29:41.369+0100][gc,metaspace  ] GC(9) Metaspace: 48792K(51404K)->48792K(51404K) NonClass: 42919K(44288K)->42919K(44288K) Class: 5873K(7116K)->5873K(7116K)
[2023-04-17T14:29:41.369+0100][gc            ] GC(9) Pause Young (Normal) (G1 Evacuation Pause) 193M->145M(1024M) 9.237ms
[2023-04-17T14:29:41.369+0100][gc,cpu        ] GC(9) User=0.02s Sys=0.00s Real=0.01s
[2023-04-17T15:08:35.536+0100][gc,start      ] GC(10) Pause Young (Normal) (G1 Evacuation Pause)
[2023-04-17T15:08:35.538+0100][gc,task       ] GC(10) Using 8 workers of 8 for evacuation
[2023-04-17T15:08:35.550+0100][gc,phases     ] GC(10)   Pre Evacuate Collection Set: 0.0ms
[2023-04-17T15:08:35.550+0100][gc,phases     ] GC(10)   Evacuate Collection Set: 9.3ms
[2023-04-17T15:08:35.550+0100][gc,phases     ] GC(10)   Post Evacuate Collection Set: 2.6ms
[2023-04-17T15:08:35.550+0100][gc,phases     ] GC(10)   Other: 1.8ms
[2023-04-17T15:08:35.550+0100][gc,heap       ] GC(10) Eden regions: 48->0(50)
[2023-04-17T15:08:35.550+0100][gc,heap       ] GC(10) Survivor regions: 3->3(7)
[2023-04-17T15:08:35.550+0100][gc,heap       ] GC(10) Old regions: 14->14
[2023-04-17T15:08:35.550+0100][gc,heap       ] GC(10) Humongous regions: 129->129
[2023-04-17T15:08:35.550+0100][gc,metaspace  ] GC(10) Metaspace: 48838K(51404K)->48838K(51404K) NonClass: 42964K(44288K)->42964K(44288K) Class: 5873K(7116K)->5873K(7116K)
[2023-04-17T15:08:35.550+0100][gc            ] GC(10) Pause Young (Normal) (G1 Evacuation Pause) 193M->145M(1024M) 13.964ms
[2023-04-17T15:08:35.550+0100][gc,cpu        ] GC(10) User=0.03s Sys=0.00s Real=0.02s
[2023-04-17T15:49:01.605+0100][gc,start      ] GC(11) Pause Young (Normal) (G1 Evacuation Pause)
[2023-04-17T15:49:01.606+0100][gc,task       ] GC(11) Using 8 workers of 8 for evacuation
[2023-04-17T15:49:01.625+0100][gc,phases     ] GC(11)   Pre Evacuate Collection Set: 1.3ms
[2023-04-17T15:49:01.625+0100][gc,phases     ] GC(11)   Evacuate Collection Set: 14.9ms
[2023-04-17T15:49:01.625+0100][gc,phases     ] GC(11)   Post Evacuate Collection Set: 1.6ms
[2023-04-17T15:49:01.625+0100][gc,phases     ] GC(11)   Other: 1.7ms
[2023-04-17T15:49:01.625+0100][gc,heap       ] GC(11) Eden regions: 50->0(51)
[2023-04-17T15:49:01.625+0100][gc,heap       ] GC(11) Survivor regions: 3->3(7)
[2023-04-17T15:49:01.625+0100][gc,heap       ] GC(11) Old regions: 14->14
[2023-04-17T15:49:01.625+0100][gc,heap       ] GC(11) Humongous regions: 129->129
[2023-04-17T15:49:01.625+0100][gc,metaspace  ] GC(11) Metaspace: 48851K(51404K)->48851K(51404K) NonClass: 42978K(44288K)->42978K(44288K) Class: 5873K(7116K)->5873K(7116K)
[2023-04-17T15:49:01.625+0100][gc            ] GC(11) Pause Young (Normal) (G1 Evacuation Pause) 195M->145M(1024M) 19.564ms
[2023-04-17T15:49:01.625+0100][gc,cpu        ] GC(11) User=0.03s Sys=0.04s Real=0.02s
[2023-04-17T16:15:03.713+0100][gc,start      ] GC(12) Pause Young (Normal) (G1 Evacuation Pause)
[2023-04-17T16:15:03.715+0100][gc,task       ] GC(12) Using 8 workers of 8 for evacuation
[2023-04-17T16:15:03.730+0100][gc,phases     ] GC(12)   Pre Evacuate Collection Set: 1.0ms
[2023-04-17T16:15:03.730+0100][gc,phases     ] GC(12)   Evacuate Collection Set: 12.3ms
[2023-04-17T16:15:03.730+0100][gc,phases     ] GC(12)   Post Evacuate Collection Set: 1.4ms
[2023-04-17T16:15:03.730+0100][gc,phases     ] GC(12)   Other: 1.9ms
[2023-04-17T16:15:03.732+0100][gc,heap       ] GC(12) Eden regions: 51->0(52)
[2023-04-17T16:15:03.732+0100][gc,heap       ] GC(12) Survivor regions: 3->4(7)
[2023-04-17T16:15:03.732+0100][gc,heap       ] GC(12) Old regions: 14->14
[2023-04-17T16:15:03.732+0100][gc,heap       ] GC(12) Humongous regions: 129->129
[2023-04-17T16:15:03.732+0100][gc,metaspace  ] GC(12) Metaspace: 49344K(51916K)->49344K(51916K) NonClass: 43470K(44800K)->43470K(44800K) Class: 5873K(7116K)->5873K(7116K)
[2023-04-17T16:15:03.732+0100][gc            ] GC(12) Pause Young (Normal) (G1 Evacuation Pause) 196M->145M(1024M) 18.600ms
[2023-04-17T16:15:03.732+0100][gc,cpu        ] GC(12) User=0.04s Sys=0.02s Real=0.02s
[2023-04-17T16:39:18.619+0100][gc,start      ] GC(13) Pause Young (Normal) (G1 Evacuation Pause)
[2023-04-17T16:39:18.621+0100][gc,task       ] GC(13) Using 8 workers of 8 for evacuation
[2023-04-17T16:39:18.645+0100][gc,mmu        ] GC(13) MMU target violated: 21.0ms (20.0ms/21.0ms)
[2023-04-17T16:39:18.646+0100][gc,phases     ] GC(13)   Pre Evacuate Collection Set: 1.9ms
[2023-04-17T16:39:18.646+0100][gc,phases     ] GC(13)   Evacuate Collection Set: 19.1ms
[2023-04-17T16:39:18.646+0100][gc,phases     ] GC(13)   Post Evacuate Collection Set: 3.0ms
[2023-04-17T16:39:18.646+0100][gc,phases     ] GC(13)   Other: 2.8ms
[2023-04-17T16:39:18.646+0100][gc,heap       ] GC(13) Eden regions: 52->0(90)
[2023-04-17T16:39:18.646+0100][gc,heap       ] GC(13) Survivor regions: 4->4(7)
[2023-04-17T16:39:18.646+0100][gc,heap       ] GC(13) Old regions: 14->14
[2023-04-17T16:39:18.646+0100][gc,heap       ] GC(13) Humongous regions: 129->129
[2023-04-17T16:39:18.646+0100][gc,metaspace  ] GC(13) Metaspace: 49369K(51916K)->49369K(51916K) NonClass: 43495K(44800K)->43495K(44800K) Class: 5874K(7116K)->5874K(7116K)
[2023-04-17T16:39:18.646+0100][gc            ] GC(13) Pause Young (Normal) (G1 Evacuation Pause) 197M->145M(1024M) 26.868ms
[2023-04-17T16:39:18.646+0100][gc,cpu        ] GC(13) User=0.04s Sys=0.04s Real=0.03s
[2023-04-17T16:46:26.934+0100][gc,start      ] GC(14) Pause Young (Normal) (G1 Evacuation Pause)
[2023-04-17T16:46:26.935+0100][gc,task       ] GC(14) Using 8 workers of 8 for evacuation
[2023-04-17T16:46:26.951+0100][gc,phases     ] GC(14)   Pre Evacuate Collection Set: 0.2ms
[2023-04-17T16:46:26.951+0100][gc,phases     ] GC(14)   Evacuate Collection Set: 13.2ms
[2023-04-17T16:46:26.951+0100][gc,phases     ] GC(14)   Post Evacuate Collection Set: 2.2ms
[2023-04-17T16:46:26.951+0100][gc,phases     ] GC(14)   Other: 1.7ms
[2023-04-17T16:46:26.951+0100][gc,heap       ] GC(14) Eden regions: 65->0(70)
[2023-04-17T16:46:26.951+0100][gc,heap       ] GC(14) Survivor regions: 4->5(9)
[2023-04-17T16:46:26.951+0100][gc,heap       ] GC(14) Old regions: 14->14
[2023-04-17T16:46:26.951+0100][gc,heap       ] GC(14) Humongous regions: 129->129
[2023-04-17T16:46:26.951+0100][gc,metaspace  ] GC(14) Metaspace: 50624K(53452K)->50624K(53452K) NonClass: 44529K(46080K)->44529K(46080K) Class: 6094K(7372K)->6094K(7372K)
[2023-04-17T16:46:26.951+0100][gc            ] GC(14) Pause Young (Normal) (G1 Evacuation Pause) 210M->146M(1024M) 17.372ms
[2023-04-17T16:46:26.952+0100][gc,cpu        ] GC(14) User=0.05s Sys=0.01s Real=0.02s
[2023-04-17T16:53:49.995+0100][gc,start      ] GC(15) Pause Young (Normal) (G1 Evacuation Pause)
[2023-04-17T16:53:49.997+0100][gc,task       ] GC(15) Using 8 workers of 8 for evacuation
[2023-04-17T16:53:50.005+0100][gc,phases     ] GC(15)   Pre Evacuate Collection Set: 0.0ms
[2023-04-17T16:53:50.005+0100][gc,phases     ] GC(15)   Evacuate Collection Set: 6.9ms
[2023-04-17T16:53:50.005+0100][gc,phases     ] GC(15)   Post Evacuate Collection Set: 1.3ms
[2023-04-17T16:53:50.005+0100][gc,phases     ] GC(15)   Other: 1.5ms
[2023-04-17T16:53:50.005+0100][gc,heap       ] GC(15) Eden regions: 58->0(77)
[2023-04-17T16:53:50.005+0100][gc,heap       ] GC(15) Survivor regions: 5->5(8)
[2023-04-17T16:53:50.005+0100][gc,heap       ] GC(15) Old regions: 14->14
[2023-04-17T16:53:50.005+0100][gc,heap       ] GC(15) Humongous regions: 129->129
[2023-04-17T16:53:50.005+0100][gc,metaspace  ] GC(15) Metaspace: 50966K(53836K)->50966K(53836K) NonClass: 44821K(46336K)->44821K(46336K) Class: 6145K(7500K)->6145K(7500K)
[2023-04-17T16:53:50.005+0100][gc            ] GC(15) Pause Young (Normal) (G1 Evacuation Pause) 204M->147M(1024M) 9.950ms
[2023-04-17T16:53:50.005+0100][gc,cpu        ] GC(15) User=0.03s Sys=0.00s Real=0.01s
[2023-04-17T16:58:38.375+0100][gc,start      ] GC(16) Pause Young (Normal) (G1 Evacuation Pause)
[2023-04-17T16:58:38.376+0100][gc,task       ] GC(16) Using 8 workers of 8 for evacuation
[2023-04-17T16:58:38.391+0100][gc,phases     ] GC(16)   Pre Evacuate Collection Set: 0.0ms
[2023-04-17T16:58:38.391+0100][gc,phases     ] GC(16)   Evacuate Collection Set: 12.0ms
[2023-04-17T16:58:38.391+0100][gc,phases     ] GC(16)   Post Evacuate Collection Set: 1.9ms
[2023-04-17T16:58:38.391+0100][gc,phases     ] GC(16)   Other: 1.5ms
[2023-04-17T16:58:38.391+0100][gc,heap       ] GC(16) Eden regions: 77->0(92)
[2023-04-17T16:58:38.391+0100][gc,heap       ] GC(16) Survivor regions: 5->6(11)
[2023-04-17T16:58:38.391+0100][gc,heap       ] GC(16) Old regions: 14->14
[2023-04-17T16:58:38.391+0100][gc,heap       ] GC(16) Humongous regions: 129->129
[2023-04-17T16:58:38.391+0100][gc,metaspace  ] GC(16) Metaspace: 51047K(53836K)->51047K(53836K) NonClass: 44902K(46336K)->44902K(46336K) Class: 6145K(7500K)->6145K(7500K)
[2023-04-17T16:58:38.391+0100][gc            ] GC(16) Pause Young (Normal) (G1 Evacuation Pause) 224M->147M(1024M) 15.663ms
[2023-04-17T16:58:38.391+0100][gc,cpu        ] GC(16) User=0.05s Sys=0.01s Real=0.02s
[2023-04-17T17:04:26.725+0100][gc,start      ] GC(17) Pause Young (Normal) (G1 Evacuation Pause)
[2023-04-17T17:04:26.726+0100][gc,task       ] GC(17) Using 8 workers of 8 for evacuation
[2023-04-17T17:04:26.735+0100][gc,phases     ] GC(17)   Pre Evacuate Collection Set: 0.0ms
[2023-04-17T17:04:26.735+0100][gc,phases     ] GC(17)   Evacuate Collection Set: 7.7ms
[2023-04-17T17:04:26.735+0100][gc,phases     ] GC(17)   Post Evacuate Collection Set: 1.4ms
[2023-04-17T17:04:26.735+0100][gc,phases     ] GC(17)   Other: 1.3ms
[2023-04-17T17:04:26.735+0100][gc,heap       ] GC(17) Eden regions: 92->0(159)
[2023-04-17T17:04:26.735+0100][gc,heap       ] GC(17) Survivor regions: 6->6(13)
[2023-04-17T17:04:26.735+0100][gc,heap       ] GC(17) Old regions: 14->14
[2023-04-17T17:04:26.735+0100][gc,heap       ] GC(17) Humongous regions: 129->129
[2023-04-17T17:04:26.735+0100][gc,metaspace  ] GC(17) Metaspace: 51097K(53836K)->51097K(53836K) NonClass: 44945K(46336K)->44945K(46336K) Class: 6151K(7500K)->6151K(7500K)
[2023-04-17T17:04:26.735+0100][gc            ] GC(17) Pause Young (Normal) (G1 Evacuation Pause) 239M->148M(1024M) 10.592ms
[2023-04-17T17:04:26.735+0100][gc,cpu        ] GC(17) User=0.04s Sys=0.00s Real=0.01s
[2023-04-17T17:22:02.473+0100][gc,start      ] GC(18) Pause Young (Normal) (G1 Evacuation Pause)
[2023-04-17T17:22:02.475+0100][gc,task       ] GC(18) Using 8 workers of 8 for evacuation
[2023-04-17T17:22:02.493+0100][gc,phases     ] GC(18)   Pre Evacuate Collection Set: 0.0ms
[2023-04-17T17:22:02.493+0100][gc,phases     ] GC(18)   Evacuate Collection Set: 16.0ms
[2023-04-17T17:22:02.493+0100][gc,phases     ] GC(18)   Post Evacuate Collection Set: 1.5ms
[2023-04-17T17:22:02.493+0100][gc,phases     ] GC(18)   Other: 1.8ms
[2023-04-17T17:22:02.493+0100][gc,heap       ] GC(18) Eden regions: 159->0(346)
[2023-04-17T17:22:02.493+0100][gc,heap       ] GC(18) Survivor regions: 6->6(21)
[2023-04-17T17:22:02.493+0100][gc,heap       ] GC(18) Old regions: 14->14
[2023-04-17T17:22:02.493+0100][gc,heap       ] GC(18) Humongous regions: 129->129
[2023-04-17T17:22:02.493+0100][gc,metaspace  ] GC(18) Metaspace: 51119K(53836K)->51119K(53836K) NonClass: 44968K(46336K)->44968K(46336K) Class: 6151K(7500K)->6151K(7500K)
[2023-04-17T17:22:02.493+0100][gc            ] GC(18) Pause Young (Normal) (G1 Evacuation Pause) 307M->148M(1024M) 19.511ms
[2023-04-17T17:22:02.493+0100][gc,cpu        ] GC(18) User=0.05s Sys=0.02s Real=0.02s
[2023-04-17T17:44:35.576+0100][gc,start      ] GC(19) Pause Young (Normal) (G1 Evacuation Pause)
[2023-04-17T17:44:35.577+0100][gc,task       ] GC(19) Using 8 workers of 8 for evacuation
[2023-04-17T17:44:35.604+0100][gc,mmu        ] GC(19) MMU target violated: 21.0ms (20.0ms/21.0ms)
[2023-04-17T17:44:35.604+0100][gc,phases     ] GC(19)   Pre Evacuate Collection Set: 0.7ms
[2023-04-17T17:44:35.604+0100][gc,phases     ] GC(19)   Evacuate Collection Set: 21.6ms
[2023-04-17T17:44:35.604+0100][gc,phases     ] GC(19)   Post Evacuate Collection Set: 3.5ms
[2023-04-17T17:44:35.604+0100][gc,phases     ] GC(19)   Other: 1.6ms
[2023-04-17T17:44:35.604+0100][gc,heap       ] GC(19) Eden regions: 346->0(360)
[2023-04-17T17:44:35.604+0100][gc,heap       ] GC(19) Survivor regions: 6->6(44)
[2023-04-17T17:44:35.604+0100][gc,heap       ] GC(19) Old regions: 14->14
[2023-04-17T17:44:35.604+0100][gc,heap       ] GC(19) Humongous regions: 129->129
[2023-04-17T17:44:35.604+0100][gc,metaspace  ] GC(19) Metaspace: 51134K(54092K)->51134K(54092K) NonClass: 44983K(46592K)->44983K(46592K) Class: 6151K(7500K)->6151K(7500K)
[2023-04-17T17:44:35.604+0100][gc            ] GC(19) Pause Young (Normal) (G1 Evacuation Pause) 494M->148M(1024M) 27.461ms
[2023-04-17T17:44:35.604+0100][gc,cpu        ] GC(19) User=0.06s Sys=0.01s Real=0.03s
[2023-04-17T18:08:17.529+0100][gc,start      ] GC(20) Pause Young (Normal) (G1 Evacuation Pause)
[2023-04-17T18:08:17.531+0100][gc,task       ] GC(20) Using 8 workers of 8 for evacuation
[2023-04-17T18:08:17.553+0100][gc,mmu        ] GC(20) MMU target violated: 21.0ms (20.0ms/21.0ms)
[2023-04-17T18:08:17.553+0100][gc,phases     ] GC(20)   Pre Evacuate Collection Set: 0.1ms
[2023-04-17T18:08:17.553+0100][gc,phases     ] GC(20)   Evacuate Collection Set: 19.1ms
[2023-04-17T18:08:17.553+0100][gc,phases     ] GC(20)   Post Evacuate Collection Set: 1.8ms
[2023-04-17T18:08:17.553+0100][gc,phases     ] GC(20)   Other: 2.5ms
[2023-04-17T18:08:17.553+0100][gc,heap       ] GC(20) Eden regions: 360->0(362)
[2023-04-17T18:08:17.553+0100][gc,heap       ] GC(20) Survivor regions: 6->6(46)
[2023-04-17T18:08:17.553+0100][gc,heap       ] GC(20) Old regions: 14->14
[2023-04-17T18:08:17.553+0100][gc,heap       ] GC(20) Humongous regions: 129->129
[2023-04-17T18:08:17.553+0100][gc,metaspace  ] GC(20) Metaspace: 51154K(54092K)->51154K(54092K) NonClass: 45002K(46592K)->45002K(46592K) Class: 6151K(7500K)->6151K(7500K)
[2023-04-17T18:08:17.553+0100][gc            ] GC(20) Pause Young (Normal) (G1 Evacuation Pause) 508M->148M(1024M) 23.621ms
[2023-04-17T18:08:17.553+0100][gc,cpu        ] GC(20) User=0.05s Sys=0.02s Real=0.03s
[2023-04-17T18:31:57.747+0100][gc,start      ] GC(21) Pause Young (Normal) (G1 Evacuation Pause)
[2023-04-17T18:31:57.749+0100][gc,task       ] GC(21) Using 8 workers of 8 for evacuation
[2023-04-17T18:31:57.766+0100][gc,phases     ] GC(21)   Pre Evacuate Collection Set: 0.1ms
[2023-04-17T18:31:57.766+0100][gc,phases     ] GC(21)   Evacuate Collection Set: 14.4ms
[2023-04-17T18:31:57.766+0100][gc,phases     ] GC(21)   Post Evacuate Collection Set: 2.2ms
[2023-04-17T18:31:57.766+0100][gc,phases     ] GC(21)   Other: 2.1ms
[2023-04-17T18:31:57.766+0100][gc,heap       ] GC(21) Eden regions: 362->0(367)
[2023-04-17T18:31:57.766+0100][gc,heap       ] GC(21) Survivor regions: 6->5(46)
[2023-04-17T18:31:57.766+0100][gc,heap       ] GC(21) Old regions: 14->16
[2023-04-17T18:31:57.766+0100][gc,heap       ] GC(21) Humongous regions: 129->129
[2023-04-17T18:31:57.766+0100][gc,metaspace  ] GC(21) Metaspace: 51161K(54092K)->51161K(54092K) NonClass: 45010K(46592K)->45010K(46592K) Class: 6151K(7500K)->6151K(7500K)
[2023-04-17T18:31:57.766+0100][gc            ] GC(21) Pause Young (Normal) (G1 Evacuation Pause) 510M->148M(1024M) 18.928ms
[2023-04-17T18:31:57.766+0100][gc,cpu        ] GC(21) User=0.05s Sys=0.01s Real=0.02s
[2023-04-17T18:55:56.087+0100][gc,start      ] GC(22) Pause Young (Normal) (G1 Evacuation Pause)
[2023-04-17T18:55:56.088+0100][gc,task       ] GC(22) Using 8 workers of 8 for evacuation
[2023-04-17T18:55:56.101+0100][gc,phases     ] GC(22)   Pre Evacuate Collection Set: 0.0ms
[2023-04-17T18:55:56.101+0100][gc,phases     ] GC(22)   Evacuate Collection Set: 11.1ms
[2023-04-17T18:55:56.101+0100][gc,phases     ] GC(22)   Post Evacuate Collection Set: 2.1ms
[2023-04-17T18:55:56.101+0100][gc,phases     ] GC(22)   Other: 1.1ms
[2023-04-17T18:55:56.101+0100][gc,heap       ] GC(22) Eden regions: 367->0(610)
[2023-04-17T18:55:56.101+0100][gc,heap       ] GC(22) Survivor regions: 5->4(47)
[2023-04-17T18:55:56.101+0100][gc,heap       ] GC(22) Old regions: 16->16
[2023-04-17T18:55:56.101+0100][gc,heap       ] GC(22) Humongous regions: 129->129
[2023-04-17T18:55:56.101+0100][gc,metaspace  ] GC(22) Metaspace: 51162K(54092K)->51162K(54092K) NonClass: 45011K(46592K)->45011K(46592K) Class: 6151K(7500K)->6151K(7500K)
[2023-04-17T18:55:56.102+0100][gc            ] GC(22) Pause Young (Normal) (G1 Evacuation Pause) 515M->148M(1024M) 14.460ms
[2023-04-17T18:55:56.102+0100][gc,cpu        ] GC(22) User=0.02s Sys=0.00s Real=0.02s
[2023-04-17T19:34:59.901+0100][gc,start      ] GC(23) Pause Young (Normal) (G1 Evacuation Pause)
[2023-04-17T19:34:59.902+0100][gc,task       ] GC(23) Using 8 workers of 8 for evacuation
[2023-04-17T19:34:59.916+0100][gc,phases     ] GC(23)   Pre Evacuate Collection Set: 0.0ms
[2023-04-17T19:34:59.916+0100][gc,phases     ] GC(23)   Evacuate Collection Set: 10.5ms
[2023-04-17T19:34:59.916+0100][gc,phases     ] GC(23)   Post Evacuate Collection Set: 2.7ms
[2023-04-17T19:34:59.916+0100][gc,phases     ] GC(23)   Other: 1.7ms
[2023-04-17T19:34:59.916+0100][gc,heap       ] GC(23) Eden regions: 610->0(610)
[2023-04-17T19:34:59.916+0100][gc,heap       ] GC(23) Survivor regions: 4->4(77)
[2023-04-17T19:34:59.916+0100][gc,heap       ] GC(23) Old regions: 16->16
[2023-04-17T19:34:59.916+0100][gc,heap       ] GC(23) Humongous regions: 129->129
[2023-04-17T19:34:59.916+0100][gc,metaspace  ] GC(23) Metaspace: 51178K(54092K)->51178K(54092K) NonClass: 45026K(46592K)->45026K(46592K) Class: 6151K(7500K)->6151K(7500K)
[2023-04-17T19:34:59.916+0100][gc            ] GC(23) Pause Young (Normal) (G1 Evacuation Pause) 758M->148M(1024M) 15.081ms
[2023-04-17T19:34:59.916+0100][gc,cpu        ] GC(23) User=0.03s Sys=0.01s Real=0.01s
[2023-04-17T20:14:29.343+0100][gc,start      ] GC(24) Pause Young (Normal) (G1 Evacuation Pause)
[2023-04-17T20:14:29.344+0100][gc,task       ] GC(24) Using 8 workers of 8 for evacuation
[2023-04-17T20:14:29.362+0100][gc,phases     ] GC(24)   Pre Evacuate Collection Set: 0.8ms
[2023-04-17T20:14:29.362+0100][gc,phases     ] GC(24)   Evacuate Collection Set: 13.6ms
[2023-04-17T20:14:29.362+0100][gc,phases     ] GC(24)   Post Evacuate Collection Set: 2.3ms
[2023-04-17T20:14:29.362+0100][gc,phases     ] GC(24)   Other: 2.1ms
[2023-04-17T20:14:29.362+0100][gc,heap       ] GC(24) Eden regions: 610->0(610)
[2023-04-17T20:14:29.362+0100][gc,heap       ] GC(24) Survivor regions: 4->4(77)
[2023-04-17T20:14:29.362+0100][gc,heap       ] GC(24) Old regions: 16->16
[2023-04-17T20:14:29.362+0100][gc,heap       ] GC(24) Humongous regions: 129->129
[2023-04-17T20:14:29.362+0100][gc,metaspace  ] GC(24) Metaspace: 51197K(54092K)->51197K(54092K) NonClass: 45045K(46592K)->45045K(46592K) Class: 6151K(7500K)->6151K(7500K)
[2023-04-17T20:14:29.362+0100][gc            ] GC(24) Pause Young (Normal) (G1 Evacuation Pause) 758M->148M(1024M) 18.986ms
[2023-04-17T20:14:29.362+0100][gc,cpu        ] GC(24) User=0.04s Sys=0.02s Real=0.02s
[2023-04-17T20:53:58.334+0100][gc,start      ] GC(25) Pause Young (Normal) (G1 Evacuation Pause)
[2023-04-17T20:53:58.336+0100][gc,task       ] GC(25) Using 8 workers of 8 for evacuation
[2023-04-17T20:53:58.350+0100][gc,phases     ] GC(25)   Pre Evacuate Collection Set: 0.1ms
[2023-04-17T20:53:58.350+0100][gc,phases     ] GC(25)   Evacuate Collection Set: 10.3ms
[2023-04-17T20:53:58.350+0100][gc,phases     ] GC(25)   Post Evacuate Collection Set: 2.8ms
[2023-04-17T20:53:58.350+0100][gc,phases     ] GC(25)   Other: 2.1ms
[2023-04-17T20:53:58.350+0100][gc,heap       ] GC(25) Eden regions: 610->0(610)
[2023-04-17T20:53:58.350+0100][gc,heap       ] GC(25) Survivor regions: 4->4(77)
[2023-04-17T20:53:58.350+0100][gc,heap       ] GC(25) Old regions: 16->16
[2023-04-17T20:53:58.350+0100][gc,heap       ] GC(25) Humongous regions: 129->129
[2023-04-17T20:53:58.350+0100][gc,metaspace  ] GC(25) Metaspace: 51224K(54092K)->51224K(54092K) NonClass: 45072K(46592K)->45072K(46592K) Class: 6151K(7500K)->6151K(7500K)
[2023-04-17T20:53:58.350+0100][gc            ] GC(25) Pause Young (Normal) (G1 Evacuation Pause) 758M->148M(1024M) 15.521ms
[2023-04-17T20:53:58.350+0100][gc,cpu        ] GC(25) User=0.04s Sys=0.01s Real=0.02s
[2023-04-17T21:33:41.818+0100][gc,start      ] GC(26) Pause Young (Normal) (G1 Evacuation Pause)
[2023-04-17T21:33:41.819+0100][gc,task       ] GC(26) Using 8 workers of 8 for evacuation
[2023-04-17T21:33:41.830+0100][gc,phases     ] GC(26)   Pre Evacuate Collection Set: 0.0ms
[2023-04-17T21:33:41.830+0100][gc,phases     ] GC(26)   Evacuate Collection Set: 9.0ms
[2023-04-17T21:33:41.830+0100][gc,phases     ] GC(26)   Post Evacuate Collection Set: 2.4ms
[2023-04-17T21:33:41.830+0100][gc,phases     ] GC(26)   Other: 0.8ms
[2023-04-17T21:33:41.830+0100][gc,heap       ] GC(26) Eden regions: 610->0(610)
[2023-04-17T21:33:41.830+0100][gc,heap       ] GC(26) Survivor regions: 4->4(77)
[2023-04-17T21:33:41.830+0100][gc,heap       ] GC(26) Old regions: 16->16
[2023-04-17T21:33:41.830+0100][gc,heap       ] GC(26) Humongous regions: 129->129
[2023-04-17T21:33:41.830+0100][gc,metaspace  ] GC(26) Metaspace: 51245K(54092K)->51245K(54092K) NonClass: 45092K(46592K)->45092K(46592K) Class: 6152K(7500K)->6152K(7500K)
[2023-04-17T21:33:41.830+0100][gc            ] GC(26) Pause Young (Normal) (G1 Evacuation Pause) 758M->148M(1024M) 12.442ms
[2023-04-17T21:33:41.830+0100][gc,cpu        ] GC(26) User=0.03s Sys=0.01s Real=0.02s
[2023-04-17T22:13:10.380+0100][gc,start      ] GC(27) Pause Young (Normal) (G1 Evacuation Pause)
[2023-04-17T22:13:10.381+0100][gc,task       ] GC(27) Using 8 workers of 8 for evacuation
[2023-04-17T22:13:10.394+0100][gc,phases     ] GC(27)   Pre Evacuate Collection Set: 0.1ms
[2023-04-17T22:13:10.394+0100][gc,phases     ] GC(27)   Evacuate Collection Set: 10.3ms
[2023-04-17T22:13:10.394+0100][gc,phases     ] GC(27)   Post Evacuate Collection Set: 2.0ms
[2023-04-17T22:13:10.394+0100][gc,phases     ] GC(27)   Other: 1.7ms
[2023-04-17T22:13:10.394+0100][gc,heap       ] GC(27) Eden regions: 610->0(610)
[2023-04-17T22:13:10.394+0100][gc,heap       ] GC(27) Survivor regions: 4->4(77)
[2023-04-17T22:13:10.394+0100][gc,heap       ] GC(27) Old regions: 16->16
[2023-04-17T22:13:10.394+0100][gc,heap       ] GC(27) Humongous regions: 129->129
[2023-04-17T22:13:10.394+0100][gc,metaspace  ] GC(27) Metaspace: 51245K(54092K)->51245K(54092K) NonClass: 45092K(46592K)->45092K(46592K) Class: 6152K(7500K)->6152K(7500K)
[2023-04-17T22:13:10.394+0100][gc            ] GC(27) Pause Young (Normal) (G1 Evacuation Pause) 758M->148M(1024M) 14.239ms
[2023-04-17T22:13:10.394+0100][gc,cpu        ] GC(27) User=0.04s Sys=0.01s Real=0.01s
