[2023-04-20T17:52:30.162+0100][gc,heap] Heap region size: 1M
[2023-04-20T17:52:30.175+0100][gc     ] Using G1
[2023-04-20T17:52:30.176+0100][gc,heap,coops] Heap address: 0x00000007c0000000, size: 1024 MB, Compressed Oops mode: Zero based, Oop shift amount: 3
[2023-04-20T17:52:31.347+0100][gc,start     ] GC(0) Pause Young (Concurrent Start) (Metadata GC Threshold)
[2023-04-20T17:52:31.348+0100][gc,task      ] GC(0) Using 8 workers of 8 for evacuation
[2023-04-20T17:52:31.357+0100][gc,phases    ] GC(0)   Pre Evacuate Collection Set: 0.0ms
[2023-04-20T17:52:31.357+0100][gc,phases    ] GC(0)   Evacuate Collection Set: 8.2ms
[2023-04-20T17:52:31.357+0100][gc,phases    ] GC(0)   Post Evacuate Collection Set: 0.6ms
[2023-04-20T17:52:31.357+0100][gc,phases    ] GC(0)   Other: 0.9ms
[2023-04-20T17:52:31.357+0100][gc,heap      ] GC(0) Eden regions: 48->0(44)
[2023-04-20T17:52:31.357+0100][gc,heap      ] GC(0) Survivor regions: 0->7(7)
[2023-04-20T17:52:31.357+0100][gc,heap      ] GC(0) Old regions: 0->0
[2023-04-20T17:52:31.357+0100][gc,heap      ] GC(0) Humongous regions: 0->0
[2023-04-20T17:52:31.357+0100][gc,metaspace ] GC(0) Metaspace: 20700K(21248K)->20700K(21248K) NonClass: 18404K(18688K)->18404K(18688K) Class: 2296K(2560K)->2296K(2560K)
[2023-04-20T17:52:31.357+0100][gc           ] GC(0) Pause Young (Concurrent Start) (Metadata GC Threshold) 47M->6M(1024M) 9.981ms
[2023-04-20T17:52:31.357+0100][gc,cpu       ] GC(0) User=0.02s Sys=0.01s Real=0.01s
[2023-04-20T17:52:31.357+0100][gc           ] GC(1) Concurrent Cycle
[2023-04-20T17:52:31.357+0100][gc,marking   ] GC(1) Concurrent Clear Claimed Marks
[2023-04-20T17:52:31.357+0100][gc,marking   ] GC(1) Concurrent Clear Claimed Marks 0.034ms
[2023-04-20T17:52:31.357+0100][gc,marking   ] GC(1) Concurrent Scan Root Regions
[2023-04-20T17:52:31.359+0100][gc,marking   ] GC(1) Concurrent Scan Root Regions 2.194ms
[2023-04-20T17:52:31.359+0100][gc,marking   ] GC(1) Concurrent Mark (1.206s)
[2023-04-20T17:52:31.359+0100][gc,marking   ] GC(1) Concurrent Mark From Roots
[2023-04-20T17:52:31.359+0100][gc,task      ] GC(1) Using 2 workers of 2 for marking
[2023-04-20T17:52:31.360+0100][gc,marking   ] GC(1) Concurrent Mark From Roots 0.217ms
[2023-04-20T17:52:31.360+0100][gc,marking   ] GC(1) Concurrent Preclean
[2023-04-20T17:52:31.360+0100][gc,marking   ] GC(1) Concurrent Preclean 0.044ms
[2023-04-20T17:52:31.360+0100][gc,marking   ] GC(1) Concurrent Mark (1.206s, 1.206s) 0.337ms
[2023-04-20T17:52:31.360+0100][gc,start     ] GC(1) Pause Remark
[2023-04-20T17:52:31.362+0100][gc,stringtable] GC(1) Cleaned string and symbol table, strings: 7070 processed, 0 removed, symbols: 65880 processed, 29 removed
[2023-04-20T17:52:31.363+0100][gc            ] GC(1) Pause Remark 7M->7M(1024M) 2.881ms
[2023-04-20T17:52:31.363+0100][gc,cpu        ] GC(1) User=0.01s Sys=0.00s Real=0.00s
[2023-04-20T17:52:31.363+0100][gc,marking    ] GC(1) Concurrent Rebuild Remembered Sets
[2023-04-20T17:52:31.363+0100][gc,marking    ] GC(1) Concurrent Rebuild Remembered Sets 0.066ms
[2023-04-20T17:52:31.363+0100][gc,start      ] GC(1) Pause Cleanup
[2023-04-20T17:52:31.363+0100][gc            ] GC(1) Pause Cleanup 7M->7M(1024M) 0.216ms
[2023-04-20T17:52:31.363+0100][gc,cpu        ] GC(1) User=0.00s Sys=0.00s Real=0.00s
[2023-04-20T17:52:31.364+0100][gc,marking    ] GC(1) Concurrent Cleanup for Next Mark
[2023-04-20T17:52:31.371+0100][gc,marking    ] GC(1) Concurrent Cleanup for Next Mark 7.165ms
[2023-04-20T17:52:31.371+0100][gc            ] GC(1) Concurrent Cycle 13.676ms
[2023-04-20T17:52:32.604+0100][gc,start      ] GC(2) Pause Young (Normal) (G1 Evacuation Pause)
[2023-04-20T17:52:32.604+0100][gc,task       ] GC(2) Using 8 workers of 8 for evacuation
[2023-04-20T17:52:32.616+0100][gc,phases     ] GC(2)   Pre Evacuate Collection Set: 0.0ms
[2023-04-20T17:52:32.617+0100][gc,phases     ] GC(2)   Evacuate Collection Set: 12.1ms
[2023-04-20T17:52:32.617+0100][gc,phases     ] GC(2)   Post Evacuate Collection Set: 0.5ms
[2023-04-20T17:52:32.617+0100][gc,phases     ] GC(2)   Other: 0.2ms
[2023-04-20T17:52:32.617+0100][gc,heap       ] GC(2) Eden regions: 44->0(48)
[2023-04-20T17:52:32.617+0100][gc,heap       ] GC(2) Survivor regions: 7->3(7)
[2023-04-20T17:52:32.617+0100][gc,heap       ] GC(2) Old regions: 0->7
[2023-04-20T17:52:32.617+0100][gc,heap       ] GC(2) Humongous regions: 129->129
[2023-04-20T17:52:32.617+0100][gc,metaspace  ] GC(2) Metaspace: 29179K(30208K)->29179K(30208K) NonClass: 25734K(26368K)->25734K(26368K) Class: 3445K(3840K)->3445K(3840K)
[2023-04-20T17:52:32.617+0100][gc            ] GC(2) Pause Young (Normal) (G1 Evacuation Pause) 179M->137M(1024M) 12.996ms
[2023-04-20T17:52:32.617+0100][gc,cpu        ] GC(2) User=0.03s Sys=0.00s Real=0.01s
[2023-04-20T17:52:33.123+0100][gc,start      ] GC(3) Pause Young (Concurrent Start) (Metadata GC Threshold)
[2023-04-20T17:52:33.123+0100][gc,task       ] GC(3) Using 8 workers of 8 for evacuation
[2023-04-20T17:52:33.129+0100][gc,phases     ] GC(3)   Pre Evacuate Collection Set: 0.0ms
[2023-04-20T17:52:33.129+0100][gc,phases     ] GC(3)   Evacuate Collection Set: 5.4ms
[2023-04-20T17:52:33.129+0100][gc,phases     ] GC(3)   Post Evacuate Collection Set: 0.3ms
[2023-04-20T17:52:33.129+0100][gc,phases     ] GC(3)   Other: 0.2ms
[2023-04-20T17:52:33.129+0100][gc,heap       ] GC(3) Eden regions: 34->0(47)
[2023-04-20T17:52:33.129+0100][gc,heap       ] GC(3) Survivor regions: 3->4(7)
[2023-04-20T17:52:33.129+0100][gc,heap       ] GC(3) Old regions: 7->7
[2023-04-20T17:52:33.129+0100][gc,heap       ] GC(3) Humongous regions: 129->129
[2023-04-20T17:52:33.129+0100][gc,metaspace  ] GC(3) Metaspace: 34831K(35840K)->34831K(35840K) NonClass: 30899K(31488K)->30899K(31488K) Class: 3931K(4352K)->3931K(4352K)
[2023-04-20T17:52:33.130+0100][gc            ] GC(3) Pause Young (Concurrent Start) (Metadata GC Threshold) 171M->139M(1024M) 6.134ms
[2023-04-20T17:52:33.130+0100][gc,cpu        ] GC(3) User=0.02s Sys=0.00s Real=0.01s
[2023-04-20T17:52:33.130+0100][gc            ] GC(4) Concurrent Cycle
[2023-04-20T17:52:33.130+0100][gc,marking    ] GC(4) Concurrent Clear Claimed Marks
[2023-04-20T17:52:33.130+0100][gc,marking    ] GC(4) Concurrent Clear Claimed Marks 0.030ms
[2023-04-20T17:52:33.130+0100][gc,marking    ] GC(4) Concurrent Scan Root Regions
[2023-04-20T17:52:33.132+0100][gc,marking    ] GC(4) Concurrent Scan Root Regions 2.021ms
[2023-04-20T17:52:33.132+0100][gc,marking    ] GC(4) Concurrent Mark (2.978s)
[2023-04-20T17:52:33.132+0100][gc,marking    ] GC(4) Concurrent Mark From Roots
[2023-04-20T17:52:33.132+0100][gc,task       ] GC(4) Using 2 workers of 2 for marking
[2023-04-20T17:52:33.137+0100][gc,marking    ] GC(4) Concurrent Mark From Roots 5.362ms
[2023-04-20T17:52:33.137+0100][gc,marking    ] GC(4) Concurrent Preclean
[2023-04-20T17:52:33.137+0100][gc,marking    ] GC(4) Concurrent Preclean 0.096ms
[2023-04-20T17:52:33.137+0100][gc,marking    ] GC(4) Concurrent Mark (2.978s, 2.984s) 5.537ms
[2023-04-20T17:52:33.138+0100][gc,start      ] GC(4) Pause Remark
[2023-04-20T17:52:33.142+0100][gc,stringtable] GC(4) Cleaned string and symbol table, strings: 11472 processed, 9 removed, symbols: 97421 processed, 22 removed
[2023-04-20T17:52:33.142+0100][gc            ] GC(4) Pause Remark 140M->140M(1024M) 4.687ms
[2023-04-20T17:52:33.142+0100][gc,cpu        ] GC(4) User=0.01s Sys=0.00s Real=0.01s
[2023-04-20T17:52:33.142+0100][gc,marking    ] GC(4) Concurrent Rebuild Remembered Sets
[2023-04-20T17:52:33.146+0100][gc,marking    ] GC(4) Concurrent Rebuild Remembered Sets 3.263ms
[2023-04-20T17:52:33.147+0100][gc,start      ] GC(4) Pause Cleanup
[2023-04-20T17:52:33.147+0100][gc            ] GC(4) Pause Cleanup 140M->140M(1024M) 0.219ms
[2023-04-20T17:52:33.147+0100][gc,cpu        ] GC(4) User=0.00s Sys=0.00s Real=0.00s
[2023-04-20T17:52:33.147+0100][gc,marking    ] GC(4) Concurrent Cleanup for Next Mark
[2023-04-20T17:52:33.161+0100][gc,marking    ] GC(4) Concurrent Cleanup for Next Mark 14.023ms
[2023-04-20T17:52:33.161+0100][gc            ] GC(4) Concurrent Cycle 31.394ms
[2023-04-20T17:52:33.996+0100][gc,start      ] GC(5) Pause Young (Normal) (G1 Evacuation Pause)
[2023-04-20T17:52:33.996+0100][gc,task       ] GC(5) Using 8 workers of 8 for evacuation
[2023-04-20T17:52:34.008+0100][gc,phases     ] GC(5)   Pre Evacuate Collection Set: 0.0ms
[2023-04-20T17:52:34.008+0100][gc,phases     ] GC(5)   Evacuate Collection Set: 11.8ms
[2023-04-20T17:52:34.008+0100][gc,phases     ] GC(5)   Post Evacuate Collection Set: 0.5ms
[2023-04-20T17:52:34.008+0100][gc,phases     ] GC(5)   Other: 0.2ms
[2023-04-20T17:52:34.008+0100][gc,heap       ] GC(5) Eden regions: 47->0(45)
[2023-04-20T17:52:34.008+0100][gc,heap       ] GC(5) Survivor regions: 4->6(7)
[2023-04-20T17:52:34.008+0100][gc,heap       ] GC(5) Old regions: 7->9
[2023-04-20T17:52:34.008+0100][gc,heap       ] GC(5) Humongous regions: 129->129
[2023-04-20T17:52:34.008+0100][gc,metaspace  ] GC(5) Metaspace: 42918K(44800K)->42918K(44800K) NonClass: 37888K(38912K)->37888K(38912K) Class: 5030K(5888K)->5030K(5888K)
[2023-04-20T17:52:34.008+0100][gc            ] GC(5) Pause Young (Normal) (G1 Evacuation Pause) 186M->142M(1024M) 12.733ms
[2023-04-20T17:52:34.008+0100][gc,cpu        ] GC(5) User=0.02s Sys=0.00s Real=0.01s
[2023-04-20T17:55:09.587+0100][gc,start      ] GC(6) Pause Young (Normal) (G1 Evacuation Pause)
[2023-04-20T17:55:09.587+0100][gc,task       ] GC(6) Using 8 workers of 8 for evacuation
[2023-04-20T17:55:09.600+0100][gc,phases     ] GC(6)   Pre Evacuate Collection Set: 0.1ms
[2023-04-20T17:55:09.600+0100][gc,phases     ] GC(6)   Evacuate Collection Set: 11.5ms
[2023-04-20T17:55:09.600+0100][gc,phases     ] GC(6)   Post Evacuate Collection Set: 0.8ms
[2023-04-20T17:55:09.600+0100][gc,phases     ] GC(6)   Other: 1.0ms
[2023-04-20T17:55:09.600+0100][gc,heap       ] GC(6) Eden regions: 45->0(45)
[2023-04-20T17:55:09.600+0100][gc,heap       ] GC(6) Survivor regions: 6->6(7)
[2023-04-20T17:55:09.600+0100][gc,heap       ] GC(6) Old regions: 9->11
[2023-04-20T17:55:09.600+0100][gc,heap       ] GC(6) Humongous regions: 129->129
[2023-04-20T17:55:09.600+0100][gc,metaspace  ] GC(6) Metaspace: 48787K(51456K)->48787K(51456K) NonClass: 42704K(44032K)->42704K(44032K) Class: 6083K(7424K)->6083K(7424K)
[2023-04-20T17:55:09.600+0100][gc            ] GC(6) Pause Young (Normal) (G1 Evacuation Pause) 187M->144M(1024M) 13.489ms
[2023-04-20T17:55:09.600+0100][gc,cpu        ] GC(6) User=0.03s Sys=0.00s Real=0.02s
[2023-04-20T17:57:22.356+0100][gc,start      ] GC(7) Pause Young (Normal) (G1 Evacuation Pause)
[2023-04-20T17:57:22.357+0100][gc,task       ] GC(7) Using 8 workers of 8 for evacuation
[2023-04-20T17:57:22.366+0100][gc,phases     ] GC(7)   Pre Evacuate Collection Set: 0.0ms
[2023-04-20T17:57:22.366+0100][gc,phases     ] GC(7)   Evacuate Collection Set: 8.2ms
[2023-04-20T17:57:22.366+0100][gc,phases     ] GC(7)   Post Evacuate Collection Set: 0.5ms
[2023-04-20T17:57:22.366+0100][gc,phases     ] GC(7)   Other: 1.3ms
[2023-04-20T17:57:22.366+0100][gc,heap       ] GC(7) Eden regions: 45->0(47)
[2023-04-20T17:57:22.366+0100][gc,heap       ] GC(7) Survivor regions: 6->4(7)
[2023-04-20T17:57:22.366+0100][gc,heap       ] GC(7) Old regions: 11->14
[2023-04-20T17:57:22.366+0100][gc,heap       ] GC(7) Humongous regions: 129->129
[2023-04-20T17:57:22.366+0100][gc,metaspace  ] GC(7) Metaspace: 49556K(52224K)->49556K(52224K) NonClass: 43472K(44800K)->43472K(44800K) Class: 6084K(7424K)->6084K(7424K)
[2023-04-20T17:57:22.366+0100][gc            ] GC(7) Pause Young (Normal) (G1 Evacuation Pause) 189M->145M(1024M) 10.162ms
[2023-04-20T17:57:22.366+0100][gc,cpu        ] GC(7) User=0.03s Sys=0.00s Real=0.01s
[2023-04-20T17:59:40.893+0100][gc,start      ] GC(8) Pause Young (Normal) (G1 Evacuation Pause)
[2023-04-20T17:59:40.894+0100][gc,task       ] GC(8) Using 8 workers of 8 for evacuation
[2023-04-20T17:59:40.903+0100][gc,phases     ] GC(8)   Pre Evacuate Collection Set: 0.0ms
[2023-04-20T17:59:40.903+0100][gc,phases     ] GC(8)   Evacuate Collection Set: 8.7ms
[2023-04-20T17:59:40.903+0100][gc,phases     ] GC(8)   Post Evacuate Collection Set: 0.5ms
[2023-04-20T17:59:40.903+0100][gc,phases     ] GC(8)   Other: 1.0ms
[2023-04-20T17:59:40.903+0100][gc,heap       ] GC(8) Eden regions: 47->0(46)
[2023-04-20T17:59:40.903+0100][gc,heap       ] GC(8) Survivor regions: 4->5(7)
[2023-04-20T17:59:40.903+0100][gc,heap       ] GC(8) Old regions: 14->14
[2023-04-20T17:59:40.903+0100][gc,heap       ] GC(8) Humongous regions: 129->129
[2023-04-20T17:59:40.903+0100][gc,metaspace  ] GC(8) Metaspace: 50014K(52736K)->50014K(52736K) NonClass: 43902K(45312K)->43902K(45312K) Class: 6111K(7424K)->6111K(7424K)
[2023-04-20T17:59:40.903+0100][gc            ] GC(8) Pause Young (Normal) (G1 Evacuation Pause) 192M->146M(1024M) 10.484ms
[2023-04-20T17:59:40.903+0100][gc,cpu        ] GC(8) User=0.03s Sys=0.00s Real=0.01s
[2023-04-20T18:01:03.712+0100][gc,start      ] GC(9) Pause Young (Normal) (G1 Evacuation Pause)
[2023-04-20T18:01:03.713+0100][gc,task       ] GC(9) Using 8 workers of 8 for evacuation
[2023-04-20T18:01:03.732+0100][gc,phases     ] GC(9)   Pre Evacuate Collection Set: 1.5ms
[2023-04-20T18:01:03.732+0100][gc,phases     ] GC(9)   Evacuate Collection Set: 16.9ms
[2023-04-20T18:01:03.732+0100][gc,phases     ] GC(9)   Post Evacuate Collection Set: 0.6ms
[2023-04-20T18:01:03.732+0100][gc,phases     ] GC(9)   Other: 1.6ms
[2023-04-20T18:01:03.732+0100][gc,heap       ] GC(9) Eden regions: 46->0(51)
[2023-04-20T18:01:03.732+0100][gc,heap       ] GC(9) Survivor regions: 5->2(7)
[2023-04-20T18:01:03.732+0100][gc,heap       ] GC(9) Old regions: 14->16
[2023-04-20T18:01:03.732+0100][gc,heap       ] GC(9) Humongous regions: 129->129
[2023-04-20T18:01:03.732+0100][gc,metaspace  ] GC(9) Metaspace: 50153K(52992K)->50153K(52992K) NonClass: 44041K(45568K)->44041K(45568K) Class: 6111K(7424K)->6111K(7424K)
[2023-04-20T18:01:03.732+0100][gc            ] GC(9) Pause Young (Normal) (G1 Evacuation Pause) 192M->146M(1024M) 20.738ms
[2023-04-20T18:01:03.732+0100][gc,cpu        ] GC(9) User=0.03s Sys=0.03s Real=0.02s
[2023-04-20T18:02:20.785+0100][gc,start      ] GC(10) Pause Young (Normal) (G1 Evacuation Pause)
[2023-04-20T18:02:20.786+0100][gc,task       ] GC(10) Using 8 workers of 8 for evacuation
[2023-04-20T18:02:20.796+0100][gc,phases     ] GC(10)   Pre Evacuate Collection Set: 0.0ms
[2023-04-20T18:02:20.796+0100][gc,phases     ] GC(10)   Evacuate Collection Set: 9.7ms
[2023-04-20T18:02:20.796+0100][gc,phases     ] GC(10)   Post Evacuate Collection Set: 0.3ms
[2023-04-20T18:02:20.796+0100][gc,phases     ] GC(10)   Other: 1.3ms
[2023-04-20T18:02:20.796+0100][gc,heap       ] GC(10) Eden regions: 51->0(50)
[2023-04-20T18:02:20.796+0100][gc,heap       ] GC(10) Survivor regions: 2->3(7)
[2023-04-20T18:02:20.796+0100][gc,heap       ] GC(10) Old regions: 16->16
[2023-04-20T18:02:20.796+0100][gc,heap       ] GC(10) Humongous regions: 129->129
[2023-04-20T18:02:20.796+0100][gc,metaspace  ] GC(10) Metaspace: 50289K(52992K)->50289K(52992K) NonClass: 44176K(45568K)->44176K(45568K) Class: 6112K(7424K)->6112K(7424K)
[2023-04-20T18:02:20.796+0100][gc            ] GC(10) Pause Young (Normal) (G1 Evacuation Pause) 197M->146M(1024M) 11.553ms
[2023-04-20T18:02:20.797+0100][gc,cpu        ] GC(10) User=0.02s Sys=0.01s Real=0.01s
[2023-04-20T18:02:57.875+0100][gc,start      ] GC(11) Pause Young (Normal) (G1 Evacuation Pause)
[2023-04-20T18:02:57.876+0100][gc,task       ] GC(11) Using 8 workers of 8 for evacuation
[2023-04-20T18:02:57.884+0100][gc,phases     ] GC(11)   Pre Evacuate Collection Set: 0.0ms
[2023-04-20T18:02:57.884+0100][gc,phases     ] GC(11)   Evacuate Collection Set: 7.1ms
[2023-04-20T18:02:57.884+0100][gc,phases     ] GC(11)   Post Evacuate Collection Set: 0.3ms
[2023-04-20T18:02:57.884+0100][gc,phases     ] GC(11)   Other: 1.6ms
[2023-04-20T18:02:57.884+0100][gc,heap       ] GC(11) Eden regions: 50->0(53)
[2023-04-20T18:02:57.884+0100][gc,heap       ] GC(11) Survivor regions: 3->3(7)
[2023-04-20T18:02:57.884+0100][gc,heap       ] GC(11) Old regions: 16->16
[2023-04-20T18:02:57.884+0100][gc,heap       ] GC(11) Humongous regions: 129->129
[2023-04-20T18:02:57.884+0100][gc,metaspace  ] GC(11) Metaspace: 50396K(52992K)->50396K(52992K) NonClass: 44255K(45568K)->44255K(45568K) Class: 6141K(7424K)->6141K(7424K)
[2023-04-20T18:02:57.884+0100][gc            ] GC(11) Pause Young (Normal) (G1 Evacuation Pause) 196M->146M(1024M) 9.197ms
[2023-04-20T18:02:57.884+0100][gc,cpu        ] GC(11) User=0.02s Sys=0.00s Real=0.01s
[2023-04-20T18:03:38.327+0100][gc,start      ] GC(12) Pause Young (Normal) (G1 Evacuation Pause)
[2023-04-20T18:03:38.327+0100][gc,task       ] GC(12) Using 8 workers of 8 for evacuation
[2023-04-20T18:03:38.334+0100][gc,phases     ] GC(12)   Pre Evacuate Collection Set: 0.0ms
[2023-04-20T18:03:38.334+0100][gc,phases     ] GC(12)   Evacuate Collection Set: 6.7ms
[2023-04-20T18:03:38.334+0100][gc,phases     ] GC(12)   Post Evacuate Collection Set: 0.4ms
[2023-04-20T18:03:38.334+0100][gc,phases     ] GC(12)   Other: 0.4ms
[2023-04-20T18:03:38.334+0100][gc,heap       ] GC(12) Eden regions: 53->0(60)
[2023-04-20T18:03:38.334+0100][gc,heap       ] GC(12) Survivor regions: 3->3(7)
[2023-04-20T18:03:38.334+0100][gc,heap       ] GC(12) Old regions: 16->16
[2023-04-20T18:03:38.334+0100][gc,heap       ] GC(12) Humongous regions: 129->129
[2023-04-20T18:03:38.334+0100][gc,metaspace  ] GC(12) Metaspace: 50423K(53248K)->50423K(53248K) NonClass: 44282K(45824K)->44282K(45824K) Class: 6141K(7424K)->6141K(7424K)
[2023-04-20T18:03:38.334+0100][gc            ] GC(12) Pause Young (Normal) (G1 Evacuation Pause) 199M->147M(1024M) 7.802ms
[2023-04-20T18:03:38.334+0100][gc,cpu        ] GC(12) User=0.02s Sys=0.00s Real=0.01s
[2023-04-20T18:04:23.846+0100][gc,start      ] GC(13) Pause Young (Normal) (G1 Evacuation Pause)
[2023-04-20T18:04:23.846+0100][gc,task       ] GC(13) Using 8 workers of 8 for evacuation
[2023-04-20T18:04:23.853+0100][gc,phases     ] GC(13)   Pre Evacuate Collection Set: 0.0ms
[2023-04-20T18:04:23.853+0100][gc,phases     ] GC(13)   Evacuate Collection Set: 6.4ms
[2023-04-20T18:04:23.853+0100][gc,phases     ] GC(13)   Post Evacuate Collection Set: 0.3ms
[2023-04-20T18:04:23.853+0100][gc,phases     ] GC(13)   Other: 1.0ms
[2023-04-20T18:04:23.853+0100][gc,heap       ] GC(13) Eden regions: 60->0(68)
[2023-04-20T18:04:23.853+0100][gc,heap       ] GC(13) Survivor regions: 3->3(8)
[2023-04-20T18:04:23.853+0100][gc,heap       ] GC(13) Old regions: 16->16
[2023-04-20T18:04:23.853+0100][gc,heap       ] GC(13) Humongous regions: 129->129
[2023-04-20T18:04:23.853+0100][gc,metaspace  ] GC(13) Metaspace: 50442K(53248K)->50442K(53248K) NonClass: 44301K(45824K)->44301K(45824K) Class: 6141K(7424K)->6141K(7424K)
[2023-04-20T18:04:23.854+0100][gc            ] GC(13) Pause Young (Normal) (G1 Evacuation Pause) 207M->147M(1024M) 7.995ms
[2023-04-20T18:04:23.854+0100][gc,cpu        ] GC(13) User=0.02s Sys=0.00s Real=0.01s
[2023-04-20T18:05:32.862+0100][gc,start      ] GC(14) Pause Young (Normal) (G1 Evacuation Pause)
[2023-04-20T18:05:32.863+0100][gc,task       ] GC(14) Using 8 workers of 8 for evacuation
[2023-04-20T18:05:32.873+0100][gc,phases     ] GC(14)   Pre Evacuate Collection Set: 0.0ms
[2023-04-20T18:05:32.873+0100][gc,phases     ] GC(14)   Evacuate Collection Set: 9.5ms
[2023-04-20T18:05:32.873+0100][gc,phases     ] GC(14)   Post Evacuate Collection Set: 0.4ms
[2023-04-20T18:05:32.873+0100][gc,phases     ] GC(14)   Other: 1.3ms
[2023-04-20T18:05:32.873+0100][gc,heap       ] GC(14) Eden regions: 68->0(75)
[2023-04-20T18:05:32.873+0100][gc,heap       ] GC(14) Survivor regions: 3->3(9)
[2023-04-20T18:05:32.873+0100][gc,heap       ] GC(14) Old regions: 16->16
[2023-04-20T18:05:32.873+0100][gc,heap       ] GC(14) Humongous regions: 129->129
[2023-04-20T18:05:32.873+0100][gc,metaspace  ] GC(14) Metaspace: 50466K(53248K)->50466K(53248K) NonClass: 44325K(45824K)->44325K(45824K) Class: 6141K(7424K)->6141K(7424K)
[2023-04-20T18:05:32.874+0100][gc            ] GC(14) Pause Young (Normal) (G1 Evacuation Pause) 215M->147M(1024M) 11.490ms
[2023-04-20T18:05:32.874+0100][gc,cpu        ] GC(14) User=0.03s Sys=0.00s Real=0.01s
[2023-04-20T18:07:38.914+0100][gc,start      ] GC(15) Pause Young (Normal) (G1 Evacuation Pause)
[2023-04-20T18:07:38.914+0100][gc,task       ] GC(15) Using 8 workers of 8 for evacuation
[2023-04-20T18:07:38.923+0100][gc,phases     ] GC(15)   Pre Evacuate Collection Set: 0.0ms
[2023-04-20T18:07:38.923+0100][gc,phases     ] GC(15)   Evacuate Collection Set: 8.6ms
[2023-04-20T18:07:38.923+0100][gc,phases     ] GC(15)   Post Evacuate Collection Set: 0.4ms
[2023-04-20T18:07:38.924+0100][gc,phases     ] GC(15)   Other: 0.8ms
[2023-04-20T18:07:38.924+0100][gc,heap       ] GC(15) Eden regions: 75->0(81)
[2023-04-20T18:07:38.924+0100][gc,heap       ] GC(15) Survivor regions: 3->4(10)
[2023-04-20T18:07:38.924+0100][gc,heap       ] GC(15) Old regions: 16->16
[2023-04-20T18:07:38.924+0100][gc,heap       ] GC(15) Humongous regions: 129->129
[2023-04-20T18:07:38.924+0100][gc,metaspace  ] GC(15) Metaspace: 50686K(53504K)->50686K(53504K) NonClass: 44545K(46080K)->44545K(46080K) Class: 6141K(7424K)->6141K(7424K)
[2023-04-20T18:07:38.924+0100][gc            ] GC(15) Pause Young (Normal) (G1 Evacuation Pause) 222M->148M(1024M) 9.939ms
[2023-04-20T18:07:38.924+0100][gc,cpu        ] GC(15) User=0.03s Sys=0.00s Real=0.01s
[2023-04-20T18:10:19.137+0100][gc,start      ] GC(16) Pause Young (Normal) (G1 Evacuation Pause)
[2023-04-20T18:10:19.137+0100][gc,task       ] GC(16) Using 8 workers of 8 for evacuation
[2023-04-20T18:10:19.149+0100][gc,phases     ] GC(16)   Pre Evacuate Collection Set: 0.1ms
[2023-04-20T18:10:19.149+0100][gc,phases     ] GC(16)   Evacuate Collection Set: 11.4ms
[2023-04-20T18:10:19.149+0100][gc,phases     ] GC(16)   Post Evacuate Collection Set: 0.4ms
[2023-04-20T18:10:19.149+0100][gc,phases     ] GC(16)   Other: 0.3ms
[2023-04-20T18:10:19.149+0100][gc,heap       ] GC(16) Eden regions: 81->0(86)
[2023-04-20T18:10:19.149+0100][gc,heap       ] GC(16) Survivor regions: 4->5(11)
[2023-04-20T18:10:19.149+0100][gc,heap       ] GC(16) Old regions: 16->16
[2023-04-20T18:10:19.149+0100][gc,heap       ] GC(16) Humongous regions: 129->129
[2023-04-20T18:10:19.149+0100][gc,metaspace  ] GC(16) Metaspace: 50723K(53504K)->50723K(53504K) NonClass: 44575K(46080K)->44575K(46080K) Class: 6147K(7424K)->6147K(7424K)
[2023-04-20T18:10:19.149+0100][gc            ] GC(16) Pause Young (Normal) (G1 Evacuation Pause) 229M->149M(1024M) 12.371ms
[2023-04-20T18:10:19.149+0100][gc,cpu        ] GC(16) User=0.03s Sys=0.01s Real=0.01s
[2023-04-20T18:13:20.210+0100][gc,start      ] GC(17) Pause Young (Normal) (G1 Evacuation Pause)
[2023-04-20T18:13:20.211+0100][gc,task       ] GC(17) Using 8 workers of 8 for evacuation
[2023-04-20T18:13:20.225+0100][gc,phases     ] GC(17)   Pre Evacuate Collection Set: 0.0ms
[2023-04-20T18:13:20.225+0100][gc,phases     ] GC(17)   Evacuate Collection Set: 13.3ms
[2023-04-20T18:13:20.225+0100][gc,phases     ] GC(17)   Post Evacuate Collection Set: 0.6ms
[2023-04-20T18:13:20.225+0100][gc,phases     ] GC(17)   Other: 1.3ms
[2023-04-20T18:13:20.225+0100][gc,heap       ] GC(17) Eden regions: 86->0(90)
[2023-04-20T18:13:20.225+0100][gc,heap       ] GC(17) Survivor regions: 5->6(12)
[2023-04-20T18:13:20.225+0100][gc,heap       ] GC(17) Old regions: 16->16
[2023-04-20T18:13:20.226+0100][gc,heap       ] GC(17) Humongous regions: 129->129
[2023-04-20T18:13:20.226+0100][gc,metaspace  ] GC(17) Metaspace: 50747K(53504K)->50747K(53504K) NonClass: 44599K(46080K)->44599K(46080K) Class: 6147K(7424K)->6147K(7424K)
[2023-04-20T18:13:20.226+0100][gc            ] GC(17) Pause Young (Normal) (G1 Evacuation Pause) 235M->150M(1024M) 15.416ms
[2023-04-20T18:13:20.226+0100][gc,cpu        ] GC(17) User=0.04s Sys=0.01s Real=0.01s
[2023-04-20T18:16:23.717+0100][gc,start      ] GC(18) Pause Young (Normal) (G1 Evacuation Pause)
[2023-04-20T18:16:23.718+0100][gc,task       ] GC(18) Using 8 workers of 8 for evacuation
[2023-04-20T18:16:23.754+0100][gc,mmu        ] GC(18) MMU target violated: 21.0ms (20.0ms/21.0ms)
[2023-04-20T18:16:23.754+0100][gc,phases     ] GC(18)   Pre Evacuate Collection Set: 0.4ms
[2023-04-20T18:16:23.754+0100][gc,phases     ] GC(18)   Evacuate Collection Set: 31.7ms
[2023-04-20T18:16:23.754+0100][gc,phases     ] GC(18)   Post Evacuate Collection Set: 3.5ms
[2023-04-20T18:16:23.754+0100][gc,phases     ] GC(18)   Other: 1.2ms
[2023-04-20T18:16:23.754+0100][gc,heap       ] GC(18) Eden regions: 90->0(92)
[2023-04-20T18:16:23.754+0100][gc,heap       ] GC(18) Survivor regions: 6->8(12)
[2023-04-20T18:16:23.754+0100][gc,heap       ] GC(18) Old regions: 16->16
[2023-04-20T18:16:23.754+0100][gc,heap       ] GC(18) Humongous regions: 129->129
[2023-04-20T18:16:23.754+0100][gc,metaspace  ] GC(18) Metaspace: 50778K(53504K)->50778K(53504K) NonClass: 44630K(46080K)->44630K(46080K) Class: 6147K(7424K)->6147K(7424K)
[2023-04-20T18:16:23.754+0100][gc            ] GC(18) Pause Young (Normal) (G1 Evacuation Pause) 240M->151M(1024M) 36.950ms
[2023-04-20T18:16:23.754+0100][gc,cpu        ] GC(18) User=0.05s Sys=0.00s Real=0.04s
[2023-04-20T18:18:22.392+0100][gc,start      ] GC(19) Pause Young (Normal) (G1 Evacuation Pause)
[2023-04-20T18:18:22.393+0100][gc,task       ] GC(19) Using 8 workers of 8 for evacuation
[2023-04-20T18:18:22.409+0100][gc,phases     ] GC(19)   Pre Evacuate Collection Set: 0.0ms
[2023-04-20T18:18:22.409+0100][gc,phases     ] GC(19)   Evacuate Collection Set: 14.8ms
[2023-04-20T18:18:22.409+0100][gc,phases     ] GC(19)   Post Evacuate Collection Set: 1.2ms
[2023-04-20T18:18:22.409+0100][gc,phases     ] GC(19)   Other: 1.2ms
[2023-04-20T18:18:22.409+0100][gc,heap       ] GC(19) Eden regions: 92->0(187)
[2023-04-20T18:18:22.409+0100][gc,heap       ] GC(19) Survivor regions: 8->7(13)
[2023-04-20T18:18:22.409+0100][gc,heap       ] GC(19) Old regions: 16->16
[2023-04-20T18:18:22.409+0100][gc,heap       ] GC(19) Humongous regions: 129->129
[2023-04-20T18:18:22.409+0100][gc,metaspace  ] GC(19) Metaspace: 50787K(53504K)->50787K(53504K) NonClass: 44639K(46080K)->44639K(46080K) Class: 6147K(7424K)->6147K(7424K)
[2023-04-20T18:18:22.410+0100][gc            ] GC(19) Pause Young (Normal) (G1 Evacuation Pause) 243M->151M(1024M) 17.379ms
[2023-04-20T18:18:22.410+0100][gc,cpu        ] GC(19) User=0.04s Sys=0.00s Real=0.02s
[2023-04-20T18:22:42.629+0100][gc,start      ] GC(20) Pause Young (Normal) (G1 Evacuation Pause)
[2023-04-20T18:22:42.630+0100][gc,task       ] GC(20) Using 8 workers of 8 for evacuation
[2023-04-20T18:22:42.660+0100][gc,mmu        ] GC(20) MMU target violated: 21.0ms (20.0ms/21.0ms)
[2023-04-20T18:22:42.660+0100][gc,phases     ] GC(20)   Pre Evacuate Collection Set: 1.2ms
[2023-04-20T18:22:42.660+0100][gc,phases     ] GC(20)   Evacuate Collection Set: 25.8ms
[2023-04-20T18:22:42.660+0100][gc,phases     ] GC(20)   Post Evacuate Collection Set: 1.6ms
[2023-04-20T18:22:42.660+0100][gc,phases     ] GC(20)   Other: 2.1ms
[2023-04-20T18:22:42.660+0100][gc,heap       ] GC(20) Eden regions: 187->0(187)
[2023-04-20T18:22:42.660+0100][gc,heap       ] GC(20) Survivor regions: 7->9(25)
[2023-04-20T18:22:42.660+0100][gc,heap       ] GC(20) Old regions: 16->16
[2023-04-20T18:22:42.660+0100][gc,heap       ] GC(20) Humongous regions: 129->129
[2023-04-20T18:22:42.660+0100][gc,metaspace  ] GC(20) Metaspace: 50809K(53504K)->50809K(53504K) NonClass: 44661K(46080K)->44661K(46080K) Class: 6147K(7424K)->6147K(7424K)
[2023-04-20T18:22:42.660+0100][gc            ] GC(20) Pause Young (Normal) (G1 Evacuation Pause) 338M->153M(1024M) 30.777ms
[2023-04-20T18:22:42.660+0100][gc,cpu        ] GC(20) User=0.07s Sys=0.03s Real=0.04s
[2023-04-20T18:28:18.807+0100][gc,start      ] GC(21) Pause Young (Normal) (G1 Evacuation Pause)
[2023-04-20T18:28:18.808+0100][gc,task       ] GC(21) Using 8 workers of 8 for evacuation
[2023-04-20T18:28:18.838+0100][gc,mmu        ] GC(21) MMU target violated: 21.0ms (20.0ms/21.0ms)
[2023-04-20T18:28:18.838+0100][gc,phases     ] GC(21)   Pre Evacuate Collection Set: 0.4ms
[2023-04-20T18:28:18.838+0100][gc,phases     ] GC(21)   Evacuate Collection Set: 27.3ms
[2023-04-20T18:28:18.838+0100][gc,phases     ] GC(21)   Post Evacuate Collection Set: 1.9ms
[2023-04-20T18:28:18.838+0100][gc,phases     ] GC(21)   Other: 1.4ms
[2023-04-20T18:28:18.838+0100][gc,heap       ] GC(21) Eden regions: 187->0(124)
[2023-04-20T18:28:18.838+0100][gc,heap       ] GC(21) Survivor regions: 9->11(25)
[2023-04-20T18:28:18.838+0100][gc,heap       ] GC(21) Old regions: 16->16
[2023-04-20T18:28:18.838+0100][gc,heap       ] GC(21) Humongous regions: 129->129
[2023-04-20T18:28:18.838+0100][gc,metaspace  ] GC(21) Metaspace: 50832K(53504K)->50832K(53504K) NonClass: 44684K(46080K)->44684K(46080K) Class: 6147K(7424K)->6147K(7424K)
[2023-04-20T18:28:18.838+0100][gc            ] GC(21) Pause Young (Normal) (G1 Evacuation Pause) 340M->155M(1024M) 31.128ms
[2023-04-20T18:28:18.838+0100][gc,cpu        ] GC(21) User=0.07s Sys=0.03s Real=0.03s
[2023-04-20T18:31:38.581+0100][gc,start      ] GC(22) Pause Young (Normal) (G1 Evacuation Pause)
[2023-04-20T18:31:38.583+0100][gc,task       ] GC(22) Using 8 workers of 8 for evacuation
[2023-04-20T18:31:38.618+0100][gc,mmu        ] GC(22) MMU target violated: 21.0ms (20.0ms/21.0ms)
[2023-04-20T18:31:38.618+0100][gc,phases     ] GC(22)   Pre Evacuate Collection Set: 1.3ms
[2023-04-20T18:31:38.618+0100][gc,phases     ] GC(22)   Evacuate Collection Set: 32.8ms
[2023-04-20T18:31:38.618+0100][gc,phases     ] GC(22)   Post Evacuate Collection Set: 0.7ms
[2023-04-20T18:31:38.618+0100][gc,phases     ] GC(22)   Other: 1.9ms
[2023-04-20T18:31:38.618+0100][gc,heap       ] GC(22) Eden regions: 122->0(78)
[2023-04-20T18:31:38.618+0100][gc,heap       ] GC(22) Survivor regions: 11->11(17)
[2023-04-20T18:31:38.618+0100][gc,heap       ] GC(22) Old regions: 16->19
[2023-04-20T18:31:38.618+0100][gc,heap       ] GC(22) Humongous regions: 129->129
[2023-04-20T18:31:38.618+0100][gc,metaspace  ] GC(22) Metaspace: 50874K(53760K)->50874K(53760K) NonClass: 44726K(46336K)->44726K(46336K) Class: 6147K(7424K)->6147K(7424K)
[2023-04-20T18:31:38.618+0100][gc            ] GC(22) Pause Young (Normal) (G1 Evacuation Pause) 277M->158M(1024M) 36.797ms
[2023-04-20T18:31:38.618+0100][gc,cpu        ] GC(22) User=0.09s Sys=0.03s Real=0.03s
[2023-04-20T18:33:47.063+0100][gc,start      ] GC(23) Pause Young (Normal) (G1 Evacuation Pause)
[2023-04-20T18:33:47.065+0100][gc,task       ] GC(23) Using 8 workers of 8 for evacuation
[2023-04-20T18:33:47.089+0100][gc,mmu        ] GC(23) MMU target violated: 21.0ms (20.0ms/21.0ms)
[2023-04-20T18:33:47.089+0100][gc,phases     ] GC(23)   Pre Evacuate Collection Set: 0.1ms
[2023-04-20T18:33:47.089+0100][gc,phases     ] GC(23)   Evacuate Collection Set: 23.9ms
[2023-04-20T18:33:47.089+0100][gc,phases     ] GC(23)   Post Evacuate Collection Set: 0.4ms
[2023-04-20T18:33:47.089+0100][gc,phases     ] GC(23)   Other: 1.5ms
[2023-04-20T18:33:47.089+0100][gc,heap       ] GC(23) Eden regions: 78->0(85)
[2023-04-20T18:33:47.089+0100][gc,heap       ] GC(23) Survivor regions: 11->8(12)
[2023-04-20T18:33:47.089+0100][gc,heap       ] GC(23) Old regions: 19->23
[2023-04-20T18:33:47.089+0100][gc,heap       ] GC(23) Humongous regions: 129->129
[2023-04-20T18:33:47.089+0100][gc,metaspace  ] GC(23) Metaspace: 50882K(53760K)->50882K(53760K) NonClass: 44735K(46336K)->44735K(46336K) Class: 6147K(7424K)->6147K(7424K)
[2023-04-20T18:33:47.089+0100][gc            ] GC(23) Pause Young (Normal) (G1 Evacuation Pause) 236M->158M(1024M) 25.943ms
[2023-04-20T18:33:47.089+0100][gc,cpu        ] GC(23) User=0.06s Sys=0.03s Real=0.02s
[2023-04-20T18:35:29.398+0100][gc,start      ] GC(24) Pause Young (Normal) (G1 Evacuation Pause)
[2023-04-20T18:35:29.399+0100][gc,task       ] GC(24) Using 8 workers of 8 for evacuation
[2023-04-20T18:35:29.420+0100][gc,mmu        ] GC(24) MMU target violated: 21.0ms (20.0ms/21.0ms)
[2023-04-20T18:35:29.420+0100][gc,phases     ] GC(24)   Pre Evacuate Collection Set: 0.1ms
[2023-04-20T18:35:29.420+0100][gc,phases     ] GC(24)   Evacuate Collection Set: 20.5ms
[2023-04-20T18:35:29.420+0100][gc,phases     ] GC(24)   Post Evacuate Collection Set: 0.4ms
[2023-04-20T18:35:29.420+0100][gc,phases     ] GC(24)   Other: 1.3ms
[2023-04-20T18:35:29.420+0100][gc,heap       ] GC(24) Eden regions: 80->0(111)
[2023-04-20T18:35:29.420+0100][gc,heap       ] GC(24) Survivor regions: 8->5(11)
[2023-04-20T18:35:29.420+0100][gc,heap       ] GC(24) Old regions: 23->27
[2023-04-20T18:35:29.420+0100][gc,heap       ] GC(24) Humongous regions: 129->129
[2023-04-20T18:35:29.420+0100][gc,metaspace  ] GC(24) Metaspace: 50895K(53760K)->50895K(53760K) NonClass: 44748K(46336K)->44748K(46336K) Class: 6147K(7424K)->6147K(7424K)
[2023-04-20T18:35:29.420+0100][gc            ] GC(24) Pause Young (Normal) (G1 Evacuation Pause) 238M->160M(1024M) 22.291ms
[2023-04-20T18:35:29.420+0100][gc,cpu        ] GC(24) User=0.05s Sys=0.01s Real=0.03s
[2023-04-20T18:36:53.359+0100][gc,start      ] GC(25) Pause Young (Normal) (G1 Evacuation Pause)
[2023-04-20T18:36:53.360+0100][gc,task       ] GC(25) Using 8 workers of 8 for evacuation
[2023-04-20T18:36:53.377+0100][gc,phases     ] GC(25)   Pre Evacuate Collection Set: 0.0ms
[2023-04-20T18:36:53.377+0100][gc,phases     ] GC(25)   Evacuate Collection Set: 16.1ms
[2023-04-20T18:36:53.377+0100][gc,phases     ] GC(25)   Post Evacuate Collection Set: 0.3ms
[2023-04-20T18:36:53.377+0100][gc,phases     ] GC(25)   Other: 1.5ms
[2023-04-20T18:36:53.377+0100][gc,heap       ] GC(25) Eden regions: 111->0(111)
[2023-04-20T18:36:53.377+0100][gc,heap       ] GC(25) Survivor regions: 5->6(15)
[2023-04-20T18:36:53.377+0100][gc,heap       ] GC(25) Old regions: 27->27
[2023-04-20T18:36:53.377+0100][gc,heap       ] GC(25) Humongous regions: 129->129
[2023-04-20T18:36:53.377+0100][gc,metaspace  ] GC(25) Metaspace: 50906K(53760K)->50906K(53760K) NonClass: 44758K(46336K)->44758K(46336K) Class: 6147K(7424K)->6147K(7424K)
[2023-04-20T18:36:53.377+0100][gc            ] GC(25) Pause Young (Normal) (G1 Evacuation Pause) 271M->160M(1024M) 18.092ms
[2023-04-20T18:36:53.377+0100][gc,cpu        ] GC(25) User=0.05s Sys=0.02s Real=0.02s
[2023-04-20T18:38:18.129+0100][gc,start      ] GC(26) Pause Young (Normal) (G1 Evacuation Pause)
[2023-04-20T18:38:18.130+0100][gc,task       ] GC(26) Using 8 workers of 8 for evacuation
[2023-04-20T18:38:18.143+0100][gc,phases     ] GC(26)   Pre Evacuate Collection Set: 0.0ms
[2023-04-20T18:38:18.143+0100][gc,phases     ] GC(26)   Evacuate Collection Set: 12.4ms
[2023-04-20T18:38:18.143+0100][gc,phases     ] GC(26)   Post Evacuate Collection Set: 0.4ms
[2023-04-20T18:38:18.143+0100][gc,phases     ] GC(26)   Other: 1.4ms
[2023-04-20T18:38:18.143+0100][gc,heap       ] GC(26) Eden regions: 111->0(124)
[2023-04-20T18:38:18.143+0100][gc,heap       ] GC(26) Survivor regions: 6->7(15)
[2023-04-20T18:38:18.143+0100][gc,heap       ] GC(26) Old regions: 27->27
[2023-04-20T18:38:18.143+0100][gc,heap       ] GC(26) Humongous regions: 129->129
[2023-04-20T18:38:18.144+0100][gc,metaspace  ] GC(26) Metaspace: 50908K(53760K)->50908K(53760K) NonClass: 44760K(46336K)->44760K(46336K) Class: 6147K(7424K)->6147K(7424K)
[2023-04-20T18:38:18.144+0100][gc            ] GC(26) Pause Young (Normal) (G1 Evacuation Pause) 271M->161M(1024M) 14.365ms
[2023-04-20T18:38:18.144+0100][gc,cpu        ] GC(26) User=0.04s Sys=0.01s Real=0.02s
[2023-04-20T18:39:53.029+0100][gc,start      ] GC(27) Pause Young (Normal) (G1 Evacuation Pause)
[2023-04-20T18:39:53.030+0100][gc,task       ] GC(27) Using 8 workers of 8 for evacuation
[2023-04-20T18:39:53.051+0100][gc,mmu        ] GC(27) MMU target violated: 20.4ms (20.0ms/21.0ms)
[2023-04-20T18:39:53.051+0100][gc,phases     ] GC(27)   Pre Evacuate Collection Set: 0.0ms
[2023-04-20T18:39:53.051+0100][gc,phases     ] GC(27)   Evacuate Collection Set: 19.9ms
[2023-04-20T18:39:53.051+0100][gc,phases     ] GC(27)   Post Evacuate Collection Set: 0.3ms
[2023-04-20T18:39:53.051+0100][gc,phases     ] GC(27)   Other: 1.4ms
[2023-04-20T18:39:53.051+0100][gc,heap       ] GC(27) Eden regions: 124->0(107)
[2023-04-20T18:39:53.051+0100][gc,heap       ] GC(27) Survivor regions: 7->7(17)
[2023-04-20T18:39:53.051+0100][gc,heap       ] GC(27) Old regions: 27->27
[2023-04-20T18:39:53.051+0100][gc,heap       ] GC(27) Humongous regions: 129->129
[2023-04-20T18:39:53.051+0100][gc,metaspace  ] GC(27) Metaspace: 50915K(53760K)->50915K(53760K) NonClass: 44768K(46336K)->44768K(46336K) Class: 6147K(7424K)->6147K(7424K)
[2023-04-20T18:39:53.051+0100][gc            ] GC(27) Pause Young (Normal) (G1 Evacuation Pause) 285M->162M(1024M) 21.827ms
[2023-04-20T18:39:53.051+0100][gc,cpu        ] GC(27) User=0.04s Sys=0.03s Real=0.03s
[2023-04-20T18:42:07.780+0100][gc,start      ] GC(28) Pause Young (Normal) (G1 Evacuation Pause)
[2023-04-20T18:42:07.781+0100][gc,task       ] GC(28) Using 8 workers of 8 for evacuation
[2023-04-20T18:42:07.797+0100][gc,phases     ] GC(28)   Pre Evacuate Collection Set: 0.1ms
[2023-04-20T18:42:07.797+0100][gc,phases     ] GC(28)   Evacuate Collection Set: 14.7ms
[2023-04-20T18:42:07.797+0100][gc,phases     ] GC(28)   Post Evacuate Collection Set: 0.4ms
[2023-04-20T18:42:07.797+0100][gc,phases     ] GC(28)   Other: 1.6ms
[2023-04-20T18:42:07.797+0100][gc,heap       ] GC(28) Eden regions: 107->0(110)
[2023-04-20T18:42:07.797+0100][gc,heap       ] GC(28) Survivor regions: 7->8(15)
[2023-04-20T18:42:07.797+0100][gc,heap       ] GC(28) Old regions: 27->27
[2023-04-20T18:42:07.797+0100][gc,heap       ] GC(28) Humongous regions: 129->129
[2023-04-20T18:42:07.797+0100][gc,metaspace  ] GC(28) Metaspace: 50928K(53760K)->50928K(53760K) NonClass: 44780K(46336K)->44780K(46336K) Class: 6147K(7424K)->6147K(7424K)
[2023-04-20T18:42:07.797+0100][gc            ] GC(28) Pause Young (Normal) (G1 Evacuation Pause) 269M->163M(1024M) 16.965ms
[2023-04-20T18:42:07.797+0100][gc,cpu        ] GC(28) User=0.05s Sys=0.00s Real=0.01s
[2023-04-20T18:46:20.794+0100][gc,start      ] GC(29) Pause Young (Normal) (G1 Evacuation Pause)
[2023-04-20T18:46:20.795+0100][gc,task       ] GC(29) Using 8 workers of 8 for evacuation
[2023-04-20T18:46:20.854+0100][gc,mmu        ] GC(29) MMU target violated: 21.0ms (20.0ms/21.0ms)
[2023-04-20T18:46:20.854+0100][gc,phases     ] GC(29)   Pre Evacuate Collection Set: 0.3ms
[2023-04-20T18:46:20.854+0100][gc,phases     ] GC(29)   Evacuate Collection Set: 57.9ms
[2023-04-20T18:46:20.854+0100][gc,phases     ] GC(29)   Post Evacuate Collection Set: 0.7ms
[2023-04-20T18:46:20.854+0100][gc,phases     ] GC(29)   Other: 1.6ms
[2023-04-20T18:46:20.854+0100][gc,heap       ] GC(29) Eden regions: 110->0(41)
[2023-04-20T18:46:20.854+0100][gc,heap       ] GC(29) Survivor regions: 8->10(15)
[2023-04-20T18:46:20.854+0100][gc,heap       ] GC(29) Old regions: 27->28
[2023-04-20T18:46:20.854+0100][gc,heap       ] GC(29) Humongous regions: 129->129
[2023-04-20T18:46:20.854+0100][gc,metaspace  ] GC(29) Metaspace: 50954K(53760K)->50954K(53760K) NonClass: 44806K(46336K)->44806K(46336K) Class: 6147K(7424K)->6147K(7424K)
[2023-04-20T18:46:20.854+0100][gc            ] GC(29) Pause Young (Normal) (G1 Evacuation Pause) 273M->166M(1024M) 60.659ms
[2023-04-20T18:46:20.855+0100][gc,cpu        ] GC(29) User=0.06s Sys=0.09s Real=0.06s
[2023-04-20T18:48:05.527+0100][gc,start      ] GC(30) Pause Young (Normal) (G1 Evacuation Pause)
[2023-04-20T18:48:05.527+0100][gc,task       ] GC(30) Using 8 workers of 8 for evacuation
[2023-04-20T18:48:05.558+0100][gc,mmu        ] GC(30) MMU target violated: 21.0ms (20.0ms/21.0ms)
[2023-04-20T18:48:05.558+0100][gc,phases     ] GC(30)   Pre Evacuate Collection Set: 0.7ms
[2023-04-20T18:48:05.558+0100][gc,phases     ] GC(30)   Evacuate Collection Set: 28.7ms
[2023-04-20T18:48:05.558+0100][gc,phases     ] GC(30)   Post Evacuate Collection Set: 0.5ms
[2023-04-20T18:48:05.558+0100][gc,phases     ] GC(30)   Other: 1.0ms
[2023-04-20T18:48:05.558+0100][gc,heap       ] GC(30) Eden regions: 41->0(45)
[2023-04-20T18:48:05.558+0100][gc,heap       ] GC(30) Survivor regions: 10->6(7)
[2023-04-20T18:48:05.558+0100][gc,heap       ] GC(30) Old regions: 28->34
[2023-04-20T18:48:05.558+0100][gc,heap       ] GC(30) Humongous regions: 129->129
[2023-04-20T18:48:05.558+0100][gc,metaspace  ] GC(30) Metaspace: 50955K(53760K)->50955K(53760K) NonClass: 44807K(46336K)->44807K(46336K) Class: 6147K(7424K)->6147K(7424K)
[2023-04-20T18:48:05.558+0100][gc            ] GC(30) Pause Young (Normal) (G1 Evacuation Pause) 207M->168M(1024M) 31.044ms
[2023-04-20T18:48:05.558+0100][gc,cpu        ] GC(30) User=0.05s Sys=0.02s Real=0.03s
[2023-04-20T18:50:02.004+0100][gc,start      ] GC(31) Pause Young (Normal) (G1 Evacuation Pause)
[2023-04-20T18:50:02.005+0100][gc,task       ] GC(31) Using 8 workers of 8 for evacuation
[2023-04-20T18:50:02.033+0100][gc,mmu        ] GC(31) MMU target violated: 21.0ms (20.0ms/21.0ms)
[2023-04-20T18:50:02.033+0100][gc,phases     ] GC(31)   Pre Evacuate Collection Set: 0.3ms
[2023-04-20T18:50:02.033+0100][gc,phases     ] GC(31)   Evacuate Collection Set: 26.6ms
[2023-04-20T18:50:02.033+0100][gc,phases     ] GC(31)   Post Evacuate Collection Set: 0.6ms
[2023-04-20T18:50:02.033+0100][gc,phases     ] GC(31)   Other: 0.9ms
[2023-04-20T18:50:02.033+0100][gc,heap       ] GC(31) Eden regions: 45->0(62)
[2023-04-20T18:50:02.033+0100][gc,heap       ] GC(31) Survivor regions: 6->4(7)
[2023-04-20T18:50:02.033+0100][gc,heap       ] GC(31) Old regions: 34->38
[2023-04-20T18:50:02.033+0100][gc,heap       ] GC(31) Humongous regions: 129->129
[2023-04-20T18:50:02.033+0100][gc,metaspace  ] GC(31) Metaspace: 50963K(53760K)->50963K(53760K) NonClass: 44815K(46336K)->44815K(46336K) Class: 6147K(7424K)->6147K(7424K)
[2023-04-20T18:50:02.033+0100][gc            ] GC(31) Pause Young (Normal) (G1 Evacuation Pause) 213M->169M(1024M) 28.590ms
[2023-04-20T18:50:02.033+0100][gc,cpu        ] GC(31) User=0.04s Sys=0.02s Real=0.03s
[2023-04-20T18:51:55.338+0100][gc,start      ] GC(32) Pause Young (Normal) (G1 Evacuation Pause)
[2023-04-20T18:51:55.339+0100][gc,task       ] GC(32) Using 8 workers of 8 for evacuation
[2023-04-20T18:51:55.359+0100][gc,phases     ] GC(32)   Pre Evacuate Collection Set: 1.1ms
[2023-04-20T18:51:55.359+0100][gc,phases     ] GC(32)   Evacuate Collection Set: 17.6ms
[2023-04-20T18:51:55.359+0100][gc,phases     ] GC(32)   Post Evacuate Collection Set: 0.4ms
[2023-04-20T18:51:55.359+0100][gc,phases     ] GC(32)   Other: 1.7ms
[2023-04-20T18:51:55.359+0100][gc,heap       ] GC(32) Eden regions: 62->0(49)
[2023-04-20T18:51:55.359+0100][gc,heap       ] GC(32) Survivor regions: 4->6(9)
[2023-04-20T18:51:55.359+0100][gc,heap       ] GC(32) Old regions: 38->38
[2023-04-20T18:51:55.359+0100][gc,heap       ] GC(32) Humongous regions: 129->129
[2023-04-20T18:51:55.359+0100][gc,metaspace  ] GC(32) Metaspace: 50998K(53760K)->50998K(53760K) NonClass: 44850K(46336K)->44850K(46336K) Class: 6147K(7424K)->6147K(7424K)
[2023-04-20T18:51:55.359+0100][gc            ] GC(32) Pause Young (Normal) (G1 Evacuation Pause) 231M->171M(1024M) 20.951ms
[2023-04-20T18:51:55.359+0100][gc,cpu        ] GC(32) User=0.04s Sys=0.02s Real=0.02s
[2023-04-20T18:52:56.442+0100][gc,start      ] GC(33) Pause Young (Normal) (G1 Evacuation Pause)
[2023-04-20T18:52:56.442+0100][gc,task       ] GC(33) Using 8 workers of 8 for evacuation
[2023-04-20T18:52:56.459+0100][gc,phases     ] GC(33)   Pre Evacuate Collection Set: 0.0ms
[2023-04-20T18:52:56.459+0100][gc,phases     ] GC(33)   Evacuate Collection Set: 16.1ms
[2023-04-20T18:52:56.459+0100][gc,phases     ] GC(33)   Post Evacuate Collection Set: 0.6ms
[2023-04-20T18:52:56.459+0100][gc,phases     ] GC(33)   Other: 0.4ms
[2023-04-20T18:52:56.459+0100][gc,heap       ] GC(33) Eden regions: 45->0(44)
[2023-04-20T18:52:56.459+0100][gc,heap       ] GC(33) Survivor regions: 6->7(7)
[2023-04-20T18:52:56.459+0100][gc,heap       ] GC(33) Old regions: 38->41
[2023-04-20T18:52:56.459+0100][gc,heap       ] GC(33) Humongous regions: 129->129
[2023-04-20T18:52:56.459+0100][gc,metaspace  ] GC(33) Metaspace: 51033K(53760K)->51033K(53760K) NonClass: 44880K(46336K)->44880K(46336K) Class: 6153K(7424K)->6153K(7424K)
[2023-04-20T18:52:56.459+0100][gc            ] GC(33) Pause Young (Normal) (G1 Evacuation Pause) 216M->176M(1024M) 17.188ms
[2023-04-20T18:52:56.459+0100][gc,cpu        ] GC(33) User=0.05s Sys=0.01s Real=0.01s
[2023-04-20T18:54:03.198+0100][gc,start      ] GC(34) Pause Young (Normal) (G1 Evacuation Pause)
[2023-04-20T18:54:03.198+0100][gc,task       ] GC(34) Using 8 workers of 8 for evacuation
[2023-04-20T18:54:03.219+0100][gc,mmu        ] GC(34) MMU target violated: 20.3ms (20.0ms/21.0ms)
[2023-04-20T18:54:03.219+0100][gc,phases     ] GC(34)   Pre Evacuate Collection Set: 0.0ms
[2023-04-20T18:54:03.219+0100][gc,phases     ] GC(34)   Evacuate Collection Set: 19.8ms
[2023-04-20T18:54:03.219+0100][gc,phases     ] GC(34)   Post Evacuate Collection Set: 0.4ms
[2023-04-20T18:54:03.219+0100][gc,phases     ] GC(34)   Other: 0.8ms
[2023-04-20T18:54:03.219+0100][gc,heap       ] GC(34) Eden regions: 44->0(59)
[2023-04-20T18:54:03.220+0100][gc,heap       ] GC(34) Survivor regions: 7->2(7)
[2023-04-20T18:54:03.220+0100][gc,heap       ] GC(34) Old regions: 41->47
[2023-04-20T18:54:03.220+0100][gc,heap       ] GC(34) Humongous regions: 129->129
[2023-04-20T18:54:03.220+0100][gc,metaspace  ] GC(34) Metaspace: 51034K(53760K)->51034K(53760K) NonClass: 44881K(46336K)->44881K(46336K) Class: 6153K(7424K)->6153K(7424K)
[2023-04-20T18:54:03.220+0100][gc            ] GC(34) Pause Young (Normal) (G1 Evacuation Pause) 220M->177M(1024M) 21.605ms
[2023-04-20T18:54:03.220+0100][gc,cpu        ] GC(34) User=0.03s Sys=0.01s Real=0.03s
[2023-04-20T18:55:26.975+0100][gc,start      ] GC(35) Pause Young (Normal) (G1 Evacuation Pause)
[2023-04-20T18:55:26.976+0100][gc,task       ] GC(35) Using 8 workers of 8 for evacuation
[2023-04-20T18:55:26.986+0100][gc,phases     ] GC(35)   Pre Evacuate Collection Set: 0.1ms
[2023-04-20T18:55:26.986+0100][gc,phases     ] GC(35)   Evacuate Collection Set: 8.6ms
[2023-04-20T18:55:26.986+0100][gc,phases     ] GC(35)   Post Evacuate Collection Set: 0.4ms
[2023-04-20T18:55:26.986+0100][gc,phases     ] GC(35)   Other: 1.5ms
[2023-04-20T18:55:26.986+0100][gc,heap       ] GC(35) Eden regions: 59->0(68)
[2023-04-20T18:55:26.986+0100][gc,heap       ] GC(35) Survivor regions: 2->3(8)
[2023-04-20T18:55:26.986+0100][gc,heap       ] GC(35) Old regions: 47->47
[2023-04-20T18:55:26.986+0100][gc,heap       ] GC(35) Humongous regions: 129->129
[2023-04-20T18:55:26.986+0100][gc,metaspace  ] GC(35) Metaspace: 51034K(53760K)->51034K(53760K) NonClass: 44881K(46336K)->44881K(46336K) Class: 6153K(7424K)->6153K(7424K)
[2023-04-20T18:55:26.986+0100][gc            ] GC(35) Pause Young (Normal) (G1 Evacuation Pause) 236M->178M(1024M) 10.747ms
[2023-04-20T18:55:26.986+0100][gc,cpu        ] GC(35) User=0.03s Sys=0.00s Real=0.01s
[2023-04-20T18:57:30.935+0100][gc,start      ] GC(36) Pause Young (Normal) (G1 Evacuation Pause)
[2023-04-20T18:57:30.935+0100][gc,task       ] GC(36) Using 8 workers of 8 for evacuation
[2023-04-20T18:57:30.955+0100][gc,phases     ] GC(36)   Pre Evacuate Collection Set: 0.0ms
[2023-04-20T18:57:30.955+0100][gc,phases     ] GC(36)   Evacuate Collection Set: 18.3ms
[2023-04-20T18:57:30.955+0100][gc,phases     ] GC(36)   Post Evacuate Collection Set: 0.9ms
[2023-04-20T18:57:30.955+0100][gc,phases     ] GC(36)   Other: 0.6ms
[2023-04-20T18:57:30.955+0100][gc,heap       ] GC(36) Eden regions: 68->0(60)
[2023-04-20T18:57:30.955+0100][gc,heap       ] GC(36) Survivor regions: 3->5(9)
[2023-04-20T18:57:30.955+0100][gc,heap       ] GC(36) Old regions: 47->47
[2023-04-20T18:57:30.955+0100][gc,heap       ] GC(36) Humongous regions: 129->129
[2023-04-20T18:57:30.955+0100][gc,metaspace  ] GC(36) Metaspace: 51058K(53760K)->51058K(53760K) NonClass: 44904K(46336K)->44904K(46336K) Class: 6153K(7424K)->6153K(7424K)
[2023-04-20T18:57:30.955+0100][gc            ] GC(36) Pause Young (Normal) (G1 Evacuation Pause) 246M->180M(1024M) 20.184ms
[2023-04-20T18:57:30.955+0100][gc,cpu        ] GC(36) User=0.05s Sys=0.01s Real=0.02s
[2023-04-20T18:59:32.903+0100][gc,start      ] GC(37) Pause Young (Normal) (G1 Evacuation Pause)
[2023-04-20T18:59:32.904+0100][gc,task       ] GC(37) Using 8 workers of 8 for evacuation
[2023-04-20T18:59:32.922+0100][gc,phases     ] GC(37)   Pre Evacuate Collection Set: 0.0ms
[2023-04-20T18:59:32.922+0100][gc,phases     ] GC(37)   Evacuate Collection Set: 17.4ms
[2023-04-20T18:59:32.922+0100][gc,phases     ] GC(37)   Post Evacuate Collection Set: 0.6ms
[2023-04-20T18:59:32.922+0100][gc,phases     ] GC(37)   Other: 1.1ms
[2023-04-20T18:59:32.922+0100][gc,heap       ] GC(37) Eden regions: 60->0(71)
[2023-04-20T18:59:32.922+0100][gc,heap       ] GC(37) Survivor regions: 5->7(9)
[2023-04-20T18:59:32.922+0100][gc,heap       ] GC(37) Old regions: 47->47
[2023-04-20T18:59:32.922+0100][gc,heap       ] GC(37) Humongous regions: 129->129
[2023-04-20T18:59:32.922+0100][gc,metaspace  ] GC(37) Metaspace: 51066K(53760K)->51066K(53760K) NonClass: 44913K(46336K)->44913K(46336K) Class: 6153K(7424K)->6153K(7424K)
[2023-04-20T18:59:32.923+0100][gc            ] GC(37) Pause Young (Normal) (G1 Evacuation Pause) 240M->181M(1024M) 19.703ms
[2023-04-20T18:59:32.923+0100][gc,cpu        ] GC(37) User=0.03s Sys=0.00s Real=0.02s
[2023-04-20T19:02:33.404+0100][gc,start      ] GC(38) Pause Young (Normal) (G1 Evacuation Pause)
[2023-04-20T19:02:33.404+0100][gc,task       ] GC(38) Using 8 workers of 8 for evacuation
[2023-04-20T19:02:33.459+0100][gc,mmu        ] GC(38) MMU target violated: 21.0ms (20.0ms/21.0ms)
[2023-04-20T19:02:33.459+0100][gc,phases     ] GC(38)   Pre Evacuate Collection Set: 1.0ms
[2023-04-20T19:02:33.459+0100][gc,phases     ] GC(38)   Evacuate Collection Set: 51.8ms
[2023-04-20T19:02:33.459+0100][gc,phases     ] GC(38)   Post Evacuate Collection Set: 1.1ms
[2023-04-20T19:02:33.459+0100][gc,phases     ] GC(38)   Other: 1.3ms
[2023-04-20T19:02:33.459+0100][gc,heap       ] GC(38) Eden regions: 71->0(44)
[2023-04-20T19:02:33.459+0100][gc,heap       ] GC(38) Survivor regions: 7->7(10)
[2023-04-20T19:02:33.459+0100][gc,heap       ] GC(38) Old regions: 47->49
[2023-04-20T19:02:33.459+0100][gc,heap       ] GC(38) Humongous regions: 129->129
[2023-04-20T19:02:33.459+0100][gc,metaspace  ] GC(38) Metaspace: 51067K(53760K)->51067K(53760K) NonClass: 44913K(46336K)->44913K(46336K) Class: 6153K(7424K)->6153K(7424K)
[2023-04-20T19:02:33.459+0100][gc            ] GC(38) Pause Young (Normal) (G1 Evacuation Pause) 252M->184M(1024M) 55.375ms
[2023-04-20T19:02:33.459+0100][gc,cpu        ] GC(38) User=0.05s Sys=0.08s Real=0.05s
[2023-04-20T19:04:09.284+0100][gc,start      ] GC(39) Pause Young (Normal) (G1 Evacuation Pause)
[2023-04-20T19:04:09.285+0100][gc,task       ] GC(39) Using 8 workers of 8 for evacuation
[2023-04-20T19:04:09.314+0100][gc,mmu        ] GC(39) MMU target violated: 21.0ms (20.0ms/21.0ms)
[2023-04-20T19:04:09.314+0100][gc,phases     ] GC(39)   Pre Evacuate Collection Set: 0.0ms
[2023-04-20T19:04:09.314+0100][gc,phases     ] GC(39)   Evacuate Collection Set: 28.0ms
[2023-04-20T19:04:09.314+0100][gc,phases     ] GC(39)   Post Evacuate Collection Set: 0.7ms
[2023-04-20T19:04:09.314+0100][gc,phases     ] GC(39)   Other: 1.0ms
[2023-04-20T19:04:09.314+0100][gc,heap       ] GC(39) Eden regions: 44->0(46)
[2023-04-20T19:04:09.314+0100][gc,heap       ] GC(39) Survivor regions: 7->5(7)
[2023-04-20T19:04:09.314+0100][gc,heap       ] GC(39) Old regions: 49->53
[2023-04-20T19:04:09.314+0100][gc,heap       ] GC(39) Humongous regions: 129->129
[2023-04-20T19:04:09.314+0100][gc,metaspace  ] GC(39) Metaspace: 51070K(53760K)->51070K(53760K) NonClass: 44916K(46336K)->44916K(46336K) Class: 6153K(7424K)->6153K(7424K)
[2023-04-20T19:04:09.314+0100][gc            ] GC(39) Pause Young (Normal) (G1 Evacuation Pause) 228M->186M(1024M) 29.923ms
[2023-04-20T19:04:09.314+0100][gc,cpu        ] GC(39) User=0.04s Sys=0.02s Real=0.03s
[2023-04-20T19:05:56.712+0100][gc,start      ] GC(40) Pause Young (Normal) (G1 Evacuation Pause)
[2023-04-20T19:05:56.712+0100][gc,task       ] GC(40) Using 8 workers of 8 for evacuation
[2023-04-20T19:05:56.745+0100][gc,mmu        ] GC(40) MMU target violated: 21.0ms (20.0ms/21.0ms)
[2023-04-20T19:05:56.745+0100][gc,phases     ] GC(40)   Pre Evacuate Collection Set: 1.0ms
[2023-04-20T19:05:56.745+0100][gc,phases     ] GC(40)   Evacuate Collection Set: 31.1ms
[2023-04-20T19:05:56.745+0100][gc,phases     ] GC(40)   Post Evacuate Collection Set: 0.7ms
[2023-04-20T19:05:56.745+0100][gc,phases     ] GC(40)   Other: 1.1ms
[2023-04-20T19:05:56.746+0100][gc,heap       ] GC(40) Eden regions: 46->0(48)
[2023-04-20T19:05:56.746+0100][gc,heap       ] GC(40) Survivor regions: 5->4(7)
[2023-04-20T19:05:56.746+0100][gc,heap       ] GC(40) Old regions: 53->56
[2023-04-20T19:05:56.746+0100][gc,heap       ] GC(40) Humongous regions: 129->129
[2023-04-20T19:05:56.746+0100][gc,metaspace  ] GC(40) Metaspace: 51070K(53760K)->51070K(53760K) NonClass: 44916K(46336K)->44916K(46336K) Class: 6153K(7424K)->6153K(7424K)
[2023-04-20T19:05:56.746+0100][gc            ] GC(40) Pause Young (Normal) (G1 Evacuation Pause) 232M->188M(1024M) 33.966ms
[2023-04-20T19:05:56.746+0100][gc,cpu        ] GC(40) User=0.04s Sys=0.03s Real=0.03s
[2023-04-20T19:07:55.207+0100][gc,start      ] GC(41) Pause Young (Normal) (G1 Evacuation Pause)
[2023-04-20T19:07:55.208+0100][gc,task       ] GC(41) Using 8 workers of 8 for evacuation
[2023-04-20T19:07:55.241+0100][gc,mmu        ] GC(41) MMU target violated: 21.0ms (20.0ms/21.0ms)
[2023-04-20T19:07:55.241+0100][gc,phases     ] GC(41)   Pre Evacuate Collection Set: 0.1ms
[2023-04-20T19:07:55.241+0100][gc,phases     ] GC(41)   Evacuate Collection Set: 31.5ms
[2023-04-20T19:07:55.241+0100][gc,phases     ] GC(41)   Post Evacuate Collection Set: 1.4ms
[2023-04-20T19:07:55.241+0100][gc,phases     ] GC(41)   Other: 1.2ms
[2023-04-20T19:07:55.241+0100][gc,heap       ] GC(41) Eden regions: 48->0(45)
[2023-04-20T19:07:55.241+0100][gc,heap       ] GC(41) Survivor regions: 4->6(7)
[2023-04-20T19:07:55.241+0100][gc,heap       ] GC(41) Old regions: 56->56
[2023-04-20T19:07:55.241+0100][gc,heap       ] GC(41) Humongous regions: 129->129
[2023-04-20T19:07:55.241+0100][gc,metaspace  ] GC(41) Metaspace: 51072K(53760K)->51072K(53760K) NonClass: 44919K(46336K)->44919K(46336K) Class: 6153K(7424K)->6153K(7424K)
[2023-04-20T19:07:55.241+0100][gc            ] GC(41) Pause Young (Normal) (G1 Evacuation Pause) 236M->189M(1024M) 34.413ms
[2023-04-20T19:07:55.241+0100][gc,cpu        ] GC(41) User=0.04s Sys=0.02s Real=0.04s
[2023-04-20T19:09:44.070+0100][gc,start      ] GC(42) Pause Young (Normal) (G1 Evacuation Pause)
[2023-04-20T19:09:44.070+0100][gc,task       ] GC(42) Using 8 workers of 8 for evacuation
[2023-04-20T19:09:44.093+0100][gc,mmu        ] GC(42) MMU target violated: 21.0ms (20.0ms/21.0ms)
[2023-04-20T19:09:44.093+0100][gc,phases     ] GC(42)   Pre Evacuate Collection Set: 0.1ms
[2023-04-20T19:09:44.093+0100][gc,phases     ] GC(42)   Evacuate Collection Set: 22.1ms
[2023-04-20T19:09:44.093+0100][gc,phases     ] GC(42)   Post Evacuate Collection Set: 0.3ms
[2023-04-20T19:09:44.093+0100][gc,phases     ] GC(42)   Other: 0.8ms
[2023-04-20T19:09:44.093+0100][gc,heap       ] GC(42) Eden regions: 45->0(47)
[2023-04-20T19:09:44.093+0100][gc,heap       ] GC(42) Survivor regions: 6->6(7)
[2023-04-20T19:09:44.093+0100][gc,heap       ] GC(42) Old regions: 56->58
[2023-04-20T19:09:44.093+0100][gc,heap       ] GC(42) Humongous regions: 129->129
[2023-04-20T19:09:44.093+0100][gc,metaspace  ] GC(42) Metaspace: 51080K(53760K)->51080K(53760K) NonClass: 44926K(46336K)->44926K(46336K) Class: 6153K(7424K)->6153K(7424K)
[2023-04-20T19:09:44.093+0100][gc            ] GC(42) Pause Young (Normal) (G1 Evacuation Pause) 234M->191M(1024M) 23.414ms
[2023-04-20T19:09:44.093+0100][gc,cpu        ] GC(42) User=0.04s Sys=0.01s Real=0.02s
[2023-04-20T19:11:37.875+0100][gc,start      ] GC(43) Pause Young (Normal) (G1 Evacuation Pause)
[2023-04-20T19:11:37.876+0100][gc,task       ] GC(43) Using 8 workers of 8 for evacuation
[2023-04-20T19:11:37.919+0100][gc,mmu        ] GC(43) MMU target violated: 21.0ms (20.0ms/21.0ms)
[2023-04-20T19:11:37.919+0100][gc,phases     ] GC(43)   Pre Evacuate Collection Set: 1.1ms
[2023-04-20T19:11:37.919+0100][gc,phases     ] GC(43)   Evacuate Collection Set: 40.5ms
[2023-04-20T19:11:37.919+0100][gc,phases     ] GC(43)   Post Evacuate Collection Set: 1.0ms
[2023-04-20T19:11:37.919+0100][gc,phases     ] GC(43)   Other: 2.4ms
[2023-04-20T19:11:37.919+0100][gc,heap       ] GC(43) Eden regions: 47->0(45)
[2023-04-20T19:11:37.919+0100][gc,heap       ] GC(43) Survivor regions: 6->6(7)
[2023-04-20T19:11:37.919+0100][gc,heap       ] GC(43) Old regions: 58->59
[2023-04-20T19:11:37.919+0100][gc,heap       ] GC(43) Humongous regions: 129->129
[2023-04-20T19:11:37.919+0100][gc,metaspace  ] GC(43) Metaspace: 51084K(53760K)->51084K(53760K) NonClass: 44930K(46336K)->44930K(46336K) Class: 6153K(7424K)->6153K(7424K)
[2023-04-20T19:11:37.919+0100][gc            ] GC(43) Pause Young (Normal) (G1 Evacuation Pause) 238M->193M(1024M) 44.956ms
[2023-04-20T19:11:37.920+0100][gc,cpu        ] GC(43) User=0.04s Sys=0.06s Real=0.05s
[2023-04-20T19:13:36.824+0100][gc,start      ] GC(44) Pause Young (Normal) (G1 Evacuation Pause)
[2023-04-20T19:13:36.832+0100][gc,task       ] GC(44) Using 8 workers of 8 for evacuation
[2023-04-20T19:13:36.890+0100][gc,mmu        ] GC(44) MMU target violated: 21.0ms (20.0ms/21.0ms)
[2023-04-20T19:13:36.890+0100][gc,phases     ] GC(44)   Pre Evacuate Collection Set: 1.1ms
[2023-04-20T19:13:36.890+0100][gc,phases     ] GC(44)   Evacuate Collection Set: 49.4ms
[2023-04-20T19:13:36.890+0100][gc,phases     ] GC(44)   Post Evacuate Collection Set: 0.9ms
[2023-04-20T19:13:36.890+0100][gc,phases     ] GC(44)   Other: 15.0ms
[2023-04-20T19:13:36.890+0100][gc,heap       ] GC(44) Eden regions: 45->0(45)
[2023-04-20T19:13:36.890+0100][gc,heap       ] GC(44) Survivor regions: 6->6(7)
[2023-04-20T19:13:36.890+0100][gc,heap       ] GC(44) Old regions: 59->61
[2023-04-20T19:13:36.890+0100][gc,heap       ] GC(44) Humongous regions: 129->129
[2023-04-20T19:13:36.890+0100][gc,metaspace  ] GC(44) Metaspace: 51091K(53760K)->51091K(53760K) NonClass: 44937K(46336K)->44937K(46336K) Class: 6153K(7424K)->6153K(7424K)
[2023-04-20T19:13:36.890+0100][gc            ] GC(44) Pause Young (Normal) (G1 Evacuation Pause) 238M->195M(1024M) 66.504ms
[2023-04-20T19:13:36.890+0100][gc,cpu        ] GC(44) User=0.05s Sys=0.07s Real=0.07s
[2023-04-20T19:15:24.128+0100][gc,start      ] GC(45) Pause Young (Normal) (G1 Evacuation Pause)
[2023-04-20T19:15:24.128+0100][gc,task       ] GC(45) Using 8 workers of 8 for evacuation
[2023-04-20T19:15:24.187+0100][gc,mmu        ] GC(45) MMU target violated: 21.0ms (20.0ms/21.0ms)
[2023-04-20T19:15:24.187+0100][gc,phases     ] GC(45)   Pre Evacuate Collection Set: 1.0ms
[2023-04-20T19:15:24.187+0100][gc,phases     ] GC(45)   Evacuate Collection Set: 55.4ms
[2023-04-20T19:15:24.187+0100][gc,phases     ] GC(45)   Post Evacuate Collection Set: 2.1ms
[2023-04-20T19:15:24.188+0100][gc,phases     ] GC(45)   Other: 1.3ms
[2023-04-20T19:15:24.188+0100][gc,heap       ] GC(45) Eden regions: 45->0(45)
[2023-04-20T19:15:24.188+0100][gc,heap       ] GC(45) Survivor regions: 6->6(7)
[2023-04-20T19:15:24.188+0100][gc,heap       ] GC(45) Old regions: 61->63
[2023-04-20T19:15:24.188+0100][gc,heap       ] GC(45) Humongous regions: 129->129
[2023-04-20T19:15:24.188+0100][gc,metaspace  ] GC(45) Metaspace: 51094K(53760K)->51094K(53760K) NonClass: 44940K(46336K)->44940K(46336K) Class: 6153K(7424K)->6153K(7424K)
[2023-04-20T19:15:24.188+0100][gc            ] GC(45) Pause Young (Normal) (G1 Evacuation Pause) 240M->197M(1024M) 59.887ms
[2023-04-20T19:15:24.188+0100][gc,cpu        ] GC(45) User=0.05s Sys=0.07s Real=0.06s
[2023-04-20T19:16:14.651+0100][gc,start      ] GC(46) Pause Young (Normal) (G1 Evacuation Pause)
[2023-04-20T19:16:14.652+0100][gc,task       ] GC(46) Using 8 workers of 8 for evacuation
[2023-04-20T19:16:14.664+0100][gc,phases     ] GC(46)   Pre Evacuate Collection Set: 0.0ms
[2023-04-20T19:16:14.664+0100][gc,phases     ] GC(46)   Evacuate Collection Set: 11.5ms
[2023-04-20T19:16:14.664+0100][gc,phases     ] GC(46)   Post Evacuate Collection Set: 0.3ms
[2023-04-20T19:16:14.664+0100][gc,phases     ] GC(46)   Other: 1.2ms
[2023-04-20T19:16:14.664+0100][gc,heap       ] GC(46) Eden regions: 45->0(46)
[2023-04-20T19:16:14.664+0100][gc,heap       ] GC(46) Survivor regions: 6->5(7)
[2023-04-20T19:16:14.664+0100][gc,heap       ] GC(46) Old regions: 63->65
[2023-04-20T19:16:14.664+0100][gc,heap       ] GC(46) Humongous regions: 129->129
[2023-04-20T19:16:14.664+0100][gc,metaspace  ] GC(46) Metaspace: 51095K(53760K)->51095K(53760K) NonClass: 44942K(46336K)->44942K(46336K) Class: 6153K(7424K)->6153K(7424K)
[2023-04-20T19:16:14.664+0100][gc            ] GC(46) Pause Young (Normal) (G1 Evacuation Pause) 242M->198M(1024M) 13.224ms
[2023-04-20T19:16:14.664+0100][gc,cpu        ] GC(46) User=0.04s Sys=0.00s Real=0.01s
[2023-04-20T19:17:04.410+0100][gc,start      ] GC(47) Pause Young (Normal) (G1 Evacuation Pause)
[2023-04-20T19:17:04.410+0100][gc,task       ] GC(47) Using 8 workers of 8 for evacuation
[2023-04-20T19:17:04.421+0100][gc,phases     ] GC(47)   Pre Evacuate Collection Set: 0.0ms
[2023-04-20T19:17:04.421+0100][gc,phases     ] GC(47)   Evacuate Collection Set: 10.8ms
[2023-04-20T19:17:04.421+0100][gc,phases     ] GC(47)   Post Evacuate Collection Set: 0.3ms
[2023-04-20T19:17:04.421+0100][gc,phases     ] GC(47)   Other: 0.3ms
[2023-04-20T19:17:04.421+0100][gc,heap       ] GC(47) Eden regions: 46->0(47)
[2023-04-20T19:17:04.421+0100][gc,heap       ] GC(47) Survivor regions: 5->4(7)
[2023-04-20T19:17:04.421+0100][gc,heap       ] GC(47) Old regions: 65->67
[2023-04-20T19:17:04.421+0100][gc,heap       ] GC(47) Humongous regions: 129->129
[2023-04-20T19:17:04.421+0100][gc,metaspace  ] GC(47) Metaspace: 51097K(53760K)->51097K(53760K) NonClass: 44943K(46336K)->44943K(46336K) Class: 6153K(7424K)->6153K(7424K)
[2023-04-20T19:17:04.421+0100][gc            ] GC(47) Pause Young (Normal) (G1 Evacuation Pause) 244M->199M(1024M) 11.616ms
[2023-04-20T19:17:04.421+0100][gc,cpu        ] GC(47) User=0.03s Sys=0.00s Real=0.01s
[2023-04-20T19:17:54.359+0100][gc,start      ] GC(48) Pause Young (Normal) (G1 Evacuation Pause)
[2023-04-20T19:17:54.359+0100][gc,task       ] GC(48) Using 8 workers of 8 for evacuation
[2023-04-20T19:17:54.372+0100][gc,phases     ] GC(48)   Pre Evacuate Collection Set: 0.0ms
[2023-04-20T19:17:54.372+0100][gc,phases     ] GC(48)   Evacuate Collection Set: 12.6ms
[2023-04-20T19:17:54.372+0100][gc,phases     ] GC(48)   Post Evacuate Collection Set: 0.3ms
[2023-04-20T19:17:54.372+0100][gc,phases     ] GC(48)   Other: 0.5ms
[2023-04-20T19:17:54.372+0100][gc,heap       ] GC(48) Eden regions: 47->0(49)
[2023-04-20T19:17:54.372+0100][gc,heap       ] GC(48) Survivor regions: 4->4(7)
[2023-04-20T19:17:54.372+0100][gc,heap       ] GC(48) Old regions: 67->67
[2023-04-20T19:17:54.372+0100][gc,heap       ] GC(48) Humongous regions: 129->129
[2023-04-20T19:17:54.372+0100][gc,metaspace  ] GC(48) Metaspace: 51097K(53760K)->51097K(53760K) NonClass: 44943K(46336K)->44943K(46336K) Class: 6153K(7424K)->6153K(7424K)
[2023-04-20T19:17:54.372+0100][gc            ] GC(48) Pause Young (Normal) (G1 Evacuation Pause) 246M->199M(1024M) 13.597ms
[2023-04-20T19:17:54.372+0100][gc,cpu        ] GC(48) User=0.02s Sys=0.00s Real=0.02s
[2023-04-20T19:18:44.994+0100][gc,start      ] GC(49) Pause Young (Normal) (G1 Evacuation Pause)
[2023-04-20T19:18:44.995+0100][gc,task       ] GC(49) Using 8 workers of 8 for evacuation
[2023-04-20T19:18:45.004+0100][gc,phases     ] GC(49)   Pre Evacuate Collection Set: 0.1ms
[2023-04-20T19:18:45.004+0100][gc,phases     ] GC(49)   Evacuate Collection Set: 8.1ms
[2023-04-20T19:18:45.004+0100][gc,phases     ] GC(49)   Post Evacuate Collection Set: 0.3ms
[2023-04-20T19:18:45.004+0100][gc,phases     ] GC(49)   Other: 1.0ms
[2023-04-20T19:18:45.004+0100][gc,heap       ] GC(49) Eden regions: 49->0(53)
[2023-04-20T19:18:45.004+0100][gc,heap       ] GC(49) Survivor regions: 4->4(7)
[2023-04-20T19:18:45.004+0100][gc,heap       ] GC(49) Old regions: 67->69
[2023-04-20T19:18:45.004+0100][gc,heap       ] GC(49) Humongous regions: 129->129
[2023-04-20T19:18:45.004+0100][gc,metaspace  ] GC(49) Metaspace: 51098K(53760K)->51098K(53760K) NonClass: 44944K(46336K)->44944K(46336K) Class: 6153K(7424K)->6153K(7424K)
[2023-04-20T19:18:45.004+0100][gc            ] GC(49) Pause Young (Normal) (G1 Evacuation Pause) 248M->200M(1024M) 9.677ms
[2023-04-20T19:18:45.004+0100][gc,cpu        ] GC(49) User=0.03s Sys=0.00s Real=0.01s
[2023-04-20T19:19:38.446+0100][gc,start      ] GC(50) Pause Young (Normal) (G1 Evacuation Pause)
[2023-04-20T19:19:38.447+0100][gc,task       ] GC(50) Using 8 workers of 8 for evacuation
[2023-04-20T19:19:38.460+0100][gc,phases     ] GC(50)   Pre Evacuate Collection Set: 0.0ms
[2023-04-20T19:19:38.460+0100][gc,phases     ] GC(50)   Evacuate Collection Set: 12.5ms
[2023-04-20T19:19:38.460+0100][gc,phases     ] GC(50)   Post Evacuate Collection Set: 0.3ms
[2023-04-20T19:19:38.460+0100][gc,phases     ] GC(50)   Other: 0.5ms
[2023-04-20T19:19:38.460+0100][gc,heap       ] GC(50) Eden regions: 53->0(53)
[2023-04-20T19:19:38.460+0100][gc,heap       ] GC(50) Survivor regions: 4->4(8)
[2023-04-20T19:19:38.460+0100][gc,heap       ] GC(50) Old regions: 69->69
[2023-04-20T19:19:38.460+0100][gc,heap       ] GC(50) Humongous regions: 129->129
[2023-04-20T19:19:38.460+0100][gc,metaspace  ] GC(50) Metaspace: 51098K(53760K)->51098K(53760K) NonClass: 44944K(46336K)->44944K(46336K) Class: 6153K(7424K)->6153K(7424K)
[2023-04-20T19:19:38.460+0100][gc            ] GC(50) Pause Young (Normal) (G1 Evacuation Pause) 253M->200M(1024M) 13.462ms
[2023-04-20T19:19:38.460+0100][gc,cpu        ] GC(50) User=0.02s Sys=0.01s Real=0.02s
[2023-04-20T19:20:32.444+0100][gc,start      ] GC(51) Pause Young (Normal) (G1 Evacuation Pause)
[2023-04-20T19:20:32.445+0100][gc,task       ] GC(51) Using 8 workers of 8 for evacuation
[2023-04-20T19:20:32.452+0100][gc,phases     ] GC(51)   Pre Evacuate Collection Set: 0.0ms
[2023-04-20T19:20:32.452+0100][gc,phases     ] GC(51)   Evacuate Collection Set: 7.2ms
[2023-04-20T19:20:32.452+0100][gc,phases     ] GC(51)   Post Evacuate Collection Set: 0.3ms
[2023-04-20T19:20:32.452+0100][gc,phases     ] GC(51)   Other: 1.0ms
[2023-04-20T19:20:32.452+0100][gc,heap       ] GC(51) Eden regions: 53->0(59)
[2023-04-20T19:20:32.452+0100][gc,heap       ] GC(51) Survivor regions: 4->5(8)
[2023-04-20T19:20:32.452+0100][gc,heap       ] GC(51) Old regions: 69->69
[2023-04-20T19:20:32.452+0100][gc,heap       ] GC(51) Humongous regions: 129->129
[2023-04-20T19:20:32.452+0100][gc,metaspace  ] GC(51) Metaspace: 51098K(53760K)->51098K(53760K) NonClass: 44944K(46336K)->44944K(46336K) Class: 6153K(7424K)->6153K(7424K)
[2023-04-20T19:20:32.452+0100][gc            ] GC(51) Pause Young (Normal) (G1 Evacuation Pause) 253M->201M(1024M) 8.632ms
[2023-04-20T19:20:32.452+0100][gc,cpu        ] GC(51) User=0.02s Sys=0.00s Real=0.01s
[2023-04-20T19:21:32.327+0100][gc,start      ] GC(52) Pause Young (Normal) (G1 Evacuation Pause)
[2023-04-20T19:21:32.328+0100][gc,task       ] GC(52) Using 8 workers of 8 for evacuation
[2023-04-20T19:21:32.341+0100][gc,phases     ] GC(52)   Pre Evacuate Collection Set: 0.0ms
[2023-04-20T19:21:32.341+0100][gc,phases     ] GC(52)   Evacuate Collection Set: 12.9ms
[2023-04-20T19:21:32.341+0100][gc,phases     ] GC(52)   Post Evacuate Collection Set: 0.3ms
[2023-04-20T19:21:32.341+0100][gc,phases     ] GC(52)   Other: 1.0ms
[2023-04-20T19:21:32.342+0100][gc,heap       ] GC(52) Eden regions: 59->0(59)
[2023-04-20T19:21:32.342+0100][gc,heap       ] GC(52) Survivor regions: 5->5(8)
[2023-04-20T19:21:32.342+0100][gc,heap       ] GC(52) Old regions: 69->69
[2023-04-20T19:21:32.342+0100][gc,heap       ] GC(52) Humongous regions: 129->129
[2023-04-20T19:21:32.342+0100][gc,metaspace  ] GC(52) Metaspace: 51098K(53760K)->51098K(53760K) NonClass: 44944K(46336K)->44944K(46336K) Class: 6153K(7424K)->6153K(7424K)
[2023-04-20T19:21:32.342+0100][gc            ] GC(52) Pause Young (Normal) (G1 Evacuation Pause) 260M->202M(1024M) 14.456ms
[2023-04-20T19:21:32.342+0100][gc,cpu        ] GC(52) User=0.03s Sys=0.01s Real=0.02s
[2023-04-20T19:22:31.395+0100][gc,start      ] GC(53) Pause Young (Normal) (G1 Evacuation Pause)
[2023-04-20T19:22:31.396+0100][gc,task       ] GC(53) Using 8 workers of 8 for evacuation
[2023-04-20T19:22:31.406+0100][gc,phases     ] GC(53)   Pre Evacuate Collection Set: 0.0ms
[2023-04-20T19:22:31.406+0100][gc,phases     ] GC(53)   Evacuate Collection Set: 9.7ms
[2023-04-20T19:22:31.406+0100][gc,phases     ] GC(53)   Post Evacuate Collection Set: 0.3ms
[2023-04-20T19:22:31.406+0100][gc,phases     ] GC(53)   Other: 1.0ms
[2023-04-20T19:22:31.406+0100][gc,heap       ] GC(53) Eden regions: 59->0(64)
[2023-04-20T19:22:31.406+0100][gc,heap       ] GC(53) Survivor regions: 5->5(8)
[2023-04-20T19:22:31.406+0100][gc,heap       ] GC(53) Old regions: 69->70
[2023-04-20T19:22:31.406+0100][gc,heap       ] GC(53) Humongous regions: 129->129
[2023-04-20T19:22:31.406+0100][gc,metaspace  ] GC(53) Metaspace: 51099K(53760K)->51099K(53760K) NonClass: 44945K(46336K)->44945K(46336K) Class: 6153K(7424K)->6153K(7424K)
[2023-04-20T19:22:31.406+0100][gc            ] GC(53) Pause Young (Normal) (G1 Evacuation Pause) 261M->202M(1024M) 11.225ms
[2023-04-20T19:22:31.406+0100][gc,cpu        ] GC(53) User=0.02s Sys=0.00s Real=0.01s
[2023-04-20T19:23:35.462+0100][gc,start      ] GC(54) Pause Young (Normal) (G1 Evacuation Pause)
[2023-04-20T19:23:35.463+0100][gc,task       ] GC(54) Using 8 workers of 8 for evacuation
[2023-04-20T19:23:35.490+0100][gc,mmu        ] GC(54) MMU target violated: 21.0ms (20.0ms/21.0ms)
[2023-04-20T19:23:35.490+0100][gc,phases     ] GC(54)   Pre Evacuate Collection Set: 0.0ms
[2023-04-20T19:23:35.490+0100][gc,phases     ] GC(54)   Evacuate Collection Set: 26.3ms
[2023-04-20T19:23:35.490+0100][gc,phases     ] GC(54)   Post Evacuate Collection Set: 0.3ms
[2023-04-20T19:23:35.490+0100][gc,phases     ] GC(54)   Other: 1.1ms
[2023-04-20T19:23:35.490+0100][gc,heap       ] GC(54) Eden regions: 64->0(60)
[2023-04-20T19:23:35.490+0100][gc,heap       ] GC(54) Survivor regions: 5->6(9)
[2023-04-20T19:23:35.490+0100][gc,heap       ] GC(54) Old regions: 70->70
[2023-04-20T19:23:35.490+0100][gc,heap       ] GC(54) Humongous regions: 129->129
[2023-04-20T19:23:35.490+0100][gc,metaspace  ] GC(54) Metaspace: 51103K(53760K)->51103K(53760K) NonClass: 44949K(46336K)->44949K(46336K) Class: 6153K(7424K)->6153K(7424K)
[2023-04-20T19:23:35.490+0100][gc            ] GC(54) Pause Young (Normal) (G1 Evacuation Pause) 266M->203M(1024M) 27.811ms
[2023-04-20T19:23:35.490+0100][gc,cpu        ] GC(54) User=0.02s Sys=0.02s Real=0.03s
[2023-04-20T19:24:36.377+0100][gc,start      ] GC(55) Pause Young (Normal) (G1 Evacuation Pause)
[2023-04-20T19:24:36.379+0100][gc,task       ] GC(55) Using 8 workers of 8 for evacuation
[2023-04-20T19:24:36.390+0100][gc,phases     ] GC(55)   Pre Evacuate Collection Set: 0.0ms
[2023-04-20T19:24:36.390+0100][gc,phases     ] GC(55)   Evacuate Collection Set: 10.2ms
[2023-04-20T19:24:36.390+0100][gc,phases     ] GC(55)   Post Evacuate Collection Set: 0.3ms
[2023-04-20T19:24:36.390+0100][gc,phases     ] GC(55)   Other: 2.1ms
[2023-04-20T19:24:36.390+0100][gc,heap       ] GC(55) Eden regions: 60->0(66)
[2023-04-20T19:24:36.390+0100][gc,heap       ] GC(55) Survivor regions: 6->6(9)
[2023-04-20T19:24:36.390+0100][gc,heap       ] GC(55) Old regions: 70->70
[2023-04-20T19:24:36.390+0100][gc,heap       ] GC(55) Humongous regions: 129->129
[2023-04-20T19:24:36.390+0100][gc,metaspace  ] GC(55) Metaspace: 51104K(53760K)->51104K(53760K) NonClass: 44950K(46336K)->44950K(46336K) Class: 6153K(7424K)->6153K(7424K)
[2023-04-20T19:24:36.390+0100][gc            ] GC(55) Pause Young (Normal) (G1 Evacuation Pause) 263M->204M(1024M) 12.790ms
[2023-04-20T19:24:36.390+0100][gc,cpu        ] GC(55) User=0.03s Sys=0.00s Real=0.02s
[2023-04-20T19:25:44.260+0100][gc,start      ] GC(56) Pause Young (Normal) (G1 Evacuation Pause)
[2023-04-20T19:25:44.261+0100][gc,task       ] GC(56) Using 8 workers of 8 for evacuation
[2023-04-20T19:25:44.274+0100][gc,phases     ] GC(56)   Pre Evacuate Collection Set: 0.0ms
[2023-04-20T19:25:44.274+0100][gc,phases     ] GC(56)   Evacuate Collection Set: 12.9ms
[2023-04-20T19:25:44.274+0100][gc,phases     ] GC(56)   Post Evacuate Collection Set: 0.5ms
[2023-04-20T19:25:44.274+0100][gc,phases     ] GC(56)   Other: 0.6ms
[2023-04-20T19:25:44.275+0100][gc,heap       ] GC(56) Eden regions: 66->0(71)
[2023-04-20T19:25:44.275+0100][gc,heap       ] GC(56) Survivor regions: 6->6(9)
[2023-04-20T19:25:44.275+0100][gc,heap       ] GC(56) Old regions: 70->71
[2023-04-20T19:25:44.275+0100][gc,heap       ] GC(56) Humongous regions: 129->129
[2023-04-20T19:25:44.275+0100][gc,metaspace  ] GC(56) Metaspace: 51105K(53760K)->51105K(53760K) NonClass: 44951K(46336K)->44951K(46336K) Class: 6153K(7424K)->6153K(7424K)
[2023-04-20T19:25:44.275+0100][gc            ] GC(56) Pause Young (Normal) (G1 Evacuation Pause) 270M->204M(1024M) 14.213ms
[2023-04-20T19:25:44.275+0100][gc,cpu        ] GC(56) User=0.03s Sys=0.01s Real=0.01s
[2023-04-20T19:27:02.064+0100][gc,start      ] GC(57) Pause Young (Normal) (G1 Evacuation Pause)
[2023-04-20T19:27:02.064+0100][gc,task       ] GC(57) Using 8 workers of 8 for evacuation
[2023-04-20T19:27:02.082+0100][gc,phases     ] GC(57)   Pre Evacuate Collection Set: 0.0ms
[2023-04-20T19:27:02.082+0100][gc,phases     ] GC(57)   Evacuate Collection Set: 17.6ms
[2023-04-20T19:27:02.082+0100][gc,phases     ] GC(57)   Post Evacuate Collection Set: 0.3ms
[2023-04-20T19:27:02.082+0100][gc,phases     ] GC(57)   Other: 0.6ms
[2023-04-20T19:27:02.082+0100][gc,heap       ] GC(57) Eden regions: 71->0(73)
[2023-04-20T19:27:02.082+0100][gc,heap       ] GC(57) Survivor regions: 6->6(10)
[2023-04-20T19:27:02.082+0100][gc,heap       ] GC(57) Old regions: 71->71
[2023-04-20T19:27:02.082+0100][gc,heap       ] GC(57) Humongous regions: 129->129
[2023-04-20T19:27:02.082+0100][gc,metaspace  ] GC(57) Metaspace: 51105K(53760K)->51105K(53760K) NonClass: 44951K(46336K)->44951K(46336K) Class: 6153K(7424K)->6153K(7424K)
[2023-04-20T19:27:02.082+0100][gc            ] GC(57) Pause Young (Normal) (G1 Evacuation Pause) 275M->205M(1024M) 18.646ms
[2023-04-20T19:27:02.082+0100][gc,cpu        ] GC(57) User=0.03s Sys=0.01s Real=0.02s
[2023-04-20T19:28:22.258+0100][gc,start      ] GC(58) Pause Young (Normal) (G1 Evacuation Pause)
[2023-04-20T19:28:22.259+0100][gc,task       ] GC(58) Using 8 workers of 8 for evacuation
[2023-04-20T19:28:22.273+0100][gc,phases     ] GC(58)   Pre Evacuate Collection Set: 0.0ms
[2023-04-20T19:28:22.274+0100][gc,phases     ] GC(58)   Evacuate Collection Set: 14.0ms
[2023-04-20T19:28:22.274+0100][gc,phases     ] GC(58)   Post Evacuate Collection Set: 0.4ms
[2023-04-20T19:28:22.274+0100][gc,phases     ] GC(58)   Other: 1.2ms
[2023-04-20T19:28:22.274+0100][gc,heap       ] GC(58) Eden regions: 73->0(76)
[2023-04-20T19:28:22.274+0100][gc,heap       ] GC(58) Survivor regions: 6->6(10)
[2023-04-20T19:28:22.274+0100][gc,heap       ] GC(58) Old regions: 71->72
[2023-04-20T19:28:22.274+0100][gc,heap       ] GC(58) Humongous regions: 129->129
[2023-04-20T19:28:22.274+0100][gc,metaspace  ] GC(58) Metaspace: 51120K(54016K)->51120K(54016K) NonClass: 44966K(46592K)->44966K(46592K) Class: 6153K(7424K)->6153K(7424K)
[2023-04-20T19:28:22.274+0100][gc            ] GC(58) Pause Young (Normal) (G1 Evacuation Pause) 278M->206M(1024M) 15.910ms
[2023-04-20T19:28:22.274+0100][gc,cpu        ] GC(58) User=0.04s Sys=0.01s Real=0.02s
[2023-04-20T19:29:47.360+0100][gc,start      ] GC(59) Pause Young (Normal) (G1 Evacuation Pause)
[2023-04-20T19:29:47.360+0100][gc,task       ] GC(59) Using 8 workers of 8 for evacuation
[2023-04-20T19:29:47.388+0100][gc,mmu        ] GC(59) MMU target violated: 21.0ms (20.0ms/21.0ms)
[2023-04-20T19:29:47.388+0100][gc,phases     ] GC(59)   Pre Evacuate Collection Set: 0.1ms
[2023-04-20T19:29:47.388+0100][gc,phases     ] GC(59)   Evacuate Collection Set: 26.4ms
[2023-04-20T19:29:47.388+0100][gc,phases     ] GC(59)   Post Evacuate Collection Set: 0.4ms
[2023-04-20T19:29:47.388+0100][gc,phases     ] GC(59)   Other: 1.6ms
[2023-04-20T19:29:47.388+0100][gc,heap       ] GC(59) Eden regions: 76->0(76)
[2023-04-20T19:29:47.388+0100][gc,heap       ] GC(59) Survivor regions: 6->7(11)
[2023-04-20T19:29:47.388+0100][gc,heap       ] GC(59) Old regions: 72->72
[2023-04-20T19:29:47.388+0100][gc,heap       ] GC(59) Humongous regions: 129->129
[2023-04-20T19:29:47.388+0100][gc,metaspace  ] GC(59) Metaspace: 51122K(54016K)->51122K(54016K) NonClass: 44968K(46592K)->44968K(46592K) Class: 6153K(7424K)->6153K(7424K)
[2023-04-20T19:29:47.388+0100][gc            ] GC(59) Pause Young (Normal) (G1 Evacuation Pause) 282M->207M(1024M) 28.667ms
[2023-04-20T19:29:47.388+0100][gc,cpu        ] GC(59) User=0.03s Sys=0.01s Real=0.02s
[2023-04-20T19:31:10.421+0100][gc,start      ] GC(60) Pause Young (Normal) (G1 Evacuation Pause)
[2023-04-20T19:31:10.421+0100][gc,task       ] GC(60) Using 8 workers of 8 for evacuation
[2023-04-20T19:31:10.434+0100][gc,phases     ] GC(60)   Pre Evacuate Collection Set: 0.0ms
[2023-04-20T19:31:10.434+0100][gc,phases     ] GC(60)   Evacuate Collection Set: 11.3ms
[2023-04-20T19:31:10.434+0100][gc,phases     ] GC(60)   Post Evacuate Collection Set: 1.1ms
[2023-04-20T19:31:10.434+0100][gc,phases     ] GC(60)   Other: 1.1ms
[2023-04-20T19:31:10.434+0100][gc,heap       ] GC(60) Eden regions: 76->0(81)
[2023-04-20T19:31:10.434+0100][gc,heap       ] GC(60) Survivor regions: 7->7(11)
[2023-04-20T19:31:10.434+0100][gc,heap       ] GC(60) Old regions: 72->73
[2023-04-20T19:31:10.434+0100][gc,heap       ] GC(60) Humongous regions: 129->129
[2023-04-20T19:31:10.434+0100][gc,metaspace  ] GC(60) Metaspace: 51122K(54016K)->51122K(54016K) NonClass: 44968K(46592K)->44968K(46592K) Class: 6153K(7424K)->6153K(7424K)
[2023-04-20T19:31:10.434+0100][gc            ] GC(60) Pause Young (Normal) (G1 Evacuation Pause) 283M->208M(1024M) 13.790ms
[2023-04-20T19:31:10.434+0100][gc,cpu        ] GC(60) User=0.03s Sys=0.00s Real=0.01s
[2023-04-20T19:32:38.389+0100][gc,start      ] GC(61) Pause Young (Normal) (G1 Evacuation Pause)
[2023-04-20T19:32:38.392+0100][gc,task       ] GC(61) Using 8 workers of 8 for evacuation
[2023-04-20T19:32:38.427+0100][gc,mmu        ] GC(61) MMU target violated: 21.0ms (20.0ms/21.0ms)
[2023-04-20T19:32:38.427+0100][gc,phases     ] GC(61)   Pre Evacuate Collection Set: 0.0ms
[2023-04-20T19:32:38.427+0100][gc,phases     ] GC(61)   Evacuate Collection Set: 34.4ms
[2023-04-20T19:32:38.427+0100][gc,phases     ] GC(61)   Post Evacuate Collection Set: 0.3ms
[2023-04-20T19:32:38.427+0100][gc,phases     ] GC(61)   Other: 3.2ms
[2023-04-20T19:32:38.427+0100][gc,heap       ] GC(61) Eden regions: 81->0(77)
[2023-04-20T19:32:38.427+0100][gc,heap       ] GC(61) Survivor regions: 7->7(11)
[2023-04-20T19:32:38.427+0100][gc,heap       ] GC(61) Old regions: 73->74
[2023-04-20T19:32:38.427+0100][gc,heap       ] GC(61) Humongous regions: 129->129
[2023-04-20T19:32:38.427+0100][gc,metaspace  ] GC(61) Metaspace: 51123K(54016K)->51123K(54016K) NonClass: 44969K(46592K)->44969K(46592K) Class: 6153K(7424K)->6153K(7424K)
[2023-04-20T19:32:38.427+0100][gc            ] GC(61) Pause Young (Normal) (G1 Evacuation Pause) 289M->209M(1024M) 37.970ms
[2023-04-20T19:32:38.427+0100][gc,cpu        ] GC(61) User=0.04s Sys=0.02s Real=0.04s
[2023-04-20T19:34:03.528+0100][gc,start      ] GC(62) Pause Young (Normal) (G1 Evacuation Pause)
[2023-04-20T19:34:03.530+0100][gc,task       ] GC(62) Using 8 workers of 8 for evacuation
[2023-04-20T19:34:03.545+0100][gc,phases     ] GC(62)   Pre Evacuate Collection Set: 0.0ms
[2023-04-20T19:34:03.545+0100][gc,phases     ] GC(62)   Evacuate Collection Set: 15.1ms
[2023-04-20T19:34:03.545+0100][gc,phases     ] GC(62)   Post Evacuate Collection Set: 0.4ms
[2023-04-20T19:34:03.545+0100][gc,phases     ] GC(62)   Other: 1.6ms
[2023-04-20T19:34:03.546+0100][gc,heap       ] GC(62) Eden regions: 77->0(80)
[2023-04-20T19:34:03.546+0100][gc,heap       ] GC(62) Survivor regions: 7->7(11)
[2023-04-20T19:34:03.546+0100][gc,heap       ] GC(62) Old regions: 74->75
[2023-04-20T19:34:03.546+0100][gc,heap       ] GC(62) Humongous regions: 129->129
[2023-04-20T19:34:03.546+0100][gc,metaspace  ] GC(62) Metaspace: 51124K(54016K)->51124K(54016K) NonClass: 44970K(46592K)->44970K(46592K) Class: 6153K(7424K)->6153K(7424K)
[2023-04-20T19:34:03.546+0100][gc            ] GC(62) Pause Young (Normal) (G1 Evacuation Pause) 286M->210M(1024M) 17.198ms
[2023-04-20T19:34:03.546+0100][gc,cpu        ] GC(62) User=0.05s Sys=0.00s Real=0.02s
[2023-04-20T19:35:28.801+0100][gc,start      ] GC(63) Pause Young (Normal) (G1 Evacuation Pause)
[2023-04-20T19:35:28.801+0100][gc,task       ] GC(63) Using 8 workers of 8 for evacuation
[2023-04-20T19:35:28.813+0100][gc,phases     ] GC(63)   Pre Evacuate Collection Set: 0.0ms
[2023-04-20T19:35:28.813+0100][gc,phases     ] GC(63)   Evacuate Collection Set: 10.9ms
[2023-04-20T19:35:28.813+0100][gc,phases     ] GC(63)   Post Evacuate Collection Set: 0.3ms
[2023-04-20T19:35:28.813+0100][gc,phases     ] GC(63)   Other: 1.1ms
[2023-04-20T19:35:28.813+0100][gc,heap       ] GC(63) Eden regions: 80->0(87)
[2023-04-20T19:35:28.813+0100][gc,heap       ] GC(63) Survivor regions: 7->7(11)
[2023-04-20T19:35:28.813+0100][gc,heap       ] GC(63) Old regions: 75->76
[2023-04-20T19:35:28.813+0100][gc,heap       ] GC(63) Humongous regions: 129->129
[2023-04-20T19:35:28.813+0100][gc,metaspace  ] GC(63) Metaspace: 51124K(54016K)->51124K(54016K) NonClass: 44970K(46592K)->44970K(46592K) Class: 6153K(7424K)->6153K(7424K)
[2023-04-20T19:35:28.813+0100][gc            ] GC(63) Pause Young (Normal) (G1 Evacuation Pause) 290M->211M(1024M) 12.442ms
[2023-04-20T19:35:28.813+0100][gc,cpu        ] GC(63) User=0.03s Sys=0.00s Real=0.01s
[2023-04-20T19:36:59.359+0100][gc,start      ] GC(64) Pause Young (Normal) (G1 Evacuation Pause)
[2023-04-20T19:36:59.359+0100][gc,task       ] GC(64) Using 8 workers of 8 for evacuation
[2023-04-20T19:36:59.388+0100][gc,mmu        ] GC(64) MMU target violated: 21.0ms (20.0ms/21.0ms)
[2023-04-20T19:36:59.388+0100][gc,phases     ] GC(64)   Pre Evacuate Collection Set: 0.0ms
[2023-04-20T19:36:59.388+0100][gc,phases     ] GC(64)   Evacuate Collection Set: 27.6ms
[2023-04-20T19:36:59.388+0100][gc,phases     ] GC(64)   Post Evacuate Collection Set: 0.4ms
[2023-04-20T19:36:59.388+0100][gc,phases     ] GC(64)   Other: 0.7ms
[2023-04-20T19:36:59.388+0100][gc,heap       ] GC(64) Eden regions: 87->0(78)
[2023-04-20T19:36:59.388+0100][gc,heap       ] GC(64) Survivor regions: 7->8(12)
[2023-04-20T19:36:59.388+0100][gc,heap       ] GC(64) Old regions: 76->76
[2023-04-20T19:36:59.388+0100][gc,heap       ] GC(64) Humongous regions: 129->129
[2023-04-20T19:36:59.388+0100][gc,metaspace  ] GC(64) Metaspace: 51124K(54016K)->51124K(54016K) NonClass: 44970K(46592K)->44970K(46592K) Class: 6153K(7424K)->6153K(7424K)
[2023-04-20T19:36:59.388+0100][gc            ] GC(64) Pause Young (Normal) (G1 Evacuation Pause) 298M->212M(1024M) 28.831ms
[2023-04-20T19:36:59.388+0100][gc,cpu        ] GC(64) User=0.03s Sys=0.02s Real=0.03s
[2023-04-20T19:38:17.897+0100][gc,start      ] GC(65) Pause Young (Normal) (G1 Evacuation Pause)
[2023-04-20T19:38:17.898+0100][gc,task       ] GC(65) Using 8 workers of 8 for evacuation
[2023-04-20T19:38:17.910+0100][gc,phases     ] GC(65)   Pre Evacuate Collection Set: 0.1ms
[2023-04-20T19:38:17.910+0100][gc,phases     ] GC(65)   Evacuate Collection Set: 11.1ms
[2023-04-20T19:38:17.910+0100][gc,phases     ] GC(65)   Post Evacuate Collection Set: 0.4ms
[2023-04-20T19:38:17.910+0100][gc,phases     ] GC(65)   Other: 1.0ms
[2023-04-20T19:38:17.910+0100][gc,heap       ] GC(65) Eden regions: 78->0(82)
[2023-04-20T19:38:17.910+0100][gc,heap       ] GC(65) Survivor regions: 8->7(11)
[2023-04-20T19:38:17.910+0100][gc,heap       ] GC(65) Old regions: 76->78
[2023-04-20T19:38:17.910+0100][gc,heap       ] GC(65) Humongous regions: 129->129
[2023-04-20T19:38:17.910+0100][gc,metaspace  ] GC(65) Metaspace: 51124K(54016K)->51124K(54016K) NonClass: 44970K(46592K)->44970K(46592K) Class: 6153K(7424K)->6153K(7424K)
[2023-04-20T19:38:17.910+0100][gc            ] GC(65) Pause Young (Normal) (G1 Evacuation Pause) 290M->213M(1024M) 12.748ms
[2023-04-20T19:38:17.910+0100][gc,cpu        ] GC(65) User=0.04s Sys=0.00s Real=0.02s
[2023-04-20T19:39:39.852+0100][gc,start      ] GC(66) Pause Young (Normal) (G1 Evacuation Pause)
[2023-04-20T19:39:39.853+0100][gc,task       ] GC(66) Using 8 workers of 8 for evacuation
[2023-04-20T19:39:39.862+0100][gc,phases     ] GC(66)   Pre Evacuate Collection Set: 0.0ms
[2023-04-20T19:39:39.862+0100][gc,phases     ] GC(66)   Evacuate Collection Set: 9.3ms
[2023-04-20T19:39:39.862+0100][gc,phases     ] GC(66)   Post Evacuate Collection Set: 0.3ms
[2023-04-20T19:39:39.862+0100][gc,phases     ] GC(66)   Other: 1.1ms
[2023-04-20T19:39:39.862+0100][gc,heap       ] GC(66) Eden regions: 82->0(89)
[2023-04-20T19:39:39.862+0100][gc,heap       ] GC(66) Survivor regions: 7->7(12)
[2023-04-20T19:39:39.863+0100][gc,heap       ] GC(66) Old regions: 78->79
[2023-04-20T19:39:39.863+0100][gc,heap       ] GC(66) Humongous regions: 129->129
[2023-04-20T19:39:39.863+0100][gc,metaspace  ] GC(66) Metaspace: 51125K(54016K)->51125K(54016K) NonClass: 44971K(46592K)->44971K(46592K) Class: 6153K(7424K)->6153K(7424K)
[2023-04-20T19:39:39.863+0100][gc            ] GC(66) Pause Young (Normal) (G1 Evacuation Pause) 295M->214M(1024M) 10.901ms
[2023-04-20T19:39:39.863+0100][gc,cpu        ] GC(66) User=0.03s Sys=0.00s Real=0.01s
[2023-04-20T19:41:10.576+0100][gc,start      ] GC(67) Pause Young (Normal) (G1 Evacuation Pause)
[2023-04-20T19:41:10.576+0100][gc,task       ] GC(67) Using 8 workers of 8 for evacuation
[2023-04-20T19:41:10.587+0100][gc,phases     ] GC(67)   Pre Evacuate Collection Set: 0.0ms
[2023-04-20T19:41:10.587+0100][gc,phases     ] GC(67)   Evacuate Collection Set: 10.5ms
[2023-04-20T19:41:10.587+0100][gc,phases     ] GC(67)   Post Evacuate Collection Set: 0.4ms
[2023-04-20T19:41:10.587+0100][gc,phases     ] GC(67)   Other: 0.6ms
[2023-04-20T19:41:10.587+0100][gc,heap       ] GC(67) Eden regions: 89->0(97)
[2023-04-20T19:41:10.587+0100][gc,heap       ] GC(67) Survivor regions: 7->7(12)
[2023-04-20T19:41:10.587+0100][gc,heap       ] GC(67) Old regions: 79->80
[2023-04-20T19:41:10.587+0100][gc,heap       ] GC(67) Humongous regions: 129->129
[2023-04-20T19:41:10.587+0100][gc,metaspace  ] GC(67) Metaspace: 51125K(54016K)->51125K(54016K) NonClass: 44971K(46592K)->44971K(46592K) Class: 6153K(7424K)->6153K(7424K)
[2023-04-20T19:41:10.587+0100][gc            ] GC(67) Pause Young (Normal) (G1 Evacuation Pause) 303M->215M(1024M) 11.704ms
[2023-04-20T19:41:10.587+0100][gc,cpu        ] GC(67) User=0.03s Sys=0.01s Real=0.01s
[2023-04-20T19:42:48.757+0100][gc,start      ] GC(68) Pause Young (Normal) (G1 Evacuation Pause)
[2023-04-20T19:42:48.757+0100][gc,task       ] GC(68) Using 8 workers of 8 for evacuation
[2023-04-20T19:42:48.783+0100][gc,mmu        ] GC(68) MMU target violated: 21.0ms (20.0ms/21.0ms)
[2023-04-20T19:42:48.783+0100][gc,phases     ] GC(68)   Pre Evacuate Collection Set: 0.0ms
[2023-04-20T19:42:48.783+0100][gc,phases     ] GC(68)   Evacuate Collection Set: 24.6ms
[2023-04-20T19:42:48.783+0100][gc,phases     ] GC(68)   Post Evacuate Collection Set: 0.7ms
[2023-04-20T19:42:48.783+0100][gc,phases     ] GC(68)   Other: 0.3ms
[2023-04-20T19:42:48.783+0100][gc,heap       ] GC(68) Eden regions: 97->0(86)
[2023-04-20T19:42:48.783+0100][gc,heap       ] GC(68) Survivor regions: 7->8(13)
[2023-04-20T19:42:48.783+0100][gc,heap       ] GC(68) Old regions: 80->80
[2023-04-20T19:42:48.783+0100][gc,heap       ] GC(68) Humongous regions: 129->129
[2023-04-20T19:42:48.783+0100][gc,metaspace  ] GC(68) Metaspace: 51125K(54016K)->51125K(54016K) NonClass: 44971K(46592K)->44971K(46592K) Class: 6153K(7424K)->6153K(7424K)
[2023-04-20T19:42:48.783+0100][gc            ] GC(68) Pause Young (Normal) (G1 Evacuation Pause) 312M->216M(1024M) 25.766ms
[2023-04-20T19:42:48.783+0100][gc,cpu        ] GC(68) User=0.03s Sys=0.03s Real=0.03s
[2023-04-20T19:44:15.142+0100][gc,start      ] GC(69) Pause Young (Normal) (G1 Evacuation Pause)
[2023-04-20T19:44:15.142+0100][gc,task       ] GC(69) Using 8 workers of 8 for evacuation
[2023-04-20T19:44:15.154+0100][gc,phases     ] GC(69)   Pre Evacuate Collection Set: 0.1ms
[2023-04-20T19:44:15.154+0100][gc,phases     ] GC(69)   Evacuate Collection Set: 11.0ms
[2023-04-20T19:44:15.154+0100][gc,phases     ] GC(69)   Post Evacuate Collection Set: 0.3ms
[2023-04-20T19:44:15.154+0100][gc,phases     ] GC(69)   Other: 0.3ms
[2023-04-20T19:44:15.154+0100][gc,heap       ] GC(69) Eden regions: 86->0(93)
[2023-04-20T19:44:15.154+0100][gc,heap       ] GC(69) Survivor regions: 8->7(12)
[2023-04-20T19:44:15.154+0100][gc,heap       ] GC(69) Old regions: 80->82
[2023-04-20T19:44:15.154+0100][gc,heap       ] GC(69) Humongous regions: 129->129
[2023-04-20T19:44:15.154+0100][gc,metaspace  ] GC(69) Metaspace: 51125K(54016K)->51125K(54016K) NonClass: 44971K(46592K)->44971K(46592K) Class: 6153K(7424K)->6153K(7424K)
[2023-04-20T19:44:15.154+0100][gc            ] GC(69) Pause Young (Normal) (G1 Evacuation Pause) 302M->216M(1024M) 11.905ms
[2023-04-20T19:44:15.154+0100][gc,cpu        ] GC(69) User=0.04s Sys=0.00s Real=0.01s
[2023-04-20T19:45:53.069+0100][gc,start      ] GC(70) Pause Young (Normal) (G1 Evacuation Pause)
[2023-04-20T19:45:53.070+0100][gc,task       ] GC(70) Using 8 workers of 8 for evacuation
[2023-04-20T19:45:53.082+0100][gc,phases     ] GC(70)   Pre Evacuate Collection Set: 0.0ms
[2023-04-20T19:45:53.082+0100][gc,phases     ] GC(70)   Evacuate Collection Set: 12.0ms
[2023-04-20T19:45:53.082+0100][gc,phases     ] GC(70)   Post Evacuate Collection Set: 0.3ms
[2023-04-20T19:45:53.082+0100][gc,phases     ] GC(70)   Other: 0.3ms
[2023-04-20T19:45:53.082+0100][gc,heap       ] GC(70) Eden regions: 93->0(98)
[2023-04-20T19:45:53.082+0100][gc,heap       ] GC(70) Survivor regions: 7->8(13)
[2023-04-20T19:45:53.082+0100][gc,heap       ] GC(70) Old regions: 82->82
[2023-04-20T19:45:53.082+0100][gc,heap       ] GC(70) Humongous regions: 129->129
[2023-04-20T19:45:53.082+0100][gc,metaspace  ] GC(70) Metaspace: 51125K(54016K)->51125K(54016K) NonClass: 44971K(46592K)->44971K(46592K) Class: 6153K(7424K)->6153K(7424K)
[2023-04-20T19:45:53.082+0100][gc            ] GC(70) Pause Young (Normal) (G1 Evacuation Pause) 309M->217M(1024M) 12.839ms
[2023-04-20T19:45:53.082+0100][gc,cpu        ] GC(70) User=0.04s Sys=0.00s Real=0.02s
[2023-04-20T19:47:42.693+0100][gc,start      ] GC(71) Pause Young (Normal) (G1 Evacuation Pause)
[2023-04-20T19:47:42.693+0100][gc,task       ] GC(71) Using 8 workers of 8 for evacuation
[2023-04-20T19:47:42.705+0100][gc,phases     ] GC(71)   Pre Evacuate Collection Set: 0.0ms
[2023-04-20T19:47:42.705+0100][gc,phases     ] GC(71)   Evacuate Collection Set: 11.3ms
[2023-04-20T19:47:42.705+0100][gc,phases     ] GC(71)   Post Evacuate Collection Set: 0.3ms
[2023-04-20T19:47:42.705+0100][gc,phases     ] GC(71)   Other: 0.3ms
[2023-04-20T19:47:42.705+0100][gc,heap       ] GC(71) Eden regions: 98->0(104)
[2023-04-20T19:47:42.705+0100][gc,heap       ] GC(71) Survivor regions: 8->9(14)
[2023-04-20T19:47:42.705+0100][gc,heap       ] GC(71) Old regions: 82->82
[2023-04-20T19:47:42.705+0100][gc,heap       ] GC(71) Humongous regions: 129->129
[2023-04-20T19:47:42.705+0100][gc,metaspace  ] GC(71) Metaspace: 51125K(54016K)->51125K(54016K) NonClass: 44971K(46592K)->44971K(46592K) Class: 6153K(7424K)->6153K(7424K)
[2023-04-20T19:47:42.705+0100][gc            ] GC(71) Pause Young (Normal) (G1 Evacuation Pause) 315M->219M(1024M) 12.080ms
[2023-04-20T19:47:42.705+0100][gc,cpu        ] GC(71) User=0.03s Sys=0.01s Real=0.01s
[2023-04-20T19:49:40.861+0100][gc,start      ] GC(72) Pause Young (Normal) (G1 Evacuation Pause)
[2023-04-20T19:49:40.861+0100][gc,task       ] GC(72) Using 8 workers of 8 for evacuation
[2023-04-20T19:49:40.884+0100][gc,mmu        ] GC(72) MMU target violated: 21.0ms (20.0ms/21.0ms)
[2023-04-20T19:49:40.884+0100][gc,phases     ] GC(72)   Pre Evacuate Collection Set: 0.0ms
[2023-04-20T19:49:40.884+0100][gc,phases     ] GC(72)   Evacuate Collection Set: 22.5ms
[2023-04-20T19:49:40.884+0100][gc,phases     ] GC(72)   Post Evacuate Collection Set: 0.3ms
[2023-04-20T19:49:40.884+0100][gc,phases     ] GC(72)   Other: 0.5ms
[2023-04-20T19:49:40.884+0100][gc,heap       ] GC(72) Eden regions: 104->0(100)
[2023-04-20T19:49:40.884+0100][gc,heap       ] GC(72) Survivor regions: 9->9(15)
[2023-04-20T19:49:40.884+0100][gc,heap       ] GC(72) Old regions: 82->83
[2023-04-20T19:49:40.884+0100][gc,heap       ] GC(72) Humongous regions: 129->129
[2023-04-20T19:49:40.885+0100][gc,metaspace  ] GC(72) Metaspace: 51125K(54016K)->51125K(54016K) NonClass: 44971K(46592K)->44971K(46592K) Class: 6153K(7424K)->6153K(7424K)
[2023-04-20T19:49:40.885+0100][gc            ] GC(72) Pause Young (Normal) (G1 Evacuation Pause) 323M->220M(1024M) 23.486ms
[2023-04-20T19:49:40.885+0100][gc,cpu        ] GC(72) User=0.06s Sys=0.03s Real=0.02s
[2023-04-20T19:51:34.170+0100][gc,start      ] GC(73) Pause Young (Normal) (G1 Evacuation Pause)
[2023-04-20T19:51:34.171+0100][gc,task       ] GC(73) Using 8 workers of 8 for evacuation
[2023-04-20T19:51:34.186+0100][gc,phases     ] GC(73)   Pre Evacuate Collection Set: 0.0ms
[2023-04-20T19:51:34.186+0100][gc,phases     ] GC(73)   Evacuate Collection Set: 15.1ms
[2023-04-20T19:51:34.186+0100][gc,phases     ] GC(73)   Post Evacuate Collection Set: 0.4ms
[2023-04-20T19:51:34.187+0100][gc,phases     ] GC(73)   Other: 0.5ms
[2023-04-20T19:51:34.187+0100][gc,heap       ] GC(73) Eden regions: 100->0(104)
[2023-04-20T19:51:34.187+0100][gc,heap       ] GC(73) Survivor regions: 9->9(14)
[2023-04-20T19:51:34.187+0100][gc,heap       ] GC(73) Old regions: 83->84
[2023-04-20T19:51:34.187+0100][gc,heap       ] GC(73) Humongous regions: 129->129
[2023-04-20T19:51:34.187+0100][gc,metaspace  ] GC(73) Metaspace: 51126K(54016K)->51126K(54016K) NonClass: 44972K(46592K)->44972K(46592K) Class: 6153K(7424K)->6153K(7424K)
[2023-04-20T19:51:34.187+0100][gc            ] GC(73) Pause Young (Normal) (G1 Evacuation Pause) 320M->221M(1024M) 16.168ms
[2023-04-20T19:51:34.187+0100][gc,cpu        ] GC(73) User=0.06s Sys=0.00s Real=0.01s
[2023-04-20T19:53:34.632+0100][gc,start      ] GC(74) Pause Young (Normal) (G1 Evacuation Pause)
[2023-04-20T19:53:34.632+0100][gc,task       ] GC(74) Using 8 workers of 8 for evacuation
[2023-04-20T19:53:34.652+0100][gc,phases     ] GC(74)   Pre Evacuate Collection Set: 0.0ms
[2023-04-20T19:53:34.652+0100][gc,phases     ] GC(74)   Evacuate Collection Set: 18.6ms
[2023-04-20T19:53:34.652+0100][gc,phases     ] GC(74)   Post Evacuate Collection Set: 0.4ms
[2023-04-20T19:53:34.652+0100][gc,phases     ] GC(74)   Other: 0.5ms
[2023-04-20T19:53:34.652+0100][gc,heap       ] GC(74) Eden regions: 104->0(107)
[2023-04-20T19:53:34.652+0100][gc,heap       ] GC(74) Survivor regions: 9->11(15)
[2023-04-20T19:53:34.652+0100][gc,heap       ] GC(74) Old regions: 84->85
[2023-04-20T19:53:34.652+0100][gc,heap       ] GC(74) Humongous regions: 129->129
[2023-04-20T19:53:34.652+0100][gc,metaspace  ] GC(74) Metaspace: 51126K(54016K)->51126K(54016K) NonClass: 44973K(46592K)->44973K(46592K) Class: 6153K(7424K)->6153K(7424K)
[2023-04-20T19:53:34.652+0100][gc            ] GC(74) Pause Young (Normal) (G1 Evacuation Pause) 325M->223M(1024M) 19.671ms
[2023-04-20T19:53:34.652+0100][gc,cpu        ] GC(74) User=0.06s Sys=0.01s Real=0.02s
[2023-04-20T19:55:45.887+0100][gc,start      ] GC(75) Pause Young (Normal) (G1 Evacuation Pause)
[2023-04-20T19:55:45.888+0100][gc,task       ] GC(75) Using 8 workers of 8 for evacuation
[2023-04-20T19:55:45.907+0100][gc,phases     ] GC(75)   Pre Evacuate Collection Set: 0.0ms
[2023-04-20T19:55:45.907+0100][gc,phases     ] GC(75)   Evacuate Collection Set: 17.4ms
[2023-04-20T19:55:45.907+0100][gc,phases     ] GC(75)   Post Evacuate Collection Set: 0.5ms
[2023-04-20T19:55:45.907+0100][gc,phases     ] GC(75)   Other: 1.6ms
[2023-04-20T19:55:45.907+0100][gc,heap       ] GC(75) Eden regions: 107->0(111)
[2023-04-20T19:55:45.907+0100][gc,heap       ] GC(75) Survivor regions: 11->8(15)
[2023-04-20T19:55:45.907+0100][gc,heap       ] GC(75) Old regions: 85->87
[2023-04-20T19:55:45.907+0100][gc,heap       ] GC(75) Humongous regions: 129->129
[2023-04-20T19:55:45.907+0100][gc,metaspace  ] GC(75) Metaspace: 51126K(54016K)->51126K(54016K) NonClass: 44973K(46592K)->44973K(46592K) Class: 6153K(7424K)->6153K(7424K)
[2023-04-20T19:55:45.907+0100][gc            ] GC(75) Pause Young (Normal) (G1 Evacuation Pause) 330M->223M(1024M) 19.735ms
[2023-04-20T19:55:45.907+0100][gc,cpu        ] GC(75) User=0.05s Sys=0.00s Real=0.02s
[2023-04-20T19:57:51.001+0100][gc,start      ] GC(76) Pause Young (Normal) (G1 Evacuation Pause)
[2023-04-20T19:57:51.002+0100][gc,task       ] GC(76) Using 8 workers of 8 for evacuation
[2023-04-20T19:57:51.017+0100][gc,phases     ] GC(76)   Pre Evacuate Collection Set: 0.0ms
[2023-04-20T19:57:51.017+0100][gc,phases     ] GC(76)   Evacuate Collection Set: 13.5ms
[2023-04-20T19:57:51.017+0100][gc,phases     ] GC(76)   Post Evacuate Collection Set: 0.4ms
[2023-04-20T19:57:51.017+0100][gc,phases     ] GC(76)   Other: 1.3ms
[2023-04-20T19:57:51.017+0100][gc,heap       ] GC(76) Eden regions: 111->0(117)
[2023-04-20T19:57:51.017+0100][gc,heap       ] GC(76) Survivor regions: 8->8(15)
[2023-04-20T19:57:51.017+0100][gc,heap       ] GC(76) Old regions: 87->87
[2023-04-20T19:57:51.017+0100][gc,heap       ] GC(76) Humongous regions: 129->129
[2023-04-20T19:57:51.017+0100][gc,metaspace  ] GC(76) Metaspace: 51126K(54016K)->51126K(54016K) NonClass: 44973K(46592K)->44973K(46592K) Class: 6153K(7424K)->6153K(7424K)
[2023-04-20T19:57:51.017+0100][gc            ] GC(76) Pause Young (Normal) (G1 Evacuation Pause) 334M->223M(1024M) 15.483ms
[2023-04-20T19:57:51.017+0100][gc,cpu        ] GC(76) User=0.04s Sys=0.01s Real=0.01s
[2023-04-20T20:00:03.835+0100][gc,start      ] GC(77) Pause Young (Normal) (G1 Evacuation Pause)
[2023-04-20T20:00:03.836+0100][gc,task       ] GC(77) Using 8 workers of 8 for evacuation
[2023-04-20T20:00:03.859+0100][gc,mmu        ] GC(77) MMU target violated: 21.0ms (20.0ms/21.0ms)
[2023-04-20T20:00:03.859+0100][gc,phases     ] GC(77)   Pre Evacuate Collection Set: 0.0ms
[2023-04-20T20:00:03.859+0100][gc,phases     ] GC(77)   Evacuate Collection Set: 22.4ms
[2023-04-20T20:00:03.859+0100][gc,phases     ] GC(77)   Post Evacuate Collection Set: 0.3ms
[2023-04-20T20:00:03.859+0100][gc,phases     ] GC(77)   Other: 1.5ms
[2023-04-20T20:00:03.859+0100][gc,heap       ] GC(77) Eden regions: 117->0(109)
[2023-04-20T20:00:03.859+0100][gc,heap       ] GC(77) Survivor regions: 8->8(16)
[2023-04-20T20:00:03.859+0100][gc,heap       ] GC(77) Old regions: 87->87
[2023-04-20T20:00:03.859+0100][gc,heap       ] GC(77) Humongous regions: 129->129
[2023-04-20T20:00:03.859+0100][gc,metaspace  ] GC(77) Metaspace: 51133K(54016K)->51133K(54016K) NonClass: 44979K(46592K)->44979K(46592K) Class: 6153K(7424K)->6153K(7424K)
[2023-04-20T20:00:03.859+0100][gc            ] GC(77) Pause Young (Normal) (G1 Evacuation Pause) 340M->223M(1024M) 24.442ms
[2023-04-20T20:00:03.859+0100][gc,cpu        ] GC(77) User=0.05s Sys=0.02s Real=0.02s
[2023-04-20T20:02:05.847+0100][gc,start      ] GC(78) Pause Young (Normal) (G1 Evacuation Pause)
[2023-04-20T20:02:05.848+0100][gc,task       ] GC(78) Using 8 workers of 8 for evacuation
[2023-04-20T20:02:05.862+0100][gc,phases     ] GC(78)   Pre Evacuate Collection Set: 0.0ms
[2023-04-20T20:02:05.862+0100][gc,phases     ] GC(78)   Evacuate Collection Set: 13.9ms
[2023-04-20T20:02:05.862+0100][gc,phases     ] GC(78)   Post Evacuate Collection Set: 0.4ms
[2023-04-20T20:02:05.862+0100][gc,phases     ] GC(78)   Other: 1.3ms
[2023-04-20T20:02:05.862+0100][gc,heap       ] GC(78) Eden regions: 109->0(115)
[2023-04-20T20:02:05.862+0100][gc,heap       ] GC(78) Survivor regions: 8->8(15)
[2023-04-20T20:02:05.862+0100][gc,heap       ] GC(78) Old regions: 87->87
[2023-04-20T20:02:05.862+0100][gc,heap       ] GC(78) Humongous regions: 129->129
[2023-04-20T20:02:05.862+0100][gc,metaspace  ] GC(78) Metaspace: 51150K(54016K)->51150K(54016K) NonClass: 44996K(46592K)->44996K(46592K) Class: 6153K(7424K)->6153K(7424K)
[2023-04-20T20:02:05.862+0100][gc            ] GC(78) Pause Young (Normal) (G1 Evacuation Pause) 332M->223M(1024M) 15.802ms
[2023-04-20T20:02:05.863+0100][gc,cpu        ] GC(78) User=0.05s Sys=0.00s Real=0.02s
[2023-04-20T20:04:13.120+0100][gc,start      ] GC(79) Pause Young (Normal) (G1 Evacuation Pause)
[2023-04-20T20:04:13.121+0100][gc,task       ] GC(79) Using 8 workers of 8 for evacuation
[2023-04-20T20:04:13.135+0100][gc,phases     ] GC(79)   Pre Evacuate Collection Set: 0.0ms
[2023-04-20T20:04:13.135+0100][gc,phases     ] GC(79)   Evacuate Collection Set: 12.6ms
[2023-04-20T20:04:13.135+0100][gc,phases     ] GC(79)   Post Evacuate Collection Set: 0.4ms
[2023-04-20T20:04:13.135+0100][gc,phases     ] GC(79)   Other: 1.6ms
[2023-04-20T20:04:13.135+0100][gc,heap       ] GC(79) Eden regions: 115->0(120)
[2023-04-20T20:04:13.135+0100][gc,heap       ] GC(79) Survivor regions: 8->8(16)
[2023-04-20T20:04:13.135+0100][gc,heap       ] GC(79) Old regions: 87->87
[2023-04-20T20:04:13.135+0100][gc,heap       ] GC(79) Humongous regions: 129->129
[2023-04-20T20:04:13.135+0100][gc,metaspace  ] GC(79) Metaspace: 51155K(54016K)->51155K(54016K) NonClass: 45001K(46592K)->45001K(46592K) Class: 6153K(7424K)->6153K(7424K)
[2023-04-20T20:04:13.135+0100][gc            ] GC(79) Pause Young (Normal) (G1 Evacuation Pause) 338M->223M(1024M) 14.812ms
[2023-04-20T20:04:13.135+0100][gc,cpu        ] GC(79) User=0.05s Sys=0.01s Real=0.01s
[2023-04-20T20:06:26.801+0100][gc,start      ] GC(80) Pause Young (Normal) (G1 Evacuation Pause)
[2023-04-20T20:06:26.802+0100][gc,task       ] GC(80) Using 8 workers of 8 for evacuation
[2023-04-20T20:06:26.820+0100][gc,phases     ] GC(80)   Pre Evacuate Collection Set: 0.0ms
[2023-04-20T20:06:26.820+0100][gc,phases     ] GC(80)   Evacuate Collection Set: 17.1ms
[2023-04-20T20:06:26.820+0100][gc,phases     ] GC(80)   Post Evacuate Collection Set: 0.8ms
[2023-04-20T20:06:26.820+0100][gc,phases     ] GC(80)   Other: 1.1ms
[2023-04-20T20:06:26.821+0100][gc,heap       ] GC(80) Eden regions: 120->0(125)
[2023-04-20T20:06:26.821+0100][gc,heap       ] GC(80) Survivor regions: 8->9(16)
[2023-04-20T20:06:26.821+0100][gc,heap       ] GC(80) Old regions: 87->87
[2023-04-20T20:06:26.821+0100][gc,heap       ] GC(80) Humongous regions: 129->129
[2023-04-20T20:06:26.821+0100][gc,metaspace  ] GC(80) Metaspace: 51155K(54016K)->51155K(54016K) NonClass: 45001K(46592K)->45001K(46592K) Class: 6153K(7424K)->6153K(7424K)
[2023-04-20T20:06:26.821+0100][gc            ] GC(80) Pause Young (Normal) (G1 Evacuation Pause) 343M->224M(1024M) 19.287ms
[2023-04-20T20:06:26.821+0100][gc,cpu        ] GC(80) User=0.04s Sys=0.01s Real=0.02s
[2023-04-20T20:08:47.112+0100][gc,start      ] GC(81) Pause Young (Normal) (G1 Evacuation Pause)
[2023-04-20T20:08:47.113+0100][gc,task       ] GC(81) Using 8 workers of 8 for evacuation
[2023-04-20T20:08:47.132+0100][gc,phases     ] GC(81)   Pre Evacuate Collection Set: 0.1ms
[2023-04-20T20:08:47.133+0100][gc,phases     ] GC(81)   Evacuate Collection Set: 18.8ms
[2023-04-20T20:08:47.133+0100][gc,phases     ] GC(81)   Post Evacuate Collection Set: 0.3ms
[2023-04-20T20:08:47.133+0100][gc,phases     ] GC(81)   Other: 1.5ms
[2023-04-20T20:08:47.133+0100][gc,heap       ] GC(81) Eden regions: 125->0(121)
[2023-04-20T20:08:47.133+0100][gc,heap       ] GC(81) Survivor regions: 9->8(17)
[2023-04-20T20:08:47.133+0100][gc,heap       ] GC(81) Old regions: 87->87
[2023-04-20T20:08:47.133+0100][gc,heap       ] GC(81) Humongous regions: 129->129
[2023-04-20T20:08:47.133+0100][gc,metaspace  ] GC(81) Metaspace: 51156K(54016K)->51156K(54016K) NonClass: 45002K(46592K)->45002K(46592K) Class: 6153K(7424K)->6153K(7424K)
[2023-04-20T20:08:47.133+0100][gc            ] GC(81) Pause Young (Normal) (G1 Evacuation Pause) 349M->223M(1024M) 20.958ms
[2023-04-20T20:08:47.133+0100][gc,cpu        ] GC(81) User=0.05s Sys=0.02s Real=0.02s
[2023-04-20T20:11:03.540+0100][gc,start      ] GC(82) Pause Young (Normal) (G1 Evacuation Pause)
[2023-04-20T20:11:03.541+0100][gc,task       ] GC(82) Using 8 workers of 8 for evacuation
[2023-04-20T20:11:03.553+0100][gc,phases     ] GC(82)   Pre Evacuate Collection Set: 0.1ms
[2023-04-20T20:11:03.553+0100][gc,phases     ] GC(82)   Evacuate Collection Set: 11.5ms
[2023-04-20T20:11:03.553+0100][gc,phases     ] GC(82)   Post Evacuate Collection Set: 0.4ms
[2023-04-20T20:11:03.553+0100][gc,phases     ] GC(82)   Other: 1.4ms
[2023-04-20T20:11:03.553+0100][gc,heap       ] GC(82) Eden regions: 121->0(128)
[2023-04-20T20:11:03.554+0100][gc,heap       ] GC(82) Survivor regions: 8->9(17)
[2023-04-20T20:11:03.554+0100][gc,heap       ] GC(82) Old regions: 87->87
[2023-04-20T20:11:03.554+0100][gc,heap       ] GC(82) Humongous regions: 129->129
[2023-04-20T20:11:03.554+0100][gc,metaspace  ] GC(82) Metaspace: 51156K(54016K)->51156K(54016K) NonClass: 45002K(46592K)->45002K(46592K) Class: 6153K(7424K)->6153K(7424K)
[2023-04-20T20:11:03.554+0100][gc            ] GC(82) Pause Young (Normal) (G1 Evacuation Pause) 344M->224M(1024M) 13.524ms
[2023-04-20T20:11:03.554+0100][gc,cpu        ] GC(82) User=0.05s Sys=0.00s Real=0.01s
[2023-04-20T20:13:28.737+0100][gc,start      ] GC(83) Pause Young (Normal) (G1 Evacuation Pause)
[2023-04-20T20:13:28.737+0100][gc,task       ] GC(83) Using 8 workers of 8 for evacuation
[2023-04-20T20:13:28.754+0100][gc,phases     ] GC(83)   Pre Evacuate Collection Set: 0.0ms
[2023-04-20T20:13:28.754+0100][gc,phases     ] GC(83)   Evacuate Collection Set: 16.8ms
[2023-04-20T20:13:28.754+0100][gc,phases     ] GC(83)   Post Evacuate Collection Set: 0.4ms
[2023-04-20T20:13:28.754+0100][gc,phases     ] GC(83)   Other: 0.4ms
[2023-04-20T20:13:28.754+0100][gc,heap       ] GC(83) Eden regions: 128->0(130)
[2023-04-20T20:13:28.754+0100][gc,heap       ] GC(83) Survivor regions: 9->9(18)
[2023-04-20T20:13:28.754+0100][gc,heap       ] GC(83) Old regions: 87->87
[2023-04-20T20:13:28.754+0100][gc,heap       ] GC(83) Humongous regions: 129->129
[2023-04-20T20:13:28.754+0100][gc,metaspace  ] GC(83) Metaspace: 51156K(54016K)->51156K(54016K) NonClass: 45002K(46592K)->45002K(46592K) Class: 6153K(7424K)->6153K(7424K)
[2023-04-20T20:13:28.754+0100][gc            ] GC(83) Pause Young (Normal) (G1 Evacuation Pause) 352M->224M(1024M) 17.840ms
[2023-04-20T20:13:28.754+0100][gc,cpu        ] GC(83) User=0.05s Sys=0.01s Real=0.02s
[2023-04-20T20:15:54.701+0100][gc,start      ] GC(84) Pause Young (Normal) (G1 Evacuation Pause)
[2023-04-20T20:15:54.703+0100][gc,task       ] GC(84) Using 8 workers of 8 for evacuation
[2023-04-20T20:15:54.717+0100][gc,phases     ] GC(84)   Pre Evacuate Collection Set: 0.1ms
[2023-04-20T20:15:54.717+0100][gc,phases     ] GC(84)   Evacuate Collection Set: 13.9ms
[2023-04-20T20:15:54.717+0100][gc,phases     ] GC(84)   Post Evacuate Collection Set: 0.4ms
[2023-04-20T20:15:54.717+0100][gc,phases     ] GC(84)   Other: 1.4ms
[2023-04-20T20:15:54.717+0100][gc,heap       ] GC(84) Eden regions: 130->0(137)
[2023-04-20T20:15:54.717+0100][gc,heap       ] GC(84) Survivor regions: 9->8(18)
[2023-04-20T20:15:54.717+0100][gc,heap       ] GC(84) Old regions: 87->88
[2023-04-20T20:15:54.717+0100][gc,heap       ] GC(84) Humongous regions: 129->129
[2023-04-20T20:15:54.717+0100][gc,metaspace  ] GC(84) Metaspace: 51156K(54016K)->51156K(54016K) NonClass: 45002K(46592K)->45002K(46592K) Class: 6153K(7424K)->6153K(7424K)
[2023-04-20T20:15:54.717+0100][gc            ] GC(84) Pause Young (Normal) (G1 Evacuation Pause) 354M->223M(1024M) 16.006ms
[2023-04-20T20:15:54.718+0100][gc,cpu        ] GC(84) User=0.05s Sys=0.00s Real=0.01s
[2023-04-20T20:18:26.383+0100][gc,start      ] GC(85) Pause Young (Normal) (G1 Evacuation Pause)
[2023-04-20T20:18:26.383+0100][gc,task       ] GC(85) Using 8 workers of 8 for evacuation
[2023-04-20T20:18:26.401+0100][gc,phases     ] GC(85)   Pre Evacuate Collection Set: 0.0ms
[2023-04-20T20:18:26.401+0100][gc,phases     ] GC(85)   Evacuate Collection Set: 17.5ms
[2023-04-20T20:18:26.401+0100][gc,phases     ] GC(85)   Post Evacuate Collection Set: 0.4ms
[2023-04-20T20:18:26.401+0100][gc,phases     ] GC(85)   Other: 0.8ms
[2023-04-20T20:18:26.401+0100][gc,heap       ] GC(85) Eden regions: 137->0(136)
[2023-04-20T20:18:26.401+0100][gc,heap       ] GC(85) Survivor regions: 8->6(19)
[2023-04-20T20:18:26.401+0100][gc,heap       ] GC(85) Old regions: 88->89
[2023-04-20T20:18:26.401+0100][gc,heap       ] GC(85) Humongous regions: 129->129
[2023-04-20T20:18:26.401+0100][gc,metaspace  ] GC(85) Metaspace: 51157K(54016K)->51157K(54016K) NonClass: 45003K(46592K)->45003K(46592K) Class: 6153K(7424K)->6153K(7424K)
[2023-04-20T20:18:26.401+0100][gc            ] GC(85) Pause Young (Normal) (G1 Evacuation Pause) 360M->223M(1024M) 18.809ms
[2023-04-20T20:18:26.401+0100][gc,cpu        ] GC(85) User=0.04s Sys=0.02s Real=0.02s
[2023-04-20T20:20:54.064+0100][gc,start      ] GC(86) Pause Young (Normal) (G1 Evacuation Pause)
[2023-04-20T20:20:54.065+0100][gc,task       ] GC(86) Using 8 workers of 8 for evacuation
[2023-04-20T20:20:54.080+0100][gc,phases     ] GC(86)   Pre Evacuate Collection Set: 0.1ms
[2023-04-20T20:20:54.080+0100][gc,phases     ] GC(86)   Evacuate Collection Set: 14.3ms
[2023-04-20T20:20:54.080+0100][gc,phases     ] GC(86)   Post Evacuate Collection Set: 0.4ms
[2023-04-20T20:20:54.080+0100][gc,phases     ] GC(86)   Other: 1.2ms
[2023-04-20T20:20:54.080+0100][gc,heap       ] GC(86) Eden regions: 136->0(140)
[2023-04-20T20:20:54.080+0100][gc,heap       ] GC(86) Survivor regions: 6->5(18)
[2023-04-20T20:20:54.080+0100][gc,heap       ] GC(86) Old regions: 89->90
[2023-04-20T20:20:54.080+0100][gc,heap       ] GC(86) Humongous regions: 129->129
[2023-04-20T20:20:54.080+0100][gc,metaspace  ] GC(86) Metaspace: 51157K(54016K)->51157K(54016K) NonClass: 45003K(46592K)->45003K(46592K) Class: 6153K(7424K)->6153K(7424K)
[2023-04-20T20:20:54.080+0100][gc            ] GC(86) Pause Young (Normal) (G1 Evacuation Pause) 359M->223M(1024M) 16.259ms
[2023-04-20T20:20:54.080+0100][gc,cpu        ] GC(86) User=0.03s Sys=0.01s Real=0.02s
[2023-04-20T20:23:26.804+0100][gc,start      ] GC(87) Pause Young (Normal) (G1 Evacuation Pause)
[2023-04-20T20:23:26.805+0100][gc,task       ] GC(87) Using 8 workers of 8 for evacuation
[2023-04-20T20:23:26.818+0100][gc,phases     ] GC(87)   Pre Evacuate Collection Set: 0.0ms
[2023-04-20T20:23:26.818+0100][gc,phases     ] GC(87)   Evacuate Collection Set: 12.6ms
[2023-04-20T20:23:26.818+0100][gc,phases     ] GC(87)   Post Evacuate Collection Set: 0.4ms
[2023-04-20T20:23:26.818+0100][gc,phases     ] GC(87)   Other: 1.4ms
[2023-04-20T20:23:26.818+0100][gc,heap       ] GC(87) Eden regions: 140->0(143)
[2023-04-20T20:23:26.818+0100][gc,heap       ] GC(87) Survivor regions: 5->4(19)
[2023-04-20T20:23:26.818+0100][gc,heap       ] GC(87) Old regions: 90->92
[2023-04-20T20:23:26.818+0100][gc,heap       ] GC(87) Humongous regions: 129->129
[2023-04-20T20:23:26.818+0100][gc,metaspace  ] GC(87) Metaspace: 51157K(54016K)->51157K(54016K) NonClass: 45003K(46592K)->45003K(46592K) Class: 6153K(7424K)->6153K(7424K)
[2023-04-20T20:23:26.818+0100][gc            ] GC(87) Pause Young (Normal) (G1 Evacuation Pause) 363M->224M(1024M) 14.536ms
[2023-04-20T20:23:26.818+0100][gc,cpu        ] GC(87) User=0.04s Sys=0.01s Real=0.01s
[2023-04-20T20:26:02.625+0100][gc,start      ] GC(88) Pause Young (Normal) (G1 Evacuation Pause)
[2023-04-20T20:26:02.626+0100][gc,task       ] GC(88) Using 8 workers of 8 for evacuation
[2023-04-20T20:26:02.636+0100][gc,phases     ] GC(88)   Pre Evacuate Collection Set: 0.0ms
[2023-04-20T20:26:02.636+0100][gc,phases     ] GC(88)   Evacuate Collection Set: 9.8ms
[2023-04-20T20:26:02.636+0100][gc,phases     ] GC(88)   Post Evacuate Collection Set: 0.4ms
[2023-04-20T20:26:02.636+0100][gc,phases     ] GC(88)   Other: 0.7ms
[2023-04-20T20:26:02.636+0100][gc,heap       ] GC(88) Eden regions: 143->0(150)
[2023-04-20T20:26:02.636+0100][gc,heap       ] GC(88) Survivor regions: 4->3(19)
[2023-04-20T20:26:02.636+0100][gc,heap       ] GC(88) Old regions: 92->93
[2023-04-20T20:26:02.636+0100][gc,heap       ] GC(88) Humongous regions: 129->129
[2023-04-20T20:26:02.636+0100][gc,metaspace  ] GC(88) Metaspace: 51157K(54016K)->51157K(54016K) NonClass: 45003K(46592K)->45003K(46592K) Class: 6153K(7424K)->6153K(7424K)
[2023-04-20T20:26:02.636+0100][gc            ] GC(88) Pause Young (Normal) (G1 Evacuation Pause) 367M->224M(1024M) 11.077ms
[2023-04-20T20:26:02.636+0100][gc,cpu        ] GC(88) User=0.03s Sys=0.01s Real=0.01s
[2023-04-20T20:28:49.484+0100][gc,start      ] GC(89) Pause Young (Normal) (G1 Evacuation Pause)
[2023-04-20T20:28:49.484+0100][gc,task       ] GC(89) Using 8 workers of 8 for evacuation
[2023-04-20T20:28:49.494+0100][gc,phases     ] GC(89)   Pre Evacuate Collection Set: 0.1ms
[2023-04-20T20:28:49.494+0100][gc,phases     ] GC(89)   Evacuate Collection Set: 8.5ms
[2023-04-20T20:28:49.494+0100][gc,phases     ] GC(89)   Post Evacuate Collection Set: 0.5ms
[2023-04-20T20:28:49.494+0100][gc,phases     ] GC(89)   Other: 0.4ms
[2023-04-20T20:28:49.494+0100][gc,heap       ] GC(89) Eden regions: 150->0(154)
[2023-04-20T20:28:49.494+0100][gc,heap       ] GC(89) Survivor regions: 3->2(20)
[2023-04-20T20:28:49.494+0100][gc,heap       ] GC(89) Old regions: 93->94
[2023-04-20T20:28:49.494+0100][gc,heap       ] GC(89) Humongous regions: 129->129
[2023-04-20T20:28:49.494+0100][gc,metaspace  ] GC(89) Metaspace: 51158K(54016K)->51158K(54016K) NonClass: 45005K(46592K)->45005K(46592K) Class: 6153K(7424K)->6153K(7424K)
[2023-04-20T20:28:49.494+0100][gc            ] GC(89) Pause Young (Normal) (G1 Evacuation Pause) 374M->224M(1024M) 9.670ms
[2023-04-20T20:28:49.494+0100][gc,cpu        ] GC(89) User=0.03s Sys=0.01s Real=0.01s
[2023-04-20T20:31:39.637+0100][gc,start      ] GC(90) Pause Young (Normal) (G1 Evacuation Pause)
[2023-04-20T20:31:39.638+0100][gc,task       ] GC(90) Using 8 workers of 8 for evacuation
[2023-04-20T20:31:39.650+0100][gc,phases     ] GC(90)   Pre Evacuate Collection Set: 0.0ms
[2023-04-20T20:31:39.651+0100][gc,phases     ] GC(90)   Evacuate Collection Set: 11.4ms
[2023-04-20T20:31:39.651+0100][gc,phases     ] GC(90)   Post Evacuate Collection Set: 0.5ms
[2023-04-20T20:31:39.651+0100][gc,phases     ] GC(90)   Other: 1.8ms
[2023-04-20T20:31:39.651+0100][gc,heap       ] GC(90) Eden regions: 154->0(146)
[2023-04-20T20:31:39.651+0100][gc,heap       ] GC(90) Survivor regions: 2->2(20)
[2023-04-20T20:31:39.651+0100][gc,heap       ] GC(90) Old regions: 94->94
[2023-04-20T20:31:39.651+0100][gc,heap       ] GC(90) Humongous regions: 129->129
[2023-04-20T20:31:39.651+0100][gc,metaspace  ] GC(90) Metaspace: 51158K(54016K)->51158K(54016K) NonClass: 45005K(46592K)->45005K(46592K) Class: 6153K(7424K)->6153K(7424K)
[2023-04-20T20:31:39.651+0100][gc            ] GC(90) Pause Young (Normal) (G1 Evacuation Pause) 378M->224M(1024M) 13.869ms
[2023-04-20T20:31:39.651+0100][gc,cpu        ] GC(90) User=0.01s Sys=0.01s Real=0.02s
[2023-04-20T20:34:23.175+0100][gc,start      ] GC(91) Pause Young (Normal) (G1 Evacuation Pause)
[2023-04-20T20:34:23.177+0100][gc,task       ] GC(91) Using 8 workers of 8 for evacuation
[2023-04-20T20:34:23.181+0100][gc,phases     ] GC(91)   Pre Evacuate Collection Set: 0.0ms
[2023-04-20T20:34:23.181+0100][gc,phases     ] GC(91)   Evacuate Collection Set: 4.0ms
[2023-04-20T20:34:23.181+0100][gc,phases     ] GC(91)   Post Evacuate Collection Set: 0.4ms
[2023-04-20T20:34:23.182+0100][gc,phases     ] GC(91)   Other: 1.6ms
[2023-04-20T20:34:23.182+0100][gc,heap       ] GC(91) Eden regions: 146->0(156)
[2023-04-20T20:34:23.182+0100][gc,heap       ] GC(91) Survivor regions: 2->2(19)
[2023-04-20T20:34:23.182+0100][gc,heap       ] GC(91) Old regions: 94->94
[2023-04-20T20:34:23.182+0100][gc,heap       ] GC(91) Humongous regions: 129->129
[2023-04-20T20:34:23.182+0100][gc,metaspace  ] GC(91) Metaspace: 51160K(54016K)->51160K(54016K) NonClass: 45007K(46592K)->45007K(46592K) Class: 6153K(7424K)->6153K(7424K)
[2023-04-20T20:34:23.182+0100][gc            ] GC(91) Pause Young (Normal) (G1 Evacuation Pause) 370M->224M(1024M) 6.304ms
[2023-04-20T20:34:23.182+0100][gc,cpu        ] GC(91) User=0.01s Sys=0.00s Real=0.01s
[2023-04-20T20:37:19.503+0100][gc,start      ] GC(92) Pause Young (Normal) (G1 Evacuation Pause)
[2023-04-20T20:37:19.503+0100][gc,task       ] GC(92) Using 8 workers of 8 for evacuation
[2023-04-20T20:37:19.518+0100][gc,phases     ] GC(92)   Pre Evacuate Collection Set: 0.0ms
[2023-04-20T20:37:19.518+0100][gc,phases     ] GC(92)   Evacuate Collection Set: 13.9ms
[2023-04-20T20:37:19.518+0100][gc,phases     ] GC(92)   Post Evacuate Collection Set: 0.3ms
[2023-04-20T20:37:19.518+0100][gc,phases     ] GC(92)   Other: 0.6ms
[2023-04-20T20:37:19.518+0100][gc,heap       ] GC(92) Eden regions: 156->0(164)
[2023-04-20T20:37:19.518+0100][gc,heap       ] GC(92) Survivor regions: 2->2(20)
[2023-04-20T20:37:19.518+0100][gc,heap       ] GC(92) Old regions: 94->94
[2023-04-20T20:37:19.518+0100][gc,heap       ] GC(92) Humongous regions: 129->129
[2023-04-20T20:37:19.518+0100][gc,metaspace  ] GC(92) Metaspace: 51160K(54016K)->51160K(54016K) NonClass: 45007K(46592K)->45007K(46592K) Class: 6153K(7424K)->6153K(7424K)
[2023-04-20T20:37:19.518+0100][gc            ] GC(92) Pause Young (Normal) (G1 Evacuation Pause) 380M->224M(1024M) 15.004ms
[2023-04-20T20:37:19.518+0100][gc,cpu        ] GC(92) User=0.01s Sys=0.01s Real=0.01s
[2023-04-20T20:40:21.432+0100][gc,start      ] GC(93) Pause Young (Normal) (G1 Evacuation Pause)
[2023-04-20T20:40:21.433+0100][gc,task       ] GC(93) Using 8 workers of 8 for evacuation
[2023-04-20T20:40:21.444+0100][gc,phases     ] GC(93)   Pre Evacuate Collection Set: 1.6ms
[2023-04-20T20:40:21.444+0100][gc,phases     ] GC(93)   Evacuate Collection Set: 8.1ms
[2023-04-20T20:40:21.444+0100][gc,phases     ] GC(93)   Post Evacuate Collection Set: 1.0ms
[2023-04-20T20:40:21.444+0100][gc,phases     ] GC(93)   Other: 1.6ms
[2023-04-20T20:40:21.444+0100][gc,heap       ] GC(93) Eden regions: 164->0(166)
[2023-04-20T20:40:21.444+0100][gc,heap       ] GC(93) Survivor regions: 2->2(21)
[2023-04-20T20:40:21.444+0100][gc,heap       ] GC(93) Old regions: 94->94
[2023-04-20T20:40:21.444+0100][gc,heap       ] GC(93) Humongous regions: 129->129
[2023-04-20T20:40:21.444+0100][gc,metaspace  ] GC(93) Metaspace: 51181K(54016K)->51181K(54016K) NonClass: 45027K(46592K)->45027K(46592K) Class: 6153K(7424K)->6153K(7424K)
[2023-04-20T20:40:21.444+0100][gc            ] GC(93) Pause Young (Normal) (G1 Evacuation Pause) 388M->224M(1024M) 12.365ms
[2023-04-20T20:40:21.444+0100][gc,cpu        ] GC(93) User=0.02s Sys=0.02s Real=0.01s
[2023-04-20T20:43:27.049+0100][gc,start      ] GC(94) Pause Young (Normal) (G1 Evacuation Pause)
[2023-04-20T20:43:27.050+0100][gc,task       ] GC(94) Using 8 workers of 8 for evacuation
[2023-04-20T20:43:27.058+0100][gc,phases     ] GC(94)   Pre Evacuate Collection Set: 0.1ms
[2023-04-20T20:43:27.058+0100][gc,phases     ] GC(94)   Evacuate Collection Set: 7.5ms
[2023-04-20T20:43:27.058+0100][gc,phases     ] GC(94)   Post Evacuate Collection Set: 0.5ms
[2023-04-20T20:43:27.058+0100][gc,phases     ] GC(94)   Other: 1.4ms
[2023-04-20T20:43:27.058+0100][gc,heap       ] GC(94) Eden regions: 166->0(167)
[2023-04-20T20:43:27.058+0100][gc,heap       ] GC(94) Survivor regions: 2->2(21)
[2023-04-20T20:43:27.058+0100][gc,heap       ] GC(94) Old regions: 94->95
[2023-04-20T20:43:27.058+0100][gc,heap       ] GC(94) Humongous regions: 129->129
[2023-04-20T20:43:27.059+0100][gc,metaspace  ] GC(94) Metaspace: 51181K(54016K)->51181K(54016K) NonClass: 45027K(46592K)->45027K(46592K) Class: 6153K(7424K)->6153K(7424K)
[2023-04-20T20:43:27.059+0100][gc            ] GC(94) Pause Young (Normal) (G1 Evacuation Pause) 390M->224M(1024M) 9.740ms
[2023-04-20T20:43:27.059+0100][gc,cpu        ] GC(94) User=0.02s Sys=0.01s Real=0.01s
[2023-04-20T20:46:34.642+0100][gc,start      ] GC(95) Pause Young (Normal) (G1 Evacuation Pause)
[2023-04-20T20:46:34.643+0100][gc,task       ] GC(95) Using 8 workers of 8 for evacuation
[2023-04-20T20:46:34.649+0100][gc,phases     ] GC(95)   Pre Evacuate Collection Set: 0.0ms
[2023-04-20T20:46:34.649+0100][gc,phases     ] GC(95)   Evacuate Collection Set: 5.2ms
[2023-04-20T20:46:34.649+0100][gc,phases     ] GC(95)   Post Evacuate Collection Set: 0.5ms
[2023-04-20T20:46:34.649+0100][gc,phases     ] GC(95)   Other: 1.4ms
[2023-04-20T20:46:34.649+0100][gc,heap       ] GC(95) Eden regions: 167->0(178)
[2023-04-20T20:46:34.649+0100][gc,heap       ] GC(95) Survivor regions: 2->2(22)
[2023-04-20T20:46:34.649+0100][gc,heap       ] GC(95) Old regions: 95->95
[2023-04-20T20:46:34.649+0100][gc,heap       ] GC(95) Humongous regions: 129->129
[2023-04-20T20:46:34.649+0100][gc,metaspace  ] GC(95) Metaspace: 51181K(54016K)->51181K(54016K) NonClass: 45027K(46592K)->45027K(46592K) Class: 6153K(7424K)->6153K(7424K)
[2023-04-20T20:46:34.649+0100][gc            ] GC(95) Pause Young (Normal) (G1 Evacuation Pause) 391M->224M(1024M) 7.359ms
[2023-04-20T20:46:34.650+0100][gc,cpu        ] GC(95) User=0.02s Sys=0.01s Real=0.01s
[2023-04-20T20:49:52.675+0100][gc,start      ] GC(96) Pause Young (Normal) (G1 Evacuation Pause)
[2023-04-20T20:49:52.676+0100][gc,task       ] GC(96) Using 8 workers of 8 for evacuation
[2023-04-20T20:49:52.681+0100][gc,phases     ] GC(96)   Pre Evacuate Collection Set: 0.0ms
[2023-04-20T20:49:52.681+0100][gc,phases     ] GC(96)   Evacuate Collection Set: 4.7ms
[2023-04-20T20:49:52.681+0100][gc,phases     ] GC(96)   Post Evacuate Collection Set: 0.5ms
[2023-04-20T20:49:52.681+0100][gc,phases     ] GC(96)   Other: 0.6ms
[2023-04-20T20:49:52.681+0100][gc,heap       ] GC(96) Eden regions: 178->0(192)
[2023-04-20T20:49:52.681+0100][gc,heap       ] GC(96) Survivor regions: 2->2(23)
[2023-04-20T20:49:52.681+0100][gc,heap       ] GC(96) Old regions: 95->95
[2023-04-20T20:49:52.681+0100][gc,heap       ] GC(96) Humongous regions: 129->129
[2023-04-20T20:49:52.681+0100][gc,metaspace  ] GC(96) Metaspace: 51188K(54016K)->51188K(54016K) NonClass: 45034K(46592K)->45034K(46592K) Class: 6153K(7424K)->6153K(7424K)
[2023-04-20T20:49:52.681+0100][gc            ] GC(96) Pause Young (Normal) (G1 Evacuation Pause) 402M->224M(1024M) 6.201ms
[2023-04-20T20:49:52.681+0100][gc,cpu        ] GC(96) User=0.01s Sys=0.00s Real=0.01s
[2023-04-20T20:53:21.478+0100][gc,start      ] GC(97) Pause Young (Normal) (G1 Evacuation Pause)
[2023-04-20T20:53:21.479+0100][gc,task       ] GC(97) Using 8 workers of 8 for evacuation
[2023-04-20T20:53:21.485+0100][gc,phases     ] GC(97)   Pre Evacuate Collection Set: 0.1ms
[2023-04-20T20:53:21.485+0100][gc,phases     ] GC(97)   Evacuate Collection Set: 5.3ms
[2023-04-20T20:53:21.485+0100][gc,phases     ] GC(97)   Post Evacuate Collection Set: 0.4ms
[2023-04-20T20:53:21.485+0100][gc,phases     ] GC(97)   Other: 0.7ms
[2023-04-20T20:53:21.485+0100][gc,heap       ] GC(97) Eden regions: 192->0(401)
[2023-04-20T20:53:21.485+0100][gc,heap       ] GC(97) Survivor regions: 2->2(25)
[2023-04-20T20:53:21.485+0100][gc,heap       ] GC(97) Old regions: 95->95
[2023-04-20T20:53:21.485+0100][gc,heap       ] GC(97) Humongous regions: 129->129
[2023-04-20T20:53:21.485+0100][gc,metaspace  ] GC(97) Metaspace: 51188K(54016K)->51188K(54016K) NonClass: 45034K(46592K)->45034K(46592K) Class: 6153K(7424K)->6153K(7424K)
[2023-04-20T20:53:21.485+0100][gc            ] GC(97) Pause Young (Normal) (G1 Evacuation Pause) 416M->224M(1024M) 6.598ms
[2023-04-20T20:53:21.485+0100][gc,cpu        ] GC(97) User=0.02s Sys=0.01s Real=0.01s
[2023-04-20T21:00:22.256+0100][gc,start      ] GC(98) Pause Young (Normal) (G1 Evacuation Pause)
[2023-04-20T21:00:22.257+0100][gc,task       ] GC(98) Using 8 workers of 8 for evacuation
[2023-04-20T21:00:22.267+0100][gc,phases     ] GC(98)   Pre Evacuate Collection Set: 0.1ms
[2023-04-20T21:00:22.267+0100][gc,phases     ] GC(98)   Evacuate Collection Set: 7.3ms
[2023-04-20T21:00:22.267+0100][gc,phases     ] GC(98)   Post Evacuate Collection Set: 1.3ms
[2023-04-20T21:00:22.267+0100][gc,phases     ] GC(98)   Other: 2.1ms
[2023-04-20T21:00:22.267+0100][gc,heap       ] GC(98) Eden regions: 401->0(418)
[2023-04-20T21:00:22.267+0100][gc,heap       ] GC(98) Survivor regions: 2->2(51)
[2023-04-20T21:00:22.267+0100][gc,heap       ] GC(98) Old regions: 95->95
[2023-04-20T21:00:22.267+0100][gc,heap       ] GC(98) Humongous regions: 129->129
[2023-04-20T21:00:22.267+0100][gc,metaspace  ] GC(98) Metaspace: 51194K(54016K)->51194K(54016K) NonClass: 45040K(46592K)->45040K(46592K) Class: 6153K(7424K)->6153K(7424K)
[2023-04-20T21:00:22.267+0100][gc            ] GC(98) Pause Young (Normal) (G1 Evacuation Pause) 625M->224M(1024M) 11.078ms
[2023-04-20T21:00:22.267+0100][gc,cpu        ] GC(98) User=0.03s Sys=0.01s Real=0.01s
[2023-04-20T21:08:12.671+0100][gc,start      ] GC(99) Pause Young (Normal) (G1 Evacuation Pause)
[2023-04-20T21:08:12.672+0100][gc,task       ] GC(99) Using 8 workers of 8 for evacuation
[2023-04-20T21:08:12.678+0100][gc,phases     ] GC(99)   Pre Evacuate Collection Set: 0.1ms
[2023-04-20T21:08:12.678+0100][gc,phases     ] GC(99)   Evacuate Collection Set: 5.4ms
[2023-04-20T21:08:12.678+0100][gc,phases     ] GC(99)   Post Evacuate Collection Set: 0.6ms
[2023-04-20T21:08:12.678+0100][gc,phases     ] GC(99)   Other: 1.6ms
[2023-04-20T21:08:12.678+0100][gc,heap       ] GC(99) Eden regions: 418->0(464)
[2023-04-20T21:08:12.678+0100][gc,heap       ] GC(99) Survivor regions: 2->2(53)
[2023-04-20T21:08:12.678+0100][gc,heap       ] GC(99) Old regions: 95->95
[2023-04-20T21:08:12.678+0100][gc,heap       ] GC(99) Humongous regions: 129->129
[2023-04-20T21:08:12.678+0100][gc,metaspace  ] GC(99) Metaspace: 51198K(54016K)->51198K(54016K) NonClass: 45044K(46592K)->45044K(46592K) Class: 6153K(7424K)->6153K(7424K)
[2023-04-20T21:08:12.679+0100][gc            ] GC(99) Pause Young (Normal) (G1 Evacuation Pause) 642M->224M(1024M) 7.953ms
[2023-04-20T21:08:12.679+0100][gc,cpu        ] GC(99) User=0.02s Sys=0.00s Real=0.00s
[2023-04-20T21:16:54.867+0100][gc,start      ] GC(100) Pause Young (Normal) (G1 Evacuation Pause)
[2023-04-20T21:16:54.867+0100][gc,task       ] GC(100) Using 8 workers of 8 for evacuation
[2023-04-20T21:16:54.873+0100][gc,phases     ] GC(100)   Pre Evacuate Collection Set: 0.1ms
[2023-04-20T21:16:54.873+0100][gc,phases     ] GC(100)   Evacuate Collection Set: 4.3ms
[2023-04-20T21:16:54.873+0100][gc,phases     ] GC(100)   Post Evacuate Collection Set: 0.6ms
[2023-04-20T21:16:54.873+0100][gc,phases     ] GC(100)   Other: 0.8ms
[2023-04-20T21:16:54.873+0100][gc,heap       ] GC(100) Eden regions: 464->0(496)
[2023-04-20T21:16:54.873+0100][gc,heap       ] GC(100) Survivor regions: 2->2(59)
[2023-04-20T21:16:54.873+0100][gc,heap       ] GC(100) Old regions: 95->95
[2023-04-20T21:16:54.873+0100][gc,heap       ] GC(100) Humongous regions: 129->129
[2023-04-20T21:16:54.873+0100][gc,metaspace  ] GC(100) Metaspace: 51198K(54016K)->51198K(54016K) NonClass: 45045K(46592K)->45045K(46592K) Class: 6153K(7424K)->6153K(7424K)
[2023-04-20T21:16:54.873+0100][gc            ] GC(100) Pause Young (Normal) (G1 Evacuation Pause) 688M->224M(1024M) 6.012ms
[2023-04-20T21:16:54.873+0100][gc,cpu        ] GC(100) User=0.02s Sys=0.00s Real=0.01s
[2023-04-20T21:26:11.539+0100][gc,start      ] GC(101) Pause Young (Normal) (G1 Evacuation Pause)
[2023-04-20T21:26:11.540+0100][gc,task       ] GC(101) Using 8 workers of 8 for evacuation
[2023-04-20T21:26:11.550+0100][gc,phases     ] GC(101)   Pre Evacuate Collection Set: 0.6ms
[2023-04-20T21:26:11.550+0100][gc,phases     ] GC(101)   Evacuate Collection Set: 6.7ms
[2023-04-20T21:26:11.550+0100][gc,phases     ] GC(101)   Post Evacuate Collection Set: 1.5ms
[2023-04-20T21:26:11.550+0100][gc,phases     ] GC(101)   Other: 1.6ms
[2023-04-20T21:26:11.550+0100][gc,heap       ] GC(101) Eden regions: 496->0(612)
[2023-04-20T21:26:11.550+0100][gc,heap       ] GC(101) Survivor regions: 2->2(63)
[2023-04-20T21:26:11.550+0100][gc,heap       ] GC(101) Old regions: 95->95
[2023-04-20T21:26:11.550+0100][gc,heap       ] GC(101) Humongous regions: 129->129
[2023-04-20T21:26:11.550+0100][gc,metaspace  ] GC(101) Metaspace: 51198K(54016K)->51198K(54016K) NonClass: 45045K(46592K)->45045K(46592K) Class: 6153K(7424K)->6153K(7424K)
[2023-04-20T21:26:11.550+0100][gc            ] GC(101) Pause Young (Normal) (G1 Evacuation Pause) 720M->224M(1024M) 10.632ms
[2023-04-20T21:26:11.550+0100][gc,cpu        ] GC(101) User=0.01s Sys=0.01s Real=0.02s
[2023-04-20T21:37:40.540+0100][gc,start      ] GC(102) Pause Young (Normal) (G1 Evacuation Pause)
[2023-04-20T21:37:40.541+0100][gc,task       ] GC(102) Using 8 workers of 8 for evacuation
[2023-04-20T21:37:40.549+0100][gc,phases     ] GC(102)   Pre Evacuate Collection Set: 0.0ms
[2023-04-20T21:37:40.549+0100][gc,phases     ] GC(102)   Evacuate Collection Set: 5.3ms
[2023-04-20T21:37:40.549+0100][gc,phases     ] GC(102)   Post Evacuate Collection Set: 2.2ms
[2023-04-20T21:37:40.549+0100][gc,phases     ] GC(102)   Other: 0.8ms
[2023-04-20T21:37:40.549+0100][gc,heap       ] GC(102) Eden regions: 612->0(612)
[2023-04-20T21:37:40.549+0100][gc,heap       ] GC(102) Survivor regions: 2->2(77)
[2023-04-20T21:37:40.549+0100][gc,heap       ] GC(102) Old regions: 95->95
[2023-04-20T21:37:40.549+0100][gc,heap       ] GC(102) Humongous regions: 129->129
[2023-04-20T21:37:40.549+0100][gc,metaspace  ] GC(102) Metaspace: 51203K(54016K)->51203K(54016K) NonClass: 45049K(46592K)->45049K(46592K) Class: 6153K(7424K)->6153K(7424K)
[2023-04-20T21:37:40.549+0100][gc            ] GC(102) Pause Young (Normal) (G1 Evacuation Pause) 836M->224M(1024M) 8.719ms
[2023-04-20T21:37:40.549+0100][gc,cpu        ] GC(102) User=0.01s Sys=0.01s Real=0.00s
[2023-04-20T21:49:04.466+0100][gc,start      ] GC(103) Pause Young (Normal) (G1 Evacuation Pause)
[2023-04-20T21:49:04.467+0100][gc,task       ] GC(103) Using 8 workers of 8 for evacuation
[2023-04-20T21:49:04.481+0100][gc,phases     ] GC(103)   Pre Evacuate Collection Set: 0.9ms
[2023-04-20T21:49:04.481+0100][gc,phases     ] GC(103)   Evacuate Collection Set: 9.7ms
[2023-04-20T21:49:04.481+0100][gc,phases     ] GC(103)   Post Evacuate Collection Set: 2.1ms
[2023-04-20T21:49:04.481+0100][gc,phases     ] GC(103)   Other: 2.1ms
[2023-04-20T21:49:04.481+0100][gc,heap       ] GC(103) Eden regions: 612->0(612)
[2023-04-20T21:49:04.481+0100][gc,heap       ] GC(103) Survivor regions: 2->2(77)
[2023-04-20T21:49:04.481+0100][gc,heap       ] GC(103) Old regions: 95->95
[2023-04-20T21:49:04.481+0100][gc,heap       ] GC(103) Humongous regions: 129->129
[2023-04-20T21:49:04.481+0100][gc,metaspace  ] GC(103) Metaspace: 51205K(54016K)->51205K(54016K) NonClass: 45052K(46592K)->45052K(46592K) Class: 6153K(7424K)->6153K(7424K)
[2023-04-20T21:49:04.481+0100][gc            ] GC(103) Pause Young (Normal) (G1 Evacuation Pause) 836M->224M(1024M) 14.981ms
[2023-04-20T21:49:04.481+0100][gc,cpu        ] GC(103) User=0.02s Sys=0.02s Real=0.02s
[2023-04-20T22:00:28.708+0100][gc,start      ] GC(104) Pause Young (Normal) (G1 Evacuation Pause)
[2023-04-20T22:00:28.710+0100][gc,task       ] GC(104) Using 8 workers of 8 for evacuation
[2023-04-20T22:00:28.725+0100][gc,phases     ] GC(104)   Pre Evacuate Collection Set: 0.9ms
[2023-04-20T22:00:28.725+0100][gc,phases     ] GC(104)   Evacuate Collection Set: 10.8ms
[2023-04-20T22:00:28.725+0100][gc,phases     ] GC(104)   Post Evacuate Collection Set: 2.5ms
[2023-04-20T22:00:28.725+0100][gc,phases     ] GC(104)   Other: 2.7ms
[2023-04-20T22:00:28.725+0100][gc,heap       ] GC(104) Eden regions: 612->0(612)
[2023-04-20T22:00:28.725+0100][gc,heap       ] GC(104) Survivor regions: 2->2(77)
[2023-04-20T22:00:28.725+0100][gc,heap       ] GC(104) Old regions: 95->95
[2023-04-20T22:00:28.725+0100][gc,heap       ] GC(104) Humongous regions: 129->129
[2023-04-20T22:00:28.725+0100][gc,metaspace  ] GC(104) Metaspace: 51229K(54016K)->51229K(54016K) NonClass: 45075K(46592K)->45075K(46592K) Class: 6153K(7424K)->6153K(7424K)
[2023-04-20T22:00:28.725+0100][gc            ] GC(104) Pause Young (Normal) (G1 Evacuation Pause) 836M->224M(1024M) 16.997ms
[2023-04-20T22:00:28.725+0100][gc,cpu        ] GC(104) User=0.02s Sys=0.02s Real=0.02s
[2023-04-20T22:12:18.683+0100][gc,start      ] GC(105) Pause Young (Normal) (G1 Evacuation Pause)
[2023-04-20T22:12:18.684+0100][gc,task       ] GC(105) Using 8 workers of 8 for evacuation
[2023-04-20T22:12:18.692+0100][gc,phases     ] GC(105)   Pre Evacuate Collection Set: 0.1ms
[2023-04-20T22:12:18.692+0100][gc,phases     ] GC(105)   Evacuate Collection Set: 6.4ms
[2023-04-20T22:12:18.692+0100][gc,phases     ] GC(105)   Post Evacuate Collection Set: 0.8ms
[2023-04-20T22:12:18.692+0100][gc,phases     ] GC(105)   Other: 1.7ms
[2023-04-20T22:12:18.692+0100][gc,heap       ] GC(105) Eden regions: 612->0(612)
[2023-04-20T22:12:18.692+0100][gc,heap       ] GC(105) Survivor regions: 2->2(77)
[2023-04-20T22:12:18.692+0100][gc,heap       ] GC(105) Old regions: 95->95
[2023-04-20T22:12:18.692+0100][gc,heap       ] GC(105) Humongous regions: 129->129
[2023-04-20T22:12:18.692+0100][gc,metaspace  ] GC(105) Metaspace: 51244K(54016K)->51244K(54016K) NonClass: 45090K(46592K)->45090K(46592K) Class: 6153K(7424K)->6153K(7424K)
[2023-04-20T22:12:18.692+0100][gc            ] GC(105) Pause Young (Normal) (G1 Evacuation Pause) 836M->224M(1024M) 9.295ms
[2023-04-20T22:12:18.692+0100][gc,cpu        ] GC(105) User=0.02s Sys=0.00s Real=0.01s
[2023-04-20T22:24:32.089+0100][gc,start      ] GC(106) Pause Young (Normal) (G1 Evacuation Pause)
[2023-04-20T22:24:32.090+0100][gc,task       ] GC(106) Using 8 workers of 8 for evacuation
[2023-04-20T22:24:32.097+0100][gc,phases     ] GC(106)   Pre Evacuate Collection Set: 0.0ms
[2023-04-20T22:24:32.097+0100][gc,phases     ] GC(106)   Evacuate Collection Set: 5.8ms
[2023-04-20T22:24:32.098+0100][gc,phases     ] GC(106)   Post Evacuate Collection Set: 0.7ms
[2023-04-20T22:24:32.098+0100][gc,phases     ] GC(106)   Other: 1.6ms
[2023-04-20T22:24:32.098+0100][gc,heap       ] GC(106) Eden regions: 612->0(612)
[2023-04-20T22:24:32.098+0100][gc,heap       ] GC(106) Survivor regions: 2->2(77)
[2023-04-20T22:24:32.098+0100][gc,heap       ] GC(106) Old regions: 95->95
[2023-04-20T22:24:32.098+0100][gc,heap       ] GC(106) Humongous regions: 129->129
[2023-04-20T22:24:32.098+0100][gc,metaspace  ] GC(106) Metaspace: 51244K(54016K)->51244K(54016K) NonClass: 45090K(46592K)->45090K(46592K) Class: 6153K(7424K)->6153K(7424K)
[2023-04-20T22:24:32.098+0100][gc            ] GC(106) Pause Young (Normal) (G1 Evacuation Pause) 836M->224M(1024M) 8.915ms
[2023-04-20T22:24:32.098+0100][gc,cpu        ] GC(106) User=0.02s Sys=0.00s Real=0.01s
[2023-04-20T22:37:13.293+0100][gc,start      ] GC(107) Pause Young (Normal) (G1 Evacuation Pause)
[2023-04-20T22:37:13.294+0100][gc,task       ] GC(107) Using 8 workers of 8 for evacuation
[2023-04-20T22:37:13.299+0100][gc,phases     ] GC(107)   Pre Evacuate Collection Set: 0.0ms
[2023-04-20T22:37:13.299+0100][gc,phases     ] GC(107)   Evacuate Collection Set: 4.0ms
[2023-04-20T22:37:13.299+0100][gc,phases     ] GC(107)   Post Evacuate Collection Set: 0.5ms
[2023-04-20T22:37:13.299+0100][gc,phases     ] GC(107)   Other: 1.2ms
[2023-04-20T22:37:13.299+0100][gc,heap       ] GC(107) Eden regions: 612->0(612)
[2023-04-20T22:37:13.299+0100][gc,heap       ] GC(107) Survivor regions: 2->2(77)
[2023-04-20T22:37:13.299+0100][gc,heap       ] GC(107) Old regions: 95->95
[2023-04-20T22:37:13.299+0100][gc,heap       ] GC(107) Humongous regions: 129->129
[2023-04-20T22:37:13.299+0100][gc,metaspace  ] GC(107) Metaspace: 51244K(54016K)->51244K(54016K) NonClass: 45090K(46592K)->45090K(46592K) Class: 6153K(7424K)->6153K(7424K)
[2023-04-20T22:37:13.299+0100][gc            ] GC(107) Pause Young (Normal) (G1 Evacuation Pause) 836M->224M(1024M) 5.879ms
[2023-04-20T22:37:13.299+0100][gc,cpu        ] GC(107) User=0.01s Sys=0.00s Real=0.00s
[2023-04-20T22:49:27.232+0100][gc,start      ] GC(108) Pause Young (Normal) (G1 Evacuation Pause)
[2023-04-20T22:49:27.234+0100][gc,task       ] GC(108) Using 8 workers of 8 for evacuation
[2023-04-20T22:49:27.248+0100][gc,phases     ] GC(108)   Pre Evacuate Collection Set: 0.9ms
[2023-04-20T22:49:27.248+0100][gc,phases     ] GC(108)   Evacuate Collection Set: 9.4ms
[2023-04-20T22:49:27.248+0100][gc,phases     ] GC(108)   Post Evacuate Collection Set: 2.2ms
[2023-04-20T22:49:27.248+0100][gc,phases     ] GC(108)   Other: 3.1ms
[2023-04-20T22:49:27.248+0100][gc,heap       ] GC(108) Eden regions: 612->0(612)
[2023-04-20T22:49:27.248+0100][gc,heap       ] GC(108) Survivor regions: 2->2(77)
[2023-04-20T22:49:27.248+0100][gc,heap       ] GC(108) Old regions: 95->95
[2023-04-20T22:49:27.248+0100][gc,heap       ] GC(108) Humongous regions: 129->129
[2023-04-20T22:49:27.248+0100][gc,metaspace  ] GC(108) Metaspace: 51244K(54016K)->51244K(54016K) NonClass: 45090K(46592K)->45090K(46592K) Class: 6153K(7424K)->6153K(7424K)
[2023-04-20T22:49:27.248+0100][gc            ] GC(108) Pause Young (Normal) (G1 Evacuation Pause) 836M->224M(1024M) 15.709ms
[2023-04-20T22:49:27.248+0100][gc,cpu        ] GC(108) User=0.02s Sys=0.02s Real=0.01s
[2023-04-20T23:01:24.997+0100][gc,start      ] GC(109) Pause Young (Normal) (G1 Evacuation Pause)
[2023-04-20T23:01:24.998+0100][gc,task       ] GC(109) Using 8 workers of 8 for evacuation
[2023-04-20T23:01:25.006+0100][gc,phases     ] GC(109)   Pre Evacuate Collection Set: 0.1ms
[2023-04-20T23:01:25.006+0100][gc,phases     ] GC(109)   Evacuate Collection Set: 6.7ms
[2023-04-20T23:01:25.006+0100][gc,phases     ] GC(109)   Post Evacuate Collection Set: 0.7ms
[2023-04-20T23:01:25.006+0100][gc,phases     ] GC(109)   Other: 1.7ms
[2023-04-20T23:01:25.006+0100][gc,heap       ] GC(109) Eden regions: 612->0(612)
[2023-04-20T23:01:25.006+0100][gc,heap       ] GC(109) Survivor regions: 2->2(77)
[2023-04-20T23:01:25.006+0100][gc,heap       ] GC(109) Old regions: 95->95
[2023-04-20T23:01:25.006+0100][gc,heap       ] GC(109) Humongous regions: 129->129
[2023-04-20T23:01:25.006+0100][gc,metaspace  ] GC(109) Metaspace: 51249K(54016K)->51249K(54016K) NonClass: 45096K(46592K)->45096K(46592K) Class: 6153K(7424K)->6153K(7424K)
[2023-04-20T23:01:25.006+0100][gc            ] GC(109) Pause Young (Normal) (G1 Evacuation Pause) 836M->224M(1024M) 9.389ms
[2023-04-20T23:01:25.006+0100][gc,cpu        ] GC(109) User=0.02s Sys=0.01s Real=0.01s
[2023-04-20T23:13:24.568+0100][gc,start      ] GC(110) Pause Young (Normal) (G1 Evacuation Pause)
[2023-04-20T23:13:24.569+0100][gc,task       ] GC(110) Using 8 workers of 8 for evacuation
[2023-04-20T23:13:24.585+0100][gc,phases     ] GC(110)   Pre Evacuate Collection Set: 0.9ms
[2023-04-20T23:13:24.585+0100][gc,phases     ] GC(110)   Evacuate Collection Set: 11.6ms
[2023-04-20T23:13:24.585+0100][gc,phases     ] GC(110)   Post Evacuate Collection Set: 2.1ms
[2023-04-20T23:13:24.585+0100][gc,phases     ] GC(110)   Other: 2.6ms
[2023-04-20T23:13:24.585+0100][gc,heap       ] GC(110) Eden regions: 612->0(612)
[2023-04-20T23:13:24.585+0100][gc,heap       ] GC(110) Survivor regions: 2->2(77)
[2023-04-20T23:13:24.585+0100][gc,heap       ] GC(110) Old regions: 95->95
[2023-04-20T23:13:24.585+0100][gc,heap       ] GC(110) Humongous regions: 129->129
[2023-04-20T23:13:24.585+0100][gc,metaspace  ] GC(110) Metaspace: 51255K(54016K)->51255K(54016K) NonClass: 45101K(46592K)->45101K(46592K) Class: 6153K(7424K)->6153K(7424K)
[2023-04-20T23:13:24.585+0100][gc            ] GC(110) Pause Young (Normal) (G1 Evacuation Pause) 836M->224M(1024M) 17.353ms
[2023-04-20T23:13:24.585+0100][gc,cpu        ] GC(110) User=0.02s Sys=0.03s Real=0.02s
[2023-04-20T23:25:01.511+0100][gc,start      ] GC(111) Pause Young (Normal) (G1 Evacuation Pause)
[2023-04-20T23:25:01.513+0100][gc,task       ] GC(111) Using 8 workers of 8 for evacuation
[2023-04-20T23:25:01.527+0100][gc,phases     ] GC(111)   Pre Evacuate Collection Set: 0.9ms
[2023-04-20T23:25:01.527+0100][gc,phases     ] GC(111)   Evacuate Collection Set: 10.1ms
[2023-04-20T23:25:01.527+0100][gc,phases     ] GC(111)   Post Evacuate Collection Set: 2.5ms
[2023-04-20T23:25:01.527+0100][gc,phases     ] GC(111)   Other: 2.7ms
[2023-04-20T23:25:01.527+0100][gc,heap       ] GC(111) Eden regions: 612->0(612)
[2023-04-20T23:25:01.527+0100][gc,heap       ] GC(111) Survivor regions: 2->2(77)
[2023-04-20T23:25:01.528+0100][gc,heap       ] GC(111) Old regions: 95->95
[2023-04-20T23:25:01.528+0100][gc,heap       ] GC(111) Humongous regions: 129->129
[2023-04-20T23:25:01.528+0100][gc,metaspace  ] GC(111) Metaspace: 51258K(54016K)->51258K(54016K) NonClass: 45104K(46592K)->45104K(46592K) Class: 6153K(7424K)->6153K(7424K)
[2023-04-20T23:25:01.528+0100][gc            ] GC(111) Pause Young (Normal) (G1 Evacuation Pause) 836M->224M(1024M) 16.410ms
[2023-04-20T23:25:01.528+0100][gc,cpu        ] GC(111) User=0.02s Sys=0.02s Real=0.01s
[2023-04-20T23:36:42.851+0100][gc,start      ] GC(112) Pause Young (Normal) (G1 Evacuation Pause)
[2023-04-20T23:36:42.852+0100][gc,task       ] GC(112) Using 8 workers of 8 for evacuation
[2023-04-20T23:36:42.867+0100][gc,phases     ] GC(112)   Pre Evacuate Collection Set: 0.9ms
[2023-04-20T23:36:42.867+0100][gc,phases     ] GC(112)   Evacuate Collection Set: 10.6ms
[2023-04-20T23:36:42.867+0100][gc,phases     ] GC(112)   Post Evacuate Collection Set: 2.1ms
[2023-04-20T23:36:42.867+0100][gc,phases     ] GC(112)   Other: 2.6ms
[2023-04-20T23:36:42.867+0100][gc,heap       ] GC(112) Eden regions: 612->0(612)
[2023-04-20T23:36:42.867+0100][gc,heap       ] GC(112) Survivor regions: 2->2(77)
[2023-04-20T23:36:42.867+0100][gc,heap       ] GC(112) Old regions: 95->95
[2023-04-20T23:36:42.867+0100][gc,heap       ] GC(112) Humongous regions: 129->129
[2023-04-20T23:36:42.867+0100][gc,metaspace  ] GC(112) Metaspace: 51258K(54016K)->51258K(54016K) NonClass: 45105K(46592K)->45105K(46592K) Class: 6153K(7424K)->6153K(7424K)
[2023-04-20T23:36:42.867+0100][gc            ] GC(112) Pause Young (Normal) (G1 Evacuation Pause) 836M->224M(1024M) 16.241ms
[2023-04-20T23:36:42.867+0100][gc,cpu        ] GC(112) User=0.02s Sys=0.02s Real=0.01s
[2023-04-20T23:48:19.316+0100][gc,start      ] GC(113) Pause Young (Normal) (G1 Evacuation Pause)
[2023-04-20T23:48:19.317+0100][gc,task       ] GC(113) Using 8 workers of 8 for evacuation
[2023-04-20T23:48:19.331+0100][gc,phases     ] GC(113)   Pre Evacuate Collection Set: 0.9ms
[2023-04-20T23:48:19.331+0100][gc,phases     ] GC(113)   Evacuate Collection Set: 9.5ms
[2023-04-20T23:48:19.331+0100][gc,phases     ] GC(113)   Post Evacuate Collection Set: 2.2ms
[2023-04-20T23:48:19.331+0100][gc,phases     ] GC(113)   Other: 2.5ms
[2023-04-20T23:48:19.331+0100][gc,heap       ] GC(113) Eden regions: 612->0(612)
[2023-04-20T23:48:19.331+0100][gc,heap       ] GC(113) Survivor regions: 2->2(77)
[2023-04-20T23:48:19.331+0100][gc,heap       ] GC(113) Old regions: 95->95
[2023-04-20T23:48:19.331+0100][gc,heap       ] GC(113) Humongous regions: 129->129
[2023-04-20T23:48:19.331+0100][gc,metaspace  ] GC(113) Metaspace: 51258K(54016K)->51258K(54016K) NonClass: 45105K(46592K)->45105K(46592K) Class: 6153K(7424K)->6153K(7424K)
[2023-04-20T23:48:19.331+0100][gc            ] GC(113) Pause Young (Normal) (G1 Evacuation Pause) 836M->224M(1024M) 15.336ms
[2023-04-20T23:48:19.331+0100][gc,cpu        ] GC(113) User=0.02s Sys=0.02s Real=0.02s
[2023-04-21T00:00:11.556+0100][gc,start      ] GC(114) Pause Young (Normal) (G1 Evacuation Pause)
[2023-04-21T00:00:11.557+0100][gc,task       ] GC(114) Using 8 workers of 8 for evacuation
[2023-04-21T00:00:11.566+0100][gc,phases     ] GC(114)   Pre Evacuate Collection Set: 0.1ms
[2023-04-21T00:00:11.566+0100][gc,phases     ] GC(114)   Evacuate Collection Set: 7.2ms
[2023-04-21T00:00:11.566+0100][gc,phases     ] GC(114)   Post Evacuate Collection Set: 0.7ms
[2023-04-21T00:00:11.566+0100][gc,phases     ] GC(114)   Other: 1.4ms
[2023-04-21T00:00:11.566+0100][gc,heap       ] GC(114) Eden regions: 612->0(612)
[2023-04-21T00:00:11.566+0100][gc,heap       ] GC(114) Survivor regions: 2->2(77)
[2023-04-21T00:00:11.566+0100][gc,heap       ] GC(114) Old regions: 95->95
[2023-04-21T00:00:11.566+0100][gc,heap       ] GC(114) Humongous regions: 129->129
[2023-04-21T00:00:11.566+0100][gc,metaspace  ] GC(114) Metaspace: 51258K(54016K)->51258K(54016K) NonClass: 45105K(46592K)->45105K(46592K) Class: 6153K(7424K)->6153K(7424K)
[2023-04-21T00:00:11.566+0100][gc            ] GC(114) Pause Young (Normal) (G1 Evacuation Pause) 836M->224M(1024M) 9.619ms
[2023-04-21T00:00:11.566+0100][gc,cpu        ] GC(114) User=0.02s Sys=0.00s Real=0.01s
[2023-04-21T00:12:45.054+0100][gc,start      ] GC(115) Pause Young (Normal) (G1 Evacuation Pause)
[2023-04-21T00:12:45.055+0100][gc,task       ] GC(115) Using 8 workers of 8 for evacuation
[2023-04-21T00:12:45.060+0100][gc,phases     ] GC(115)   Pre Evacuate Collection Set: 0.0ms
[2023-04-21T00:12:45.060+0100][gc,phases     ] GC(115)   Evacuate Collection Set: 4.2ms
[2023-04-21T00:12:45.060+0100][gc,phases     ] GC(115)   Post Evacuate Collection Set: 0.8ms
[2023-04-21T00:12:45.060+0100][gc,phases     ] GC(115)   Other: 1.2ms
[2023-04-21T00:12:45.060+0100][gc,heap       ] GC(115) Eden regions: 612->0(612)
[2023-04-21T00:12:45.060+0100][gc,heap       ] GC(115) Survivor regions: 2->2(77)
[2023-04-21T00:12:45.060+0100][gc,heap       ] GC(115) Old regions: 95->95
[2023-04-21T00:12:45.060+0100][gc,heap       ] GC(115) Humongous regions: 129->129
[2023-04-21T00:12:45.060+0100][gc,metaspace  ] GC(115) Metaspace: 51258K(54016K)->51258K(54016K) NonClass: 45105K(46592K)->45105K(46592K) Class: 6153K(7424K)->6153K(7424K)
[2023-04-21T00:12:45.060+0100][gc            ] GC(115) Pause Young (Normal) (G1 Evacuation Pause) 836M->224M(1024M) 6.377ms
[2023-04-21T00:12:45.060+0100][gc,cpu        ] GC(115) User=0.02s Sys=0.00s Real=0.01s
[2023-04-21T00:24:34.246+0100][gc,start      ] GC(116) Pause Young (Normal) (G1 Evacuation Pause)
[2023-04-21T00:24:34.248+0100][gc,task       ] GC(116) Using 8 workers of 8 for evacuation
[2023-04-21T00:24:34.265+0100][gc,phases     ] GC(116)   Pre Evacuate Collection Set: 1.3ms
[2023-04-21T00:24:34.265+0100][gc,phases     ] GC(116)   Evacuate Collection Set: 12.0ms
[2023-04-21T00:24:34.265+0100][gc,phases     ] GC(116)   Post Evacuate Collection Set: 2.4ms
[2023-04-21T00:24:34.265+0100][gc,phases     ] GC(116)   Other: 3.1ms
[2023-04-21T00:24:34.265+0100][gc,heap       ] GC(116) Eden regions: 612->0(612)
[2023-04-21T00:24:34.265+0100][gc,heap       ] GC(116) Survivor regions: 2->2(77)
[2023-04-21T00:24:34.265+0100][gc,heap       ] GC(116) Old regions: 95->95
[2023-04-21T00:24:34.265+0100][gc,heap       ] GC(116) Humongous regions: 129->129
[2023-04-21T00:24:34.265+0100][gc,metaspace  ] GC(116) Metaspace: 51262K(54016K)->51262K(54016K) NonClass: 45109K(46592K)->45109K(46592K) Class: 6153K(7424K)->6153K(7424K)
[2023-04-21T00:24:34.265+0100][gc            ] GC(116) Pause Young (Normal) (G1 Evacuation Pause) 836M->224M(1024M) 18.840ms
[2023-04-21T00:24:34.265+0100][gc,cpu        ] GC(116) User=0.02s Sys=0.03s Real=0.02s
