[2023-03-14T12:10:00.794+0000][gc,heap] Heap region size: 1M
[2023-03-14T12:10:00.802+0000][gc     ] Using G1
[2023-03-14T12:10:00.802+0000][gc,heap,coops] Heap address: 0x00000007c0000000, size: 1024 MB, Compressed Oops mode: Zero based, Oop shift amount: 3
[2023-03-14T12:10:01.812+0000][gc,start     ] GC(0) Pause Young (Concurrent Start) (Metadata GC Threshold)
[2023-03-14T12:10:01.813+0000][gc,task      ] GC(0) Using 8 workers of 8 for evacuation
[2023-03-14T12:10:01.822+0000][gc,phases    ] GC(0)   Pre Evacuate Collection Set: 0.0ms
[2023-03-14T12:10:01.822+0000][gc,phases    ] GC(0)   Evacuate Collection Set: 7.3ms
[2023-03-14T12:10:01.822+0000][gc,phases    ] GC(0)   Post Evacuate Collection Set: 0.6ms
[2023-03-14T12:10:01.822+0000][gc,phases    ] GC(0)   Other: 1.4ms
[2023-03-14T12:10:01.822+0000][gc,heap      ] GC(0) Eden regions: 47->0(44)
[2023-03-14T12:10:01.822+0000][gc,heap      ] GC(0) Survivor regions: 0->7(7)
[2023-03-14T12:10:01.822+0000][gc,heap      ] GC(0) Old regions: 0->0
[2023-03-14T12:10:01.822+0000][gc,heap      ] GC(0) Humongous regions: 0->0
[2023-03-14T12:10:01.822+0000][gc,metaspace ] GC(0) Metaspace: 20699K(21248K)->20699K(21248K) NonClass: 18399K(18688K)->18399K(18688K) Class: 2300K(2560K)->2300K(2560K)
[2023-03-14T12:10:01.822+0000][gc           ] GC(0) Pause Young (Concurrent Start) (Metadata GC Threshold) 47M->6M(1024M) 9.542ms
[2023-03-14T12:10:01.822+0000][gc,cpu       ] GC(0) User=0.03s Sys=0.01s Real=0.01s
[2023-03-14T12:10:01.822+0000][gc           ] GC(1) Concurrent Cycle
[2023-03-14T12:10:01.822+0000][gc,marking   ] GC(1) Concurrent Clear Claimed Marks
[2023-03-14T12:10:01.822+0000][gc,marking   ] GC(1) Concurrent Clear Claimed Marks 0.037ms
[2023-03-14T12:10:01.822+0000][gc,marking   ] GC(1) Concurrent Scan Root Regions
[2023-03-14T12:10:01.825+0000][gc,marking   ] GC(1) Concurrent Scan Root Regions 2.232ms
[2023-03-14T12:10:01.825+0000][gc,marking   ] GC(1) Concurrent Mark (1.042s)
[2023-03-14T12:10:01.825+0000][gc,marking   ] GC(1) Concurrent Mark From Roots
[2023-03-14T12:10:01.825+0000][gc,task      ] GC(1) Using 2 workers of 2 for marking
[2023-03-14T12:10:01.825+0000][gc,marking   ] GC(1) Concurrent Mark From Roots 0.202ms
[2023-03-14T12:10:01.825+0000][gc,marking   ] GC(1) Concurrent Preclean
[2023-03-14T12:10:01.825+0000][gc,marking   ] GC(1) Concurrent Preclean 0.054ms
[2023-03-14T12:10:01.825+0000][gc,marking   ] GC(1) Concurrent Mark (1.042s, 1.042s) 0.384ms
[2023-03-14T12:10:01.825+0000][gc,start     ] GC(1) Pause Remark
[2023-03-14T12:10:01.828+0000][gc,stringtable] GC(1) Cleaned string and symbol table, strings: 7094 processed, 0 removed, symbols: 66034 processed, 26 removed
[2023-03-14T12:10:01.828+0000][gc            ] GC(1) Pause Remark 7M->7M(1024M) 2.598ms
[2023-03-14T12:10:01.828+0000][gc,cpu        ] GC(1) User=0.01s Sys=0.00s Real=0.00s
[2023-03-14T12:10:01.828+0000][gc,marking    ] GC(1) Concurrent Rebuild Remembered Sets
[2023-03-14T12:10:01.828+0000][gc,marking    ] GC(1) Concurrent Rebuild Remembered Sets 0.074ms
[2023-03-14T12:10:01.828+0000][gc,start      ] GC(1) Pause Cleanup
[2023-03-14T12:10:01.829+0000][gc            ] GC(1) Pause Cleanup 7M->7M(1024M) 0.553ms
[2023-03-14T12:10:01.829+0000][gc,cpu        ] GC(1) User=0.00s Sys=0.00s Real=0.00s
[2023-03-14T12:10:01.829+0000][gc,marking    ] GC(1) Concurrent Cleanup for Next Mark
[2023-03-14T12:10:01.834+0000][gc,marking    ] GC(1) Concurrent Cleanup for Next Mark 5.655ms
[2023-03-14T12:10:01.835+0000][gc            ] GC(1) Concurrent Cycle 12.994ms
[2023-03-14T12:10:03.054+0000][gc,start      ] GC(2) Pause Young (Normal) (G1 Evacuation Pause)
[2023-03-14T12:10:03.054+0000][gc,task       ] GC(2) Using 8 workers of 8 for evacuation
[2023-03-14T12:10:03.061+0000][gc,phases     ] GC(2)   Pre Evacuate Collection Set: 0.0ms
[2023-03-14T12:10:03.061+0000][gc,phases     ] GC(2)   Evacuate Collection Set: 6.4ms
[2023-03-14T12:10:03.061+0000][gc,phases     ] GC(2)   Post Evacuate Collection Set: 0.4ms
[2023-03-14T12:10:03.061+0000][gc,phases     ] GC(2)   Other: 0.2ms
[2023-03-14T12:10:03.061+0000][gc,heap       ] GC(2) Eden regions: 44->0(48)
[2023-03-14T12:10:03.061+0000][gc,heap       ] GC(2) Survivor regions: 7->3(7)
[2023-03-14T12:10:03.061+0000][gc,heap       ] GC(2) Old regions: 0->7
[2023-03-14T12:10:03.061+0000][gc,heap       ] GC(2) Humongous regions: 129->129
[2023-03-14T12:10:03.061+0000][gc,metaspace  ] GC(2) Metaspace: 29137K(29952K)->29137K(29952K) NonClass: 25695K(26112K)->25695K(26112K) Class: 3442K(3840K)->3442K(3840K)
[2023-03-14T12:10:03.061+0000][gc            ] GC(2) Pause Young (Normal) (G1 Evacuation Pause) 179M->137M(1024M) 7.131ms
[2023-03-14T12:10:03.061+0000][gc,cpu        ] GC(2) User=0.03s Sys=0.01s Real=0.01s
[2023-03-14T12:10:03.465+0000][gc,start      ] GC(3) Pause Young (Concurrent Start) (Metadata GC Threshold)
[2023-03-14T12:10:03.465+0000][gc,task       ] GC(3) Using 8 workers of 8 for evacuation
[2023-03-14T12:10:03.469+0000][gc,phases     ] GC(3)   Pre Evacuate Collection Set: 0.0ms
[2023-03-14T12:10:03.469+0000][gc,phases     ] GC(3)   Evacuate Collection Set: 3.5ms
[2023-03-14T12:10:03.469+0000][gc,phases     ] GC(3)   Post Evacuate Collection Set: 0.2ms
[2023-03-14T12:10:03.469+0000][gc,phases     ] GC(3)   Other: 0.2ms
[2023-03-14T12:10:03.469+0000][gc,heap       ] GC(3) Eden regions: 34->0(46)
[2023-03-14T12:10:03.469+0000][gc,heap       ] GC(3) Survivor regions: 3->5(7)
[2023-03-14T12:10:03.469+0000][gc,heap       ] GC(3) Old regions: 7->7
[2023-03-14T12:10:03.469+0000][gc,heap       ] GC(3) Humongous regions: 129->129
[2023-03-14T12:10:03.469+0000][gc,metaspace  ] GC(3) Metaspace: 34892K(35840K)->34892K(35840K) NonClass: 30953K(31488K)->30953K(31488K) Class: 3938K(4352K)->3938K(4352K)
[2023-03-14T12:10:03.469+0000][gc            ] GC(3) Pause Young (Concurrent Start) (Metadata GC Threshold) 171M->139M(1024M) 4.101ms
[2023-03-14T12:10:03.469+0000][gc,cpu        ] GC(3) User=0.03s Sys=0.00s Real=0.00s
[2023-03-14T12:10:03.469+0000][gc            ] GC(4) Concurrent Cycle
[2023-03-14T12:10:03.470+0000][gc,marking    ] GC(4) Concurrent Clear Claimed Marks
[2023-03-14T12:10:03.470+0000][gc,marking    ] GC(4) Concurrent Clear Claimed Marks 0.032ms
[2023-03-14T12:10:03.470+0000][gc,marking    ] GC(4) Concurrent Scan Root Regions
[2023-03-14T12:10:03.471+0000][gc,marking    ] GC(4) Concurrent Scan Root Regions 1.714ms
[2023-03-14T12:10:03.471+0000][gc,marking    ] GC(4) Concurrent Mark (2.688s)
[2023-03-14T12:10:03.471+0000][gc,marking    ] GC(4) Concurrent Mark From Roots
[2023-03-14T12:10:03.471+0000][gc,task       ] GC(4) Using 2 workers of 2 for marking
[2023-03-14T12:10:03.476+0000][gc,marking    ] GC(4) Concurrent Mark From Roots 4.175ms
[2023-03-14T12:10:03.476+0000][gc,marking    ] GC(4) Concurrent Preclean
[2023-03-14T12:10:03.476+0000][gc,marking    ] GC(4) Concurrent Preclean 0.068ms
[2023-03-14T12:10:03.476+0000][gc,marking    ] GC(4) Concurrent Mark (2.688s, 2.693s) 4.306ms
[2023-03-14T12:10:03.476+0000][gc,start      ] GC(4) Pause Remark
[2023-03-14T12:10:03.478+0000][gc,stringtable] GC(4) Cleaned string and symbol table, strings: 11436 processed, 10 removed, symbols: 97694 processed, 22 removed
[2023-03-14T12:10:03.478+0000][gc            ] GC(4) Pause Remark 140M->140M(1024M) 2.174ms
[2023-03-14T12:10:03.478+0000][gc,cpu        ] GC(4) User=0.01s Sys=0.00s Real=0.00s
[2023-03-14T12:10:03.478+0000][gc,marking    ] GC(4) Concurrent Rebuild Remembered Sets
[2023-03-14T12:10:03.480+0000][gc,marking    ] GC(4) Concurrent Rebuild Remembered Sets 2.402ms
[2023-03-14T12:10:03.481+0000][gc,start      ] GC(4) Pause Cleanup
[2023-03-14T12:10:03.481+0000][gc            ] GC(4) Pause Cleanup 140M->140M(1024M) 0.140ms
[2023-03-14T12:10:03.481+0000][gc,cpu        ] GC(4) User=0.00s Sys=0.00s Real=0.00s
[2023-03-14T12:10:03.481+0000][gc,marking    ] GC(4) Concurrent Cleanup for Next Mark
[2023-03-14T12:10:03.487+0000][gc,marking    ] GC(4) Concurrent Cleanup for Next Mark 5.877ms
[2023-03-14T12:10:03.487+0000][gc            ] GC(4) Concurrent Cycle 17.594ms
[2023-03-14T12:10:03.951+0000][gc,start      ] GC(5) Pause Young (Normal) (G1 Evacuation Pause)
[2023-03-14T12:10:03.951+0000][gc,task       ] GC(5) Using 8 workers of 8 for evacuation
[2023-03-14T12:10:03.957+0000][gc,phases     ] GC(5)   Pre Evacuate Collection Set: 0.0ms
[2023-03-14T12:10:03.957+0000][gc,phases     ] GC(5)   Evacuate Collection Set: 5.5ms
[2023-03-14T12:10:03.957+0000][gc,phases     ] GC(5)   Post Evacuate Collection Set: 0.3ms
[2023-03-14T12:10:03.957+0000][gc,phases     ] GC(5)   Other: 0.2ms
[2023-03-14T12:10:03.957+0000][gc,heap       ] GC(5) Eden regions: 46->0(45)
[2023-03-14T12:10:03.957+0000][gc,heap       ] GC(5) Survivor regions: 5->6(7)
[2023-03-14T12:10:03.958+0000][gc,heap       ] GC(5) Old regions: 7->9
[2023-03-14T12:10:03.958+0000][gc,heap       ] GC(5) Humongous regions: 129->129
[2023-03-14T12:10:03.958+0000][gc,metaspace  ] GC(5) Metaspace: 42855K(44364K)->42855K(44364K) NonClass: 37843K(38656K)->37843K(38656K) Class: 5011K(5708K)->5011K(5708K)
[2023-03-14T12:10:03.958+0000][gc            ] GC(5) Pause Young (Normal) (G1 Evacuation Pause) 185M->142M(1024M) 6.145ms
[2023-03-14T12:10:03.958+0000][gc,cpu        ] GC(5) User=0.03s Sys=0.01s Real=0.00s
[2023-03-14T12:19:03.208+0000][gc,start      ] GC(6) Pause Young (Normal) (G1 Evacuation Pause)
[2023-03-14T12:19:03.209+0000][gc,task       ] GC(6) Using 8 workers of 8 for evacuation
[2023-03-14T12:19:03.216+0000][gc,phases     ] GC(6)   Pre Evacuate Collection Set: 0.0ms
[2023-03-14T12:19:03.216+0000][gc,phases     ] GC(6)   Evacuate Collection Set: 6.2ms
[2023-03-14T12:19:03.216+0000][gc,phases     ] GC(6)   Post Evacuate Collection Set: 0.5ms
[2023-03-14T12:19:03.216+0000][gc,phases     ] GC(6)   Other: 1.3ms
[2023-03-14T12:19:03.216+0000][gc,heap       ] GC(6) Eden regions: 45->0(46)
[2023-03-14T12:19:03.216+0000][gc,heap       ] GC(6) Survivor regions: 6->5(7)
[2023-03-14T12:19:03.216+0000][gc,heap       ] GC(6) Old regions: 9->11
[2023-03-14T12:19:03.216+0000][gc,heap       ] GC(6) Humongous regions: 129->129
[2023-03-14T12:19:03.216+0000][gc,metaspace  ] GC(6) Metaspace: 47258K(49740K)->47258K(49740K) NonClass: 41490K(42752K)->41490K(42752K) Class: 5768K(6988K)->5768K(6988K)
[2023-03-14T12:19:03.216+0000][gc            ] GC(6) Pause Young (Normal) (G1 Evacuation Pause) 187M->144M(1024M) 8.196ms
[2023-03-14T12:19:03.216+0000][gc,cpu        ] GC(6) User=0.04s Sys=0.01s Real=0.01s
[2023-03-14T12:46:19.055+0000][gc,start      ] GC(7) Pause Young (Normal) (G1 Evacuation Pause)
[2023-03-14T12:46:19.056+0000][gc,task       ] GC(7) Using 8 workers of 8 for evacuation
[2023-03-14T12:46:19.063+0000][gc,phases     ] GC(7)   Pre Evacuate Collection Set: 0.1ms
[2023-03-14T12:46:19.063+0000][gc,phases     ] GC(7)   Evacuate Collection Set: 6.4ms
[2023-03-14T12:46:19.063+0000][gc,phases     ] GC(7)   Post Evacuate Collection Set: 0.5ms
[2023-03-14T12:46:19.063+0000][gc,phases     ] GC(7)   Other: 1.3ms
[2023-03-14T12:46:19.063+0000][gc,heap       ] GC(7) Eden regions: 46->0(48)
[2023-03-14T12:46:19.063+0000][gc,heap       ] GC(7) Survivor regions: 5->3(7)
[2023-03-14T12:46:19.063+0000][gc,heap       ] GC(7) Old regions: 11->14
[2023-03-14T12:46:19.063+0000][gc,heap       ] GC(7) Humongous regions: 129->129
[2023-03-14T12:46:19.063+0000][gc,metaspace  ] GC(7) Metaspace: 48558K(51148K)->48558K(51148K) NonClass: 42684K(44032K)->42684K(44032K) Class: 5874K(7116K)->5874K(7116K)
[2023-03-14T12:46:19.063+0000][gc            ] GC(7) Pause Young (Normal) (G1 Evacuation Pause) 190M->145M(1024M) 8.417ms
[2023-03-14T12:46:19.063+0000][gc,cpu        ] GC(7) User=0.03s Sys=0.01s Real=0.01s
[2023-03-14T13:02:29.662+0000][gc,start      ] GC(8) Pause Young (Normal) (G1 Evacuation Pause)
[2023-03-14T13:02:29.662+0000][gc,task       ] GC(8) Using 8 workers of 8 for evacuation
[2023-03-14T13:02:29.670+0000][gc,phases     ] GC(8)   Pre Evacuate Collection Set: 0.0ms
[2023-03-14T13:02:29.670+0000][gc,phases     ] GC(8)   Evacuate Collection Set: 6.4ms
[2023-03-14T13:02:29.670+0000][gc,phases     ] GC(8)   Post Evacuate Collection Set: 0.7ms
[2023-03-14T13:02:29.670+0000][gc,phases     ] GC(8)   Other: 1.1ms
[2023-03-14T13:02:29.670+0000][gc,heap       ] GC(8) Eden regions: 48->0(47)
[2023-03-14T13:02:29.670+0000][gc,heap       ] GC(8) Survivor regions: 3->4(7)
[2023-03-14T13:02:29.670+0000][gc,heap       ] GC(8) Old regions: 14->14
[2023-03-14T13:02:29.670+0000][gc,heap       ] GC(8) Humongous regions: 129->129
[2023-03-14T13:02:29.670+0000][gc,metaspace  ] GC(8) Metaspace: 49489K(52172K)->49489K(52172K) NonClass: 43605K(45056K)->43605K(45056K) Class: 5883K(7116K)->5883K(7116K)
[2023-03-14T13:02:29.670+0000][gc            ] GC(8) Pause Young (Normal) (G1 Evacuation Pause) 193M->146M(1024M) 8.380ms
[2023-03-14T13:02:29.670+0000][gc,cpu        ] GC(8) User=0.03s Sys=0.01s Real=0.01s
[2023-03-14T13:24:30.683+0000][gc,start      ] GC(9) Pause Young (Normal) (G1 Evacuation Pause)
[2023-03-14T13:24:30.684+0000][gc,task       ] GC(9) Using 8 workers of 8 for evacuation
[2023-03-14T13:24:30.691+0000][gc,phases     ] GC(9)   Pre Evacuate Collection Set: 0.0ms
[2023-03-14T13:24:30.691+0000][gc,phases     ] GC(9)   Evacuate Collection Set: 6.3ms
[2023-03-14T13:24:30.691+0000][gc,phases     ] GC(9)   Post Evacuate Collection Set: 0.5ms
[2023-03-14T13:24:30.691+0000][gc,phases     ] GC(9)   Other: 1.2ms
[2023-03-14T13:24:30.691+0000][gc,heap       ] GC(9) Eden regions: 47->0(49)
[2023-03-14T13:24:30.691+0000][gc,heap       ] GC(9) Survivor regions: 4->3(7)
[2023-03-14T13:24:30.691+0000][gc,heap       ] GC(9) Old regions: 14->16
[2023-03-14T13:24:30.691+0000][gc,heap       ] GC(9) Humongous regions: 129->129
[2023-03-14T13:24:30.691+0000][gc,metaspace  ] GC(9) Metaspace: 49624K(52172K)->49624K(52172K) NonClass: 43736K(45056K)->43736K(45056K) Class: 5888K(7116K)->5888K(7116K)
[2023-03-14T13:24:30.691+0000][gc            ] GC(9) Pause Young (Normal) (G1 Evacuation Pause) 193M->146M(1024M) 8.190ms
[2023-03-14T13:24:30.691+0000][gc,cpu        ] GC(9) User=0.04s Sys=0.00s Real=0.01s
[2023-03-14T13:43:21.648+0000][gc,start      ] GC(10) Pause Young (Normal) (G1 Evacuation Pause)
[2023-03-14T13:43:21.649+0000][gc,task       ] GC(10) Using 8 workers of 8 for evacuation
[2023-03-14T13:43:21.654+0000][gc,phases     ] GC(10)   Pre Evacuate Collection Set: 0.3ms
[2023-03-14T13:43:21.654+0000][gc,phases     ] GC(10)   Evacuate Collection Set: 3.9ms
[2023-03-14T13:43:21.654+0000][gc,phases     ] GC(10)   Post Evacuate Collection Set: 1.0ms
[2023-03-14T13:43:21.654+0000][gc,phases     ] GC(10)   Other: 0.9ms
[2023-03-14T13:43:21.654+0000][gc,heap       ] GC(10) Eden regions: 49->0(289)
[2023-03-14T13:43:21.654+0000][gc,heap       ] GC(10) Survivor regions: 3->3(7)
[2023-03-14T13:43:21.654+0000][gc,heap       ] GC(10) Old regions: 16->16
[2023-03-14T13:43:21.654+0000][gc,heap       ] GC(10) Humongous regions: 129->129
[2023-03-14T13:43:21.654+0000][gc,metaspace  ] GC(10) Metaspace: 49673K(52172K)->49673K(52172K) NonClass: 43784K(45056K)->43784K(45056K) Class: 5889K(7116K)->5889K(7116K)
[2023-03-14T13:43:21.654+0000][gc            ] GC(10) Pause Young (Normal) (G1 Evacuation Pause) 195M->146M(1024M) 6.247ms
[2023-03-14T13:43:21.654+0000][gc,cpu        ] GC(10) User=0.02s Sys=0.01s Real=0.01s
[2023-03-14T15:52:57.600+0000][gc,start      ] GC(11) Pause Young (Normal) (G1 Evacuation Pause)
[2023-03-14T15:52:57.601+0000][gc,task       ] GC(11) Using 8 workers of 8 for evacuation
[2023-03-14T15:52:57.609+0000][gc,phases     ] GC(11)   Pre Evacuate Collection Set: 0.0ms
[2023-03-14T15:52:57.609+0000][gc,phases     ] GC(11)   Evacuate Collection Set: 6.5ms
[2023-03-14T15:52:57.609+0000][gc,phases     ] GC(11)   Post Evacuate Collection Set: 1.8ms
[2023-03-14T15:52:57.610+0000][gc,phases     ] GC(11)   Other: 1.4ms
[2023-03-14T15:52:57.610+0000][gc,heap       ] GC(11) Eden regions: 289->0(391)
[2023-03-14T15:52:57.610+0000][gc,heap       ] GC(11) Survivor regions: 3->3(37)
[2023-03-14T15:52:57.610+0000][gc,heap       ] GC(11) Old regions: 16->16
[2023-03-14T15:52:57.610+0000][gc,heap       ] GC(11) Humongous regions: 129->129
[2023-03-14T15:52:57.610+0000][gc,metaspace  ] GC(11) Metaspace: 49791K(52428K)->49791K(52428K) NonClass: 43902K(45312K)->43902K(45312K) Class: 5889K(7116K)->5889K(7116K)
[2023-03-14T15:52:57.610+0000][gc            ] GC(11) Pause Young (Normal) (G1 Evacuation Pause) 435M->146M(1024M) 10.177ms
[2023-03-14T15:52:57.610+0000][gc,cpu        ] GC(11) User=0.03s Sys=0.00s Real=0.01s
[2023-03-15T13:33:03.687+0000][gc,start      ] GC(12) Pause Young (Normal) (G1 Evacuation Pause)
[2023-03-15T13:33:03.688+0000][gc,task       ] GC(12) Using 8 workers of 8 for evacuation
[2023-03-15T13:33:03.715+0000][gc,mmu        ] GC(12) MMU target violated: 21.0ms (20.0ms/21.0ms)
[2023-03-15T13:33:03.715+0000][gc,phases     ] GC(12)   Pre Evacuate Collection Set: 0.8ms
[2023-03-15T13:33:03.715+0000][gc,phases     ] GC(12)   Evacuate Collection Set: 21.9ms
[2023-03-15T13:33:03.715+0000][gc,phases     ] GC(12)   Post Evacuate Collection Set: 3.0ms
[2023-03-15T13:33:03.715+0000][gc,phases     ] GC(12)   Other: 2.4ms
[2023-03-15T13:33:03.715+0000][gc,heap       ] GC(12) Eden regions: 391->0(101)
[2023-03-15T13:33:03.715+0000][gc,heap       ] GC(12) Survivor regions: 3->4(50)
[2023-03-15T13:33:03.715+0000][gc,heap       ] GC(12) Old regions: 16->16
[2023-03-15T13:33:03.715+0000][gc,heap       ] GC(12) Humongous regions: 129->129
[2023-03-15T13:33:03.715+0000][gc,metaspace  ] GC(12) Metaspace: 49861K(52428K)->49861K(52428K) NonClass: 43969K(45312K)->43969K(45312K) Class: 5891K(7116K)->5891K(7116K)
[2023-03-15T13:33:03.715+0000][gc            ] GC(12) Pause Young (Normal) (G1 Evacuation Pause) 537M->147M(1024M) 28.150ms
[2023-03-15T13:33:03.715+0000][gc,cpu        ] GC(12) User=0.04s Sys=0.08s Real=0.03s
[2023-03-15T14:09:00.585+0000][gc,start      ] GC(13) Pause Young (Normal) (G1 Evacuation Pause)
[2023-03-15T14:09:00.586+0000][gc,task       ] GC(13) Using 8 workers of 8 for evacuation
[2023-03-15T14:09:00.615+0000][gc,mmu        ] GC(13) MMU target violated: 21.0ms (20.0ms/21.0ms)
[2023-03-15T14:09:00.615+0000][gc,phases     ] GC(13)   Pre Evacuate Collection Set: 1.0ms
[2023-03-15T14:09:00.615+0000][gc,phases     ] GC(13)   Evacuate Collection Set: 25.6ms
[2023-03-15T14:09:00.615+0000][gc,phases     ] GC(13)   Post Evacuate Collection Set: 1.8ms
[2023-03-15T14:09:00.615+0000][gc,phases     ] GC(13)   Other: 1.4ms
[2023-03-15T14:09:00.615+0000][gc,heap       ] GC(13) Eden regions: 101->0(47)
[2023-03-15T14:09:00.615+0000][gc,heap       ] GC(13) Survivor regions: 4->4(14)
[2023-03-15T14:09:00.615+0000][gc,heap       ] GC(13) Old regions: 16->16
[2023-03-15T14:09:00.615+0000][gc,heap       ] GC(13) Humongous regions: 129->129
[2023-03-15T14:09:00.615+0000][gc,metaspace  ] GC(13) Metaspace: 49882K(52428K)->49882K(52428K) NonClass: 43991K(45312K)->43991K(45312K) Class: 5891K(7116K)->5891K(7116K)
[2023-03-15T14:09:00.615+0000][gc            ] GC(13) Pause Young (Normal) (G1 Evacuation Pause) 248M->148M(1024M) 29.883ms
[2023-03-15T14:09:00.615+0000][gc,cpu        ] GC(13) User=0.05s Sys=0.05s Real=0.03s
[2023-03-15T14:24:52.852+0000][gc,start      ] GC(14) Pause Young (Normal) (G1 Evacuation Pause)
[2023-03-15T14:24:52.853+0000][gc,task       ] GC(14) Using 8 workers of 8 for evacuation
[2023-03-15T14:24:52.864+0000][gc,phases     ] GC(14)   Pre Evacuate Collection Set: 0.1ms
[2023-03-15T14:24:52.864+0000][gc,phases     ] GC(14)   Evacuate Collection Set: 10.6ms
[2023-03-15T14:24:52.864+0000][gc,phases     ] GC(14)   Post Evacuate Collection Set: 0.4ms
[2023-03-15T14:24:52.864+0000][gc,phases     ] GC(14)   Other: 1.2ms
[2023-03-15T14:24:52.864+0000][gc,heap       ] GC(14) Eden regions: 47->0(101)
[2023-03-15T14:24:52.865+0000][gc,heap       ] GC(14) Survivor regions: 4->4(7)
[2023-03-15T14:24:52.865+0000][gc,heap       ] GC(14) Old regions: 16->16
[2023-03-15T14:24:52.865+0000][gc,heap       ] GC(14) Humongous regions: 129->129
[2023-03-15T14:24:52.865+0000][gc,metaspace  ] GC(14) Metaspace: 49884K(52428K)->49884K(52428K) NonClass: 43993K(45312K)->43993K(45312K) Class: 5891K(7116K)->5891K(7116K)
[2023-03-15T14:24:52.865+0000][gc            ] GC(14) Pause Young (Normal) (G1 Evacuation Pause) 195M->147M(1024M) 12.402ms
[2023-03-15T14:24:52.865+0000][gc,cpu        ] GC(14) User=0.04s Sys=0.03s Real=0.01s
[2023-03-15T15:00:49.782+0000][gc,start      ] GC(15) Pause Young (Normal) (G1 Evacuation Pause)
[2023-03-15T15:00:49.783+0000][gc,task       ] GC(15) Using 8 workers of 8 for evacuation
[2023-03-15T15:00:49.801+0000][gc,phases     ] GC(15)   Pre Evacuate Collection Set: 1.8ms
[2023-03-15T15:00:49.801+0000][gc,phases     ] GC(15)   Evacuate Collection Set: 14.1ms
[2023-03-15T15:00:49.801+0000][gc,phases     ] GC(15)   Post Evacuate Collection Set: 0.9ms
[2023-03-15T15:00:49.801+0000][gc,phases     ] GC(15)   Other: 2.8ms
[2023-03-15T15:00:49.801+0000][gc,heap       ] GC(15) Eden regions: 101->0(110)
[2023-03-15T15:00:49.801+0000][gc,heap       ] GC(15) Survivor regions: 4->3(14)
[2023-03-15T15:00:49.801+0000][gc,heap       ] GC(15) Old regions: 16->16
[2023-03-15T15:00:49.801+0000][gc,heap       ] GC(15) Humongous regions: 129->129
[2023-03-15T15:00:49.801+0000][gc,metaspace  ] GC(15) Metaspace: 49893K(52428K)->49893K(52428K) NonClass: 44001K(45312K)->44001K(45312K) Class: 5891K(7116K)->5891K(7116K)
[2023-03-15T15:00:49.801+0000][gc            ] GC(15) Pause Young (Normal) (G1 Evacuation Pause) 248M->146M(1024M) 19.647ms
[2023-03-15T15:00:49.801+0000][gc,cpu        ] GC(15) User=0.03s Sys=0.05s Real=0.02s
[2023-03-15T15:39:41.074+0000][gc,start      ] GC(16) Pause Young (Normal) (G1 Evacuation Pause)
[2023-03-15T15:39:41.075+0000][gc,task       ] GC(16) Using 8 workers of 8 for evacuation
[2023-03-15T15:39:41.085+0000][gc,phases     ] GC(16)   Pre Evacuate Collection Set: 0.1ms
[2023-03-15T15:39:41.085+0000][gc,phases     ] GC(16)   Evacuate Collection Set: 9.8ms
[2023-03-15T15:39:41.085+0000][gc,phases     ] GC(16)   Post Evacuate Collection Set: 0.4ms
[2023-03-15T15:39:41.085+0000][gc,phases     ] GC(16)   Other: 1.3ms
[2023-03-15T15:39:41.086+0000][gc,heap       ] GC(16) Eden regions: 110->0(117)
[2023-03-15T15:39:41.086+0000][gc,heap       ] GC(16) Survivor regions: 3->4(15)
[2023-03-15T15:39:41.086+0000][gc,heap       ] GC(16) Old regions: 16->16
[2023-03-15T15:39:41.086+0000][gc,heap       ] GC(16) Humongous regions: 129->129
[2023-03-15T15:39:41.086+0000][gc,metaspace  ] GC(16) Metaspace: 49901K(52428K)->49901K(52428K) NonClass: 44009K(45312K)->44009K(45312K) Class: 5891K(7116K)->5891K(7116K)
[2023-03-15T15:39:41.086+0000][gc            ] GC(16) Pause Young (Normal) (G1 Evacuation Pause) 256M->147M(1024M) 11.706ms
[2023-03-15T15:39:41.086+0000][gc,cpu        ] GC(16) User=0.03s Sys=0.03s Real=0.01s
[2023-03-15T16:20:56.116+0000][gc,start      ] GC(17) Pause Young (Normal) (G1 Evacuation Pause)
[2023-03-15T16:20:56.117+0000][gc,task       ] GC(17) Using 8 workers of 8 for evacuation
[2023-03-15T16:20:56.132+0000][gc,phases     ] GC(17)   Pre Evacuate Collection Set: 0.0ms
[2023-03-15T16:20:56.132+0000][gc,phases     ] GC(17)   Evacuate Collection Set: 13.8ms
[2023-03-15T16:20:56.132+0000][gc,phases     ] GC(17)   Post Evacuate Collection Set: 0.4ms
[2023-03-15T16:20:56.132+0000][gc,phases     ] GC(17)   Other: 1.4ms
[2023-03-15T16:20:56.132+0000][gc,heap       ] GC(17) Eden regions: 117->0(117)
[2023-03-15T16:20:56.132+0000][gc,heap       ] GC(17) Survivor regions: 4->4(16)
[2023-03-15T16:20:56.132+0000][gc,heap       ] GC(17) Old regions: 16->16
[2023-03-15T16:20:56.132+0000][gc,heap       ] GC(17) Humongous regions: 129->129
[2023-03-15T16:20:56.132+0000][gc,metaspace  ] GC(17) Metaspace: 49939K(52428K)->49939K(52428K) NonClass: 44047K(45312K)->44047K(45312K) Class: 5892K(7116K)->5892K(7116K)
[2023-03-15T16:20:56.132+0000][gc            ] GC(17) Pause Young (Normal) (G1 Evacuation Pause) 264M->147M(1024M) 15.782ms
[2023-03-15T16:20:56.132+0000][gc,cpu        ] GC(17) User=0.04s Sys=0.04s Real=0.02s
[2023-03-15T17:02:53.390+0000][gc,start      ] GC(18) Pause Young (Normal) (G1 Evacuation Pause)
[2023-03-15T17:02:53.391+0000][gc,task       ] GC(18) Using 8 workers of 8 for evacuation
[2023-03-15T17:02:53.397+0000][gc,phases     ] GC(18)   Pre Evacuate Collection Set: 0.0ms
[2023-03-15T17:02:53.398+0000][gc,phases     ] GC(18)   Evacuate Collection Set: 5.1ms
[2023-03-15T17:02:53.398+0000][gc,phases     ] GC(18)   Post Evacuate Collection Set: 0.5ms
[2023-03-15T17:02:53.398+0000][gc,phases     ] GC(18)   Other: 1.6ms
[2023-03-15T17:02:53.398+0000][gc,heap       ] GC(18) Eden regions: 117->0(140)
[2023-03-15T17:02:53.398+0000][gc,heap       ] GC(18) Survivor regions: 4->4(16)
[2023-03-15T17:02:53.398+0000][gc,heap       ] GC(18) Old regions: 16->16
[2023-03-15T17:02:53.398+0000][gc,heap       ] GC(18) Humongous regions: 129->129
[2023-03-15T17:02:53.398+0000][gc,metaspace  ] GC(18) Metaspace: 49943K(52428K)->49943K(52428K) NonClass: 44051K(45312K)->44051K(45312K) Class: 5892K(7116K)->5892K(7116K)
[2023-03-15T17:02:53.398+0000][gc            ] GC(18) Pause Young (Normal) (G1 Evacuation Pause) 264M->147M(1024M) 7.499ms
[2023-03-15T17:02:53.398+0000][gc,cpu        ] GC(18) User=0.04s Sys=0.01s Real=0.00s
[2023-03-17T17:53:13.489+0000][gc,start      ] GC(19) Pause Young (Normal) (G1 Evacuation Pause)
[2023-03-17T17:53:13.493+0000][gc,task       ] GC(19) Using 8 workers of 8 for evacuation
[2023-03-17T17:53:13.559+0000][gc,mmu        ] GC(19) MMU target violated: 21.0ms (20.0ms/21.0ms)
[2023-03-17T17:53:13.560+0000][gc,phases     ] GC(19)   Pre Evacuate Collection Set: 7.0ms
[2023-03-17T17:53:13.560+0000][gc,phases     ] GC(19)   Evacuate Collection Set: 49.6ms
[2023-03-17T17:53:13.560+0000][gc,phases     ] GC(19)   Post Evacuate Collection Set: 3.0ms
[2023-03-17T17:53:13.560+0000][gc,phases     ] GC(19)   Other: 22.8ms
[2023-03-17T17:53:13.561+0000][gc,heap       ] GC(19) Eden regions: 140->0(48)
[2023-03-17T17:53:13.561+0000][gc,heap       ] GC(19) Survivor regions: 4->3(18)
[2023-03-17T17:53:13.561+0000][gc,heap       ] GC(19) Old regions: 16->16
[2023-03-17T17:53:13.561+0000][gc,heap       ] GC(19) Humongous regions: 129->129
[2023-03-17T17:53:13.561+0000][gc,metaspace  ] GC(19) Metaspace: 50158K(52684K)->50158K(52684K) NonClass: 44231K(45568K)->44231K(45568K) Class: 5927K(7116K)->5927K(7116K)
[2023-03-17T17:53:13.561+0000][gc            ] GC(19) Pause Young (Normal) (G1 Evacuation Pause) 287M->147M(1024M) 73.574ms
[2023-03-17T17:53:13.561+0000][gc,cpu        ] GC(19) User=0.07s Sys=0.12s Real=0.08s
[2023-03-17T18:12:28.665+0000][gc,start      ] GC(20) Pause Young (Normal) (G1 Evacuation Pause)
[2023-03-17T18:12:28.666+0000][gc,task       ] GC(20) Using 8 workers of 8 for evacuation
[2023-03-17T18:12:28.678+0000][gc,phases     ] GC(20)   Pre Evacuate Collection Set: 0.1ms
[2023-03-17T18:12:28.678+0000][gc,phases     ] GC(20)   Evacuate Collection Set: 9.7ms
[2023-03-17T18:12:28.678+0000][gc,phases     ] GC(20)   Post Evacuate Collection Set: 1.6ms
[2023-03-17T18:12:28.678+0000][gc,phases     ] GC(20)   Other: 1.6ms
[2023-03-17T18:12:28.678+0000][gc,heap       ] GC(20) Eden regions: 48->0(48)
[2023-03-17T18:12:28.678+0000][gc,heap       ] GC(20) Survivor regions: 3->3(7)
[2023-03-17T18:12:28.678+0000][gc,heap       ] GC(20) Old regions: 16->16
[2023-03-17T18:12:28.678+0000][gc,heap       ] GC(20) Humongous regions: 129->129
[2023-03-17T18:12:28.678+0000][gc,metaspace  ] GC(20) Metaspace: 50160K(52684K)->50160K(52684K) NonClass: 44232K(45568K)->44232K(45568K) Class: 5927K(7116K)->5927K(7116K)
[2023-03-17T18:12:28.678+0000][gc            ] GC(20) Pause Young (Normal) (G1 Evacuation Pause) 195M->147M(1024M) 13.134ms
[2023-03-17T18:12:28.678+0000][gc,cpu        ] GC(20) User=0.04s Sys=0.03s Real=0.01s
[2023-03-17T18:39:25.616+0000][gc,start      ] GC(21) Pause Young (Normal) (G1 Evacuation Pause)
[2023-03-17T18:39:25.617+0000][gc,task       ] GC(21) Using 8 workers of 8 for evacuation
[2023-03-17T18:39:25.628+0000][gc,phases     ] GC(21)   Pre Evacuate Collection Set: 0.1ms
[2023-03-17T18:39:25.628+0000][gc,phases     ] GC(21)   Evacuate Collection Set: 10.0ms
[2023-03-17T18:39:25.628+0000][gc,phases     ] GC(21)   Post Evacuate Collection Set: 0.4ms
[2023-03-17T18:39:25.628+0000][gc,phases     ] GC(21)   Other: 1.2ms
[2023-03-17T18:39:25.628+0000][gc,heap       ] GC(21) Eden regions: 48->0(48)
[2023-03-17T18:39:25.628+0000][gc,heap       ] GC(21) Survivor regions: 3->3(7)
[2023-03-17T18:39:25.628+0000][gc,heap       ] GC(21) Old regions: 16->16
[2023-03-17T18:39:25.628+0000][gc,heap       ] GC(21) Humongous regions: 129->129
[2023-03-17T18:39:25.628+0000][gc,metaspace  ] GC(21) Metaspace: 50167K(52684K)->50167K(52684K) NonClass: 44240K(45568K)->44240K(45568K) Class: 5927K(7116K)->5927K(7116K)
[2023-03-17T18:39:25.628+0000][gc            ] GC(21) Pause Young (Normal) (G1 Evacuation Pause) 195M->147M(1024M) 12.005ms
[2023-03-17T18:39:25.628+0000][gc,cpu        ] GC(21) User=0.03s Sys=0.02s Real=0.01s
[2023-03-17T19:50:41.656+0000][gc,start      ] GC(22) Pause Young (Normal) (G1 Evacuation Pause)
[2023-03-17T19:50:41.657+0000][gc,task       ] GC(22) Using 8 workers of 8 for evacuation
[2023-03-17T19:50:41.679+0000][gc,mmu        ] GC(22) MMU target violated: 21.0ms (20.0ms/21.0ms)
[2023-03-17T19:50:41.679+0000][gc,phases     ] GC(22)   Pre Evacuate Collection Set: 2.0ms
[2023-03-17T19:50:41.679+0000][gc,phases     ] GC(22)   Evacuate Collection Set: 17.4ms
[2023-03-17T19:50:41.679+0000][gc,phases     ] GC(22)   Post Evacuate Collection Set: 1.0ms
[2023-03-17T19:50:41.679+0000][gc,phases     ] GC(22)   Other: 2.4ms
[2023-03-17T19:50:41.679+0000][gc,heap       ] GC(22) Eden regions: 48->0(48)
[2023-03-17T19:50:41.679+0000][gc,heap       ] GC(22) Survivor regions: 3->3(7)
[2023-03-17T19:50:41.679+0000][gc,heap       ] GC(22) Old regions: 16->16
[2023-03-17T19:50:41.679+0000][gc,heap       ] GC(22) Humongous regions: 129->129
[2023-03-17T19:50:41.679+0000][gc,metaspace  ] GC(22) Metaspace: 50167K(52684K)->50167K(52684K) NonClass: 44240K(45568K)->44240K(45568K) Class: 5927K(7116K)->5927K(7116K)
[2023-03-17T19:50:41.679+0000][gc            ] GC(22) Pause Young (Normal) (G1 Evacuation Pause) 195M->147M(1024M) 22.841ms
[2023-03-17T19:50:41.679+0000][gc,cpu        ] GC(22) User=0.05s Sys=0.07s Real=0.02s
[2023-03-17T20:07:34.156+0000][gc,start      ] GC(23) Pause Young (Normal) (G1 Evacuation Pause)
[2023-03-17T20:07:34.158+0000][gc,task       ] GC(23) Using 8 workers of 8 for evacuation
[2023-03-17T20:07:34.178+0000][gc,mmu        ] GC(23) MMU target violated: 20.2ms (20.0ms/21.0ms)
[2023-03-17T20:07:34.178+0000][gc,phases     ] GC(23)   Pre Evacuate Collection Set: 1.7ms
[2023-03-17T20:07:34.178+0000][gc,phases     ] GC(23)   Evacuate Collection Set: 17.0ms
[2023-03-17T20:07:34.178+0000][gc,phases     ] GC(23)   Post Evacuate Collection Set: 0.9ms
[2023-03-17T20:07:34.178+0000][gc,phases     ] GC(23)   Other: 2.1ms
[2023-03-17T20:07:34.178+0000][gc,heap       ] GC(23) Eden regions: 48->0(48)
[2023-03-17T20:07:34.178+0000][gc,heap       ] GC(23) Survivor regions: 3->3(7)
[2023-03-17T20:07:34.178+0000][gc,heap       ] GC(23) Old regions: 16->16
[2023-03-17T20:07:34.178+0000][gc,heap       ] GC(23) Humongous regions: 129->129
[2023-03-17T20:07:34.178+0000][gc,metaspace  ] GC(23) Metaspace: 50170K(52684K)->50170K(52684K) NonClass: 44242K(45568K)->44242K(45568K) Class: 5927K(7116K)->5927K(7116K)
[2023-03-17T20:07:34.178+0000][gc            ] GC(23) Pause Young (Normal) (G1 Evacuation Pause) 195M->147M(1024M) 21.739ms
[2023-03-17T20:07:34.178+0000][gc,cpu        ] GC(23) User=0.03s Sys=0.06s Real=0.02s
[2023-03-17T23:26:36.828+0000][gc,start      ] GC(24) Pause Young (Normal) (G1 Evacuation Pause)
[2023-03-17T23:26:36.829+0000][gc,task       ] GC(24) Using 8 workers of 8 for evacuation
[2023-03-17T23:26:36.857+0000][gc,mmu        ] GC(24) MMU target violated: 21.0ms (20.0ms/21.0ms)
[2023-03-17T23:26:36.857+0000][gc,phases     ] GC(24)   Pre Evacuate Collection Set: 0.1ms
[2023-03-17T23:26:36.857+0000][gc,phases     ] GC(24)   Evacuate Collection Set: 22.4ms
[2023-03-17T23:26:36.857+0000][gc,phases     ] GC(24)   Post Evacuate Collection Set: 4.7ms
[2023-03-17T23:26:36.857+0000][gc,phases     ] GC(24)   Other: 2.0ms
[2023-03-17T23:26:36.857+0000][gc,heap       ] GC(24) Eden regions: 48->0(48)
[2023-03-17T23:26:36.858+0000][gc,heap       ] GC(24) Survivor regions: 3->3(7)
[2023-03-17T23:26:36.858+0000][gc,heap       ] GC(24) Old regions: 16->16
[2023-03-17T23:26:36.858+0000][gc,heap       ] GC(24) Humongous regions: 129->129
[2023-03-17T23:26:36.858+0000][gc,metaspace  ] GC(24) Metaspace: 50173K(52684K)->50173K(52684K) NonClass: 44246K(45568K)->44246K(45568K) Class: 5927K(7116K)->5927K(7116K)
[2023-03-17T23:26:36.858+0000][gc            ] GC(24) Pause Young (Normal) (G1 Evacuation Pause) 195M->147M(1024M) 30.060ms
[2023-03-17T23:26:36.858+0000][gc,cpu        ] GC(24) User=0.13s Sys=0.04s Real=0.03s
[2023-03-17T23:45:22.245+0000][gc,start      ] GC(25) Pause Young (Normal) (G1 Evacuation Pause)
[2023-03-17T23:45:22.246+0000][gc,task       ] GC(25) Using 8 workers of 8 for evacuation
[2023-03-17T23:45:22.263+0000][gc,phases     ] GC(25)   Pre Evacuate Collection Set: 0.1ms
[2023-03-17T23:45:22.263+0000][gc,phases     ] GC(25)   Evacuate Collection Set: 13.7ms
[2023-03-17T23:45:22.263+0000][gc,phases     ] GC(25)   Post Evacuate Collection Set: 2.4ms
[2023-03-17T23:45:22.264+0000][gc,phases     ] GC(25)   Other: 2.3ms
[2023-03-17T23:45:22.264+0000][gc,heap       ] GC(25) Eden regions: 48->0(48)
[2023-03-17T23:45:22.264+0000][gc,heap       ] GC(25) Survivor regions: 3->3(7)
[2023-03-17T23:45:22.264+0000][gc,heap       ] GC(25) Old regions: 16->16
[2023-03-17T23:45:22.264+0000][gc,heap       ] GC(25) Humongous regions: 129->129
[2023-03-17T23:45:22.264+0000][gc,metaspace  ] GC(25) Metaspace: 50173K(52684K)->50173K(52684K) NonClass: 44246K(45568K)->44246K(45568K) Class: 5927K(7116K)->5927K(7116K)
[2023-03-17T23:45:22.264+0000][gc            ] GC(25) Pause Young (Normal) (G1 Evacuation Pause) 195M->147M(1024M) 19.327ms
[2023-03-17T23:45:22.265+0000][gc,cpu        ] GC(25) User=0.10s Sys=0.01s Real=0.02s
[2023-03-18T00:03:25.686+0000][gc,start      ] GC(26) Pause Young (Normal) (G1 Evacuation Pause)
[2023-03-18T00:03:25.687+0000][gc,task       ] GC(26) Using 8 workers of 8 for evacuation
[2023-03-18T00:03:25.691+0000][gc,phases     ] GC(26)   Pre Evacuate Collection Set: 0.0ms
[2023-03-18T00:03:25.691+0000][gc,phases     ] GC(26)   Evacuate Collection Set: 3.6ms
[2023-03-18T00:03:25.691+0000][gc,phases     ] GC(26)   Post Evacuate Collection Set: 0.6ms
[2023-03-18T00:03:25.691+0000][gc,phases     ] GC(26)   Other: 1.1ms
[2023-03-18T00:03:25.692+0000][gc,heap       ] GC(26) Eden regions: 48->0(54)
[2023-03-18T00:03:25.692+0000][gc,heap       ] GC(26) Survivor regions: 3->3(7)
[2023-03-18T00:03:25.692+0000][gc,heap       ] GC(26) Old regions: 16->16
[2023-03-18T00:03:25.692+0000][gc,heap       ] GC(26) Humongous regions: 129->129
[2023-03-18T00:03:25.692+0000][gc,metaspace  ] GC(26) Metaspace: 50176K(52684K)->50176K(52684K) NonClass: 44249K(45568K)->44249K(45568K) Class: 5927K(7116K)->5927K(7116K)
[2023-03-18T00:03:25.692+0000][gc            ] GC(26) Pause Young (Normal) (G1 Evacuation Pause) 195M->147M(1024M) 5.567ms
[2023-03-18T00:03:25.692+0000][gc,cpu        ] GC(26) User=0.02s Sys=0.00s Real=0.01s
[2023-03-18T02:01:17.333+0000][gc,start      ] GC(27) Pause Young (Normal) (G1 Evacuation Pause)
[2023-03-18T02:01:17.333+0000][gc,task       ] GC(27) Using 8 workers of 8 for evacuation
[2023-03-18T02:01:17.344+0000][gc,phases     ] GC(27)   Pre Evacuate Collection Set: 0.0ms
[2023-03-18T02:01:17.344+0000][gc,phases     ] GC(27)   Evacuate Collection Set: 9.4ms
[2023-03-18T02:01:17.344+0000][gc,phases     ] GC(27)   Post Evacuate Collection Set: 1.4ms
[2023-03-18T02:01:17.344+0000][gc,phases     ] GC(27)   Other: 0.7ms
[2023-03-18T02:01:17.344+0000][gc,heap       ] GC(27) Eden regions: 54->0(61)
[2023-03-18T02:01:17.344+0000][gc,heap       ] GC(27) Survivor regions: 3->3(8)
[2023-03-18T02:01:17.344+0000][gc,heap       ] GC(27) Old regions: 16->17
[2023-03-18T02:01:17.345+0000][gc,heap       ] GC(27) Humongous regions: 129->129
[2023-03-18T02:01:17.345+0000][gc,metaspace  ] GC(27) Metaspace: 50179K(52684K)->50179K(52684K) NonClass: 44252K(45568K)->44252K(45568K) Class: 5927K(7116K)->5927K(7116K)
[2023-03-18T02:01:17.345+0000][gc            ] GC(27) Pause Young (Normal) (G1 Evacuation Pause) 201M->147M(1024M) 11.666ms
[2023-03-18T02:01:17.345+0000][gc,cpu        ] GC(27) User=0.03s Sys=0.02s Real=0.01s
[2023-03-18T03:06:04.796+0000][gc,start      ] GC(28) Pause Young (Normal) (G1 Evacuation Pause)
[2023-03-18T03:06:04.797+0000][gc,task       ] GC(28) Using 8 workers of 8 for evacuation
[2023-03-18T03:06:04.805+0000][gc,phases     ] GC(28)   Pre Evacuate Collection Set: 0.1ms
[2023-03-18T03:06:04.805+0000][gc,phases     ] GC(28)   Evacuate Collection Set: 7.3ms
[2023-03-18T03:06:04.805+0000][gc,phases     ] GC(28)   Post Evacuate Collection Set: 0.3ms
[2023-03-18T03:06:04.805+0000][gc,phases     ] GC(28)   Other: 0.9ms
[2023-03-18T03:06:04.805+0000][gc,heap       ] GC(28) Eden regions: 61->0(69)
[2023-03-18T03:06:04.805+0000][gc,heap       ] GC(28) Survivor regions: 3->3(8)
[2023-03-18T03:06:04.805+0000][gc,heap       ] GC(28) Old regions: 17->17
[2023-03-18T03:06:04.805+0000][gc,heap       ] GC(28) Humongous regions: 129->129
[2023-03-18T03:06:04.805+0000][gc,metaspace  ] GC(28) Metaspace: 50202K(52684K)->50202K(52684K) NonClass: 44275K(45568K)->44275K(45568K) Class: 5927K(7116K)->5927K(7116K)
[2023-03-18T03:06:04.805+0000][gc            ] GC(28) Pause Young (Normal) (G1 Evacuation Pause) 208M->148M(1024M) 8.786ms
[2023-03-18T03:06:04.805+0000][gc,cpu        ] GC(28) User=0.02s Sys=0.02s Real=0.01s
[2023-03-18T04:36:35.917+0000][gc,start      ] GC(29) Pause Young (Normal) (G1 Evacuation Pause)
[2023-03-18T04:36:35.918+0000][gc,task       ] GC(29) Using 8 workers of 8 for evacuation
[2023-03-18T04:36:35.937+0000][gc,phases     ] GC(29)   Pre Evacuate Collection Set: 0.0ms
[2023-03-18T04:36:35.937+0000][gc,phases     ] GC(29)   Evacuate Collection Set: 16.5ms
[2023-03-18T04:36:35.937+0000][gc,phases     ] GC(29)   Post Evacuate Collection Set: 2.6ms
[2023-03-18T04:36:35.938+0000][gc,phases     ] GC(29)   Other: 1.6ms
[2023-03-18T04:36:35.938+0000][gc,heap       ] GC(29) Eden regions: 69->0(59)
[2023-03-18T04:36:35.938+0000][gc,heap       ] GC(29) Survivor regions: 3->3(9)
[2023-03-18T04:36:35.938+0000][gc,heap       ] GC(29) Old regions: 17->17
[2023-03-18T04:36:35.938+0000][gc,heap       ] GC(29) Humongous regions: 129->129
[2023-03-18T04:36:35.938+0000][gc,metaspace  ] GC(29) Metaspace: 50221K(52684K)->50221K(52684K) NonClass: 44293K(45568K)->44293K(45568K) Class: 5927K(7116K)->5927K(7116K)
[2023-03-18T04:36:35.938+0000][gc            ] GC(29) Pause Young (Normal) (G1 Evacuation Pause) 217M->147M(1024M) 20.984ms
[2023-03-18T04:36:35.938+0000][gc,cpu        ] GC(29) User=0.05s Sys=0.05s Real=0.02s
[2023-03-18T08:46:59.745+0000][gc,start      ] GC(30) Pause Young (Normal) (G1 Evacuation Pause)
[2023-03-18T08:46:59.761+0000][gc,task       ] GC(30) Using 8 workers of 8 for evacuation
[2023-03-18T08:47:00.198+0000][gc,mmu        ] GC(30) MMU target violated: 21.0ms (20.0ms/21.0ms)
[2023-03-18T08:47:00.199+0000][gc,phases     ] GC(30)   Pre Evacuate Collection Set: 8.1ms
[2023-03-18T08:47:00.199+0000][gc,phases     ] GC(30)   Evacuate Collection Set: 416.4ms
[2023-03-18T08:47:00.199+0000][gc,phases     ] GC(30)   Post Evacuate Collection Set: 8.5ms
[2023-03-18T08:47:00.199+0000][gc,phases     ] GC(30)   Other: 21.4ms
[2023-03-18T08:47:00.199+0000][gc,heap       ] GC(30) Eden regions: 59->0(47)
[2023-03-18T08:47:00.199+0000][gc,heap       ] GC(30) Survivor regions: 3->4(8)
[2023-03-18T08:47:00.199+0000][gc,heap       ] GC(30) Old regions: 17->17
[2023-03-18T08:47:00.200+0000][gc,heap       ] GC(30) Humongous regions: 129->129
[2023-03-18T08:47:00.200+0000][gc,metaspace  ] GC(30) Metaspace: 50260K(52940K)->50260K(52940K) NonClass: 44333K(45824K)->44333K(45824K) Class: 5927K(7116K)->5927K(7116K)
[2023-03-18T08:47:00.200+0000][gc            ] GC(30) Pause Young (Normal) (G1 Evacuation Pause) 206M->148M(1024M) 454.830ms
[2023-03-18T08:47:00.200+0000][gc,cpu        ] GC(30) User=1.08s Sys=0.44s Real=0.46s
[2023-03-18T17:13:39.191+0000][gc,heap,exit  ] Heap
[2023-03-18T17:13:39.191+0000][gc,heap,exit  ]  garbage-first heap   total 1048576K, used 172501K [0x00000007c0000000, 0x0000000800000000)
[2023-03-18T17:13:39.191+0000][gc,heap,exit  ]   region size 1024K, 26 young (26624K), 4 survivors (4096K)
[2023-03-18T17:13:39.191+0000][gc,heap,exit  ]  Metaspace       used 50378K, capacity 52814K, committed 53068K, reserved 1095680K
[2023-03-18T17:13:39.191+0000][gc,heap,exit  ]   class space    used 5962K, capacity 7141K, committed 7244K, reserved 1048576K
