[2023-03-28T12:53:50.040+0100][gc,heap] Heap region size: 1M
[2023-03-28T12:53:50.045+0100][gc     ] Using G1
[2023-03-28T12:53:50.045+0100][gc,heap,coops] Heap address: 0x00000007e0000000, size: 512 MB, Compressed Oops mode: Zero based, Oop shift amount: 3
[2023-03-28T12:53:50.572+0100][gc,start     ] GC(0) Pause Young (Normal) (G1 Evacuation Pause)
[2023-03-28T12:53:50.573+0100][gc,task      ] GC(0) Using 8 workers of 8 for evacuation
[2023-03-28T12:53:50.578+0100][gc,phases    ] GC(0)   Pre Evacuate Collection Set: 0.0ms
[2023-03-28T12:53:50.578+0100][gc,phases    ] GC(0)   Evacuate Collection Set: 4.6ms
[2023-03-28T12:53:50.578+0100][gc,phases    ] GC(0)   Post Evacuate Collection Set: 0.3ms
[2023-03-28T12:53:50.578+0100][gc,phases    ] GC(0)   Other: 0.5ms
[2023-03-28T12:53:50.578+0100][gc,heap      ] GC(0) Eden regions: 25->0(21)
[2023-03-28T12:53:50.578+0100][gc,heap      ] GC(0) Survivor regions: 0->4(4)
[2023-03-28T12:53:50.578+0100][gc,heap      ] GC(0) Old regions: 0->4
[2023-03-28T12:53:50.578+0100][gc,heap      ] GC(0) Humongous regions: 0->0
[2023-03-28T12:53:50.578+0100][gc,metaspace ] GC(0) Metaspace: 14630K(15232K)->14630K(15232K) NonClass: 13153K(13568K)->13153K(13568K) Class: 1477K(1664K)->1477K(1664K)
[2023-03-28T12:53:50.578+0100][gc           ] GC(0) Pause Young (Normal) (G1 Evacuation Pause) 25M->7M(512M) 5.605ms
[2023-03-28T12:53:50.578+0100][gc,cpu       ] GC(0) User=0.03s Sys=0.01s Real=0.00s
[2023-03-28T15:47:59.093+0100][gc,start     ] GC(1) Pause Young (Normal) (G1 Evacuation Pause)
[2023-03-28T15:47:59.095+0100][gc,task      ] GC(1) Using 8 workers of 8 for evacuation
[2023-03-28T15:47:59.129+0100][gc,mmu       ] GC(1) MMU target violated: 21.0ms (20.0ms/21.0ms)
[2023-03-28T15:47:59.129+0100][gc,phases    ] GC(1)   Pre Evacuate Collection Set: 0.9ms
[2023-03-28T15:47:59.129+0100][gc,phases    ] GC(1)   Evacuate Collection Set: 32.0ms
[2023-03-28T15:47:59.129+0100][gc,phases    ] GC(1)   Post Evacuate Collection Set: 0.4ms
[2023-03-28T15:47:59.129+0100][gc,phases    ] GC(1)   Other: 2.1ms
[2023-03-28T15:47:59.129+0100][gc,heap      ] GC(1) Eden regions: 21->0(24)
[2023-03-28T15:47:59.129+0100][gc,heap      ] GC(1) Survivor regions: 4->1(4)
[2023-03-28T15:47:59.129+0100][gc,heap      ] GC(1) Old regions: 4->8
[2023-03-28T15:47:59.129+0100][gc,heap      ] GC(1) Humongous regions: 0->0
[2023-03-28T15:47:59.129+0100][gc,metaspace ] GC(1) Metaspace: 16521K(17152K)->16521K(17152K) NonClass: 14884K(15360K)->14884K(15360K) Class: 1637K(1792K)->1637K(1792K)
[2023-03-28T15:47:59.129+0100][gc           ] GC(1) Pause Young (Normal) (G1 Evacuation Pause) 28M->7M(512M) 35.418ms
[2023-03-28T15:47:59.129+0100][gc,cpu       ] GC(1) User=0.05s Sys=0.11s Real=0.03s
[2023-03-28T23:22:22.230+0100][gc,start     ] GC(2) Pause Young (Normal) (G1 Evacuation Pause)
[2023-03-28T23:22:22.231+0100][gc,task      ] GC(2) Using 8 workers of 8 for evacuation
[2023-03-28T23:22:22.248+0100][gc,phases    ] GC(2)   Pre Evacuate Collection Set: 1.1ms
[2023-03-28T23:22:22.248+0100][gc,phases    ] GC(2)   Evacuate Collection Set: 12.4ms
[2023-03-28T23:22:22.248+0100][gc,phases    ] GC(2)   Post Evacuate Collection Set: 2.9ms
[2023-03-28T23:22:22.248+0100][gc,phases    ] GC(2)   Other: 2.1ms
[2023-03-28T23:22:22.248+0100][gc,heap      ] GC(2) Eden regions: 24->0(24)
[2023-03-28T23:22:22.248+0100][gc,heap      ] GC(2) Survivor regions: 1->1(4)
[2023-03-28T23:22:22.249+0100][gc,heap      ] GC(2) Old regions: 8->8
[2023-03-28T23:22:22.249+0100][gc,heap      ] GC(2) Humongous regions: 0->0
[2023-03-28T23:22:22.249+0100][gc,metaspace ] GC(2) Metaspace: 16533K(17152K)->16533K(17152K) NonClass: 14895K(15360K)->14895K(15360K) Class: 1637K(1792K)->1637K(1792K)
[2023-03-28T23:22:22.249+0100][gc           ] GC(2) Pause Young (Normal) (G1 Evacuation Pause) 31M->7M(512M) 18.773ms
[2023-03-28T23:22:22.249+0100][gc,cpu       ] GC(2) User=0.03s Sys=0.04s Real=0.01s
[2023-03-30T19:42:58.837+0100][gc,start     ] GC(3) Pause Young (Normal) (G1 Evacuation Pause)
[2023-03-30T19:42:58.839+0100][gc,task      ] GC(3) Using 8 workers of 8 for evacuation
[2023-03-30T19:42:58.857+0100][gc,phases    ] GC(3)   Pre Evacuate Collection Set: 0.8ms
[2023-03-30T19:42:58.858+0100][gc,phases    ] GC(3)   Evacuate Collection Set: 14.5ms
[2023-03-30T19:42:58.858+0100][gc,phases    ] GC(3)   Post Evacuate Collection Set: 1.4ms
[2023-03-30T19:42:58.858+0100][gc,phases    ] GC(3)   Other: 5.1ms
[2023-03-30T19:42:58.858+0100][gc,heap      ] GC(3) Eden regions: 24->0(24)
[2023-03-30T19:42:58.858+0100][gc,heap      ] GC(3) Survivor regions: 1->1(4)
[2023-03-30T19:42:58.858+0100][gc,heap      ] GC(3) Old regions: 8->8
[2023-03-30T19:42:58.858+0100][gc,heap      ] GC(3) Humongous regions: 0->0
[2023-03-30T19:42:58.858+0100][gc,metaspace ] GC(3) Metaspace: 16533K(17152K)->16533K(17152K) NonClass: 14895K(15360K)->14895K(15360K) Class: 1637K(1792K)->1637K(1792K)
[2023-03-30T19:42:58.858+0100][gc           ] GC(3) Pause Young (Normal) (G1 Evacuation Pause) 31M->7M(512M) 22.007ms
[2023-03-30T19:42:58.858+0100][gc,cpu       ] GC(3) User=0.03s Sys=0.03s Real=0.02s
[2023-03-31T12:24:02.158+0100][gc,start     ] GC(4) Pause Young (Normal) (G1 Evacuation Pause)
[2023-03-31T12:24:02.160+0100][gc,task      ] GC(4) Using 8 workers of 8 for evacuation
[2023-03-31T12:24:02.183+0100][gc,mmu       ] GC(4) MMU target violated: 21.0ms (20.0ms/21.0ms)
[2023-03-31T12:24:02.183+0100][gc,phases    ] GC(4)   Pre Evacuate Collection Set: 1.0ms
[2023-03-31T12:24:02.183+0100][gc,phases    ] GC(4)   Evacuate Collection Set: 18.2ms
[2023-03-31T12:24:02.183+0100][gc,phases    ] GC(4)   Post Evacuate Collection Set: 2.9ms
[2023-03-31T12:24:02.183+0100][gc,phases    ] GC(4)   Other: 2.5ms
[2023-03-31T12:24:02.183+0100][gc,heap      ] GC(4) Eden regions: 24->0(24)
[2023-03-31T12:24:02.183+0100][gc,heap      ] GC(4) Survivor regions: 1->1(4)
[2023-03-31T12:24:02.183+0100][gc,heap      ] GC(4) Old regions: 8->8
[2023-03-31T12:24:02.183+0100][gc,heap      ] GC(4) Humongous regions: 0->0
[2023-03-31T12:24:02.183+0100][gc,metaspace ] GC(4) Metaspace: 16540K(17152K)->16540K(17152K) NonClass: 14902K(15360K)->14902K(15360K) Class: 1637K(1792K)->1637K(1792K)
[2023-03-31T12:24:02.183+0100][gc           ] GC(4) Pause Young (Normal) (G1 Evacuation Pause) 31M->7M(512M) 24.873ms
[2023-03-31T12:24:02.183+0100][gc,cpu       ] GC(4) User=0.05s Sys=0.05s Real=0.03s
[2023-04-01T06:32:34.123+0100][gc,start     ] GC(5) Pause Young (Normal) (G1 Evacuation Pause)
[2023-04-01T06:32:34.124+0100][gc,task      ] GC(5) Using 8 workers of 8 for evacuation
[2023-04-01T06:32:34.148+0100][gc,mmu       ] GC(5) MMU target violated: 21.0ms (20.0ms/21.0ms)
[2023-04-01T06:32:34.148+0100][gc,phases    ] GC(5)   Pre Evacuate Collection Set: 1.8ms
[2023-04-01T06:32:34.148+0100][gc,phases    ] GC(5)   Evacuate Collection Set: 19.7ms
[2023-04-01T06:32:34.148+0100][gc,phases    ] GC(5)   Post Evacuate Collection Set: 2.3ms
[2023-04-01T06:32:34.148+0100][gc,phases    ] GC(5)   Other: 2.1ms
[2023-04-01T06:32:34.148+0100][gc,heap      ] GC(5) Eden regions: 24->0(24)
[2023-04-01T06:32:34.148+0100][gc,heap      ] GC(5) Survivor regions: 1->1(4)
[2023-04-01T06:32:34.148+0100][gc,heap      ] GC(5) Old regions: 8->8
[2023-04-01T06:32:34.149+0100][gc,heap      ] GC(5) Humongous regions: 0->0
[2023-04-01T06:32:34.149+0100][gc,metaspace ] GC(5) Metaspace: 16540K(17152K)->16540K(17152K) NonClass: 14902K(15360K)->14902K(15360K) Class: 1637K(1792K)->1637K(1792K)
[2023-04-01T06:32:34.149+0100][gc           ] GC(5) Pause Young (Normal) (G1 Evacuation Pause) 31M->7M(512M) 26.103ms
[2023-04-01T06:32:34.149+0100][gc,cpu       ] GC(5) User=0.07s Sys=0.06s Real=0.02s
[2023-04-03T13:13:48.652+0100][gc,start     ] GC(6) Pause Young (Normal) (G1 Evacuation Pause)
[2023-04-03T13:13:48.653+0100][gc,task      ] GC(6) Using 8 workers of 8 for evacuation
[2023-04-03T13:13:48.676+0100][gc,mmu       ] GC(6) MMU target violated: 21.0ms (20.0ms/21.0ms)
[2023-04-03T13:13:48.676+0100][gc,phases    ] GC(6)   Pre Evacuate Collection Set: 2.8ms
[2023-04-03T13:13:48.676+0100][gc,phases    ] GC(6)   Evacuate Collection Set: 16.5ms
[2023-04-03T13:13:48.676+0100][gc,phases    ] GC(6)   Post Evacuate Collection Set: 1.1ms
[2023-04-03T13:13:48.676+0100][gc,phases    ] GC(6)   Other: 4.0ms
[2023-04-03T13:13:48.676+0100][gc,heap      ] GC(6) Eden regions: 24->0(24)
[2023-04-03T13:13:48.676+0100][gc,heap      ] GC(6) Survivor regions: 1->1(4)
[2023-04-03T13:13:48.676+0100][gc,heap      ] GC(6) Old regions: 8->8
[2023-04-03T13:13:48.676+0100][gc,heap      ] GC(6) Humongous regions: 0->0
[2023-04-03T13:13:48.676+0100][gc,metaspace ] GC(6) Metaspace: 16540K(17152K)->16540K(17152K) NonClass: 14902K(15360K)->14902K(15360K) Class: 1637K(1792K)->1637K(1792K)
[2023-04-03T13:13:48.676+0100][gc           ] GC(6) Pause Young (Normal) (G1 Evacuation Pause) 31M->7M(512M) 24.477ms
[2023-04-03T13:13:48.676+0100][gc,cpu       ] GC(6) User=0.03s Sys=0.03s Real=0.02s
