[2023-04-20T17:52:07.356+0100][gc,heap] Heap region size: 1M
[2023-04-20T17:52:07.363+0100][gc     ] Using G1
[2023-04-20T17:52:07.363+0100][gc,heap,coops] Heap address: 0x00000007e0000000, size: 512 MB, Compressed Oops mode: Zero based, Oop shift amount: 3
[2023-04-20T17:52:08.232+0100][gc,start     ] GC(0) Pause Young (Normal) (G1 Evacuation Pause)
[2023-04-20T17:52:08.232+0100][gc,task      ] GC(0) Using 8 workers of 8 for evacuation
[2023-04-20T17:52:08.256+0100][gc,mmu       ] GC(0) MMU target violated: 21.0ms (20.0ms/21.0ms)
[2023-04-20T17:52:08.256+0100][gc,phases    ] GC(0)   Pre Evacuate Collection Set: 0.0ms
[2023-04-20T17:52:08.256+0100][gc,phases    ] GC(0)   Evacuate Collection Set: 22.8ms
[2023-04-20T17:52:08.256+0100][gc,phases    ] GC(0)   Post Evacuate Collection Set: 0.9ms
[2023-04-20T17:52:08.256+0100][gc,phases    ] GC(0)   Other: 0.8ms
[2023-04-20T17:52:08.256+0100][gc,heap      ] GC(0) Eden regions: 25->0(21)
[2023-04-20T17:52:08.256+0100][gc,heap      ] GC(0) Survivor regions: 0->4(4)
[2023-04-20T17:52:08.256+0100][gc,heap      ] GC(0) Old regions: 0->4
[2023-04-20T17:52:08.256+0100][gc,heap      ] GC(0) Humongous regions: 0->0
[2023-04-20T17:52:08.256+0100][gc,metaspace ] GC(0) Metaspace: 14601K(15232K)->14601K(15232K) NonClass: 13123K(13568K)->13123K(13568K) Class: 1477K(1664K)->1477K(1664K)
[2023-04-20T17:52:08.256+0100][gc           ] GC(0) Pause Young (Normal) (G1 Evacuation Pause) 25M->7M(512M) 24.695ms
[2023-04-20T17:52:08.256+0100][gc,cpu       ] GC(0) User=0.03s Sys=0.00s Real=0.02s
[2023-04-20T20:34:55.995+0100][gc,start     ] GC(1) Pause Young (Normal) (G1 Evacuation Pause)
[2023-04-20T20:34:55.995+0100][gc,task      ] GC(1) Using 8 workers of 8 for evacuation
[2023-04-20T20:34:56.031+0100][gc,mmu       ] GC(1) MMU target violated: 21.0ms (20.0ms/21.0ms)
[2023-04-20T20:34:56.031+0100][gc,phases    ] GC(1)   Pre Evacuate Collection Set: 2.2ms
[2023-04-20T20:34:56.031+0100][gc,phases    ] GC(1)   Evacuate Collection Set: 31.0ms
[2023-04-20T20:34:56.031+0100][gc,phases    ] GC(1)   Post Evacuate Collection Set: 0.5ms
[2023-04-20T20:34:56.031+0100][gc,phases    ] GC(1)   Other: 3.0ms
[2023-04-20T20:34:56.031+0100][gc,heap      ] GC(1) Eden regions: 21->0(24)
[2023-04-20T20:34:56.031+0100][gc,heap      ] GC(1) Survivor regions: 4->1(4)
[2023-04-20T20:34:56.031+0100][gc,heap      ] GC(1) Old regions: 4->8
[2023-04-20T20:34:56.031+0100][gc,heap      ] GC(1) Humongous regions: 0->0
[2023-04-20T20:34:56.031+0100][gc,metaspace ] GC(1) Metaspace: 16538K(17152K)->16538K(17152K) NonClass: 14898K(15360K)->14898K(15360K) Class: 1639K(1792K)->1639K(1792K)
[2023-04-20T20:34:56.031+0100][gc           ] GC(1) Pause Young (Normal) (G1 Evacuation Pause) 28M->8M(512M) 36.765ms
[2023-04-20T20:34:56.031+0100][gc,cpu       ] GC(1) User=0.03s Sys=0.07s Real=0.04s
[2023-04-21T00:28:11.399+0100][gc,heap,exit ] Heap
[2023-04-21T00:28:11.399+0100][gc,heap,exit ]  garbage-first heap   total 524288K, used 21563K [0x00000007e0000000, 0x0000000800000000)
[2023-04-21T00:28:11.400+0100][gc,heap,exit ]   region size 1024K, 15 young (15360K), 1 survivors (1024K)
[2023-04-21T00:28:11.400+0100][gc,heap,exit ]  Metaspace       used 16559K, capacity 16877K, committed 17152K, reserved 1064960K
[2023-04-21T00:28:11.400+0100][gc,heap,exit ]   class space    used 1641K, capacity 1785K, committed 1792K, reserved 1048576K
