[2023-04-27T16:36:25.306+0100][gc,heap] Heap region size: 1M
[2023-04-27T16:36:25.312+0100][gc     ] Using G1
[2023-04-27T16:36:25.312+0100][gc,heap,coops] Heap address: 0x00000007e0000000, size: 512 MB, Compressed Oops mode: Zero based, Oop shift amount: 3
[2023-04-27T16:36:26.106+0100][gc,start     ] GC(0) Pause Young (Normal) (G1 Evacuation Pause)
[2023-04-27T16:36:26.106+0100][gc,task      ] GC(0) Using 8 workers of 8 for evacuation
[2023-04-27T16:36:26.115+0100][gc,phases    ] GC(0)   Pre Evacuate Collection Set: 0.0ms
[2023-04-27T16:36:26.115+0100][gc,phases    ] GC(0)   Evacuate Collection Set: 7.6ms
[2023-04-27T16:36:26.115+0100][gc,phases    ] GC(0)   Post Evacuate Collection Set: 0.3ms
[2023-04-27T16:36:26.115+0100][gc,phases    ] GC(0)   Other: 0.7ms
[2023-04-27T16:36:26.115+0100][gc,heap      ] GC(0) Eden regions: 25->0(21)
[2023-04-27T16:36:26.115+0100][gc,heap      ] GC(0) Survivor regions: 0->4(4)
[2023-04-27T16:36:26.115+0100][gc,heap      ] GC(0) Old regions: 0->4
[2023-04-27T16:36:26.115+0100][gc,heap      ] GC(0) Humongous regions: 0->0
[2023-04-27T16:36:26.115+0100][gc,metaspace ] GC(0) Metaspace: 14622K(15232K)->14622K(15232K) NonClass: 13144K(13568K)->13144K(13568K) Class: 1478K(1664K)->1478K(1664K)
[2023-04-27T16:36:26.115+0100][gc           ] GC(0) Pause Young (Normal) (G1 Evacuation Pause) 25M->7M(512M) 8.804ms
[2023-04-27T16:36:26.115+0100][gc,cpu       ] GC(0) User=0.03s Sys=0.00s Real=0.01s
[2023-04-27T19:53:47.733+0100][gc,start     ] GC(1) Pause Young (Normal) (G1 Evacuation Pause)
[2023-04-27T19:53:47.733+0100][gc,task      ] GC(1) Using 8 workers of 8 for evacuation
[2023-04-27T19:53:47.761+0100][gc,mmu       ] GC(1) MMU target violated: 21.0ms (20.0ms/21.0ms)
[2023-04-27T19:53:47.761+0100][gc,phases    ] GC(1)   Pre Evacuate Collection Set: 0.7ms
[2023-04-27T19:53:47.761+0100][gc,phases    ] GC(1)   Evacuate Collection Set: 25.8ms
[2023-04-27T19:53:47.761+0100][gc,phases    ] GC(1)   Post Evacuate Collection Set: 0.5ms
[2023-04-27T19:53:47.761+0100][gc,phases    ] GC(1)   Other: 0.9ms
[2023-04-27T19:53:47.761+0100][gc,heap      ] GC(1) Eden regions: 21->0(24)
[2023-04-27T19:53:47.761+0100][gc,heap      ] GC(1) Survivor regions: 4->1(4)
[2023-04-27T19:53:47.761+0100][gc,heap      ] GC(1) Old regions: 4->8
[2023-04-27T19:53:47.761+0100][gc,heap      ] GC(1) Humongous regions: 0->0
[2023-04-27T19:53:47.761+0100][gc,metaspace ] GC(1) Metaspace: 16540K(17152K)->16540K(17152K) NonClass: 14900K(15360K)->14900K(15360K) Class: 1639K(1792K)->1639K(1792K)
[2023-04-27T19:53:47.761+0100][gc           ] GC(1) Pause Young (Normal) (G1 Evacuation Pause) 28M->7M(512M) 27.900ms
[2023-04-27T19:53:47.761+0100][gc,cpu       ] GC(1) User=0.03s Sys=0.04s Real=0.03s
[2023-04-28T03:25:11.358+0100][gc,start     ] GC(2) Pause Young (Normal) (G1 Evacuation Pause)
[2023-04-28T03:25:11.359+0100][gc,task      ] GC(2) Using 8 workers of 8 for evacuation
[2023-04-28T03:25:11.371+0100][gc,phases    ] GC(2)   Pre Evacuate Collection Set: 1.0ms
[2023-04-28T03:25:11.371+0100][gc,phases    ] GC(2)   Evacuate Collection Set: 8.2ms
[2023-04-28T03:25:11.371+0100][gc,phases    ] GC(2)   Post Evacuate Collection Set: 1.8ms
[2023-04-28T03:25:11.371+0100][gc,phases    ] GC(2)   Other: 1.6ms
[2023-04-28T03:25:11.371+0100][gc,heap      ] GC(2) Eden regions: 24->0(24)
[2023-04-28T03:25:11.371+0100][gc,heap      ] GC(2) Survivor regions: 1->1(4)
[2023-04-28T03:25:11.371+0100][gc,heap      ] GC(2) Old regions: 8->8
[2023-04-28T03:25:11.371+0100][gc,heap      ] GC(2) Humongous regions: 0->0
[2023-04-28T03:25:11.371+0100][gc,metaspace ] GC(2) Metaspace: 16552K(17152K)->16552K(17152K) NonClass: 14912K(15360K)->14912K(15360K) Class: 1639K(1792K)->1639K(1792K)
[2023-04-28T03:25:11.371+0100][gc           ] GC(2) Pause Young (Normal) (G1 Evacuation Pause) 31M->7M(512M) 12.791ms
[2023-04-28T03:25:11.371+0100][gc,cpu       ] GC(2) User=0.02s Sys=0.02s Real=0.02s
[2023-04-28T11:16:24.436+0100][gc,start     ] GC(3) Pause Young (Normal) (G1 Evacuation Pause)
[2023-04-28T11:16:24.437+0100][gc,task      ] GC(3) Using 8 workers of 8 for evacuation
[2023-04-28T11:16:24.446+0100][gc,phases    ] GC(3)   Pre Evacuate Collection Set: 0.5ms
[2023-04-28T11:16:24.446+0100][gc,phases    ] GC(3)   Evacuate Collection Set: 6.6ms
[2023-04-28T11:16:24.446+0100][gc,phases    ] GC(3)   Post Evacuate Collection Set: 1.9ms
[2023-04-28T11:16:24.446+0100][gc,phases    ] GC(3)   Other: 1.0ms
[2023-04-28T11:16:24.446+0100][gc,heap      ] GC(3) Eden regions: 24->0(24)
[2023-04-28T11:16:24.446+0100][gc,heap      ] GC(3) Survivor regions: 1->1(4)
[2023-04-28T11:16:24.446+0100][gc,heap      ] GC(3) Old regions: 8->8
[2023-04-28T11:16:24.446+0100][gc,heap      ] GC(3) Humongous regions: 0->0
[2023-04-28T11:16:24.446+0100][gc,metaspace ] GC(3) Metaspace: 16552K(17152K)->16552K(17152K) NonClass: 14912K(15360K)->14912K(15360K) Class: 1639K(1792K)->1639K(1792K)
[2023-04-28T11:16:24.446+0100][gc           ] GC(3) Pause Young (Normal) (G1 Evacuation Pause) 31M->7M(512M) 10.139ms
[2023-04-28T11:16:24.446+0100][gc,cpu       ] GC(3) User=0.02s Sys=0.01s Real=0.01s
[2023-04-28T19:06:49.324+0100][gc,start     ] GC(4) Pause Young (Normal) (G1 Evacuation Pause)
[2023-04-28T19:06:49.325+0100][gc,task      ] GC(4) Using 8 workers of 8 for evacuation
[2023-04-28T19:06:49.336+0100][gc,phases    ] GC(4)   Pre Evacuate Collection Set: 0.8ms
[2023-04-28T19:06:49.336+0100][gc,phases    ] GC(4)   Evacuate Collection Set: 8.3ms
[2023-04-28T19:06:49.336+0100][gc,phases    ] GC(4)   Post Evacuate Collection Set: 1.4ms
[2023-04-28T19:06:49.336+0100][gc,phases    ] GC(4)   Other: 1.6ms
[2023-04-28T19:06:49.336+0100][gc,heap      ] GC(4) Eden regions: 24->0(24)
[2023-04-28T19:06:49.336+0100][gc,heap      ] GC(4) Survivor regions: 1->1(4)
[2023-04-28T19:06:49.336+0100][gc,heap      ] GC(4) Old regions: 8->8
[2023-04-28T19:06:49.336+0100][gc,heap      ] GC(4) Humongous regions: 0->0
[2023-04-28T19:06:49.336+0100][gc,metaspace ] GC(4) Metaspace: 16559K(17152K)->16559K(17152K) NonClass: 14919K(15360K)->14919K(15360K) Class: 1639K(1792K)->1639K(1792K)
[2023-04-28T19:06:49.336+0100][gc           ] GC(4) Pause Young (Normal) (G1 Evacuation Pause) 31M->7M(512M) 12.287ms
[2023-04-28T19:06:49.336+0100][gc,cpu       ] GC(4) User=0.02s Sys=0.02s Real=0.01s
[2023-05-04T14:02:26.055+0100][gc,start     ] GC(5) Pause Young (Normal) (G1 Evacuation Pause)
[2023-05-04T14:02:26.057+0100][gc,task      ] GC(5) Using 8 workers of 8 for evacuation
[2023-05-04T14:02:26.089+0100][gc,mmu       ] GC(5) MMU target violated: 21.0ms (20.0ms/21.0ms)
[2023-05-04T14:02:26.089+0100][gc,phases    ] GC(5)   Pre Evacuate Collection Set: 2.3ms
[2023-05-04T14:02:26.089+0100][gc,phases    ] GC(5)   Evacuate Collection Set: 25.5ms
[2023-05-04T14:02:26.089+0100][gc,phases    ] GC(5)   Post Evacuate Collection Set: 1.3ms
[2023-05-04T14:02:26.090+0100][gc,phases    ] GC(5)   Other: 7.0ms
[2023-05-04T14:02:26.090+0100][gc,heap      ] GC(5) Eden regions: 24->0(24)
[2023-05-04T14:02:26.090+0100][gc,heap      ] GC(5) Survivor regions: 1->1(4)
[2023-05-04T14:02:26.090+0100][gc,heap      ] GC(5) Old regions: 8->8
[2023-05-04T14:02:26.090+0100][gc,heap      ] GC(5) Humongous regions: 0->0
[2023-05-04T14:02:26.090+0100][gc,metaspace ] GC(5) Metaspace: 16669K(17152K)->16669K(17152K) NonClass: 15023K(15360K)->15023K(15360K) Class: 1645K(1792K)->1645K(1792K)
[2023-05-04T14:02:26.090+0100][gc           ] GC(5) Pause Young (Normal) (G1 Evacuation Pause) 31M->7M(512M) 34.552ms
[2023-05-04T14:02:26.090+0100][gc,cpu       ] GC(5) User=0.02s Sys=0.03s Real=0.04s
