[2023-04-17T12:32:12.064+0100][gc,heap] Heap region size: 1M
[2023-04-17T12:32:12.071+0100][gc     ] Using G1
[2023-04-17T12:32:12.071+0100][gc,heap,coops] Heap address: 0x00000007e0000000, size: 512 MB, Compressed Oops mode: Zero based, Oop shift amount: 3
[2023-04-17T12:32:12.782+0100][gc,start     ] GC(0) Pause Young (Normal) (G1 Evacuation Pause)
[2023-04-17T12:32:12.782+0100][gc,task      ] GC(0) Using 8 workers of 8 for evacuation
[2023-04-17T12:32:12.799+0100][gc,phases    ] GC(0)   Pre Evacuate Collection Set: 0.0ms
[2023-04-17T12:32:12.800+0100][gc,phases    ] GC(0)   Evacuate Collection Set: 16.4ms
[2023-04-17T12:32:12.800+0100][gc,phases    ] GC(0)   Post Evacuate Collection Set: 0.6ms
[2023-04-17T12:32:12.800+0100][gc,phases    ] GC(0)   Other: 0.7ms
[2023-04-17T12:32:12.800+0100][gc,heap      ] GC(0) Eden regions: 25->0(21)
[2023-04-17T12:32:12.800+0100][gc,heap      ] GC(0) Survivor regions: 0->4(4)
[2023-04-17T12:32:12.800+0100][gc,heap      ] GC(0) Old regions: 0->4
[2023-04-17T12:32:12.800+0100][gc,heap      ] GC(0) Humongous regions: 0->0
[2023-04-17T12:32:12.800+0100][gc,metaspace ] GC(0) Metaspace: 14540K(14976K)->14540K(14976K) NonClass: 13065K(13312K)->13065K(13312K) Class: 1474K(1664K)->1474K(1664K)
[2023-04-17T12:32:12.800+0100][gc           ] GC(0) Pause Young (Normal) (G1 Evacuation Pause) 25M->7M(512M) 17.952ms
[2023-04-17T12:32:12.800+0100][gc,cpu       ] GC(0) User=0.03s Sys=0.01s Real=0.02s
[2023-04-17T15:29:08.409+0100][gc,start     ] GC(1) Pause Young (Normal) (G1 Evacuation Pause)
[2023-04-17T15:29:08.410+0100][gc,task      ] GC(1) Using 8 workers of 8 for evacuation
[2023-04-17T15:29:08.434+0100][gc,mmu       ] GC(1) MMU target violated: 21.0ms (20.0ms/21.0ms)
[2023-04-17T15:29:08.434+0100][gc,phases    ] GC(1)   Pre Evacuate Collection Set: 0.6ms
[2023-04-17T15:29:08.434+0100][gc,phases    ] GC(1)   Evacuate Collection Set: 21.8ms
[2023-04-17T15:29:08.434+0100][gc,phases    ] GC(1)   Post Evacuate Collection Set: 0.5ms
[2023-04-17T15:29:08.434+0100][gc,phases    ] GC(1)   Other: 1.6ms
[2023-04-17T15:29:08.434+0100][gc,heap      ] GC(1) Eden regions: 21->0(24)
[2023-04-17T15:29:08.434+0100][gc,heap      ] GC(1) Survivor regions: 4->1(4)
[2023-04-17T15:29:08.434+0100][gc,heap      ] GC(1) Old regions: 4->8
[2023-04-17T15:29:08.434+0100][gc,heap      ] GC(1) Humongous regions: 0->0
[2023-04-17T15:29:08.434+0100][gc,metaspace ] GC(1) Metaspace: 16528K(16896K)->16528K(16896K) NonClass: 14888K(15104K)->14888K(15104K) Class: 1639K(1792K)->1639K(1792K)
[2023-04-17T15:29:08.434+0100][gc           ] GC(1) Pause Young (Normal) (G1 Evacuation Pause) 28M->7M(512M) 24.559ms
[2023-04-17T15:29:08.434+0100][gc,cpu       ] GC(1) User=0.03s Sys=0.05s Real=0.03s
