[2023-04-12T13:51:19.110+0100][gc,heap] Heap region size: 1M
[2023-04-12T13:51:19.116+0100][gc     ] Using G1
[2023-04-12T13:51:19.117+0100][gc,heap,coops] Heap address: 0x00000007e0000000, size: 512 MB, Compressed Oops mode: Zero based, Oop shift amount: 3
[2023-04-12T13:51:19.843+0100][gc,start     ] GC(0) Pause Young (Normal) (G1 Evacuation Pause)
[2023-04-12T13:51:19.843+0100][gc,task      ] GC(0) Using 8 workers of 8 for evacuation
[2023-04-12T13:51:19.855+0100][gc,phases    ] GC(0)   Pre Evacuate Collection Set: 0.0ms
[2023-04-12T13:51:19.856+0100][gc,phases    ] GC(0)   Evacuate Collection Set: 11.5ms
[2023-04-12T13:51:19.856+0100][gc,phases    ] GC(0)   Post Evacuate Collection Set: 0.5ms
[2023-04-12T13:51:19.856+0100][gc,phases    ] GC(0)   Other: 0.7ms
[2023-04-12T13:51:19.856+0100][gc,heap      ] GC(0) Eden regions: 25->0(21)
[2023-04-12T13:51:19.856+0100][gc,heap      ] GC(0) Survivor regions: 0->4(4)
[2023-04-12T13:51:19.856+0100][gc,heap      ] GC(0) Old regions: 0->4
[2023-04-12T13:51:19.856+0100][gc,heap      ] GC(0) Humongous regions: 0->0
[2023-04-12T13:51:19.856+0100][gc,metaspace ] GC(0) Metaspace: 14538K(14976K)->14538K(14976K) NonClass: 13064K(13312K)->13064K(13312K) Class: 1474K(1664K)->1474K(1664K)
[2023-04-12T13:51:19.856+0100][gc           ] GC(0) Pause Young (Normal) (G1 Evacuation Pause) 25M->7M(512M) 12.980ms
[2023-04-12T13:51:19.856+0100][gc,cpu       ] GC(0) User=0.04s Sys=0.01s Real=0.01s
[2023-04-16T16:35:50.876+0100][gc,start     ] GC(1) Pause Young (Normal) (G1 Evacuation Pause)
[2023-04-16T16:35:50.878+0100][gc,task      ] GC(1) Using 8 workers of 8 for evacuation
[2023-04-16T16:35:50.916+0100][gc,mmu       ] GC(1) MMU target violated: 21.0ms (20.0ms/21.0ms)
[2023-04-16T16:35:50.916+0100][gc,phases    ] GC(1)   Pre Evacuate Collection Set: 1.2ms
[2023-04-16T16:35:50.916+0100][gc,phases    ] GC(1)   Evacuate Collection Set: 33.6ms
[2023-04-16T16:35:50.916+0100][gc,phases    ] GC(1)   Post Evacuate Collection Set: 0.9ms
[2023-04-16T16:35:50.916+0100][gc,phases    ] GC(1)   Other: 4.0ms
[2023-04-16T16:35:50.916+0100][gc,heap      ] GC(1) Eden regions: 21->0(24)
[2023-04-16T16:35:50.916+0100][gc,heap      ] GC(1) Survivor regions: 4->1(4)
[2023-04-16T16:35:50.916+0100][gc,heap      ] GC(1) Old regions: 4->8
[2023-04-16T16:35:50.916+0100][gc,heap      ] GC(1) Humongous regions: 0->0
[2023-04-16T16:35:50.916+0100][gc,metaspace ] GC(1) Metaspace: 16637K(17152K)->16637K(17152K) NonClass: 14991K(15360K)->14991K(15360K) Class: 1645K(1792K)->1645K(1792K)
[2023-04-16T16:35:50.916+0100][gc           ] GC(1) Pause Young (Normal) (G1 Evacuation Pause) 28M->7M(512M) 39.853ms
[2023-04-16T16:35:50.916+0100][gc,cpu       ] GC(1) User=0.03s Sys=0.05s Real=0.04s
