[2023-03-14T12:04:32.202+0000][gc,heap] Heap region size: 1M
[2023-03-14T12:04:32.207+0000][gc     ] Using G1
[2023-03-14T12:04:32.207+0000][gc,heap,coops] Heap address: 0x00000007e0000000, size: 512 MB, Compressed Oops mode: Zero based, Oop shift amount: 3
[2023-03-14T12:04:32.729+0000][gc,start     ] GC(0) Pause Young (Normal) (G1 Evacuation Pause)
[2023-03-14T12:04:32.729+0000][gc,task      ] GC(0) Using 8 workers of 8 for evacuation
[2023-03-14T12:04:32.735+0000][gc,phases    ] GC(0)   Pre Evacuate Collection Set: 0.0ms
[2023-03-14T12:04:32.735+0000][gc,phases    ] GC(0)   Evacuate Collection Set: 5.0ms
[2023-03-14T12:04:32.735+0000][gc,phases    ] GC(0)   Post Evacuate Collection Set: 0.5ms
[2023-03-14T12:04:32.735+0000][gc,phases    ] GC(0)   Other: 1.1ms
[2023-03-14T12:04:32.735+0000][gc,heap      ] GC(0) Eden regions: 25->0(21)
[2023-03-14T12:04:32.735+0000][gc,heap      ] GC(0) Survivor regions: 0->4(4)
[2023-03-14T12:04:32.735+0000][gc,heap      ] GC(0) Old regions: 0->4
[2023-03-14T12:04:32.735+0000][gc,heap      ] GC(0) Humongous regions: 0->0
[2023-03-14T12:04:32.735+0000][gc,metaspace ] GC(0) Metaspace: 14541K(15232K)->14541K(15232K) NonClass: 13068K(13568K)->13068K(13568K) Class: 1472K(1664K)->1472K(1664K)
[2023-03-14T12:04:32.735+0000][gc           ] GC(0) Pause Young (Normal) (G1 Evacuation Pause) 25M->7M(512M) 6.123ms
[2023-03-14T12:04:32.735+0000][gc,cpu       ] GC(0) User=0.03s Sys=0.01s Real=0.01s
[2023-03-14T15:00:32.048+0000][gc,start     ] GC(1) Pause Young (Normal) (G1 Evacuation Pause)
[2023-03-14T15:00:32.049+0000][gc,task      ] GC(1) Using 8 workers of 8 for evacuation
[2023-03-14T15:00:32.097+0000][gc,mmu       ] GC(1) MMU target violated: 21.0ms (20.0ms/21.0ms)
[2023-03-14T15:00:32.097+0000][gc,phases    ] GC(1)   Pre Evacuate Collection Set: 0.6ms
[2023-03-14T15:00:32.098+0000][gc,phases    ] GC(1)   Evacuate Collection Set: 46.0ms
[2023-03-14T15:00:32.098+0000][gc,phases    ] GC(1)   Post Evacuate Collection Set: 1.5ms
[2023-03-14T15:00:32.098+0000][gc,phases    ] GC(1)   Other: 1.6ms
[2023-03-14T15:00:32.098+0000][gc,heap      ] GC(1) Eden regions: 21->0(24)
[2023-03-14T15:00:32.098+0000][gc,heap      ] GC(1) Survivor regions: 4->1(4)
[2023-03-14T15:00:32.098+0000][gc,heap      ] GC(1) Old regions: 4->8
[2023-03-14T15:00:32.098+0000][gc,heap      ] GC(1) Humongous regions: 0->0
[2023-03-14T15:00:32.098+0000][gc,metaspace ] GC(1) Metaspace: 16557K(17152K)->16557K(17152K) NonClass: 14918K(15360K)->14918K(15360K) Class: 1638K(1792K)->1638K(1792K)
[2023-03-14T15:00:32.098+0000][gc           ] GC(1) Pause Young (Normal) (G1 Evacuation Pause) 28M->8M(512M) 49.792ms
[2023-03-14T15:00:32.098+0000][gc,cpu       ] GC(1) User=0.03s Sys=0.04s Real=0.05s
[2023-03-15T20:27:28.925+0000][gc,start     ] GC(2) Pause Young (Normal) (G1 Evacuation Pause)
[2023-03-15T20:27:28.926+0000][gc,task      ] GC(2) Using 8 workers of 8 for evacuation
[2023-03-15T20:27:28.933+0000][gc,phases    ] GC(2)   Pre Evacuate Collection Set: 0.4ms
[2023-03-15T20:27:28.934+0000][gc,phases    ] GC(2)   Evacuate Collection Set: 4.5ms
[2023-03-15T20:27:28.934+0000][gc,phases    ] GC(2)   Post Evacuate Collection Set: 1.9ms
[2023-03-15T20:27:28.934+0000][gc,phases    ] GC(2)   Other: 3.0ms
[2023-03-15T20:27:28.934+0000][gc,heap      ] GC(2) Eden regions: 24->0(24)
[2023-03-15T20:27:28.934+0000][gc,heap      ] GC(2) Survivor regions: 1->1(4)
[2023-03-15T20:27:28.934+0000][gc,heap      ] GC(2) Old regions: 8->8
[2023-03-15T20:27:28.934+0000][gc,heap      ] GC(2) Humongous regions: 0->0
[2023-03-15T20:27:28.934+0000][gc,metaspace ] GC(2) Metaspace: 16647K(17152K)->16647K(17152K) NonClass: 15003K(15360K)->15003K(15360K) Class: 1643K(1792K)->1643K(1792K)
[2023-03-15T20:27:28.934+0000][gc           ] GC(2) Pause Young (Normal) (G1 Evacuation Pause) 32M->8M(512M) 8.921ms
[2023-03-15T20:27:28.934+0000][gc,cpu       ] GC(2) User=0.01s Sys=0.02s Real=0.01s
